01-04 09:15:28.791  2448  2448 I Telecom : ConnectionServiceWrapper: TC -> CS[cap]: onTrackedByNonUiService true: ICSBC.oSC(cgag)@Cdc
01-04 09:15:28.791  2448  2448 I Telecom : Event: RecordEntry TC@5: ICS_ADD_CALL, onConnected - [ComponentInfo{com.google.android.googlequicksearchbox/com.google.android.libraries.search.assistant.incallservice.IncomingCallInCallService} supportsExternal? false supportsSelfMg?false] { supportsAllowedSelfMg? false, 4, 0 }: ICSBC.oSC(cgag)@Cdc
01-04 09:15:28.791  2448  2448 I Telecom : InCallController: 1 calls sent to InCallService.: ICSBC.oSC(cgag)@Cdc
01-04 09:15:28.791  3221  3221 I TelecomFramework: TelephonyConnectionService: onTrackedByNonUiService TC@5_1 true: (ICSBC.oSC)->CS.tBNUS->H.CS.tBNUS(cgag/cast)@E-Cdc
01-04 09:15:28.792  2448  2448 I Telecom : Event: RecordEntry TC@5: ICS_SERVICE_CONNECTED, com.google.android.gms/.bankscamwarning.services.BankScamCallDetectionService, android.os.BinderProxy@db96c9a, false, true, false, 4: ICSBC.oSC(cgag)@Cdk
01-04 09:15:28.792  2448  2448 I Telecom : InCallController: onConnected to ComponentInfo{com.google.android.gms/com.google.android.gms.bankscamwarning.services.BankScamCallDetectionService}: ICSBC.oSC(cgag)@Cdk
01-04 09:15:28.793  2448  2448 I Telecom : InCallController: Adding 1 calls to InCallService after onConnected: ComponentInfo{com.google.android.gms/com.google.android.gms.bankscamwarning.services.BankScamCallDetectionService}, including external calls: ICSBC.oSC(cgag)@Cdk
01-04 09:15:28.797  2448  2448 I Telecom : SamsungRespondViaSmsRepositoryImpl : isRespondViaSmsCapable - phoneNumber : +13******262 / presentation : 1 / hasRespondViaSmsCapable : false / isRespondViaSmsCapable : false / userHandle : UserHandle{0}
01-04 09:15:28.797  2448  2448 I Telecom : ConnectionServiceWrapper: TC -> CS[cap]: onTrackedByNonUiService true: ICSBC.oSC(cgag)@Cdk
01-04 09:15:28.798  2448  2448 I Telecom : Event: RecordEntry TC@5: ICS_ADD_CALL, onConnected - [ComponentInfo{com.google.android.gms/com.google.android.gms.bankscamwarning.services.BankScamCallDetectionService} supportsExternal? false supportsSelfMg?false] { supportsAllowedSelfMg? false, 4, 0 }: ICSBC.oSC(cgag)@Cdk
01-04 09:15:28.798  3221  3221 I TelecomFramework: TelephonyConnectionService: onTrackedByNonUiService TC@5_1 true: (ICSBC.oSC)->CS.tBNUS->H.CS.tBNUS(cgag/cast)@E-Cdk
01-04 09:15:28.799  2448  2448 I Telecom : InCallController: 1 calls sent to InCallService.: ICSBC.oSC(cgag)@Cdk
01-04 09:15:28.800  2448  3621 I Telecom : SamsungTelecomServiceImpl : getPhoneAccount - accountHandle : ComponentInfo{com.android.phone/com.android.services.telephony.TelephonyConnectionService}, 1, UserHandle{0} / callingPackage : com.samsung.android.incallui / callingUser : UserHandle{0}
01-04 09:15:28.801  2448  3621 I Telecom : PhoneAccountRegistrar: getSimCallManager: SimCallManager for subId 1 queried, returning: null: TSI.gPA(csai)@Cdg
01-04 09:15:28.806  2448  2448 I Telecom : Event: RecordEntry TC@5: ICS_SERVICE_CONNECTED, android/com.android.ecm.EnhancedConfirmationCallTrackerService, android.telecom.InCallService$InCallServiceBinder@18d0ef9, false, true, false, 4: ICSBC.oSC(a)@Cd0
01-04 09:15:28.806  2448  2448 I Telecom : InCallController: onConnected to ComponentInfo{android/com.android.ecm.EnhancedConfirmationCallTrackerService}: ICSBC.oSC(a)@Cd0
01-04 09:15:28.806  2448  2448 I Telecom : InCallController: Adding 1 calls to InCallService after onConnected: ComponentInfo{android/com.android.ecm.EnhancedConfirmationCallTrackerService}, including external calls: ICSBC.oSC(a)@Cd0
01-04 09:15:28.810  2448  2448 I Telecom : SamsungRespondViaSmsRepositoryImpl : isRespondViaSmsCapable - phoneNumber : +13******262 / presentation : 1 / hasRespondViaSmsCapable : false / isRespondViaSmsCapable : false / userHandle : UserHandle{0}
01-04 09:15:28.810  2448  2448 I Telecom : ConnectionServiceWrapper: TC -> CS[cap]: onTrackedByNonUiService true: ICSBC.oSC(a)@Cd0
01-04 09:15:28.810  2448  2448 I Telecom : Event: RecordEntry TC@5: ICS_ADD_CALL, onConnected - [ComponentInfo{android/com.android.ecm.EnhancedConfirmationCallTrackerService} supportsExternal? false supportsSelfMg?true] { supportsAllowedSelfMg? false, 4, 0 }: ICSBC.oSC(a)@Cd0
01-04 09:15:28.811  2448  2448 I Telecom : InCallController: 1 calls sent to InCallService.: ICSBC.oSC(a)@Cd0
01-04 09:15:28.811  3221  3221 I TelecomFramework: TelephonyConnectionService: onTrackedByNonUiService TC@5_1 true: (ICSBC.oSC)->CS.tBNUS->H.CS.tBNUS(a/cast)@E-Cd0
01-04 09:15:28.811  2448  2448 I Telecom : Event: RecordEntry TC@5: ICS_SERVICE_CONNECTED, com.samsung.android.incallui/com.android.incallui.InCallServiceImpl, android.os.BinderProxy@65399ec, false, true, false, 2: ICSBC.oSC(csai)@Cd4
01-04 09:15:28.811  2448  2448 I Telecom : InCallController: onConnected to ComponentInfo{com.samsung.android.incallui/com.android.incallui.InCallServiceImpl}: ICSBC.oSC(csai)@Cd4
01-04 09:15:28.811  2448  2448 I Telecom : InCallController: trackCallingUserInterfaceStarted: com.samsung.android.incallui is now calling UX.: ICSBC.oSC(csai)@Cd4
01-04 09:15:28.812  2448  2448 I Telecom : InCallController: Adding 1 calls to InCallService after onConnected: ComponentInfo{com.samsung.android.incallui/com.android.incallui.InCallServiceImpl}, including external calls: ICSBC.oSC(csai)@Cd4
01-04 09:15:28.818  2448  2448 I Telecom : SamsungRespondViaSmsRepositoryImpl : isRespondViaSmsCapable - phoneNumber : +13******262 / presentation : 1 / hasRespondViaSmsCapable : false / isRespondViaSmsCapable : false / userHandle : UserHandle{0}
01-04 09:15:28.819  2448  2448 I Telecom : ConnectionServiceWrapper: TC -> CS[cap]: onTrackedByNonUiService true: ICSBC.oSC(csai)@Cd4
01-04 09:15:28.819  2448  2448 I Telecom : Event: RecordEntry TC@5: ICS_ADD_CALL, onConnected - [ComponentInfo{com.samsung.android.incallui/com.android.incallui.InCallServiceImpl} supportsExternal? true supportsSelfMg?false] { supportsAllowedSelfMg? false, 2, 0 }: ICSBC.oSC(csai)@Cd4
01-04 09:15:28.819  2448  2448 I Telecom : InCallController: 1 calls sent to InCallService.: ICSBC.oSC(csai)@Cd4
01-04 09:15:28.820  3221  3221 I TelecomFramework: TelephonyConnectionService: onTrackedByNonUiService TC@5_1 true: (ICSBC.oSC)->CS.tBNUS->H.CS.tBNUS(csai/cast)@E-Cd4
01-04 09:15:28.820  2448  2448 I Telecom : Event: RecordEntry TC@5: ICS_SERVICE_CONNECTED, com.samsung.android.incallui/com.android.incallui.NonUiServiceImpl, android.os.BinderProxy@616304a, false, true, false, 4: ICSBC.oSC(csai)@Cd8
01-04 09:15:28.820  2448  2448 I Telecom : InCallController: onConnected to ComponentInfo{com.samsung.android.incallui/com.android.incallui.NonUiServiceImpl}: ICSBC.oSC(csai)@Cd8
01-04 09:15:28.820 18217 18217 I SCallUI : InCallServiceImpl@108756209 - CallUIPerf: onCallAdded - start, TC@5(267114793), RINGING, Audio Only, size(CallModel:0 ExternalCallModel:0 TelecomCall:1)
01-04 09:15:28.821  2448  2448 I Telecom : InCallController: Adding 1 calls to InCallService after onConnected: ComponentInfo{com.samsung.android.incallui/com.android.incallui.NonUiServiceImpl}, including external calls: ICSBC.oSC(csai)@Cd8
01-04 09:15:28.825  2448  2448 I Telecom : SamsungRespondViaSmsRepositoryImpl : isRespondViaSmsCapable - phoneNumber : +13******262 / presentation : 1 / hasRespondViaSmsCapable : false / isRespondViaSmsCapable : false / userHandle : UserHandle{0}
01-04 09:15:28.825  2448  2448 I Telecom : ConnectionServiceWrapper: TC -> CS[cap]: onTrackedByNonUiService true: ICSBC.oSC(csai)@Cd8
01-04 09:15:28.825  2448  2448 I Telecom : Event: RecordEntry TC@5: ICS_ADD_CALL, onConnected - [ComponentInfo{com.samsung.android.incallui/com.android.incallui.NonUiServiceImpl} supportsExternal? false supportsSelfMg?true] { supportsAllowedSelfMg? false, 4, 0 }: ICSBC.oSC(csai)@Cd8
01-04 09:15:28.825  2448  2448 I Telecom : InCallController: 1 calls sent to InCallService.: ICSBC.oSC(csai)@Cd8
01-04 09:15:28.826  3221  3221 I TelecomFramework: TelephonyConnectionService: onTrackedByNonUiService TC@5_1 true: (ICSBC.oSC)->CS.tBNUS->H.CS.tBNUS(csai/cast)@E-Cd8
01-04 09:15:28.826  2448  2448 I SemApeController: updateStreamingState: com.android.server.telecom uid=1000
01-04 09:15:28.827  2448  3621 I Telecom : SamsungTelecomServiceImpl : getCallCapablePhoneAccounts - includeDisabledAccounts : false / callingPackage : com.samsung.android.incallui / callingUser : UserHandle{0} / hasCrossUserAccess : true
01-04 09:15:28.828  2448  3468 I Telecom : SamsungTelecomServiceImpl : getPhoneAccount - accountHandle : ComponentInfo{com.android.phone/com.android.services.telephony.TelephonyConnectionService}, 1, UserHandle{0} / callingPackage : com.samsung.android.incallui / callingUser : UserHandle{0}
01-04 09:15:28.830  2448  3468 I Telecom : PhoneAccountRegistrar: getSimCallManager: SimCallManager for subId 1 queried, returning: null: TSI.gPA(csai)@CeE
01-04 09:15:28.847 18217 18217 I SCallUI : AccountRepository - AccountFlow: inserted:success, AccountModel@1{sub_id:1, embedded:true, phone_account_handle_id:XXX, phone_account_extras:Bundle[{android.telecom.extra.SUPPORTS_VIDEO_CALLING_FALLBACK=true, com.samsung.telecom.extra.SIMULTANEOUS_CALLING_INDICATIONS=null, com.samsung.telecom.extra.SUBSCRIPTION_ID=1, com.samsung.telecom.extra.CAN_COEXIST_ACCOUNT=true, com.samsung.telecom.extra.PHONE_ID=1, android.telecom.extra.SORT_ORDER=1, com.samsung.telecom.extra.NO_CHECK_IF_VIDEO_CAPABLE=true}], runtime_feature:RuntimeSimFeature {310260, ETC, ETC, hd_icon_delta:NONE, []}, carrier_feature:CallTypeIconFeature@1{ConfigOpStyleForHdIcon:NOHD}}
01-04 09:15:28.880 18217 18217 I SCallUI : CallModel_TC@5 - CallFlow: checkAndUpdate : VideoProvider, android.telecom.VideoCallImpl@a5fabb5
01-04 09:15:28.889 18217 18217 I SCallUI : TelecomManagerModelImpl - isVoiceMailNumberInternal, timeMillis:4
01-04 09:15:28.905  2448  3062 I ActivityManager: Background started FGS: Allowed [callingPackage: com.samsung.android.incallui; callingUid: 1001; uidState: PER ; uidBFSL: [BFSL]; intent: Intent { act=android.telecom.InCallService cmp=com.samsung.android.incallui/com.android.incallui.InCallServiceImpl }; code:PROC_STATE_PERSISTENT; tempAllowListReason:<,reasonCode:SYSTEM_ALLOW_LISTED,duration:9223372036854775807,callingUid:-1>; allowWiu:10; targetSdkVersion:36; callerTargetSdkVersion:36; startForegroundCount:0; bindFromPackage:null: isBindService:false]
01-04 09:15:28.934  2448  2489 I ActivityManager: Background started FGS: Allowed [callingPackage: com.samsung.android.incallui; callingUid: 1001; uidState: PER ; uidBFSL: [BFSL]; intent: Intent { act=android.telecom.InCallService cmp=com.samsung.android.incallui/com.android.incallui.InCallServiceImpl }; code:PROC_STATE_PERSISTENT; tempAllowListReason:<,reasonCode:SYSTEM_ALLOW_LISTED,duration:9223372036854775807,callingUid:-1>; allowWiu:10; targetSdkVersion:36; callerTargetSdkVersion:36; startForegroundCount:1; bindFromPackage:null: isBindService:false]
01-04 09:15:29.115 18217 18217 I SCallUI : DisplayCallTypeIconExecutorImpl - AccountFlow: setAccountModel, AccountModel@1{sub_id:1, embedded:true, phone_account_handle_id:XXX, phone_account_extras:Bundle[{android.telecom.extra.SUPPORTS_VIDEO_CALLING_FALLBACK=true, com.samsung.telecom.extra.SIMULTANEOUS_CALLING_INDICATIONS=null, com.samsung.telecom.extra.SUBSCRIPTION_ID=1, com.samsung.telecom.extra.CAN_COEXIST_ACCOUNT=true, com.samsung.telecom.extra.PHONE_ID=1, android.telecom.extra.SORT_ORDER=1, com.samsung.telecom.extra.NO_CHECK_IF_VIDEO_CAPABLE=true}], runtime_feature:RuntimeSimFeature {310260, ETC, ETC, hd_icon_delta:NONE, []}, carrier_feature:CallTypeIconFeature@1{ConfigOpStyleForHdIcon:NOHD}}
01-04 09:15:29.136  2448  2448 I Telecom : SamsungTelecomServiceImpl : isInManagedCall - callingPackage : android / callingUser : UserHandle{0} / hasCrossUserAccess : true
01-04 09:15:29.141  2448  2448 I Telecom : SamsungTelecomServiceImpl : isInManagedCall - callingPackage : android / callingUser : UserHandle{0} / hasCrossUserAccess : true
01-04 09:15:29.160  2448  2448 I Telecom : VoipCallMonitor: onNotificationPosted: sbn=[StatusBarNotification(pkg=com.samsung.android.incallui user=UserHandle{0} id=1 tag=null key=0|com.samsung.android.incallui|1|null|1001: Notification(channel=Ongoing_call shortcut=null contentView=com.samsung.android.incallui/0x7f0c00d6 vibrate=null sound=null defaults=0 flags=ONGOING_EVENT|NO_CLEAR|FOREGROUND_SERVICE|CAN_COLORIZE|NO_DISMISS color=0xff11a85f category=call actions=1 vis=SECRET semFlags=0x0 semPriority=10 semMissedCount=0))]
01-04 09:15:29.160  2448  2448 I Telecom : VoipCallMonitor: onNotificationPosted: could not find a call for the sbn.id=[1]. This could mean the notification posted BEFORE the call is added (error) or it's an update from incoming to ongoing (ok).
01-04 09:15:29.161  2448  2448 I Telecom : VoipCallMonitor: onNotificationPosted: sbn=[StatusBarNotification(pkg=com.samsung.android.incallui user=UserHandle{0} id=1 tag=null key=0|com.samsung.android.incallui|1|null|1001: Notification(channel=Ongoing_call shortcut=null contentView=com.samsung.android.incallui/0x7f0c00d6 vibrate=null sound=null defaults=0 flags=ONGOING_EVENT|NO_CLEAR|FOREGROUND_SERVICE|CAN_COLORIZE|NO_DISMISS color=0xff11a85f category=call actions=1 vis=SECRET semFlags=0x0 semPriority=10 semMissedCount=0))]
01-04 09:15:29.161  2448  2448 I Telecom : VoipCallMonitor: onNotificationPosted: could not find a call for the sbn.id=[1]. This could mean the notification posted BEFORE the call is added (error) or it's an update from incoming to ongoing (ok).
01-04 09:15:31.618  2448  2448 I Telecom : SamsungTelecomServiceImpl : isInManagedCall - callingPackage : android / callingUser : UserHandle{0} / hasCrossUserAccess : true
01-04 09:15:31.638  2448  2448 I Telecom : VoipCallMonitor: onNotificationPosted: sbn=[StatusBarNotification(pkg=com.samsung.android.incallui user=UserHandle{0} id=1 tag=null key=0|com.samsung.android.incallui|1|null|1001: Notification(channel=Ongoing_call shortcut=null contentView=com.samsung.android.incallui/0x7f0c00d3 vibrate=null sound=null defaults=0 flags=ONGOING_EVENT|NO_CLEAR|FOREGROUND_SERVICE|CAN_COLORIZE|NO_DISMISS color=0xff11a85f category=call actions=1 vis=PRIVATE publicVersion=Notification(channel=Ongoing_call shortcut=null contentView=com.samsung.android.incallui/0x7f0c00d3 vibrate=null sound=null defaults=0 flags=AUTO_CANCEL|CAN_COLORIZE color=0xff11a85f vis=PUBLIC semFlags=0x0 semPriority=0 semMissedCount=0) semFlags=0x0 semPriority=10 semMissedCount=0))]
01-04 09:15:31.639  2448  2448 I Telecom : VoipCallMonitor: onNotificationPosted: could not find a call for the sbn.id=[1]. This could mean the notification posted BEFORE the call is added (error) or it's an update from incoming to ongoing (ok).
01-04 09:15:42.380  2448  4842 I Telecom : VideoProviderProxy: VP->IC (callId=TC@5): changeCallDataUsage: -4
01-04 09:15:42.437  2448  3098 I Telecom : ConnectionServiceWrapper: CS -> TC[cap]: setVideoProvider TC@5_1: CSW.sVP(cap)@Ceg
01-04 09:15:42.437  2448  3098 I Telecom : Call: clearVideoCallback in com.android.server.telecom.VideoProviderProxy@f1dc467: CSW.sVP(cap)@Ceg
01-04 09:15:42.437  2448  3098 I Telecom : VideoProviderProxy: removeVideoCallback : com.android.server.telecom.VideoProviderProxy$VideoCallListenerBinder@6efb026: CSW.sVP(cap)@Ceg
01-04 09:15:42.438  2448  3098 I Telecom : InCallController: Sending updateCall [Call id=TC@5, state=RINGING, tpac=ComponentInfo{com.android.phone/com.android.services.telephony.TelephonyConnectionService}, 1, UserHandle{0}, cmgr=ComponentInfo{com.android.phone/com.android.services.telephony.TelephonyConnectionService}, 1, UserHandle{0}, handle=tel:************, vidst=A, childs(0), has_parent(false), cap=[ sup_hld mut !v2a spd_aud], prop=[ HD wifi]], voip=falsecaps=[Capabilities: CAPABILITY_SUPPORT_HOLD CAPABILITY_MUTE CAPABILITY_CANNOT_DOWNGRADE_VIDEO_TO_AUDIO CAPABILITY_SPEED_UP_MT_AUDIO], props=[Properties: PROPERTY_HIGH_DEF_AUDIO PROPERTY_WIFI], conf(false), had_child(false): CSW.sVP(cap)@Ceg
01-04 09:15:42.441  3221  3221 D Telephony: DisconnectCauseUtil: toTelecomDisconnectCause, phoneId: 1, reason: 210, telephonyDisconnectCause: 1, telephonyPerciseDisconnectCause: -1
01-04 09:15:42.442  3221  3221 D Telephony: DisconnectCauseUtil: TelecomDisconnectCauseCode: 5
01-04 09:15:42.442  3221  3221 D Telephony: DisconnectCauseUtil: TelecomDisconnectCauseLabel: 
01-04 09:15:42.442  3221  3221 D Telephony: DisconnectCauseUtil: TelecomDisconnectCauseDescription: 
01-04 09:15:42.442  3221  3221 D Telephony: DisconnectCauseUtil: TelecomDisconnectReason: 210, INCOMING_MISSED
01-04 09:15:42.443  3221  3221 D Telephony: DisconnectCauseUtil: TelecomDisconnectCauseTone: 27
01-04 09:15:42.443  3221  3221 D Telephony: SamsungImsConferenceController: imsCallId= telecomCallId=TC@5_1
01-04 09:15:42.444  3221  3221 D Telephony: SamsungImsConferenceController: imsCallId= telecomCallId=TC@5_1
01-04 09:15:42.444  3221  3221 I Telephony: GsmConnection: clearOriginalConnection; clearing=[ImsPhoneConnection objId: 90128045 telecomCallID: TC@5_1 address: [****] isAdhocConf: N state: DISCONNECTED videoState: 0 callRadioTech: 18 audioQuality: 2 phoneType: 5 sipError: 210 ImsCall: null]
01-04 09:15:42.451  3221  3221 I Telephony: SamsungGsmConnection: GSM TelecomId : TC@5_1 buildConnectionCapabilities : capabilities = 66 newCapabilities : 66
01-04 09:15:42.458  2448  3098 I Telecom : SamsungRespondViaSmsRepositoryImpl : isRespondViaSmsCapable - phoneNumber : +13******262 / presentation : 1 / hasRespondViaSmsCapable : false / isRespondViaSmsCapable : false / userHandle : UserHandle{0}
01-04 09:15:42.463  2448  3098 I Telecom : SamsungRespondViaSmsRepositoryImpl : isRespondViaSmsCapable - phoneNumber : +13******262 / presentation : 1 / hasRespondViaSmsCapable : false / isRespondViaSmsCapable : false / userHandle : UserHandle{0}
01-04 09:15:42.465 18217 18217 I SCallUI : TelecomCallAdapter_TC@5 - TelecomCallback: onDetailsChanged
01-04 09:15:42.466 18217 18217 I SCallUI : TelecomCallAdapter_TC@5 - TelecomCallback: onVideoProviderChanged, ready:false
01-04 09:15:42.468  2448  3098 I Telecom : SamsungRespondViaSmsRepositoryImpl : isRespondViaSmsCapable - phoneNumber : +13******262 / presentation : 1 / hasRespondViaSmsCapable : false / isRespondViaSmsCapable : false / userHandle : UserHandle{0}
01-04 09:15:42.472  2448  3098 I Telecom : SamsungRespondViaSmsRepositoryImpl : isRespondViaSmsCapable - phoneNumber : +13******262 / presentation : 1 / hasRespondViaSmsCapable : false / isRespondViaSmsCapable : false / userHandle : UserHandle{0}
01-04 09:15:42.476  2448  3098 I Telecom : SamsungRespondViaSmsRepositoryImpl : isRespondViaSmsCapable - phoneNumber : +13******262 / presentation : 1 / hasRespondViaSmsCapable : false / isRespondViaSmsCapable : false / userHandle : UserHandle{0}
01-04 09:15:42.480  2448  3098 I Telecom : SamsungRespondViaSmsRepositoryImpl : isRespondViaSmsCapable - phoneNumber : +13******262 / presentation : 1 / hasRespondViaSmsCapable : false / isRespondViaSmsCapable : false / userHandle : UserHandle{0}
01-04 09:15:42.484  2448  3098 I Telecom : SamsungRespondViaSmsRepositoryImpl : isRespondViaSmsCapable - phoneNumber : +13******262 / presentation : 1 / hasRespondViaSmsCapable : false / isRespondViaSmsCapable : false / userHandle : UserHandle{0}
01-04 09:15:42.484  2448  3098 I Telecom : InCallController: Components updated: [ComponentInfo{com.google.android.googlequicksearchbox/com.google.android.libraries.search.assistant.incallservice.IncomingCallInCallService}, ComponentInfo{com.samsung.android.incallui/com.android.incallui.InCallServiceImpl}, ComponentInfo{com.google.android.as/com.google.android.apps.miphone.aiai.captions.tulip.audiosource.impl.CIS}, ComponentInfo{com.google.android.gms/com.google.android.gms.bankscamwarning.services.BankScamCallDetectionService}, ComponentInfo{com.samsung.android.incallui/com.android.incallui.NonUiServiceImpl}, ComponentInfo{com.android.bluetooth/com.android.bluetooth.telephony.BluetoothInCallService}, ComponentInfo{android/com.android.ecm.EnhancedConfirmationCallTrackerService}]: CSW.sVP(cap)@Ceg
01-04 09:15:42.485  2448  3098 I Telecom : ConnectionServiceWrapper: CS -> TC[cap]: setStatusHints TC@5_1 android.telecom.StatusHints@4e58ddaf: CSW.sSH(cap)@Cek
01-04 09:15:42.485  2448  3098 I Telecom : InCallController: Sending updateCall [Call id=TC@5, state=RINGING, tpac=ComponentInfo{com.android.phone/com.android.services.telephony.TelephonyConnectionService}, 1, UserHandle{0}, cmgr=ComponentInfo{com.android.phone/com.android.services.telephony.TelephonyConnectionService}, 1, UserHandle{0}, handle=tel:************, vidst=A, childs(0), has_parent(false), cap=[ sup_hld mut !v2a spd_aud], prop=[ HD wifi]], voip=falsecaps=[Capabilities: CAPABILITY_SUPPORT_HOLD CAPABILITY_MUTE CAPABILITY_CANNOT_DOWNGRADE_VIDEO_TO_AUDIO CAPABILITY_SPEED_UP_MT_AUDIO], props=[Properties: PROPERTY_HIGH_DEF_AUDIO PROPERTY_WIFI], conf(false), had_child(false): CSW.sSH(cap)@Cek
01-04 09:15:42.489  2448  3098 I Telecom : SamsungRespondViaSmsRepositoryImpl : isRespondViaSmsCapable - phoneNumber : +13******262 / presentation : 1 / hasRespondViaSmsCapable : false / isRespondViaSmsCapable : false / userHandle : UserHandle{0}
01-04 09:15:42.492  2448  3098 I Telecom : SamsungRespondViaSmsRepositoryImpl : isRespondViaSmsCapable - phoneNumber : +13******262 / presentation : 1 / hasRespondViaSmsCapable : false / isRespondViaSmsCapable : false / userHandle : UserHandle{0}
01-04 09:15:42.493 18217 18217 I SCallUI : TelecomCallAdapter_TC@5 - TelecomCallback: onDetailsChanged
01-04 09:15:42.496  2448  3098 I Telecom : SamsungRespondViaSmsRepositoryImpl : isRespondViaSmsCapable - phoneNumber : +13******262 / presentation : 1 / hasRespondViaSmsCapable : false / isRespondViaSmsCapable : false / userHandle : UserHandle{0}
01-04 09:15:42.501  2448  3098 I Telecom : SamsungRespondViaSmsRepositoryImpl : isRespondViaSmsCapable - phoneNumber : +13******262 / presentation : 1 / hasRespondViaSmsCapable : false / isRespondViaSmsCapable : false / userHandle : UserHandle{0}
01-04 09:15:42.505  2448  3098 I Telecom : SamsungRespondViaSmsRepositoryImpl : isRespondViaSmsCapable - phoneNumber : +13******262 / presentation : 1 / hasRespondViaSmsCapable : false / isRespondViaSmsCapable : false / userHandle : UserHandle{0}
01-04 09:15:42.508  2448  3098 I Telecom : SamsungRespondViaSmsRepositoryImpl : isRespondViaSmsCapable - phoneNumber : +13******262 / presentation : 1 / hasRespondViaSmsCapable : false / isRespondViaSmsCapable : false / userHandle : UserHandle{0}
01-04 09:15:42.512  2448  3098 I Telecom : SamsungRespondViaSmsRepositoryImpl : isRespondViaSmsCapable - phoneNumber : +13******262 / presentation : 1 / hasRespondViaSmsCapable : false / isRespondViaSmsCapable : false / userHandle : UserHandle{0}
01-04 09:15:42.513  2448  3098 I Telecom : InCallController: Components updated: [ComponentInfo{com.google.android.googlequicksearchbox/com.google.android.libraries.search.assistant.incallservice.IncomingCallInCallService}, ComponentInfo{com.samsung.android.incallui/com.android.incallui.InCallServiceImpl}, ComponentInfo{com.google.android.as/com.google.android.apps.miphone.aiai.captions.tulip.audiosource.impl.CIS}, ComponentInfo{com.google.android.gms/com.google.android.gms.bankscamwarning.services.BankScamCallDetectionService}, ComponentInfo{com.samsung.android.incallui/com.android.incallui.NonUiServiceImpl}, ComponentInfo{com.android.bluetooth/com.android.bluetooth.telephony.BluetoothInCallService}, ComponentInfo{android/com.android.ecm.EnhancedConfirmationCallTrackerService}]: CSW.sSH(cap)@Cek
01-04 09:15:42.513  2448  3098 I Telecom : ConnectionServiceWrapper: CS -> TC[cap]: setDisconnected TC@5_1 DisconnectCause [ Code: (MISSED) Label: () Description: () Reason: (210, INCOMING_MISSED) Tone: (27)  TelephonyCause: 1/-1 ImsReasonInfo: ImsReasonInfo :: {510 : CODE_USER_TERMINATED_BY_REMOTE, 210, null}]: CSW.sDc(cap)@Ceo
01-04 09:15:42.513  2448  3098 I Telecom : CallsManager: markCallAsDisconnected: call=[Call id=TC@5, state=RINGING, tpac=ComponentInfo{com.android.phone/com.android.services.telephony.TelephonyConnectionService}, 1, UserHandle{0}, cmgr=ComponentInfo{com.android.phone/com.android.services.telephony.TelephonyConnectionService}, 1, UserHandle{0}, handle=tel:************, vidst=A, childs(0), has_parent(false), cap=[ sup_hld mut !v2a spd_aud], prop=[ HD wifi]], voip=falsecaps=[Capabilities: CAPABILITY_SUPPORT_HOLD CAPABILITY_MUTE CAPABILITY_CANNOT_DOWNGRADE_VIDEO_TO_AUDIO CAPABILITY_SPEED_UP_MT_AUDIO], props=[Properties: PROPERTY_HIGH_DEF_AUDIO PROPERTY_WIFI], conf(false), had_child(false); disconnectCause=DisconnectCause [ Code: (MISSED) Label: () Description: () Reason: (210, INCOMING_MISSED) Tone: (27)  TelephonyCause: 1/-1 ImsReasonInfo: ImsReasonInfo :: {510 : CODE_USER_TERMINATED_BY_REMOTE, 210, null}]: CSW.sDc(cap)@Ceo
01-04 09:15:42.513  2448  3098 I Telecom : CallsManager: setCallState RINGING -> DISCONNECTED, call: [Call id=TC@5, state=RINGING, tpac=ComponentInfo{com.android.phone/com.android.services.telephony.TelephonyConnectionService}, 1, UserHandle{0}, cmgr=ComponentInfo{com.android.phone/com.android.services.telephony.TelephonyConnectionService}, 1, UserHandle{0}, handle=tel:************, vidst=A, childs(0), has_parent(false), cap=[ sup_hld mut !v2a spd_aud], prop=[ HD wifi]], voip=falsecaps=[Capabilities: CAPABILITY_SUPPORT_HOLD CAPABILITY_MUTE CAPABILITY_CANNOT_DOWNGRADE_VIDEO_TO_AUDIO CAPABILITY_SPEED_UP_MT_AUDIO], props=[Properties: PROPERTY_HIGH_DEF_AUDIO PROPERTY_WIFI], conf(false), had_child(false): CSW.sDc(cap)@Ceo
01-04 09:15:42.514  2448  3098 I Telecom : Event: RecordEntry TC@5: SET_DISCONNECTED, disconnected set explicitly> DisconnectCause [ Code: (MISSED) Label: () Description: () Reason: (210, INCOMING_MISSED) Tone: (27)  TelephonyCause: 1/-1 ImsReasonInfo: ImsReasonInfo :: {510 : CODE_USER_TERMINATED_BY_REMOTE, 210, null}]: CSW.sDc(cap)@Ceo
01-04 09:15:42.514  2448  3098 D ActivityTaskManager: startActivityAsUser: callingPid=2448, callingUid=1000, caller=com.android.server.wm.ActivityTaskManagerService.startActivityAsUser:1 android.app.ContextImpl.startActivityAsUser:1217 android.app.ContextImpl.startActivityAsUser:1184 android.content.ContextWrapper.startActivityAsUser:453 com.android.server.telecom.CallsManager.maybeSendPostCallScreenIntent:7868 com.android.server.telecom.CallsManager.setCallState:5695 com.android.server.telecom.CallsManager.markCallAsDisconnected:5019 
01-04 09:15:42.515  2448  3098 I ActivityTaskManager: START u0 {act=android.telecom.action.POST_CALL flg=0x10000000 xflg=0x4 pkg=com.callmenot.app (has extras)} with LAUNCH_MULTIPLE from uid 1000 result code=-91
01-04 09:15:42.515  2448  3098 I Telecom : SamsungPhoneStateIntentBroadcaster : Broadcasted state change: 0 - IDLE
01-04 09:15:42.516  2448  3098 I Telecom : InCallController: onCallStateChanged: Call state changed for TC@TC@5: RINGING -> DISCONNECTED: CSW.sDc(cap)@Ceo
01-04 09:15:42.516  2448  3098 I Telecom : InCallController: Sending updateCall [Call id=TC@5, state=DISCONNECTED, tpac=ComponentInfo{com.android.phone/com.android.services.telephony.TelephonyConnectionService}, 1, UserHandle{0}, cmgr=ComponentInfo{com.android.phone/com.android.services.telephony.TelephonyConnectionService}, 1, UserHandle{0}, handle=tel:************, vidst=A, childs(0), has_parent(false), cap=[ sup_hld mut !v2a spd_aud], prop=[ HD wifi]], voip=falsecaps=[Capabilities: CAPABILITY_SUPPORT_HOLD CAPABILITY_MUTE CAPABILITY_CANNOT_DOWNGRADE_VIDEO_TO_AUDIO CAPABILITY_SPEED_UP_MT_AUDIO], props=[Properties: PROPERTY_HIGH_DEF_AUDIO PROPERTY_WIFI], conf(false), had_child(false): CSW.sDc(cap)@Ceo
01-04 09:15:42.516  2448  3804 I Telecom : SamsungConnectionServiceFocusManager : handleCallStateChanged  - CallFocus : [CallFocus id=TC@5, state=DISCONNECTED, connectionService=ComponentInfo{com.android.phone/com.android.services.telephony.TelephonyConnectionService}, isFocusable=true]
01-04 09:15:42.517  2448  3098 I Telecom : InCallController: Components updated: [ComponentInfo{com.google.android.googlequicksearchbox/com.google.android.libraries.search.assistant.incallservice.IncomingCallInCallService}, ComponentInfo{com.samsung.android.incallui/com.android.incallui.InCallServiceImpl}, ComponentInfo{com.google.android.as/com.google.android.apps.miphone.aiai.captions.tulip.audiosource.impl.CIS}, ComponentInfo{com.google.android.gms/com.google.android.gms.bankscamwarning.services.BankScamCallDetectionService}, ComponentInfo{com.samsung.android.incallui/com.android.incallui.NonUiServiceImpl}, ComponentInfo{android/com.android.ecm.EnhancedConfirmationCallTrackerService}]: CSW.sDc(cap)@Ceo
01-04 09:15:42.517  4749  4749 W AiAiCaptions: TelecomCallCallback.onStateChanged(): call is not in active calls list
01-04 09:15:42.517  2448  3098 I Telecom : TelecomWakeLock: Releasing WakeLock with id: 26: CSW.sDc(cap)@Ceo
01-04 09:15:42.517  2448  3098 I Telecom : InCallWakeLockController: Releasing full wake lock: CSW.sDc(cap)@Ceo
01-04 09:15:42.518  2448  3098 I Telecom : SamsungAnsweringMachineCallLog : isAutoAnsweringModeOn: false
01-04 09:15:42.518  2448  3098 I Telecom : Event: RecordEntry TC@5: LOG_DISCONNECTED_CAUSE, DISCONNECTED, 5, override=0, false: CSW.sDc(cap)@Ceo
01-04 09:15:42.518 18217 18217 I SCallUI : TelecomCallAdapter_TC@5 - TelecomCallback: onStateChanged, DISCONNECTED
01-04 09:15:42.518  2448  3098 I Telecom : Event: RecordEntry TC@5: LOG_DISCONNECTED_CALL, [Call id=TC@5, state=DISCONNECTED, tpac=ComponentInfo{com.android.phone/com.android.services.telephony.TelephonyConnectionService}, 1, UserHandle{0}, cmgr=ComponentInfo{com.android.phone/com.android.services.telephony.TelephonyConnectionService}, 1, UserHandle{0}, handle=tel:************, vidst=A, childs(0), has_parent(false), cap=[ sup_hld mut !v2a spd_aud], prop=[ HD wifi]], voip=falsecaps=[Capabilities: CAPABILITY_SUPPORT_HOLD CAPABILITY_MUTE CAPABILITY_CANNOT_DOWNGRADE_VIDEO_TO_AUDIO CAPABILITY_SPEED_UP_MT_AUDIO], props=[Properties: PROPERTY_HIGH_DEF_AUDIO PROPERTY_WIFI], conf(false), had_child(false), RINGING, false, 210, INCOMING_MISSED, false, false, true, 1, true, true, SamsungCallLog.Loggable { state : UNKNOWN / okayToLog : false: CSW.sDc(cap)@Ceo
01-04 09:15:42.519  2448  3098 I Telecom : SamsungRequestAddCallLogListener : onRequestAddCallLog - call : [Call id=TC@5, state=DISCONNECTED, tpac=ComponentInfo{com.android.phone/com.android.services.telephony.TelephonyConnectionService}, 1, UserHandle{0}, cmgr=ComponentInfo{com.android.phone/com.android.services.telephony.TelephonyConnectionService}, 1, UserHandle{0}, handle=tel:************, vidst=A, childs(0), has_parent(false), cap=[ sup_hld mut !v2a spd_aud], prop=[ HD wifi]], voip=falsecaps=[Capabilities: CAPABILITY_SUPPORT_HOLD CAPABILITY_MUTE CAPABILITY_CANNOT_DOWNGRADE_VIDEO_TO_AUDIO CAPABILITY_SPEED_UP_MT_AUDIO], props=[Properties: PROPERTY_HIGH_DEF_AUDIO PROPERTY_WIFI], conf(false), had_child(false) / requestAddCallLog : call_state_disconnected / isDisconnected : true
01-04 09:15:42.519  2448  3098 I Telecom : SamsungCallLogInfo : getAgeMillis - mRequestAddCallLogHistory :  / requestAddCallLogTimeMillis : 0
01-04 09:15:42.519  2448  3098 I Telecom : SamsungCallLogInfo : wasEverRequestAddCallLogInCallState - callState : DISCONNECTED
01-04 09:15:42.525  2448  3098 W ContextImpl: Calling a method in the system process without a qualified user: android.app.ContextImpl.sendBroadcast:1350 android.content.ContextWrapper.sendBroadcast:520 com.android.server.telecom.CallLogManager.sendAddCallBroadcast:685 com.android.server.telecom.CallLogManager.logCall:471 com.android.server.telecom.CallLogManager.logCall:302 
01-04 09:15:42.526  2448  3098 I Telecom : Event: RecordEntry TC@5: LOGGABLE_NUMBER, +13******262, +13******262, false, false, false, true: CSW.sDc(cap)@Ceo
01-04 09:15:42.526  2448  3098 I Telecom : SamsungCallLogInfo : getVideoState - wasEverRequestAddCallLogInCallState : false / wasEverRequestAddCallLogDisconnectedCallState : false / requestAddCallVideoState : Audio Tx Rx Pause
01-04 09:15:42.526  2448  3098 I Telecom : SamsungVoiceLogTypeCallLog : getVoiceLogType - phoneId : 1 / isWifiCall : true / hasHighDefAudios : true
01-04 09:15:42.526  2448  3098 I Telecom : SamsungVoiceLogTypeCallLog : getVoiceLogType - isImsCall : true
01-04 09:15:42.526  2448  3098 I Telecom : SamsungVoiceLogTypeCallLog : SEM_LOG_TYPE_CALL_VOWIFI
01-04 09:15:42.526  2448  3098 I Telecom : SamsungLogTypeCallLog : putLogType : 1150
01-04 09:15:42.527  2448  3098 I Telecom : SamsungEndTypeCallLog : getOrigin - requestOrigin : null / origin : 2
01-04 09:15:42.527  2448  3098 I Telecom : SamsungEndTypeCallLog : disconnectCode : 5 / code : 10500
01-04 09:15:42.527  2448  3098 I Telecom : SamsungEndTypeCallLog : touchState : 0
01-04 09:15:42.527  2448  3098 I Telecom : SamsungEndTypeCallLog : calculateEndType - endType : 210500 / origin : 200000 / code : 10500 / touchState : 0
01-04 09:15:42.527  2448  3098 I Telecom : SamsungRttCallLog : updateAddCallArgs - rttCall : null
01-04 09:15:42.527  2448  3098 I Telecom : SamsungEndCallCallLog : endCallPackage : null
01-04 09:15:42.527  2448  3098 I Telecom : SamsungCallerInfoCallLog : updateContactId = 88
01-04 09:15:42.527  2448  3098 I Telecom : SamsungCallerInfoCallLog : updateNormalizedNumber = +13******262
01-04 09:15:42.527  2448  3098 I Telecom : SamsungCallerInfoCallLog : updatePhoneNumber = +1 *********262
01-04 09:15:42.527  2448  3098 I Telecom : SamsungCnapInfoCallLog : getCallerDisplayName : <Empty>
01-04 09:15:42.527  2448  3098 I Telecom : SamsungCnapInfoCallLog : getOutgoingCallMessage : <Empty>
01-04 09:15:42.527  2448  3098 I Telecom : SamsungServiceInfoCallLog : getLogServiceType : -1
01-04 09:15:42.527  2448  3098 I Telecom : SamsungQuantumEncryptStatusCallLog : updateAddCallArgs - callerNumberQuantumEncryptStatus : -1 / quantumEncryptStatus : -1
01-04 09:15:42.527  2448  3098 I Telecom : SamsungMultiSimCallLog : updateAddCallArgs - accountHandle : ComponentInfo{com.android.phone/com.android.services.telephony.TelephonyConnectionService}, 1, UserHandle{0}
01-04 09:15:42.527  2448  3098 I Telecom : SamsungVerificationStatusCallLog : updateAddCallArgs - callerNumberVerificationStatus : 0
01-04 09:15:42.527  2448  3098 I Telecom : SamsungVipModeCallLog : updateAddCallArg - rejectFlag : 0
01-04 09:15:42.527  2448  3098 I Telecom : Event: RecordEntry TC@5: REQUEST_ADD_CALL_LOG, null: CSW.sDc(cap)@Ceo
01-04 09:15:42.527  2448  3098 I Telecom : Event: RecordEntry TC@5: LOG_CALL, number=************,postDial=,pres=1: CSW.sDc(cap)@Ceo
01-04 09:15:42.527  2448  3098 I Telecom : CallLogManager: LogCallAsyncTask - execute: CSW.sDc(cap)@Ceo
01-04 09:15:42.527  2448  3098 I Telecom : CallAudioManager: onCallStateChanged: Call state changed for TC@TC@5: RINGING -> DISCONNECTED: CSW.sDc(cap)@Ceo
01-04 09:15:42.527  2448  3098 I Telecom : CallAudioManager: updateForegroundCall; oldFg=TC@5, newFg=none, aDC=, ring=, hold=: CSW.sDc(cap)@Ceo
01-04 09:15:42.527  2448 15069 I Telecom : SamsungMultiEndPointCallLog : getImsDialogId Args - imsDialogId : null
01-04 09:15:42.527  2448 15069 I Telecom : SamsungEcidCallLog : Start getting ECID information
01-04 09:15:42.527  2448 15069 I Telecom : SamsungEcidContactRepositoryImpl : getEcidContact - handle: +13******262, outgoingCall: false
01-04 09:15:42.527  2448 15069 I Telecom : SamsungEcidContactRepositoryImpl : getEcidContact, start query for ecid contact
01-04 09:15:42.528  2448 15069 I Telecom : SamsungEcidCallLog : There is no Ecid
01-04 09:15:42.528  2448 15069 I Telecom : SamsungEcidCallLog : Finish Ecid Call For CallLogManager Lookup
01-04 09:15:42.528  2448  3098 I Telecom : CallAudioRouteController: sendMessage UPDATE_SYSTEM_AUDIO_ROUTE 0 0: CSW.sDc(cap)@Ceo
01-04 09:15:42.529  2448  3098 I Telecom : SamsungBluetoothDeviceAdapter : setIsExistForegroundCall : false
01-04 09:15:42.529  2448  3098 I Telecom : CallAudioManager: completeDisconnectToneFuture: completing deferred disconnect tone future for call TC@5: CSW.sDc(cap)@Ceo
01-04 09:15:42.529  2448  3098 I Telecom : InCallController: updateCall: (deferred) Sending call disconnected update to BT ICS.: CSW.sDc(cap)@Ceo
01-04 09:15:42.529  2448  3098 I Telecom : InCallController: scheduleBtUnbind: Schedule unbind BT service, null: CSW.sDc(cap)@Ceo
01-04 09:15:42.529  2448  3098 I Telecom : SamsungCallAudioManager : send message to CallAudioModeStateMachine - 19
01-04 09:15:42.530  2448  3098 I Telecom : CallAnomalyWatchdog: onCallStateChanged: call=[Call id=TC@5, state=DISCONNECTED, tpac=ComponentInfo{com.android.phone/com.android.services.telephony.TelephonyConnectionService}, 1, UserHandle{0}, cmgr=ComponentInfo{com.android.phone/com.android.services.telephony.TelephonyConnectionService}, 1, UserHandle{0}, handle=tel:************, vidst=A, childs(0), has_parent(false), cap=[ sup_hld mut !v2a spd_aud], prop=[ HD wifi]], voip=falsecaps=[Capabilities: CAPABILITY_SUPPORT_HOLD CAPABILITY_MUTE CAPABILITY_CANNOT_DOWNGRADE_VIDEO_TO_AUDIO CAPABILITY_SPEED_UP_MT_AUDIO], props=[Properties: PROPERTY_HIGH_DEF_AUDIO PROPERTY_WIFI], conf(false), had_child(false): CSW.sDc(cap)@Ceo
01-04 09:15:42.530  2448  3098 I Telecom : CallAnomalyWatchdog: maybePostCleanupTask; callId=TC@5, state=DISCONNECTED, createConnComplete=true: CSW.sDc(cap)@Ceo
01-04 09:15:42.530  2448  3796 I Telecom : CallAudioRouteController: Message received: UPDATE_SYSTEM_AUDIO_ROUTE=1201, arg1=0: CSW.sDc->CARC.pM_UPDATE_SYSTEM_AUDIO_ROUTE(cap)@Ceo
01-04 09:15:42.532  2448  3800 I Telecom : CallAudioModeStateMachine: Message received: NO_MORE_RINGING_CALLS.: CSW.sDc->CAMSM.pM_1002(cap)@Ceo
01-04 09:15:42.532  2448  3800 I Telecom : SamsungCallAudioModeStateMachine : get message for CallAudioModeStateMachine - 19
01-04 09:15:42.541  2448  3098 I Telecom : PhoneStateBroadcaster: Broadcasted state change: 0: CSW.sDc(cap)@Ceo
01-04 09:15:42.541  2448  3098 I Telecom : PhoneStateBroadcaster : It takes 11 ms for broadcasting
01-04 09:15:42.541  2448  3098 I Telecom : IncomingCallNotifier: updateIncomingCall: foundIncomingcall = null: CSW.sDc(cap)@Ceo
01-04 09:15:42.541  2448  3098 I Telecom : SamsungAutoRedialCallsManagerListener : onCallStateChanged : RINGING -> DISCONNECTED
01-04 09:15:42.541  2448  3098 I Telecom : SamsungAutoRedialEmergencyOnly : shouldAutoRedial - not
01-04 09:15:42.541  2448  3098 I Telecom : SamsungAutoRedialWithoutProgressDialog : shouldAutoRedial - Do not make redial in current disconnectedCause : DisconnectCause [ Code: (MISSED) Label: () Description: () Reason: (210, INCOMING_MISSED) Tone: (27)  TelephonyCause: 1/-1 ImsReasonInfo: ImsReasonInfo :: {510 : CODE_USER_TERMINATED_BY_REMOTE, 210, null}]
01-04 09:15:42.541  2448  3098 I Telecom : SamsungAutoRedialWithProgressDialog : shouldAutoRedial - not
01-04 09:15:42.541  2448  3098 I Telecom : SamsungAutoRedialCallsManagerListener : shouldAutoRedial, initialize redial count
01-04 09:15:42.542  2448  3098 I Telecom : SamsungFileWriteCallsManagerListener : onCallStateChanged - id : [Call id=TC@5, state=DISCONNECTED, tpac=ComponentInfo{com.android.phone/com.android.services.telephony.TelephonyConnectionService}, 1, UserHandle{0}, cmgr=ComponentInfo{com.android.phone/com.android.services.telephony.TelephonyConnectionService}, 1, UserHandle{0}, handle=tel:************, vidst=A, childs(0), has_parent(false), cap=[ sup_hld mut !v2a spd_aud], prop=[ HD wifi]], voip=falsecaps=[Capabilities: CAPABILITY_SUPPORT_HOLD CAPABILITY_MUTE CAPABILITY_CANNOT_DOWNGRADE_VIDEO_TO_AUDIO CAPABILITY_SPEED_UP_MT_AUDIO], props=[Properties: PROPERTY_HIGH_DEF_AUDIO PROPERTY_WIFI], conf(false), had_child(false).id / oldState : 4 / newState : 7 / phoneState : 0
01-04 09:15:42.542  2448  3098 I Telecom : SamsungVibrationCallsManagerListener : onCallStateChanged : RINGING -> DISCONNECTED
01-04 09:15:42.542  2448  3098 I Telecom : SamsungVibrationCallsManagerListener : skipEndVibForCtcCdmaCall - ctcCallBarring : false
01-04 09:15:42.542  2448  3098 I Telecom : SamsungVibrationCallsManagerListener : isTPhoneRelaxMode : false
01-04 09:15:42.542  2448  3098 D Telecom : SystemSettings : call_end_vib : 0
01-04 09:15:42.542  2448  3098 D Telecom : SamsungVibrationPlayer : predicate is  : false
01-04 09:15:42.542  2448 15069 I Telecom : SamsungTelecomServiceImpl : getPhoneAccount - accountHandle : ComponentInfo{com.android.phone/com.android.services.telephony.TelephonyConnectionService}, 1, UserHandle{0} / callingPackage : com.android.server.telecom / callingUser : UserHandle{0}
01-04 09:15:42.547  2448 15069 I Telecom : PhoneAccountRegistrar: getSimCallManager: SimCallManager for subId 1 queried, returning: null: TSI.gPA(cast)@Ces
01-04 09:15:42.548  2448  3796 I Telecom : CallAudioRouteController: updateCallAudioState: updating call audio state to [AudioState isMuted: false, route: EARPIECE, supportedRouteMask: EARPIECE, SPEAKER, activeBluetoothDevice: [null], supportedBluetoothDevices: []], UPDATE_SYSTEM_AUDIO_ROUTE - updateForegroundCall: CSW.sDc->CARC.pM_UPDATE_SYSTEM_AUDIO_ROUTE(cap)@Ceo
01-04 09:15:42.548  2448  3796 I Telecom : InCallController: Calling onAudioStateChanged, audioState: [AudioState isMuted: false, route: EARPIECE, supportedRouteMask: EARPIECE, SPEAKER, activeBluetoothDevice: [null], supportedBluetoothDevices: []] -> [AudioState isMuted: false, route: EARPIECE, supportedRouteMask: EARPIECE, SPEAKER, activeBluetoothDevice: [null], supportedBluetoothDevices: []]: CSW.sDc->CARC.pM_UPDATE_SYSTEM_AUDIO_ROUTE(cap)@Ceo
01-04 09:15:42.551 18217 18217 I SCallUI : SendVideoCallAgainExecutor - CallButtonFlow: checkAndUpdateInternal - success, {WiFi, EnabledData, VoLTE(Settings), AccountModel@1{sub_id:1, embedded:true, phone_account_handle_id:XXX, phone_account_extras:Bundle[{android.telecom.extra.SUPPORTS_VIDEO_CALLING_FALLBACK=true, com.samsung.telecom.extra.SIMULTANEOUS_CALLING_INDICATIONS=null, com.samsung.telecom.extra.SUBSCRIPTION_ID=1, com.samsung.telecom.extra.CAN_COEXIST_ACCOUNT=true, com.samsung.telecom.extra.PHONE_ID=1, android.telecom.extra.SORT_ORDER=1, com.samsung.telecom.extra.NO_CHECK_IF_VIDEO_CAPABLE=true}], runtime_feature:RuntimeSimFeature {310260, ETC, ETC, hd_icon_delta:NONE, []}, carrier_feature:CallTypeIconFeature@1{ConfigOpStyleForHdIcon:NOHD}}}
01-04 09:15:42.551  2448  3796 I Telecom : CallEndpointController: onCallAudioStateChanged, audioState: [AudioState isMuted: false, route: EARPIECE, supportedRouteMask: EARPIECE, SPEAKER, activeBluetoothDevice: [null], supportedBluetoothDevices: []] -> [AudioState isMuted: false, route: EARPIECE, supportedRouteMask: EARPIECE, SPEAKER, activeBluetoothDevice: [null], supportedBluetoothDevices: []]: CSW.sDc->CARC.pM_UPDATE_SYSTEM_AUDIO_ROUTE(cap)@Ceo
01-04 09:15:42.551  2448  3796 I Telecom : InCallController: Calling onAvailableCallEndpointsChanged: CSW.sDc->CARC.pM_UPDATE_SYSTEM_AUDIO_ROUTE(cap)@Ceo
01-04 09:15:42.554  2448  2491 I Telecom : SamsungSemTelecomServiceImpl : getAllowedPhoneAccounts - includeRegisteredAccounts : true / includeSimSubscriptionAccounts : false / isServiceConnected : true / lockExists : true / callingPackage : com.samsung.android.incallui
01-04 09:15:42.555  2448  3796 I Telecom : ConnectionServiceWrapper: TC -> CS[cap]: onAvailableCallEndpointsChanged TC@5_1: CSW.sDc->CARC.pM_UPDATE_SYSTEM_AUDIO_ROUTE(cap)@Ceo
01-04 09:15:42.555  2448  3796 I Telecom : InCallController: Calling onCallEndpointChanged: CSW.sDc->CARC.pM_UPDATE_SYSTEM_AUDIO_ROUTE(cap)@Ceo
01-04 09:15:42.555  3221  3221 I TelecomFramework: TelephonyConnectionService: onAvailableCallEndpointsChanged TC@5_1: (CSW.sDc->CARC.pM_UPDATE_SYSTEM_AUDIO_ROUTE)->CS.oACEC->H.CS.cASC(cap/cast)@E-Ceo
01-04 09:15:42.555  3221  3221 W TelecomFramework: TelephonyConnectionService: onAvailableCallEndpointsChanged - Cannot find conference TC@5_1: (CSW.sDc->CARC.pM_UPDATE_SYSTEM_AUDIO_ROUTE)->CS.oACEC->H.CS.cASC(cap/cast)@E-Ceo
01-04 09:15:42.556  2448  3796 I Telecom : ConnectionServiceWrapper: TC -> CS[cap]: onCallEndpointChanged TC@5_1 [CallEndpoint Name: Earpiece, Type: EARPIECE, Identifier: e6e1fa2b-0164-4f84-8235-135e41d02979]: CSW.sDc->CARC.pM_UPDATE_SYSTEM_AUDIO_ROUTE(cap)@Ceo
01-04 09:15:42.556  2448  3796 I Telecom : InCallController: Calling onMuteStateChanged: CSW.sDc->CARC.pM_UPDATE_SYSTEM_AUDIO_ROUTE(cap)@Ceo
01-04 09:15:42.556  3221  3221 I TelecomFramework: TelephonyConnectionService: onCallEndpointChanged TC@5_1 [CallEndpoint Name: Earpiece, Type: EARPIECE, Identifier: e6e1fa2b-0164-4f84-8235-135e41d02979]: (CSW.sDc->CARC.pM_UPDATE_SYSTEM_AUDIO_ROUTE)->CS.oCEC->H.CS.cASC(cap/cast)@E-Ceo
01-04 09:15:42.556  3221  3221 W TelecomFramework: TelephonyConnectionService: onCallEndpointChanged - Cannot find conference TC@5_1: (CSW.sDc->CARC.pM_UPDATE_SYSTEM_AUDIO_ROUTE)->CS.oCEC->H.CS.cASC(cap/cast)@E-Ceo
01-04 09:15:42.556  2448  3796 I Telecom : ConnectionServiceWrapper: TC -> CS[cap]: onMuteStateChanged TC@5_1 false: CSW.sDc->CARC.pM_UPDATE_SYSTEM_AUDIO_ROUTE(cap)@Ceo
01-04 09:15:42.557  2448  3796 I Telecom : ConnectionServiceWrapper: TC -> CS[cap]: onCallAudioStateChanged TC@5_1 [AudioState isMuted: false, route: EARPIECE, supportedRouteMask: EARPIECE, SPEAKER, activeBluetoothDevice: [null], supportedBluetoothDevices: []]: CSW.sDc->CARC.pM_UPDATE_SYSTEM_AUDIO_ROUTE(cap)@Ceo
01-04 09:15:42.557  2448  3800 I Telecom : Logging.Events: Non-call EVENT: FLASH_NOTIFICATION_STOP, null: CSW.sDc->CAMSM.pM_1002(cap)@Ceo
01-04 09:15:42.558  2448  3800 I Telecom : CallAudioModeStateMachine: Audio focus entering UNFOCUSED state: CSW.sDc->CAMSM.pM_1002(cap)@Ceo
01-04 09:15:42.558  2448  2448 I Telecom : SamsungTelecomServiceImpl : isInCall - callingPackage : android / callingUser : UserHandle{0} / hasCrossUserAccess : true
01-04 09:15:42.558  2448  3800 I Telecom : CallAudioModeStateMachine : enter: now UNFOCUSED
01-04 09:15:42.558  2448  3800 I Telecom : SamsungBluetoothDeviceAdapter : clearInbandRingState
01-04 09:15:42.558  2448  3800 I Telecom : SamsungCallAudioModeStateMachine : setAudioParametersForSatellite : mode = 0
01-04 09:15:42.558  2448  3800 I Telecom : SamsungAudioParameterManagerAdapterImpl : setParameters=g_call_satellite_enable=false
01-04 09:15:42.558  2448  3098 I Telecom : ConnectionServiceWrapper: CS -> TC[cap]: setConferenceableConnections TC@5_1 []: CSW.sCC(cap)@Ce0
01-04 09:15:42.558  2448  3817 I Telecom : SamsungRingtonePlayer : Posting stop.
01-04 09:15:42.558  3221  3221 I TelecomFramework: TelephonyConnectionService: onMuteStateChanged TC@5_1 false: (CSW.sDc->CARC.pM_UPDATE_SYSTEM_AUDIO_ROUTE)->CS.oMSC->H.CS.cASC(cap/cast)@E-Ceo
01-04 09:15:42.558  2448  3098 I Telecom : Event: RecordEntry TC@5: CONF_CALLS_CHANGED, : CSW.sCC(cap)@Ce0
01-04 09:15:42.558  2448 14581 I FlashNotifController: stopFlashNotification: tag=com.android.server.telecom
01-04 09:15:42.558  2448  3098 I Telecom : InCallController: Sending updateCall [Call id=TC@5, state=DISCONNECTED, tpac=ComponentInfo{com.android.phone/com.android.services.telephony.TelephonyConnectionService}, 1, UserHandle{0}, cmgr=ComponentInfo{com.android.phone/com.android.services.telephony.TelephonyConnectionService}, 1, UserHandle{0}, handle=tel:************, vidst=A, childs(0), has_parent(false), cap=[ sup_hld mut !v2a spd_aud], prop=[ HD wifi]], voip=falsecaps=[Capabilities: CAPABILITY_SUPPORT_HOLD CAPABILITY_MUTE CAPABILITY_CANNOT_DOWNGRADE_VIDEO_TO_AUDIO CAPABILITY_SPEED_UP_MT_AUDIO], props=[Properties: PROPERTY_HIGH_DEF_AUDIO PROPERTY_WIFI], conf(false), had_child(false): CSW.sCC(cap)@Ce0
01-04 09:15:42.558  3221  3221 W TelecomFramework: TelephonyConnectionService: onMuteStateChanged - Cannot find conference TC@5_1: (CSW.sDc->CARC.pM_UPDATE_SYSTEM_AUDIO_ROUTE)->CS.oMSC->H.CS.cASC(cap/cast)@E-Ceo
01-04 09:15:42.558  3221  3221 I TelecomFramework: TelephonyConnectionService: onAudioStateChanged TC@5_1 [AudioState isMuted: false, route: EARPIECE, supportedRouteMask: EARPIECE, SPEAKER, activeBluetoothDevice: [null], supportedBluetoothDevices: []]: (CSW.sDc->CARC.pM_UPDATE_SYSTEM_AUDIO_ROUTE)->CS.cASC->H.CS.cASC(cap/cast)@E-Ceo
01-04 09:15:42.558  3221  3221 W TelecomFramework: TelephonyConnectionService: onCallAudioStateChanged - Cannot find conference TC@5_1: (CSW.sDc->CARC.pM_UPDATE_SYSTEM_AUDIO_ROUTE)->CS.cASC->H.CS.cASC(cap/cast)@E-Ceo
01-04 09:15:42.559  2448  3098 I Telecom : InCallController: Components updated: [ComponentInfo{com.google.android.googlequicksearchbox/com.google.android.libraries.search.assistant.incallservice.IncomingCallInCallService}, ComponentInfo{com.samsung.android.incallui/com.android.incallui.InCallServiceImpl}, ComponentInfo{com.google.android.as/com.google.android.apps.miphone.aiai.captions.tulip.audiosource.impl.CIS}, ComponentInfo{com.google.android.gms/com.google.android.gms.bankscamwarning.services.BankScamCallDetectionService}, ComponentInfo{com.samsung.android.incallui/com.android.incallui.NonUiServiceImpl}, ComponentInfo{android/com.android.ecm.EnhancedConfirmationCallTrackerService}]: CSW.sCC(cap)@Ce0
01-04 09:15:42.559  2448  3098 I Telecom : ConnectionServiceWrapper: CS -> TC[cap]: setConferenceableConnections TC@5_1 []: CSW.sCC(cap)@CfE
01-04 09:15:42.559  2448  3098 I Telecom : Event: RecordEntry TC@5: CONF_CALLS_CHANGED, : CSW.sCC(cap)@CfE
01-04 09:15:42.559  2448  3098 I Telecom : InCallController: Sending updateCall [Call id=TC@5, state=DISCONNECTED, tpac=ComponentInfo{com.android.phone/com.android.services.telephony.TelephonyConnectionService}, 1, UserHandle{0}, cmgr=ComponentInfo{com.android.phone/com.android.services.telephony.TelephonyConnectionService}, 1, UserHandle{0}, handle=tel:************, vidst=A, childs(0), has_parent(false), cap=[ sup_hld mut !v2a spd_aud], prop=[ HD wifi]], voip=falsecaps=[Capabilities: CAPABILITY_SUPPORT_HOLD CAPABILITY_MUTE CAPABILITY_CANNOT_DOWNGRADE_VIDEO_TO_AUDIO CAPABILITY_SPEED_UP_MT_AUDIO], props=[Properties: PROPERTY_HIGH_DEF_AUDIO PROPERTY_WIFI], conf(false), had_child(false): CSW.sCC(cap)@CfE
