01-04 08:56:36.225  2448  2538 I ActivityTaskManager: done cause=notifyWindowsDrawn timestamp=13551514516287 info=TransitionInfo{9234fcd a=ActivityRecord{247890725 u0 com.callmenot.app/.MainActivity t12015} d=true}
01-04 08:56:36.225  2448  2538 V WindowManager: performShowLocked: mDrawState=HAS_DRAWN in Window{c7161e u0 com.callmenot.app/com.callmenot.app.MainActivity}
01-04 08:56:36.225  2448  2538 D SurfaceComposerClient: setCornerRadius ## c7161e com.callmenot.app/com.callmenot.app.MainActivity#9276 cornerRadius=0.000000
01-04 08:56:36.225  2448  2538 D SurfaceComposerClient: setCornerRadius ## 3d3c838 Splash Screen com.callmenot.app#9267 cornerRadius=0.000000
01-04 08:56:36.225  2448  2538 D SurfaceComposerClient: setCornerRadius ## c7161e com.callmenot.app/com.callmenot.app.MainActivity#9276 cornerRadius=0.000000
01-04 08:56:36.226  1640  1640 I SurfaceFlinger: [Surface(name=c7161e com.callmenot.app/com.callmenot.app.MainActivity)/@0xcf1caf6 - animation-leash of starting_reveal#9280] attach to parent LayerHierarchy{RequestedLayerState{ActivityRecord{247890725 u0 com.callmenot.app/.MainActivity t12015}#9266 parentId=9265} 4 children}
01-04 08:56:36.227  2448  2538 D SurfaceComposerClient: setCornerRadius ## 3d3c838 Splash Screen com.callmenot.app#9267 cornerRadius=0.000000
01-04 08:56:36.227  2448  2538 D SurfaceComposerClient: setCornerRadius ## c7161e com.callmenot.app/com.callmenot.app.MainActivity#9276 cornerRadius=0.000000
01-04 08:56:36.228  2448  2534 I PkgPredictorService-SecIpmManagerServiceImpl: reportToNAP uid:10446 com.callmenot.app/com.callmenot.app.MainActivity thisTime:741
01-04 08:56:36.232  2448  2534 I ActivityTaskManager: Displayed com.callmenot.app/.MainActivity for user 0: +741ms
01-04 08:56:36.232  2448  2534 I Pageboost: Launch time gathered : pid 9564 com.callmenot.app 741
01-04 08:56:36.233  2448  5226 V WindowManager:    ChangeInfo{e408152 container=Task{a194cfa #12015 type=standard A=10446:com.callmenot.app} flags=0x10}
01-04 08:56:36.233  2448  5226 V WindowManager:    ChangeInfo{ea1ced9 container=ActivityRecord{247890725 u0 com.callmenot.app/.MainActivity t12015} flags=0x0}
01-04 08:56:36.234  1640  1640 I SurfaceFlinger: RequestedLayer [com.callmenot.app/com.callmenot.app.MainActivity$_9564#9277] hidden!! flag  from(1) --> to(0)
01-04 08:56:36.234  1640  1640 I SurfaceFlinger: [LayerHierarchy{RequestedLayerState{c7161e com.callmenot.app/com.callmenot.app.MainActivity#9276 parentId=9280} 1 children}] reparent to LayerHierarchy{RequestedLayerState{Surface(name=c7161e com.callmenot.app/com.callmenot.app.MainActivity)/@0xcf1caf6 - animation-leash of starting_reveal#9280 parentId=9266} 1 children}
01-04 08:56:36.234  2448  5226 D ChangeTransitionController:    ChangeInfo{e408152 container=Task{a194cfa #12015 type=standard A=10446:com.callmenot.app} flags=0x10}
01-04 08:56:36.234  2448  5226 D ChangeTransitionController:    ChangeInfo{ea1ced9 container=ActivityRecord{247890725 u0 com.callmenot.app/.MainActivity t12015} flags=0x0}
01-04 08:56:36.236  1640  1640 D SurfaceFlinger:        DEVICE |           41077067218947 | 00002102 | RGBA_8888    |    0.0    0.0 1080.0 2340.0 |    0    0 1080 2340 | com.callmenot.app/com.callmenot.app.MainActivity$_9564#9277 (1)
01-04 08:56:36.236  1640  1640 D SurfaceFlinger:        DEVICE |           13967233665925 | 00002100 | RGBA_8888    |    0.0    0.0 1080.0 2340.0 |    0    0 1080 2340 | Splash Screen com.callmenot.app$_3252#9268 (1)
01-04 08:56:36.237  2448  5226 D InputDispatcher: Focus entered window (0): c7161e com.callmenot.app/com.callmenot.app.MainActivity
01-04 08:56:36.238  2448  2538 D SurfaceComposerClient: setCornerRadius ## 3d3c838 Splash Screen com.callmenot.app#9267 cornerRadius=0.000000
01-04 08:56:36.238  2448  2538 D SurfaceComposerClient: setCornerRadius ## c7161e com.callmenot.app/com.callmenot.app.MainActivity#9276 cornerRadius=0.000000
01-04 08:56:36.240  2448  2538 D SurfaceComposerClient: setCornerRadius ## 3d3c838 Splash Screen com.callmenot.app#9267 cornerRadius=0.000000
01-04 08:56:36.241  2448  2538 D SurfaceComposerClient: setCornerRadius ## c7161e com.callmenot.app/com.callmenot.app.MainActivity#9276 cornerRadius=0.000000
01-04 08:56:36.245  9564  9564 I InsetsSourceConsumer: applyRequestedVisibilityToControl: visible=true, type=statusBars, host=com.callmenot.app/com.callmenot.app.MainActivity
01-04 08:56:36.246  9564  9564 I InsetsSourceConsumer: applyRequestedVisibilityToControl: visible=true, type=navigationBars, host=com.callmenot.app/com.callmenot.app.MainActivity
01-04 08:56:36.247  2448  5226 D SurfaceComposerClient: setCornerRadius ## 3d3c838 Splash Screen com.callmenot.app#9267 cornerRadius=0.000000
01-04 08:56:36.247  2448  5226 D SurfaceComposerClient: setCornerRadius ## c7161e com.callmenot.app/com.callmenot.app.MainActivity#9276 cornerRadius=0.000000
01-04 08:56:36.248  2448  5226 D SurfaceComposerClient: setCornerRadius ## 3d3c838 Splash Screen com.callmenot.app#9267 cornerRadius=0.000000
01-04 08:56:36.248  2448  5226 D SurfaceComposerClient: setCornerRadius ## c7161e com.callmenot.app/com.callmenot.app.MainActivity#9276 cornerRadius=0.000000
01-04 08:56:36.252  2448  2980 I ImeTracker: com.callmenot.app:bf25ddf8: onRequestHide at ORIGIN_SERVER reason HIDE_UNSPECIFIED_WINDOW fromUser false
01-04 08:56:36.252  2448  2538 D SurfaceComposerClient: setCornerRadius ## 3d3c838 Splash Screen com.callmenot.app#9267 cornerRadius=0.000000
01-04 08:56:36.253  2448  2538 D SurfaceComposerClient: setCornerRadius ## c7161e com.callmenot.app/com.callmenot.app.MainActivity#9276 cornerRadius=0.000000
01-04 08:56:36.264 13521 13521 I GoogleInputMethodService: GoogleInputMethodService.onStartInput():1349 onStartInput(EditorInfo{EditorInfo{packageName=com.callmenot.app, inputType=0, inputTypeString=NULL, enableLearning=false, autoCorrection=false, autoComplete=false, imeOptions=0, privateImeOptions=null, actionName=UNSPECIFIED, actionLabel=null, initialSelStart=-1, initialSelEnd=-1, initialCapsMode=0, label=null, fieldId=0, fieldName=null, extras=Bundle[{appShowRequested=false, isTextEditor=false, displayId=0}], hintText=null, hintLocales=[]}}, false)
01-04 08:56:36.265  2448  5213 W PackageConfigPersister: App-specific configuration not found for packageName: com.callmenot.app and userId: 0
01-04 08:56:36.266  2448  5226 D InsetsSourceProvider: updateControlForTarget: control=InsetsSourceControl: {3 mType=ime mSurfacePosition=Point(0, 81) mInsetsHint=Insets{left=0, top=0, right=0, bottom=1032}}, target=Window{c7161e u0 com.callmenot.app/com.callmenot.app.MainActivity}, from=com.android.server.wm.ImeInsetsSourceProvider.updateControlForTarget:17 com.android.server.wm.InsetsStateController.onControlTargetChanged:83 com.android.server.wm.DisplayContent.updateImeControlTarget:21 com.android.server.wm.DisplayContent.updateImeInputAndControlTarget:156 com.android.server.wm.WindowManagerService$LocalService.updateInputMethodTargetWindow:64 
01-04 08:56:36.267  2448  2538 D SurfaceComposerClient: setCornerRadius ## 3d3c838 Splash Screen com.callmenot.app#9267 cornerRadius=0.000000
01-04 08:56:36.267  2448  2538 D SurfaceComposerClient: setCornerRadius ## c7161e com.callmenot.app/com.callmenot.app.MainActivity#9276 cornerRadius=0.000000
01-04 08:56:36.268  9564  9564 I ImeTracker: com.callmenot.app:bf25ddf8: onCancelled at PHASE_CLIENT_ALREADY_HIDDEN
01-04 08:56:36.276  1640  1640 I SurfaceFlinger: [LayerHierarchy{RequestedLayerState{ImeContainer#15 parentId=9266 relativeParentId=9266 z=3} 1 children}] reparent to LayerHierarchy{RequestedLayerState{ActivityRecord{247890725 u0 com.callmenot.app/.MainActivity t12015}#9266 parentId=9265} 4 children}
01-04 08:56:36.282  2448  5851 I WindowManager: Relayout Window{3d3c838 u0 Splash Screen com.callmenot.app}: viewVisibility=8 req=1080x2340 ty=3 d0
01-04 08:56:36.282  2448  5851 D SurfaceComposerClient: setCornerRadius ## c7161e com.callmenot.app/com.callmenot.app.MainActivity#9276 cornerRadius=0.000000
01-04 08:56:36.283  2448  5851 D SurfaceComposerClient: setCornerRadius ## 3d3c838 Splash Screen com.callmenot.app#9267 cornerRadius=0.000000
01-04 08:56:36.283  2448  5851 D SurfaceComposerClient: setCornerRadius ## c7161e com.callmenot.app/com.callmenot.app.MainActivity#9276 cornerRadius=0.000000
01-04 08:56:36.286  2448  3779 D CoreBackPreview: Window{3d3c838 u0 Splash Screen com.callmenot.app}: Setting back callback null
01-04 08:56:36.287  2448  5223 D WindowManager: Starting window removed Window{3d3c838 u0 Splash Screen com.callmenot.app}
01-04 08:56:36.287  2448  5223 I WindowManager: Cancelling animation restarting=false, leash=Surface(name=Surface(name=c7161e com.callmenot.app/com.callmenot.app.MainActivity)/@0xcf1caf6 - animation-leash of starting_reveal)/@0x2cc5164
01-04 08:56:36.287  2448  5223 I WindowManager: Reparenting to original parent: Surface(name=ActivityRecord{247890725 u0 com.callmenot.app/.MainActivity t12015})/@0xf0e8ef7, destroy=false, surface=Surface(name=c7161e com.callmenot.app/com.callmenot.app.MainActivity)/@0xcf1caf6
01-04 08:56:36.288  2448  5223 V WindowManager: Remove Window{3d3c838 u0 Splash Screen com.callmenot.app}: mSurfaceControl=Surface(name=Splash Screen com.callmenot.app$_3252)/@0xe40d1eb mAnimatingExit=false mRemoveOnExit=false mHasSurface=true surfaceShowing=false animating=false app-animation=false callers=com.android.server.wm.Session.remove:16 android.view.IWindowSession$Stub.onTransact:804 com.android.server.wm.Session.onTransact:1 android.os.Binder.execTransactInternal:1457 android.os.Binder.execTransact:1401 <bottom of call stack> 
01-04 08:56:36.288  2448  5223 D SurfaceComposerClient: setCornerRadius ## c7161e com.callmenot.app/com.callmenot.app.MainActivity#9276 cornerRadius=0.000000
01-04 08:56:36.288  2448  5223 D SurfaceComposerClient: setCornerRadius ## c7161e com.callmenot.app/com.callmenot.app.MainActivity#9276 cornerRadius=0.000000
01-04 08:56:36.289  2448  2538 D SurfaceComposerClient: setCornerRadius ## c7161e com.callmenot.app/com.callmenot.app.MainActivity#9276 cornerRadius=0.000000
01-04 08:56:36.292  1640  1640 I SurfaceFlinger: RequestedLayer [Splash Screen com.callmenot.app$_3252#9268] hidden!! flag  from(0) --> to(1)
01-04 08:56:36.294  1640  1640 D SurfaceFlinger:        DEVICE |           41077067218945 | 00002102 | RGBA_8888    |    0.0    0.0 1080.0 2339.0 |    0    1 1080 2340 | com.callmenot.app/com.callmenot.app.MainActivity$_9564#9277 (3)
01-04 08:56:36.295  2448  2538 D SurfaceComposerClient: setCornerRadius ## c7161e com.callmenot.app/com.callmenot.app.MainActivity#9276 cornerRadius=0.000000
01-04 08:56:36.300  2448  2537 D SGM:FgCheckThread: getForegroundApp(), foregroundPkgName=com.callmenot.app
01-04 08:56:36.301  1640  1640 I SurfaceFlinger: [LayerHierarchy{RequestedLayerState{ImeContainer#15 parentId=9266 relativeParentId=9276 z=1} 1 children}] RelativeParent to LayerHierarchy{RequestedLayerState{c7161e com.callmenot.app/com.callmenot.app.MainActivity#9276 parentId=9266} 2 children}
01-04 08:56:36.301  1640  1640 I SurfaceFlinger: [LayerHierarchy{RequestedLayerState{3d3c838 Splash Screen com.callmenot.app#9267 z=2147483647} 1 children}] reparent to OffscreenRoot
01-04 08:56:36.301  1640  1640 I SurfaceFlinger: [LayerHierarchy{RequestedLayerState{3d3c838 Splash Screen com.callmenot.app#9267 z=2147483647} 1 children}] RelativeParent to null
01-04 08:56:36.301  1640  1640 I SurfaceFlinger: [LayerHierarchy{RequestedLayerState{Splash Screen com.callmenot.app$_3252#9268} no children}] reparent to OffscreenRoot
01-04 08:56:36.301  1640  1640 I SurfaceFlinger: [LayerHierarchy{RequestedLayerState{Splash Screen com.callmenot.app$_3252#9268} no children}] RelativeParent to null
01-04 08:56:36.301  1640  1640 I SurfaceFlinger: [LayerHierarchy{RequestedLayerState{Surface(name=c7161e com.callmenot.app/com.callmenot.app.MainActivity)/@0xcf1caf6 - animation-leash of starting_reveal#9280} 1 children}] reparent to OffscreenRoot
01-04 08:56:36.301  1640  1640 I SurfaceFlinger: [LayerHierarchy{RequestedLayerState{Surface(name=c7161e com.callmenot.app/com.callmenot.app.MainActivity)/@0xcf1caf6 - animation-leash of starting_reveal#9280} 1 children}] RelativeParent to null
01-04 08:56:36.301  1640  1640 I SurfaceFlinger: [LayerHierarchy{RequestedLayerState{c7161e com.callmenot.app/com.callmenot.app.MainActivity#9276 parentId=9266} 2 children}] reparent to LayerHierarchy{RequestedLayerState{ActivityRecord{247890725 u0 com.callmenot.app/.MainActivity t12015}#9266 parentId=9265} 3 children}
01-04 08:56:36.302  1640  1640 I SurfaceFlinger: id=9268 Removed Splash Screen com.callmenot.app$_3252#9268 (169)
01-04 08:56:36.302  1640  1640 I SurfaceFlinger: id=9267 Removed 3d3c838 Splash Screen com.callmenot.app#9267 (169)
01-04 08:56:36.304  2448  2535 D SGM:GameManager: identifyForegroundApp. com.callmenot.app, mCurrentUserId: 0, callerUserId: 0
01-04 08:56:36.304  2448  2538 D SurfaceComposerClient: setCornerRadius ## c7161e com.callmenot.app/com.callmenot.app.MainActivity#9276 cornerRadius=0.000000
01-04 08:56:36.304  2448  2535 D SGM:GameManager: identifyForegroundApp. com.callmenot.app, mCurrentUserId: 0, callerUserId: 0
01-04 08:56:36.304  2448  2538 D SurfaceComposerClient: setCornerRadius ## c7161e com.callmenot.app/com.callmenot.app.MainActivity#9276 cornerRadius=0.000000
01-04 08:56:36.309  1640  1640 I SurfaceFlinger: destroyed 3d3c838 Splash Screen com.callmenot.app#9267 form LifecycleManager
01-04 08:56:36.309  1640  1640 I SurfaceFlinger: destroyed Splash Screen com.callmenot.app$_3252#9268 form LifecycleManager
01-04 08:56:36.309  1640  1640 I SurfaceFlinger: id=9267 onLayerDestroyed from LayerHierarchyBuilder(RequestedLayerState{3d3c838 Splash Screen com.callmenot.app#9267 !handle z=2147483647})
01-04 08:56:36.309  1640  1640 I SurfaceFlinger: id=9268 onLayerDestroyed from LayerHierarchyBuilder(RequestedLayerState{Splash Screen com.callmenot.app$_3252#9268 !handle})
01-04 08:56:36.310  1640  1640 I Layer   : id=9267 Destroyed 3d3c838 Splash Screen com.callmenot.app#9267
01-04 08:56:36.310  1640  1640 I Layer   : id=9268 Destroyed Splash Screen com.callmenot.app$_3252#9268
01-04 08:56:36.319  9900 10123 I SAMSUNGWALLET: [Hint_SimpleHintProcessMonitor] isHomePackageRunning topPkgName = com.callmenot.app, topClsName = com.callmenot.app.MainActivity, return false , se : false
01-04 08:56:36.324  9900 10123 I SAMSUNGWALLET: [Hint_SimpleHintProcessMonitor] isHomePackageRunning topPkgName = com.callmenot.app, topClsName = com.callmenot.app.MainActivity, return false , se : false
01-04 08:56:36.355  2448  5851 D SurfaceComposerClient: setCornerRadius ## c7161e com.callmenot.app/com.callmenot.app.MainActivity#9276 cornerRadius=0.000000
01-04 08:56:36.357  2448  5851 D InsetsSourceProvider: updateControlForTarget: control=InsetsSourceControl: {3 mType=ime mSurfacePosition=Point(0, 81) mInsetsHint=Insets{left=0, top=0, right=0, bottom=1032}}, target=Window{c7161e u0 com.callmenot.app/com.callmenot.app.MainActivity}, from=com.android.server.wm.ImeInsetsSourceProvider.updateControlForTarget:17 com.android.server.wm.ImeInsetsSourceProvider.setServerVisible:68 com.android.server.wm.InsetsSourceProvider.onPostLayout:30 com.android.server.wm.ImeInsetsSourceProvider.onPostLayout:3 com.android.server.wm.InsetsStateController.onPostLayout:26 
01-04 08:56:36.358  2448  5851 D SurfaceComposerClient: setCornerRadius ## c7161e com.callmenot.app/com.callmenot.app.MainActivity#9276 cornerRadius=0.000000
01-04 08:56:36.359  2448  5851 D SurfaceComposerClient: setCornerRadius ## c7161e com.callmenot.app/com.callmenot.app.MainActivity#9276 cornerRadius=0.000000
01-04 08:56:36.359  2448  5851 D SurfaceComposerClient: setCornerRadius ## c7161e com.callmenot.app/com.callmenot.app.MainActivity#9276 cornerRadius=0.000000
01-04 08:56:36.362  2448  2538 D SurfaceComposerClient: setCornerRadius ## c7161e com.callmenot.app/com.callmenot.app.MainActivity#9276 cornerRadius=0.000000
01-04 08:56:36.363  2448  5213 D SurfaceComposerClient: setCornerRadius ## c7161e com.callmenot.app/com.callmenot.app.MainActivity#9276 cornerRadius=0.000000
01-04 08:56:36.363  2448  5213 D SurfaceComposerClient: setCornerRadius ## c7161e com.callmenot.app/com.callmenot.app.MainActivity#9276 cornerRadius=0.000000
01-04 08:56:36.376  9564  9564 I InsetsSourceConsumer: applyRequestedVisibilityToControl: visible=false, type=ime, host=com.callmenot.app/com.callmenot.app.MainActivity
01-04 08:56:36.387  4000  4010 I Finsky  : [112] com.callmenot.app: Account from first account - [9T_3V6hlJEe88Fhl1E29ljwRglvexxYCR7uikg043cw]
01-04 08:56:36.388  4000  4010 I Finsky  : [112] Billing preferred account via installer for com.callmenot.app: [9T_3V6hlJEe88Fhl1E29ljwRglvexxYCR7uikg043cw]
01-04 08:56:36.389  4000  4010 I Finsky  : [112] com.callmenot.app: Account from first account - [9T_3V6hlJEe88Fhl1E29ljwRglvexxYCR7uikg043cw]
01-04 08:56:36.389  4000  4010 I Finsky  : [112] Billing preferred account via installer for com.callmenot.app: [9T_3V6hlJEe88Fhl1E29ljwRglvexxYCR7uikg043cw]
01-04 08:56:36.404  9564  9570 I m.callmenot.app: Compiler allocated 5101KB to compile void android.view.ViewRootImpl.performTraversals()
01-04 08:56:36.411  3750  5982 I SearchEngine: isComponentInApps() packageName : com.callmenot.app / className : com.callmenot.app.MainActivity / userId : 0 / enable true / enabledSetting 0
01-04 08:56:36.411  3750  5982 I SearchEngine: isComponentInApps() packageName : com.callmenot.app / className : com.callmenot.app.MainActivity / userId : 0 / enable true / enabledSetting 0
01-04 08:56:36.412  3750  5982 I SearchEngine: isComponentInApps() packageName : com.callmenot.app / className : com.callmenot.app.MainActivity / userId : 0 / enable true / enabledSetting 0
01-04 08:56:36.412  3750  5982 I SearchEngine: isComponentInApps() packageName : com.callmenot.app / className : com.callmenot.app.MainActivity / userId : 0 / enable true / enabledSetting 0
01-04 08:56:36.435  2448  3064 D MdnieScenarioControlService:  packageName : com.callmenot.app    className : com.callmenot.app.MainActivity
01-04 08:56:36.488  9564  9564 I InsetsController: onStateChanged: host=com.callmenot.app/com.callmenot.app.MainActivity, from=android.view.ViewRootImpl.onInsetsStateChanged:3026, state=InsetsState: {mDisplayFrame=Rect(0, 0 - 1080, 2340), mDisplayCutout=DisplayCutout{insets=Rect(0, 81 - 0, 0) waterfall=Insets{left=0, top=0, right=0, bottom=0} boundingRect={Bounds=[Rect(0, 0 - 0, 0), Rect(512, 0 - 568, 81), Rect(0, 0 - 0, 0), Rect(0, 0 - 0, 0)]} cutoutPathParserInfo={CutoutPathParserInfo{displayWidth=1080 displayHeight=2340 physicalDisplayWidth=1080 physicalDisplayHeight=2340 density={3.0} cutoutSpec={M 0,0 H -9.333333333333333 V 27 H 9.333333333333333 V 0 H 0 Z @dp} rotation={0} scale={1.0} physicalPixelDisplaySizeRatio={1.0}}} sideOverrides={}}, mRoundedCorners=RoundedCorners{[RoundedCorner{position=TopLeft, radius=102, center=Point(102, 102)}, RoundedCorner{position=TopRight, radius=102, center=Point(978, 102)}, RoundedCorner{position=BottomRight, radius=102, center=Point(978, 2238)}, RoundedCorner{position=BottomLeft, radius=102, center=Point(102, 2238)}]}  mRoundedCornerFrame=Rect(0, 0 - 1080, 2340), mPrivacyIndicatorBounds=PrivacyIndicatorBounds {static bounds=Rect(948, 0 - 1080, 81) rotation=0}, mDisplayShape=DisplayShape{ spec=-311912193 displayWidth=1080 displayHeight=2340 physicalPixelDisplaySizeRatio=1.0 rotation=0 offsetX=0 offsetY=0 scale=1.0}, mSources= { InsetsSource: {872b0001 mType=navigationBars mFrame=[0,2196][1080,2340] mVisible=true mFlags= mSideHint=BOTTOM mBoundingRects=null}, InsetsSource: {872b0004 mType=systemGestures mFrame=[0,0][0,0] mVisible=true mFlags= mSideHint=NONE mBoundingRects=null}, InsetsSource: {872b0005 mType=mandatorySystemGestures mFrame=[0,2196][1080,2340] mVisible=true mFlags= mSideHint=BOTTOM mBoundingRects=null}, InsetsSource: {872b0006 mType=tappableElement mFrame=[0,2196][1080,2340] mVisible=true mFlags= mSideHint=BOTTOM mBoundingRects=null}, InsetsSource: {872b0024 mType=systemGestures mFrame=[0,0][0,0] mVisible=true mFlags= mSideHint=NONE mBoundingRects=null}, InsetsSource: {3 mType=ime mFrame=[0,0][0,0] mVisible=false mFlags= mSideHint=NONE mBoundingRects=null}, InsetsSource: {27 mType=displayCutout mFrame=[0,0][1080,81] mVisible=true mFlags= mSideHint=TOP mBoundingRects=null}, InsetsSource: {26b60000 mType=statusBars mFrame=[0,0][1080,81] mVisible=true mFlags= mSideHint=TOP mBoundingRects=null}, InsetsSource: {26b60005 mType=mandatorySystemGestures mFrame=[0,0][1080,117] mVisible=true mFlags= mSideHint=TOP mBoundingRects=null}, InsetsSource: {26b60006 mType=tappableElement mFrame=[0,0][1080,81] mVisible=true mFlags= mSideHint=TOP mBoundingRects=null} }
01-04 08:56:36.489  9564  9564 I InsetsController: onStateChanged: host=com.callmenot.app/com.callmenot.app.MainActivity, from=android.view.ViewRootImpl.onInsetsStateChanged:3026, state=InsetsState: {mDisplayFrame=Rect(0, 0 - 1080, 2340), mDisplayCutout=DisplayCutout{insets=Rect(0, 81 - 0, 0) waterfall=Insets{left=0, top=0, right=0, bottom=0} boundingRect={Bounds=[Rect(0, 0 - 0, 0), Rect(512, 0 - 568, 81), Rect(0, 0 - 0, 0), Rect(0, 0 - 0, 0)]} cutoutPathParserInfo={CutoutPathParserInfo{displayWidth=1080 displayHeight=2340 physicalDisplayWidth=1080 physicalDisplayHeight=2340 density={3.0} cutoutSpec={M 0,0 H -9.333333333333333 V 27 H 9.333333333333333 V 0 H 0 Z @dp} rotation={0} scale={1.0} physicalPixelDisplaySizeRatio={1.0}}} sideOverrides={}}, mRoundedCorners=RoundedCorners{[RoundedCorner{position=TopLeft, radius=102, center=Point(102, 102)}, RoundedCorner{position=TopRight, radius=102, center=Point(978, 102)}, RoundedCorner{position=BottomRight, radius=102, center=Point(978, 2238)}, RoundedCorner{position=BottomLeft, radius=102, center=Point(102, 2238)}]}  mRoundedCornerFrame=Rect(0, 0 - 1080, 2340), mPrivacyIndicatorBounds=PrivacyIndicatorBounds {static bounds=Rect(948, 0 - 1080, 81) rotation=0}, mDisplayShape=DisplayShape{ spec=-311912193 displayWidth=1080 displayHeight=2340 physicalPixelDisplaySizeRatio=1.0 rotation=0 offsetX=0 offsetY=0 scale=1.0}, mSources= { InsetsSource: {872b0001 mType=navigationBars mFrame=[0,2196][1080,2340] mVisible=true mFlags= mSideHint=BOTTOM mBoundingRects=null}, InsetsSource: {872b0004 mType=systemGestures mFrame=[0,0][0,0] mVisible=true mFlags= mSideHint=NONE mBoundingRects=null}, InsetsSource: {872b0005 mType=mandatorySystemGestures mFrame=[0,2196][1080,2340] mVisible=true mFlags= mSideHint=BOTTOM mBoundingRects=null}, InsetsSource: {872b0006 mType=tappableElement mFrame=[0,2196][1080,2340] mVisible=true mFlags= mSideHint=BOTTOM mBoundingRects=null}, InsetsSource: {872b0024 mType=systemGestures mFrame=[0,0][0,0] mVisible=true mFlags= mSideHint=NONE mBoundingRects=null}, InsetsSource: {3 mType=ime mFrame=[0,0][0,0] mVisible=false mFlags= mSideHint=NONE mBoundingRects=null}, InsetsSource: {27 mType=displayCutout mFrame=[0,0][1080,81] mVisible=true mFlags= mSideHint=TOP mBoundingRects=null}, InsetsSource: {26b60000 mType=statusBars mFrame=[0,0][1080,81] mVisible=true mFlags= mSideHint=TOP mBoundingRects=null}, InsetsSource: {26b60005 mType=mandatorySystemGestures mFrame=[0,0][1080,117] mVisible=true mFlags= mSideHint=TOP mBoundingRects=null}, InsetsSource: {26b60006 mType=tappableElement mFrame=[0,0][1080,81] mVisible=true mFlags= mSideHint=TOP mBoundingRects=null} }
01-04 08:56:36.684  3252  3252 I {OngoingActivityDataHelper}: setBaseActivityComponentName:ComponentInfo{com.callmenot.app/com.callmenot.app.MainActivity}
01-04 08:56:36.765  2448  2537 D SGM:GameManager: identifyForegroundApp. com.callmenot.app, mCurrentUserId: 0, callerUserId: 0
01-04 08:56:37.382  1640  3759 I SurfaceFlinger: Capture layer list: 	 com.callmenot.app/com.callmenot.app.MainActivity$_9564#9277(seamlessTransition:0)
01-04 08:56:37.384  1640  1789 D RenderEngine: [SEC_SF_EFFECTS] drawLayersInternal,1483, Rendering layer com.callmenot.app/com.callmenot.app.MainActivity$_9564#9277 at index 1
01-04 08:56:37.386  1640  1640 I LayerHistory: com.callmenot.app/com.callmenot.app.MainActivity$_9564#9277 Max (can't resolve refresh rate)
01-04 08:56:37.824  1121  1121 D io_stats: !@ Read_top(KB): loop49(4358) 27392 roid.honeyboard(9464) 26360 m.callmenot.app(9564) 20532
01-04 08:56:40.095  2448  4841 D SGM:GameManager: identifyGamePackage. com.callmenot.app, mCurrentUserId: 0, callingMethodInfo: com.samsung.android.game.IGameManagerService$Stub.onTransact(IGameManagerService.java:247)
01-04 08:56:40.155  2448  3062 D SGM:GameManager: identifyForegroundApp. com.callmenot.app, mCurrentUserId: 0, callerUserId: 0
01-04 08:56:41.207  9564  9690 D ProfileInstaller: Installing profile for com.callmenot.app
01-04 08:56:41.305  2448  3062 I SystemKeyManager: requested systemKeyInfo size=1 focusedWindow=com.callmenot.app/com.callmenot.app.MainActivity
01-04 08:56:41.306  2448  3062 I SystemKeyManager: requested systemKeyInfo size=1 focusedWindow=com.callmenot.app/com.callmenot.app.MainActivity
01-04 08:56:41.309  2448  2964 I SystemKeyManager: requested systemKeyInfo size=1 focusedWindow=com.callmenot.app/com.callmenot.app.MainActivity
01-04 08:56:41.311  2448  2964 I SystemKeyManager: requested systemKeyInfo size=1 focusedWindow=com.callmenot.app/com.callmenot.app.MainActivity
01-04 08:56:41.389  2448  3062 I SystemKeyManager: requested systemKeyInfo size=1 focusedWindow=com.callmenot.app/com.callmenot.app.MainActivity
01-04 08:56:41.389  2448  3062 I SystemKeyManager: requested systemKeyInfo size=1 focusedWindow=com.callmenot.app/com.callmenot.app.MainActivity
01-04 08:56:41.390  2448  2964 I SystemKeyManager: requested systemKeyInfo size=1 focusedWindow=com.callmenot.app/com.callmenot.app.MainActivity
01-04 08:56:41.391  2448  2964 I SystemKeyManager: requested systemKeyInfo size=1 focusedWindow=com.callmenot.app/com.callmenot.app.MainActivity
01-04 08:56:41.420  2448  3531 V WindowManager: Transition 869: Set Task{a194cfa #12015 type=standard A=10446:com.callmenot.app} as transient-hidden-task, caller=com.android.server.wm.Task.forAllTasks:4 com.android.server.wm.WindowContainer.forAllTasks:2 com.android.server.wm.DisplayArea.forAllTasks:9 
01-04 08:56:41.420  2448  3531 V WindowManager: Collecting in transition 869: Task{a194cfa #12015 type=standard A=10446:com.callmenot.app}, caller=com.android.server.wm.Transition$$ExternalSyntheticLambda20.test:119 com.android.server.wm.Task.forAllTasks:4 com.android.server.wm.WindowContainer.forAllTasks:2 com.android.server.wm.DisplayArea.forAllTasks:9 com.android.server.wm.Transition.setTransientLaunch:138 
01-04 08:56:41.430  2448  3531 D ActivityTaskManager: scheduleTopResumedActivityChanged, onTop=false, r=ActivityRecord{247890725 u0 com.callmenot.app/.MainActivity t12015}, caller=com.android.server.wm.ActivityTaskSupervisor.scheduleTopResumedActivityStateLossIfNeeded:19 com.android.server.wm.ActivityTaskSupervisor.endDeferResume:21 com.android.server.wm.WindowOrganizerController.applyTransaction:186 com.android.server.wm.WindowOrganizerController.applyTransaction:16 com.android.server.wm.WindowOrganizerController$$ExternalSyntheticLambda5.onCollectStarted:27 com.android.server.wm.TransitionController.startCollectOrQueue:97 
01-04 08:56:41.430  2448  3531 D SurfaceComposerClient: setCornerRadius ## c7161e com.callmenot.app/com.callmenot.app.MainActivity#9276 cornerRadius=0.000000
01-04 08:56:41.431  2448  3531 D SurfaceComposerClient: setCornerRadius ## c7161e com.callmenot.app/com.callmenot.app.MainActivity#9276 cornerRadius=0.000000
01-04 08:56:41.435  2448  3531 D SurfaceComposerClient: setCornerRadius ## c7161e com.callmenot.app/com.callmenot.app.MainActivity#9276 cornerRadius=0.000000
01-04 08:56:41.435  2448  3531 D SurfaceComposerClient: setCornerRadius ## c7161e com.callmenot.app/com.callmenot.app.MainActivity#9276 cornerRadius=0.000000
01-04 08:56:41.444  2448  2535 D SGM:GameManager: identifyForegroundApp. com.callmenot.app, mCurrentUserId: 0, callerUserId: 0
01-04 08:56:41.445  2448  2535 D SGM:GameManager: identifyForegroundApp. com.callmenot.app, mCurrentUserId: 0, callerUserId: 0
01-04 08:56:41.449  2448  2538 D SurfaceComposerClient: setCornerRadius ## c7161e com.callmenot.app/com.callmenot.app.MainActivity#9276 cornerRadius=0.000000
01-04 08:56:41.450  3750  3750 I HoneySpace.TaskListViewModel[179141258]: setGroupTasks: [GroupTask(#type 1 | #displayId 0 | #deskId -1 | #minimizedTaskIds [] | [#taskId 12015 : com.callmenot.app]), GroupTask(#type 1 | #displayId 0 | #deskId -1 | #minimizedTaskIds [] | [#taskId 12012 : com.android.settings]), GroupTask(#type 1 | #displayId 0 | #deskId -1 | #minimizedTaskIds [] | [#taskId 12013 : com.replit.app]), GroupTask(#type 1 | #displayId 0 | #deskId -1 | #minimizedTaskIds [] | [#taskId 12008 : com.dp.logcatapp]), GroupTask(#type 1 | #displayId 0 | #deskId -1 | #minimizedTaskIds [] | [#taskId 12002 : com.sec.android.app.myfiles]), GroupTask(#type 1 | #displayId 0 | #deskId -1 | #minimizedTaskIds [] | [#taskId 12003 : com.brave.browser]), GroupTask(#type 1 | #displayId 0 | #deskId -1 | #minimizedTaskIds [] | [#taskId 12000 : com.openai.chatgpt])]
01-04 08:56:41.450  3750  3750 I HoneySpace.RecentDataListServiceImpl[203402485]: setGroupTasks: [GroupTask(#type 1 | #displayId 0 | #deskId -1 | #minimizedTaskIds [] | [#taskId 12015 : com.callmenot.app]), GroupTask(#type 1 | #displayId 0 | #deskId -1 | #minimizedTaskIds [] | [#taskId 12012 : com.android.settings]), GroupTask(#type 1 | #displayId 0 | #deskId -1 | #minimizedTaskIds [] | [#taskId 12013 : com.replit.app]), GroupTask(#type 1 | #displayId 0 | #deskId -1 | #minimizedTaskIds [] | [#taskId 12008 : com.dp.logcatapp]), GroupTask(#type 1 | #displayId 0 | #deskId -1 | #minimizedTaskIds [] | [#taskId 12002 : com.sec.android.app.myfiles]), GroupTask(#type 1 | #displayId 0 | #deskId -1 | #minimizedTaskIds [] | [#taskId 12003 : com.brave.browser]), GroupTask(#type 1 | #displayId 0 | #deskId -1 | #minimizedTaskIds [] | [#taskId 12000 : com.openai.chatgpt])]
01-04 08:56:41.450  3750  3750 I HoneySpace.RecentDataListRepositoryImpl[197708332]: rawData: [RecentData(items=[DefaultTaskData([#taskId 12015 : com.callmenot.app])], displayId=0, deskId=-1, type=1, name=), RecentData(items=[DefaultTaskData([#taskId 12012 : com.android.settings])], displayId=0, deskId=-1, type=1, name=), RecentData(items=[DefaultTaskData([#taskId 12013 : com.replit.app])], displayId=0, deskId=-1, type=1, name=), RecentData(items=[DefaultTaskData([#taskId 12008 : com.dp.logcatapp])], displayId=0, deskId=-1, type=1, name=), RecentData(items=[DefaultTaskData([#taskId 12002 : com.sec.android.app.myfiles])], displayId=0, deskId=-1, type=1, name=), RecentData(items=[DefaultTaskData([#taskId 12003 : com.brave.browser])], displayId=0, deskId=-1, type=1, name=), RecentData(items=[DefaultTaskData([#taskId 12000 : com.openai.chatgpt])], displayId=0, deskId=-1, type=1, name=)]
01-04 08:56:41.450  3750  3750 I HoneySpace.RecentDataListRepositoryImpl[197708332]: visibleData: [RecentData(items=[DefaultTaskData([#taskId 12015 : com.callmenot.app])], displayId=0, deskId=-1, type=1, name=), RecentData(items=[DefaultTaskData([#taskId 12012 : com.android.settings])], displayId=0, deskId=-1, type=1, name=), RecentData(items=[DefaultTaskData([#taskId 12013 : com.replit.app])], displayId=0, deskId=-1, type=1, name=), RecentData(items=[DefaultTaskData([#taskId 12008 : com.dp.logcatapp])], displayId=0, deskId=-1, type=1, name=), RecentData(items=[DefaultTaskData([#taskId 12002 : com.sec.android.app.myfiles])], displayId=0, deskId=-1, type=1, name=), RecentData(items=[DefaultTaskData([#taskId 12003 : com.brave.browser])], displayId=0, deskId=-1, type=1, name=), RecentData(items=[DefaultTaskData([#taskId 12000 : com.openai.chatgpt])], displayId=0, deskId=-1, type=1, name=)]
01-04 08:56:41.450  3750  3750 I HoneySpace.GestureEventController[218fd5]: SetGestureTaskList, SendGestureTaskList(taskList=[GroupTask(#type 1 | #displayId 0 | #deskId -1 | #minimizedTaskIds [] | [#taskId 12015 : com.callmenot.app]), GroupTask(#type 1 | #displayId 0 | #deskId -1 | #minimizedTaskIds [] | [#taskId 12012 : com.android.settings]), GroupTask(#type 1 | #displayId 0 | #deskId -1 | #minimizedTaskIds [] | [#taskId 12013 : com.replit.app]), GroupTask(#type 1 | #displayId 0 | #deskId -1 | #minimizedTaskIds [] | [#taskId 12008 : com.dp.logcatapp]), GroupTask(#type 1 | #displayId 0 | #deskId -1 | #minimizedTaskIds [] | [#taskId 12002 : com.sec.android.app.myfiles]), GroupTask(#type 1 | #displayId 0 | #deskId -1 | #minimizedTaskIds [] | [#taskId 12003 : com.brave.browser]), GroupTask(#type 1 | #displayId 0 | #deskId -1 | #minimizedTaskIds [] | [#taskId 12000 : com.openai.chatgpt])], initPosition=1, runningTaskId=12015, showAnimStartPosition=1, isLeashTargetCenter=false, forSimple=true)
01-04 08:56:41.450  3750  3750 I HoneySpace.GestureEventController[218fd5]: SetGestureTaskList, SendGestureTaskList(taskList=[GroupTask(#type 1 | #displayId 0 | #deskId -1 | #minimizedTaskIds [] | [#taskId 12015 : com.callmenot.app]), GroupTask(#type 1 | #displayId 0 | #deskId -1 | #minimizedTaskIds [] | [#taskId 12012 : com.android.settings]), GroupTask(#type 1 | #displayId 0 | #deskId -1 | #minimizedTaskIds [] | [#taskId 12013 : com.replit.app]), GroupTask(#type 1 | #displayId 0 | #deskId -1 | #minimizedTaskIds [] | [#taskId 12008 : com.dp.logcatapp]), GroupTask(#type 1 | #displayId 0 | #deskId -1 | #minimizedTaskIds [] | [#taskId 12002 : com.sec.android.app.myfiles]), GroupTask(#type 1 | #displayId 0 | #deskId -1 | #minimizedTaskIds [] | [#taskId 12003 : com.brave.browser]), GroupTask(#type 1 | #displayId 0 | #deskId -1 | #minimizedTaskIds [] | [#taskId 12000 : com.openai.chatgpt])], initPosition=1, runningTaskId=12015, showAnimStartPosition=1, isLeashTargetCenter=false, forSimple=false)
01-04 08:56:41.451  3750  3750 I HoneySpace.TaskListViewModel[94761921]: setGroupTasks: [GroupTask(#type 1 | #displayId 0 | #deskId -1 | #minimizedTaskIds [] | [#taskId 12015 : com.callmenot.app]), GroupTask(#type 1 | #displayId 0 | #deskId -1 | #minimizedTaskIds [] | [#taskId 12012 : com.android.settings]), GroupTask(#type 1 | #displayId 0 | #deskId -1 | #minimizedTaskIds [] | [#taskId 12013 : com.replit.app]), GroupTask(#type 1 | #displayId 0 | #deskId -1 | #minimizedTaskIds [] | [#taskId 12008 : com.dp.logcatapp]), GroupTask(#type 1 | #displayId 0 | #deskId -1 | #minimizedTaskIds [] | [#taskId 12002 : com.sec.android.app.myfiles]), GroupTask(#type 1 | #displayId 0 | #deskId -1 | #minimizedTaskIds [] | [#taskId 12003 : com.brave.browser]), GroupTask(#type 1 | #displayId 0 | #deskId -1 | #minimizedTaskIds [] | [#taskId 12000 : com.openai.chatgpt])]
01-04 08:56:41.451  3750  3750 I HoneySpace.RecentDataListServiceImpl[237538507]: setGroupTasks: [GroupTask(#type 1 | #displayId 0 | #deskId -1 | #minimizedTaskIds [] | [#taskId 12015 : com.callmenot.app]), GroupTask(#type 1 | #displayId 0 | #deskId -1 | #minimizedTaskIds [] | [#taskId 12012 : com.android.settings]), GroupTask(#type 1 | #displayId 0 | #deskId -1 | #minimizedTaskIds [] | [#taskId 12013 : com.replit.app]), GroupTask(#type 1 | #displayId 0 | #deskId -1 | #minimizedTaskIds [] | [#taskId 12008 : com.dp.logcatapp]), GroupTask(#type 1 | #displayId 0 | #deskId -1 | #minimizedTaskIds [] | [#taskId 12002 : com.sec.android.app.myfiles]), GroupTask(#type 1 | #displayId 0 | #deskId -1 | #minimizedTaskIds [] | [#taskId 12003 : com.brave.browser]), GroupTask(#type 1 | #displayId 0 | #deskId -1 | #minimizedTaskIds [] | [#taskId 12000 : com.openai.chatgpt])]
01-04 08:56:41.451  3750  3750 I HoneySpace.RecentDataListRepositoryImpl[73960346]: rawData: [RecentData(items=[DefaultTaskData([#taskId 12015 : com.callmenot.app])], displayId=0, deskId=-1, type=1, name=), RecentData(items=[DefaultTaskData([#taskId 12012 : com.android.settings])], displayId=0, deskId=-1, type=1, name=), RecentData(items=[DefaultTaskData([#taskId 12013 : com.replit.app])], displayId=0, deskId=-1, type=1, name=), RecentData(items=[DefaultTaskData([#taskId 12008 : com.dp.logcatapp])], displayId=0, deskId=-1, type=1, name=), RecentData(items=[DefaultTaskData([#taskId 12002 : com.sec.android.app.myfiles])], displayId=0, deskId=-1, type=1, name=), RecentData(items=[DefaultTaskData([#taskId 12003 : com.brave.browser])], displayId=0, deskId=-1, type=1, name=), RecentData(items=[DefaultTaskData([#taskId 12000 : com.openai.chatgpt])], displayId=0, deskId=-1, type=1, name=)]
01-04 08:56:41.451  3750  3750 I HoneySpace.RecentDataListRepositoryImpl[73960346]: visibleData: [RecentData(items=[DefaultTaskData([#taskId 12015 : com.callmenot.app])], displayId=0, deskId=-1, type=1, name=), RecentData(items=[DefaultTaskData([#taskId 12012 : com.android.settings])], displayId=0, deskId=-1, type=1, name=), RecentData(items=[DefaultTaskData([#taskId 12013 : com.replit.app])], displayId=0, deskId=-1, type=1, name=), RecentData(items=[DefaultTaskData([#taskId 12008 : com.dp.logcatapp])], displayId=0, deskId=-1, type=1, name=), RecentData(items=[DefaultTaskData([#taskId 12002 : com.sec.android.app.myfiles])], displayId=0, deskId=-1, type=1, name=), RecentData(items=[DefaultTaskData([#taskId 12003 : com.brave.browser])], displayId=0, deskId=-1, type=1, name=), RecentData(items=[DefaultTaskData([#taskId 12000 : com.openai.chatgpt])], displayId=0, deskId=-1, type=1, name=)]
01-04 08:56:41.451  3750  3750 I HoneySpace.TaskListViewModel[179141258]: recentDataState: RecentDataState(recentData=[RecentData(items=[DefaultTaskData([#taskId 12015 : com.callmenot.app])], displayId=0, deskId=-1, type=1, name=), RecentData(items=[DefaultTaskData([#taskId 12012 : com.android.settings])], displayId=0, deskId=-1, type=1, name=), RecentData(items=[DefaultTaskData([#taskId 12013 : com.replit.app])], displayId=0, deskId=-1, type=1, name=), RecentData(items=[DefaultTaskData([#taskId 12008 : com.dp.logcatapp])], displayId=0, deskId=-1, type=1, name=), RecentData(items=[DefaultTaskData([#taskId 12002 : com.sec.android.app.myfiles])], displayId=0, deskId=-1, type=1, name=), RecentData(items=[DefaultTaskData([#taskId 12003 : com.brave.browser])], displayId=0, deskId=-1, type=1, name=), RecentData(items=[DefaultTaskData([#taskId 12000 : com.openai.chatgpt])], displayId=0, deskId=-1, type=1, name=)], changeState=Load)
01-04 08:56:41.451  3750  3750 I HoneySpace.SimpleTaskListPot: recentDataState: RecentDataState(recentData=[RecentData(items=[DefaultTaskData([#taskId 12015 : com.callmenot.app])], displayId=0, deskId=-1, type=1, name=), RecentData(items=[DefaultTaskData([#taskId 12012 : com.android.settings])], displayId=0, deskId=-1, type=1, name=), RecentData(items=[DefaultTaskData([#taskId 12013 : com.replit.app])], displayId=0, deskId=-1, type=1, name=), RecentData(items=[DefaultTaskData([#taskId 12008 : com.dp.logcatapp])], displayId=0, deskId=-1, type=1, name=), RecentData(items=[DefaultTaskData([#taskId 12002 : com.sec.android.app.myfiles])], displayId=0, deskId=-1, type=1, name=), RecentData(items=[DefaultTaskData([#taskId 12003 : com.brave.browser])], displayId=0, deskId=-1, type=1, name=), RecentData(items=[DefaultTaskData([#taskId 12000 : com.openai.chatgpt])], displayId=0, deskId=-1, type=1, name=)], changeState=Load)
01-04 08:56:41.451  3750  3750 I HoneySpace.RecentAdapter[dd2c788]: notifyDataSetChanged, new: Load, [RecentData(items=[DefaultTaskData([#taskId 12015 : com.callmenot.app])], displayId=0, deskId=-1, type=1, name=), RecentData(items=[DefaultTaskData([#taskId 12012 : com.android.settings])], displayId=0, deskId=-1, type=1, name=), RecentData(items=[DefaultTaskData([#taskId 12013 : com.replit.app])], displayId=0, deskId=-1, type=1, name=), RecentData(items=[DefaultTaskData([#taskId 12008 : com.dp.logcatapp])], displayId=0, deskId=-1, type=1, name=), RecentData(items=[DefaultTaskData([#taskId 12002 : com.sec.android.app.myfiles])], displayId=0, deskId=-1, type=1, name=), RecentData(items=[DefaultTaskData([#taskId 12003 : com.brave.browser])], displayId=0, deskId=-1, type=1, name=), RecentData(items=[DefaultTaskData([#taskId 12000 : com.openai.chatgpt])], displayId=0, deskId=-1, type=1, name=)]
01-04 08:56:41.452  3750  3750 I HoneySpace.TaskListViewModel[94761921]: recentDataState: RecentDataState(recentData=[RecentData(items=[DefaultTaskData([#taskId 12015 : com.callmenot.app])], displayId=0, deskId=-1, type=1, name=), RecentData(items=[DefaultTaskData([#taskId 12012 : com.android.settings])], displayId=0, deskId=-1, type=1, name=), RecentData(items=[DefaultTaskData([#taskId 12013 : com.replit.app])], displayId=0, deskId=-1, type=1, name=), RecentData(items=[DefaultTaskData([#taskId 12008 : com.dp.logcatapp])], displayId=0, deskId=-1, type=1, name=), RecentData(items=[DefaultTaskData([#taskId 12002 : com.sec.android.app.myfiles])], displayId=0, deskId=-1, type=1, name=), RecentData(items=[DefaultTaskData([#taskId 12003 : com.brave.browser])], displayId=0, deskId=-1, type=1, name=), RecentData(items=[DefaultTaskData([#taskId 12000 : com.openai.chatgpt])], displayId=0, deskId=-1, type=1, name=)], changeState=Load)
01-04 08:56:41.452  3750  3750 I HoneySpace.TaskListPot[870d5e2]: recentDataState: RecentDataState(recentData=[RecentData(items=[DefaultTaskData([#taskId 12015 : com.callmenot.app])], displayId=0, deskId=-1, type=1, name=), RecentData(items=[DefaultTaskData([#taskId 12012 : com.android.settings])], displayId=0, deskId=-1, type=1, name=), RecentData(items=[DefaultTaskData([#taskId 12013 : com.replit.app])], displayId=0, deskId=-1, type=1, name=), RecentData(items=[DefaultTaskData([#taskId 12008 : com.dp.logcatapp])], displayId=0, deskId=-1, type=1, name=), RecentData(items=[DefaultTaskData([#taskId 12002 : com.sec.android.app.myfiles])], displayId=0, deskId=-1, type=1, name=), RecentData(items=[DefaultTaskData([#taskId 12003 : com.brave.browser])], displayId=0, deskId=-1, type=1, name=), RecentData(items=[DefaultTaskData([#taskId 12000 : com.openai.chatgpt])], displayId=0, deskId=-1, type=1, name=)], changeState=Load)
01-04 08:56:41.452  3750  3750 I HoneySpace.RecentAdapter[1a47ead]: notifyDataSetChanged, new: Load, [RecentData(items=[DefaultTaskData([#taskId 12015 : com.callmenot.app])], displayId=0, deskId=-1, type=1, name=), RecentData(items=[DefaultTaskData([#taskId 12012 : com.android.settings])], displayId=0, deskId=-1, type=1, name=), RecentData(items=[DefaultTaskData([#taskId 12013 : com.replit.app])], displayId=0, deskId=-1, type=1, name=), RecentData(items=[DefaultTaskData([#taskId 12008 : com.dp.logcatapp])], displayId=0, deskId=-1, type=1, name=), RecentData(items=[DefaultTaskData([#taskId 12002 : com.sec.android.app.myfiles])], displayId=0, deskId=-1, type=1, name=), RecentData(items=[DefaultTaskData([#taskId 12003 : com.brave.browser])], displayId=0, deskId=-1, type=1, name=), RecentData(items=[DefaultTaskData([#taskId 12000 : com.openai.chatgpt])], displayId=0, deskId=-1, type=1, name=)]
01-04 08:56:41.453  9900 10123 I SAMSUNGWALLET: [Hint_SimpleHintProcessMonitor] isHomePackageRunning topPkgName = com.callmenot.app, topClsName = com.callmenot.app.MainActivity, return false , se : false
01-04 08:56:41.454  3750  8721 I HoneySpace.TaskDataRepositoryImpl: Request icon and label, id=12015, iconAndLabel: IconAndLabel(icon=android.graphics.Bitmap@21f840a, label=CallMeNot), componentKey: com.callmenot.app/.MainActivity#UserHandle{0}
01-04 08:56:41.460  3750  8721 I HoneySpace.FilteredItemProvider: collect filtered items l, [PK(p='com.callmenot.app', u=UserHandle{0}), PK(p='com.android.settings', u=UserHandle{0}), PK(p='com.replit.app', u=UserHandle{0})]
01-04 08:56:41.460  3750  8721 I HoneySpace.SuggestedItemsFacade: filteredItem : PK(p='com.callmenot.app', u=UserHandle{0})
01-04 08:56:41.460  2448  5212 D SurfaceComposerClient: setCornerRadius ## c7161e com.callmenot.app/com.callmenot.app.MainActivity#9276 cornerRadius=0.000000
01-04 08:56:41.460  2448  5212 D SurfaceComposerClient: setCornerRadius ## c7161e com.callmenot.app/com.callmenot.app.MainActivity#9276 cornerRadius=0.000000
01-04 08:56:41.464  3750  5982 I HoneySpace.TaskDataRepositoryImpl: Request icon and label, id=12015, iconAndLabel: IconAndLabel(icon=android.graphics.Bitmap@21f840a, label=CallMeNot), componentKey: com.callmenot.app/.MainActivity#UserHandle{0}
01-04 08:56:41.467  2448  2538 D SurfaceComposerClient: setCornerRadius ## c7161e com.callmenot.app/com.callmenot.app.MainActivity#9276 cornerRadius=0.000000
01-04 08:56:41.468  2448  2538 D SurfaceComposerClient: setCornerRadius ## c7161e com.callmenot.app/com.callmenot.app.MainActivity#9276 cornerRadius=0.000000
01-04 08:56:41.473  1640  3759 I SurfaceFlinger: Capture layer list: 	 com.callmenot.app/com.callmenot.app.MainActivity$_9564#9277(seamlessTransition:0)
01-04 08:56:41.473  1640  1789 D RenderEngine: [SEC_SF_EFFECTS] drawLayersInternal,1483, Rendering layer com.callmenot.app/com.callmenot.app.MainActivity$_9564#9277 at index 1
01-04 08:56:41.479  2448  2538 D SurfaceComposerClient: setCornerRadius ## c7161e com.callmenot.app/com.callmenot.app.MainActivity#9276 cornerRadius=0.000000
01-04 08:56:41.479  2448  2538 D SurfaceComposerClient: setCornerRadius ## c7161e com.callmenot.app/com.callmenot.app.MainActivity#9276 cornerRadius=0.000000
01-04 08:56:41.480  2448  2538 D ChangeTransitionController:    ChangeInfo{22715c1 container=Task{a194cfa #12015 type=standard A=10446:com.callmenot.app} flags=0x4}
01-04 08:56:41.480  2448  2538 V WindowManager: Start calculating TransitionInfo based on participants: {ActivityRecord{3827274 u0 com.sec.android.app.launcher/com.android.quickstep.RecentsActivity t11929}, WallpaperWindowToken{145e970 showWhenLocked=false}_<system>, TransientLaunchOverlayToken{2c206b9 token=android.os.BinderProxy@8e12080}, Task{a194cfa #12015 type=standard A=10446:com.callmenot.app}, Task{b4449bb #11929 type=recents I=com.sec.android.app.launcher/com.android.quickstep.RecentsActivity}}
01-04 08:56:41.480  2448  2538 V WindowManager:   Final targets: [ChangeInfo{d5466a8 container=TransientLaunchOverlayToken{2c206b9 token=android.os.BinderProxy@8e12080} flags=0x0}, ChangeInfo{78b4166 container=Task{b4449bb #11929 type=recents I=com.sec.android.app.launcher/com.android.quickstep.RecentsActivity} flags=0x30}, ChangeInfo{22715c1 container=Task{a194cfa #12015 type=standard A=10446:com.callmenot.app} flags=0x4}, ChangeInfo{75c659a container=WallpaperWindowToken{145e970 showWhenLocked=false}_<system> flags=0x0}]
01-04 08:56:41.480  3750  3750 I HoneySpace.TaskView: setTaskLabel, CallMeNot
01-04 08:56:41.483  2448  2538 D WindowManager: setActiveRecents, recents=Task{b4449bb #11929 type=recents I=com.sec.android.app.launcher/com.android.quickstep.RecentsActivity}, task=Task{a194cfa #12015 type=standard A=10446:com.callmenot.app}, caller=com.android.server.wm.InputMonitor.setActiveRecents:33 com.android.server.wm.Transition.onTransactionReady:1795 com.android.server.wm.BLASTSyncEngine$SyncGroup.finishNow:240 
01-04 08:56:41.485  2448  2538 V WindowManager:         {WCT{RemoteToken{289a15f Task{a194cfa #12015 type=standard A=10446:com.callmenot.app}}} m=TO_BACK f=NONE leash=Surface(name=Task=12015)/@0x5dbadb9 sb=Rect(0, 0 - 1080, 2340) eb=Rect(0, 0 - 1080, 2340) epz=Point(1080, 2340) d=0 taskParent=-1 inset=Rect(0, 81 - 0, 144) dim=true},
01-04 08:56:41.487  2448  2538 D SurfaceComposerClient: setCornerRadius ## c7161e com.callmenot.app/com.callmenot.app.MainActivity#9276 cornerRadius=0.000000
01-04 08:56:41.488  2448  2538 D SurfaceComposerClient: setCornerRadius ## c7161e com.callmenot.app/com.callmenot.app.MainActivity#9276 cornerRadius=0.000000
01-04 08:56:41.488  3750  3750 I HoneySpace.TaskView: setTaskLabel, CallMeNot
01-04 08:56:41.491  2448  2534 V WindowManager:         {WCT{RemoteToken{289a15f Task{a194cfa #12015 type=standard A=10446:com.callmenot.app}}} m=TO_BACK f=NONE leash=Surface(name=Task=12015)/@0x5dbadb9 sb=Rect(0, 0 - 1080, 2340) eb=Rect(0, 0 - 1080, 2340) epz=Point(1080, 2340) d=0 taskParent=-1 inset=Rect(0, 81 - 0, 144) dim=true},
01-04 08:56:41.500  2448  3468 D WindowManager: Changing focus from Window{c7161e u0 com.callmenot.app/com.callmenot.app.MainActivity} to Window{7de52b4 u0 com.sec.android.app.launcher/com.android.quickstep.RecentsActivity} displayId=0 Callers=com.android.server.wm.ActivityTaskManagerService.setLastResumedActivityUncheckLocked:264 com.android.server.wm.ActivityTaskManagerService.setFocusedTask:19 com.android.server.wm.ActivityTaskManagerService.focusTopTask:53 android.app.IActivityTaskManager$Stub.onTransact:2020 
01-04 08:56:41.503  2448  3468 D WindowManager: updateSystemBarAttributes: displayId=0, focusedCanBeNavColorWin=false, win=Window{7de52b4 u0 com.sec.android.app.launcher/com.android.quickstep.RecentsActivity}, navColorWin=Window{c7161e u0 com.callmenot.app/com.callmenot.app.MainActivity}, caller=com.android.server.wm.WindowManagerService.updateFocusedWindowLocked:372 com.android.server.wm.ActivityTaskManagerService.setLastResumedActivityUncheckLocked:264 com.android.server.wm.ActivityTaskManagerService.setFocusedTask:19 
01-04 08:56:41.518  1640  1640 D SurfaceFlinger:        CLIENT |           41077067218946 | 00002102 | RGBA_8888    |    0.0    6.0 1072.0 2329.0 |    0    0 1080 2340 | com.callmenot.app/com.callmenot.app.MainActivity$_9564#9277 (66)
01-04 08:56:41.518  2448  3062 D InputDispatcher: Focus left window (0): c7161e com.callmenot.app/com.callmenot.app.MainActivity
01-04 08:56:41.684  2448  5851 D SurfaceComposerClient: setCornerRadius ## c7161e com.callmenot.app/com.callmenot.app.MainActivity#9276 cornerRadius=0.000000
01-04 08:56:41.686  2448  5851 D SurfaceComposerClient: setCornerRadius ## c7161e com.callmenot.app/com.callmenot.app.MainActivity#9276 cornerRadius=0.000000
01-04 08:56:41.938  1640  3759 I SurfaceFlinger: Capture layer list: 	 com.callmenot.app/com.callmenot.app.MainActivity$_9564#9277(seamlessTransition:0)
