01-04 10:06:55.909  2448  2538 D InsetsSourceProvider: updateControlForTarget: control=InsetsSourceControl: {872b0001 mType=navigationBars initiallyVisible mSurfacePosition=Point(0, 2196) mInsetsHint=Insets{left=0, top=0, right=0, bottom=144}}, target=Window{d11f398 u0 com.callmenot.app/com.callmenot.app.MainActivity}, from=com.android.server.wm.InsetsStateController.onControlTargetChanged:83 com.android.server.wm.InsetsPolicy.updateBarControlTarget:225 com.android.server.wm.DisplayPolicy.updateSystemBarAttributes:262 com.android.server.wm.DisplayPolicy.finishPostLayoutPolicyLw:17 com.android.server.wm.RootWindowContainer.applySurfaceChangesTransaction$1:195 
01-04 10:06:55.914  2448  3531 W PackageConfigPersister: App-specific configuration not found for packageName: com.callmenot.app and userId: 0
01-04 10:06:55.973  2448  4841 I WindowManager: Reparenting to leash, surface=Surface(name=f323b2d SnapshotStartingWindow for taskId=12037)/@0x8c55960, leashParent=Surface(name=ActivityRecord{230227071 u0 com.callmenot.app/.MainActivity t12037})/@0x4453d0c
01-04 10:06:56.135  2448  2538 I WindowManager: Reparenting to original parent: Surface(name=ActivityRecord{230227071 u0 com.callmenot.app/.MainActivity t12037})/@0x4453d0c, destroy=true, surface=Surface(name=f323b2d SnapshotStartingWindow for taskId=12037)/@0x8c55960
01-04 10:06:56.403  2448  4841 V WindowManager:    ChangeInfo{a30d40d container=Task{1eae19b #12037 type=standard A=10455:com.callmenot.app} flags=0x30}
01-04 10:06:56.403  2448  4841 V WindowManager:    ChangeInfo{463c098 container=ActivityRecord{100217461 u0 com.callmenot.app/.MainActivity t-1} flags=0x0}
01-04 10:06:56.403  2448  4841 V WindowManager:    ChangeInfo{b23a409 container=ActivityRecord{230227071 u0 com.callmenot.app/.MainActivity t12037} flags=0x0}
01-04 10:06:56.406  2448  4841 D ChangeTransitionController:    ChangeInfo{a30d40d container=Task{1eae19b #12037 type=standard A=10455:com.callmenot.app} flags=0x30}
01-04 10:06:56.406  2448  4841 D ChangeTransitionController:    ChangeInfo{463c098 container=ActivityRecord{100217461 u0 com.callmenot.app/.MainActivity t-1} flags=0x0}
01-04 10:06:56.406  2448  4841 D ChangeTransitionController:    ChangeInfo{b23a409 container=ActivityRecord{230227071 u0 com.callmenot.app/.MainActivity t12037} flags=0x0}
01-04 10:06:56.439  2448  2537 D SGM:FgCheckThread: getForegroundApp(), foregroundPkgName=com.callmenot.app
01-04 10:06:56.440  2448  2535 D SGM:GameManager: identifyForegroundApp. com.callmenot.app, mCurrentUserId: 0, callerUserId: 0
01-04 10:06:56.440  2448  2535 D SGM:GameManager: identifyForegroundApp. com.callmenot.app, mCurrentUserId: 0, callerUserId: 0
01-04 10:06:56.440  2448  2537 D SGM:FgCheckThread: noteStopComponent(), received pkgName: com.sec.android.app.launcher, focusedPkgName: com.callmenot.app, userId: 0
01-04 10:06:56.462  2448  2537 D SGM:GameManager: identifyForegroundApp. com.callmenot.app, mCurrentUserId: 0, callerUserId: 0
01-04 10:06:56.487  2448  5851 D InsetsSourceProvider: updateControlForTarget: control=InsetsSourceControl: {3 mType=ime mSurfacePosition=Point(0, 81) mInsetsHint=Insets{left=0, top=0, right=0, bottom=1032}}, target=Window{d11f398 u0 com.callmenot.app/com.callmenot.app.MainActivity}, from=com.android.server.wm.ImeInsetsSourceProvider.updateControlForTarget:17 com.android.server.wm.ImeInsetsSourceProvider.setServerVisible:68 com.android.server.wm.InsetsSourceProvider.onPostLayout:30 com.android.server.wm.ImeInsetsSourceProvider.onPostLayout:3 com.android.server.wm.InsetsStateController.onPostLayout:26 
01-04 10:06:56.571  2448  3064 D MdnieScenarioControlService:  packageName : com.callmenot.app    className : com.callmenot.app.MainActivity
01-04 10:06:57.562  1121  1121 D io_stats: !@ Read_top(KB): m.callmenot.app(10929) 9040 id.app.launcher(3750) 3680 .game.gametools(14541) 2800
01-04 10:06:57.653  2448  4013 D SGM:GameManager: identifyForegroundApp. com.callmenot.app, mCurrentUserId: 0, callerUserId: 0
01-04 10:06:58.430  2448  4013 D SGM:GameManager: identifyGamePackage. com.callmenot.app, mCurrentUserId: 0, callingMethodInfo: com.samsung.android.game.IGameManagerService$Stub.onTransact(IGameManagerService.java:247)
01-04 10:07:05.574  1121  1121 D io_stats: !@ Read_top(KB): m.callmenot.app(10929) 5380 .apps.messaging(14115) 3528 .game.gametools(14541) 48
01-04 10:07:09.356  2448  3064 D MdnieScenarioControlService:  packageName : com.callmenot.app    className : com.callmenot.app.MainActivity
01-04 10:07:12.224  2448  3064 D MdnieScenarioControlService:  packageName : com.callmenot.app    className : com.callmenot.app.MainActivity
01-04 10:07:23.230  2448  5213 D SGM:GameManager: identifyForegroundApp. com.callmenot.app, mCurrentUserId: 0, callerUserId: 0
01-04 10:07:29.597  1121  1121 D io_stats: !@ Read_top(KB): m.callmenot.app(10929) 308 chbox:googleapp(11851) 4
01-04 10:07:37.605  1121  1121 D io_stats: !@ Read_top(KB): m.callmenot.app(10929) 372 ung.android.scs(8152) 16
01-04 10:07:38.150  2448  2555 E BluetoothPowerStatsCollector: java.util.concurrent.ExecutionException: java.lang.RuntimeException: error: 11
01-04 10:07:38.150  2448  2555 E BluetoothPowerStatsCollector: Caused by: java.lang.RuntimeException: error: 11
01-04 10:07:41.611  1121  1121 D io_stats: !@ Read_top(KB): loop6(1260) 24 m.callmenot.app(10929) 16 system_server(2448) 12
01-04 10:07:58.158  2448  2535 D ActivityTaskManager: scheduleTopResumedActivityChanged, onTop=false, r=ActivityRecord{230227071 u0 com.callmenot.app/.MainActivity t12037}, caller=com.android.server.wm.ActivityTaskSupervisor.scheduleTopResumedActivityStateLossIfNeeded:19 com.android.server.wm.ActivityTaskSupervisor.updateTopResumedActivityIfNeeded:20 com.android.server.wm.TaskDisplayArea.positionChildAt:252 com.android.server.wm.WindowContainer.positionChildAt:84 com.android.server.wm.Task.positionChildAt:19 com.android.server.wm.Task.moveToFront:40 
01-04 10:07:58.163  2448  2535 V WindowManager: Collecting in transition 1103: ActivityRecord{230227071 u0 com.callmenot.app/.MainActivity t12037}, caller=com.android.server.wm.TransitionController.collect:7 com.android.server.wm.ActivityRecord.setVisibility:132 com.android.server.wm.ActivityRecord.makeInvisible:32 com.android.server.wm.EnsureActivitiesVisibleHelper.process:542 com.android.server.wm.TaskFragment.updateActivityVisibilities:12 
01-04 10:07:58.163  2448  2535 D WindowManager: prepareSync <SYNC_STATE_WAITING_FOR_DRAW>, mPrepareSyncSeqId=0, win=Window{d11f398 u0 com.callmenot.app/com.callmenot.app.MainActivity}
01-04 10:07:58.166  2448  2535 D WindowManager: Changing focus from Window{d11f398 u0 com.callmenot.app/com.callmenot.app.MainActivity} to null displayId=0 Callers=com.android.server.wm.ActivityTaskManagerService.setLastResumedActivityUncheckLocked:264 com.android.server.wm.ActivityTaskSupervisor.updateTopResumedActivityIfNeeded:51 com.android.server.wm.TaskFragment.setResumedActivity:30 com.android.server.wm.ActivityRecord.setState:100 
01-04 10:07:58.169  2448  2535 V WindowManager:    ChangeInfo{8556624 container=Task{1eae19b #12037 type=standard A=10455:com.callmenot.app} flags=0x0}
01-04 10:07:58.169  2448  2535 V WindowManager:    ChangeInfo{1fbcf53 container=ActivityRecord{230227071 u0 com.callmenot.app/.MainActivity t12037} flags=0x0}
01-04 10:07:58.176  2448  2537 D SGM:FgCheckThread: notePauseComponent(), received pkgName: com.callmenot.app, userId: 0
01-04 10:07:58.194  2448  5213 D WindowManager: updateSystemBarAttributes: displayId=0, focusedCanBeNavColorWin=false, win=Window{bf675e2 u0 com.sec.android.app.launcher/com.sec.android.app.launcher.activities.LauncherActivity}, navColorWin=Window{d11f398 u0 com.callmenot.app/com.callmenot.app.MainActivity}, caller=com.android.server.wm.WindowManagerService.updateFocusedWindowLocked:372 com.android.server.wm.WindowManagerService.relayoutWindow:1350 com.android.server.wm.Session.relayout:27 
01-04 10:07:58.218  2448  2538 D ChangeTransitionController:    ChangeInfo{8556624 container=Task{1eae19b #12037 type=standard A=10455:com.callmenot.app} flags=0x0}
01-04 10:07:58.218  2448  2538 D ChangeTransitionController:    ChangeInfo{1fbcf53 container=ActivityRecord{230227071 u0 com.callmenot.app/.MainActivity t12037} flags=0x0}
01-04 10:07:58.218  2448  2538 V WindowManager: Start calculating TransitionInfo based on participants: {Task{e38181 #11927 type=home I=com.sec.android.app.launcher/.activities.LauncherActivity}, WallpaperWindowToken{145e970 showWhenLocked=false}_<system>, Task{1df22e7 #1 type=home}, ActivityRecord{159529562 u0 com.sec.android.app.launcher/.activities.LauncherActivity t11927}, ActivityRecord{225763562 u0 com.sec.android.app.launcher/.activities.LauncherActivity t-1}, ActivityRecord{230227071 u0 com.callmenot.app/.MainActivity t12037}}
01-04 10:07:58.218  2448  2538 V WindowManager:   Final targets: [ChangeInfo{2effeb7 container=Task{1df22e7 #1 type=home} flags=0x30}, ChangeInfo{8556624 container=Task{1eae19b #12037 type=standard A=10455:com.callmenot.app} flags=0x10}, ChangeInfo{4fa5ec container=WallpaperWindowToken{145e970 showWhenLocked=false}_<system> flags=0x0}]
01-04 10:07:58.240  2448  2538 V WindowManager:         {WCT{RemoteToken{387a3ae Task{1eae19b #12037 type=standard A=10455:com.callmenot.app}}} m=TO_BACK f=NONE leash=Surface(name=Task=12037)/@0x1d79db0 sb=Rect(0, 0 - 1080, 2340) eb=Rect(0, 0 - 1080, 2340) epz=Point(1080, 2340) d=0 taskParent=-1 inset=Rect(0, 81 - 0, 144)},
01-04 10:07:58.257  2448  2534 V WindowManager:         {WCT{RemoteToken{387a3ae Task{1eae19b #12037 type=standard A=10455:com.callmenot.app}}} m=TO_BACK f=NONE leash=Surface(name=Task=12037)/@0x1d79db0 sb=Rect(0, 0 - 1080, 2340) eb=Rect(0, 0 - 1080, 2340) epz=Point(1080, 2340) d=0 taskParent=-1 inset=Rect(0, 81 - 0, 144)},
01-04 10:07:58.621  2448  4837 V WindowManager:    ChangeInfo{8556624 container=Task{1eae19b #12037 type=standard A=10455:com.callmenot.app} flags=0x10}
01-04 10:07:58.621  2448  4837 V WindowManager:    ChangeInfo{1fbcf53 container=ActivityRecord{230227071 u0 com.callmenot.app/.MainActivity t12037} flags=0x0}
01-04 10:07:58.622  2448  4837 V WindowManager: Setting visibility of Window{d11f398 u0 com.callmenot.app/com.callmenot.app.MainActivity}: false, caller=com.android.server.wm.WindowContainer.sendAppVisibilityToClients:19 com.android.server.wm.WindowToken.setClientVisible:48 com.android.server.wm.ActivityRecord.commitVisibility:186 com.android.server.wm.TransitionController.finishTransition:846 com.android.server.wm.WindowOrganizerController.finishTransitionInner:31 
01-04 10:07:58.623  2448  4837 D ChangeTransitionController:    ChangeInfo{8556624 container=Task{1eae19b #12037 type=standard A=10455:com.callmenot.app} flags=0x10}
01-04 10:07:58.623  2448  4837 D ChangeTransitionController:    ChangeInfo{1fbcf53 container=ActivityRecord{230227071 u0 com.callmenot.app/.MainActivity t12037} flags=0x0}
01-04 10:07:58.651  2448  5213 E WindowManager: win=Window{d11f398 u0 com.callmenot.app/com.callmenot.app.MainActivity} destroySurfaces: appStopped=true cleanupOnResume=false win.mWindowRemovalAllowed=false win.mRemoveOnExit=false win.mViewVisibility=8 caller=com.android.server.wm.ActivityRecord.destroySurfaces:25 com.android.server.wm.ActivityRecord.activityStopped:192 com.android.server.wm.ActivityClientController.activityStopped:97 android.app.IActivityClientController$Stub.onTransact:740 com.android.server.wm.ActivityClientController.onTransact:1 android.os.Binder.execTransactInternal:1462 android.os.Binder.execTransact:1401 
01-04 10:07:58.651  2448  2537 D SGM:FgCheckThread: pkgName: com.callmenot.app is not in foreground
01-04 10:07:58.651  2448  2537 D SGM:FgCheckThread: noteStopComponent(), received pkgName: com.callmenot.app, focusedPkgName: com.sec.android.app.launcher, userId: 0
01-04 10:08:04.656  2448  4405 D FreecessHandler: freeze com.callmenot.app(10455) result : 40
01-04 10:08:04.656  2448  4405 D FreecessHandler: stop trying to freeze com.callmenot.app
01-04 10:08:13.367 13521 15162 E DynamicArtStickerLoader: java.lang.IllegalStateException: Failed to render dynamic art uri gboard://dynamic_art_authority?animation=whereareyouplanet_still_v6.json&width=132&height=132&start_percent=0.0&stop_percent=0.0&line=Can%20you&line=try%20calling%20me%20again&line=now%3F
01-04 10:08:13.370 13521 13521 W Glide   : java.lang.IllegalStateException(Failed to render dynamic art uri gboard://dynamic_art_authority?animation=whereareyouplanet_still_v6.json&width=132&height=132&start_percent=0.0&stop_percent=0.0&line=Can%20you&line=try%20calling%20me%20again&line=now%3F)
01-04 10:08:13.370 13521 13521 W Glide   :  call GlideException#logRootCauses(String) for more detail
01-04 10:08:13.370 13521 13521 W Glide   : java.lang.IllegalStateException(Failed to render dynamic art uri gboard://dynamic_art_authority?animation=whereareyouplanet_still_v6.json&width=132&height=132&start_percent=0.0&stop_percent=0.0&line=Can%20you&line=try%20calling%20me%20again&line=now%3F)
01-04 10:08:13.370 13521 13521 W Glide   :  call GlideException#logRootCauses(String) for more detail
01-04 10:08:13.370 13521 13521 W Glide   :     Cause (1 of 1): class java.lang.IllegalStateException: Failed to render dynamic art uri gboard://dynamic_art_authority?animation=whereareyouplanet_still_v6.json&width=132&height=132&start_percent=0.0&stop_percent=0.0&line=Can%20you&line=try%20calling%20me%20again&line=now%3F
01-04 10:08:13.370 13521 13521 I Glide   : java.lang.IllegalStateException: Failed to render dynamic art uri gboard://dynamic_art_authority?animation=whereareyouplanet_still_v6.json&width=132&height=132&start_percent=0.0&stop_percent=0.0&line=Can%20you&line=try%20calling%20me%20again&line=now%3F
01-04 10:08:16.883  7339  7339 V InputMethodManagerUtils: getMaxLengthForEditText InputFilter = java.lang.NoSuchMethodException: org.thoughtcrime.securesms.components.emoji.EmojiFilter.getMaxLength []
01-04 10:08:16.884  7339  7339 V InputMethodManagerUtils: getMaxLengthForEditText InputFilter = java.lang.NoSuchMethodException: org.signal.core.util.ByteLimitInputFilter.getMaxLength []
01-04 10:08:18.058  3750  3750 I HoneySpace.StackRecentsView: bindTaskViewHolders CallMeNot
01-04 10:08:18.058  3750 14356 I HoneySpace.TaskDataRepositoryImpl: Request icon and label, id=12037, iconAndLabel: IconAndLabel(icon=android.graphics.Bitmap@5600ab5, label=CallMeNot), componentKey: com.callmenot.app/.MainActivity#UserHandle{0}
01-04 10:08:18.063  3750  3750 I HoneySpace.TaskView: setTaskLabel, CallMeNot
01-04 10:08:18.087  3750  3750 I HoneySpace.TaskListViewModel[179141258]: setGroupTasks: [GroupTask(#type 1 | #displayId 0 | #deskId -1 | #minimizedTaskIds [] | [#taskId 12032 : org.thoughtcrime.securesms]), GroupTask(#type 1 | #displayId 0 | #deskId -1 | #minimizedTaskIds [] | [#taskId 12037 : com.callmenot.app]), GroupTask(#type 1 | #displayId 0 | #deskId -1 | #minimizedTaskIds [] | [#taskId 12036 : com.samsung.android.dialer]), GroupTask(#type 1 | #displayId 0 | #deskId -1 | #minimizedTaskIds [] | [#taskId 12003 : com.brave.browser]), GroupTask(#type 1 | #displayId 0 | #deskId -1 | #minimizedTaskIds [] | [#taskId 12031 : com.gooddog.breeder.android]), GroupTask(#type 1 | #displayId 0 | #deskId -1 | #minimizedTaskIds [] | [#taskId 12030 : com.android.settings]), GroupTask(#type 1 | #displayId 0 | #deskId -1 | #minimizedTaskIds [] | [#taskId 12025 : com.android.settings])]
01-04 10:08:18.087  3750  3750 I HoneySpace.RecentDataListServiceImpl[203402485]: setGroupTasks: [GroupTask(#type 1 | #displayId 0 | #deskId -1 | #minimizedTaskIds [] | [#taskId 12032 : org.thoughtcrime.securesms]), GroupTask(#type 1 | #displayId 0 | #deskId -1 | #minimizedTaskIds [] | [#taskId 12037 : com.callmenot.app]), GroupTask(#type 1 | #displayId 0 | #deskId -1 | #minimizedTaskIds [] | [#taskId 12036 : com.samsung.android.dialer]), GroupTask(#type 1 | #displayId 0 | #deskId -1 | #minimizedTaskIds [] | [#taskId 12003 : com.brave.browser]), GroupTask(#type 1 | #displayId 0 | #deskId -1 | #minimizedTaskIds [] | [#taskId 12031 : com.gooddog.breeder.android]), GroupTask(#type 1 | #displayId 0 | #deskId -1 | #minimizedTaskIds [] | [#taskId 12030 : com.android.settings]), GroupTask(#type 1 | #displayId 0 | #deskId -1 | #minimizedTaskIds [] | [#taskId 12025 : com.android.settings])]
01-04 10:08:18.087  3750  3750 I HoneySpace.RecentDataListRepositoryImpl[197708332]: rawData: [RecentData(items=[DefaultTaskData([#taskId 12032 : org.thoughtcrime.securesms])], displayId=0, deskId=-1, type=1, name=), RecentData(items=[DefaultTaskData([#taskId 12037 : com.callmenot.app])], displayId=0, deskId=-1, type=1, name=), RecentData(items=[DefaultTaskData([#taskId 12036 : com.samsung.android.dialer])], displayId=0, deskId=-1, type=1, name=), RecentData(items=[DefaultTaskData([#taskId 12003 : com.brave.browser])], displayId=0, deskId=-1, type=1, name=), RecentData(items=[DefaultTaskData([#taskId 12031 : com.gooddog.breeder.android])], displayId=0, deskId=-1, type=1, name=), RecentData(items=[DefaultTaskData([#taskId 12030 : com.android.settings])], displayId=0, deskId=-1, type=1, name=), RecentData(items=[DefaultTaskData([#taskId 12025 : com.android.settings])], displayId=0, deskId=-1, type=1, name=)]
01-04 10:08:18.087  3750  3750 I HoneySpace.RecentDataListRepositoryImpl[197708332]: visibleData: [RecentData(items=[DefaultTaskData([#taskId 12032 : org.thoughtcrime.securesms])], displayId=0, deskId=-1, type=1, name=), RecentData(items=[DefaultTaskData([#taskId 12037 : com.callmenot.app])], displayId=0, deskId=-1, type=1, name=), RecentData(items=[DefaultTaskData([#taskId 12036 : com.samsung.android.dialer])], displayId=0, deskId=-1, type=1, name=), RecentData(items=[DefaultTaskData([#taskId 12003 : com.brave.browser])], displayId=0, deskId=-1, type=1, name=), RecentData(items=[DefaultTaskData([#taskId 12031 : com.gooddog.breeder.android])], displayId=0, deskId=-1, type=1, name=), RecentData(items=[DefaultTaskData([#taskId 12030 : com.android.settings])], displayId=0, deskId=-1, type=1, name=), RecentData(items=[DefaultTaskData([#taskId 12025 : com.android.settings])], displayId=0, deskId=-1, type=1, name=)]
01-04 10:08:18.087  3750  3750 I HoneySpace.GestureEventController[218fd5]: SetGestureTaskList, SendGestureTaskList(taskList=[GroupTask(#type 1 | #displayId 0 | #deskId -1 | #minimizedTaskIds [] | [#taskId 12032 : org.thoughtcrime.securesms]), GroupTask(#type 1 | #displayId 0 | #deskId -1 | #minimizedTaskIds [] | [#taskId 12037 : com.callmenot.app]), GroupTask(#type 1 | #displayId 0 | #deskId -1 | #minimizedTaskIds [] | [#taskId 12036 : com.samsung.android.dialer]), GroupTask(#type 1 | #displayId 0 | #deskId -1 | #minimizedTaskIds [] | [#taskId 12003 : com.brave.browser]), GroupTask(#type 1 | #displayId 0 | #deskId -1 | #minimizedTaskIds [] | [#taskId 12031 : com.gooddog.breeder.android]), GroupTask(#type 1 | #displayId 0 | #deskId -1 | #minimizedTaskIds [] | [#taskId 12030 : com.android.settings]), GroupTask(#type 1 | #displayId 0 | #deskId -1 | #minimizedTaskIds [] | [#taskId 12025 : com.android.settings])], initPosition=1, runningTaskId=12032, showAnimStartPosition=1, isLeashTargetCenter=false, forSimple=true)
01-04 10:08:18.087  3750  3750 I HoneySpace.GestureEventController[218fd5]: SetGestureTaskList, SendGestureTaskList(taskList=[GroupTask(#type 1 | #displayId 0 | #deskId -1 | #minimizedTaskIds [] | [#taskId 12032 : org.thoughtcrime.securesms]), GroupTask(#type 1 | #displayId 0 | #deskId -1 | #minimizedTaskIds [] | [#taskId 12037 : com.callmenot.app]), GroupTask(#type 1 | #displayId 0 | #deskId -1 | #minimizedTaskIds [] | [#taskId 12036 : com.samsung.android.dialer]), GroupTask(#type 1 | #displayId 0 | #deskId -1 | #minimizedTaskIds [] | [#taskId 12003 : com.brave.browser]), GroupTask(#type 1 | #displayId 0 | #deskId -1 | #minimizedTaskIds [] | [#taskId 12031 : com.gooddog.breeder.android]), GroupTask(#type 1 | #displayId 0 | #deskId -1 | #minimizedTaskIds [] | [#taskId 12030 : com.android.settings]), GroupTask(#type 1 | #displayId 0 | #deskId -1 | #minimizedTaskIds [] | [#taskId 12025 : com.android.settings])], initPosition=1, runningTaskId=12032, showAnimStartPosition=1, isLeashTargetCenter=false, forSimple=false)
01-04 10:08:18.088  3750  3750 I HoneySpace.TaskListViewModel[94761921]: setGroupTasks: [GroupTask(#type 1 | #displayId 0 | #deskId -1 | #minimizedTaskIds [] | [#taskId 12032 : org.thoughtcrime.securesms]), GroupTask(#type 1 | #displayId 0 | #deskId -1 | #minimizedTaskIds [] | [#taskId 12037 : com.callmenot.app]), GroupTask(#type 1 | #displayId 0 | #deskId -1 | #minimizedTaskIds [] | [#taskId 12036 : com.samsung.android.dialer]), GroupTask(#type 1 | #displayId 0 | #deskId -1 | #minimizedTaskIds [] | [#taskId 12003 : com.brave.browser]), GroupTask(#type 1 | #displayId 0 | #deskId -1 | #minimizedTaskIds [] | [#taskId 12031 : com.gooddog.breeder.android]), GroupTask(#type 1 | #displayId 0 | #deskId -1 | #minimizedTaskIds [] | [#taskId 12030 : com.android.settings]), GroupTask(#type 1 | #displayId 0 | #deskId -1 | #minimizedTaskIds [] | [#taskId 12025 : com.android.settings])]
01-04 10:08:18.088  3750  3750 I HoneySpace.RecentDataListServiceImpl[237538507]: setGroupTasks: [GroupTask(#type 1 | #displayId 0 | #deskId -1 | #minimizedTaskIds [] | [#taskId 12032 : org.thoughtcrime.securesms]), GroupTask(#type 1 | #displayId 0 | #deskId -1 | #minimizedTaskIds [] | [#taskId 12037 : com.callmenot.app]), GroupTask(#type 1 | #displayId 0 | #deskId -1 | #minimizedTaskIds [] | [#taskId 12036 : com.samsung.android.dialer]), GroupTask(#type 1 | #displayId 0 | #deskId -1 | #minimizedTaskIds [] | [#taskId 12003 : com.brave.browser]), GroupTask(#type 1 | #displayId 0 | #deskId -1 | #minimizedTaskIds [] | [#taskId 12031 : com.gooddog.breeder.android]), GroupTask(#type 1 | #displayId 0 | #deskId -1 | #minimizedTaskIds [] | [#taskId 12030 : com.android.settings]), GroupTask(#type 1 | #displayId 0 | #deskId -1 | #minimizedTaskIds [] | [#taskId 12025 : com.android.settings])]
01-04 10:08:18.088  3750  3750 I HoneySpace.RecentDataListRepositoryImpl[73960346]: rawData: [RecentData(items=[DefaultTaskData([#taskId 12032 : org.thoughtcrime.securesms])], displayId=0, deskId=-1, type=1, name=), RecentData(items=[DefaultTaskData([#taskId 12037 : com.callmenot.app])], displayId=0, deskId=-1, type=1, name=), RecentData(items=[DefaultTaskData([#taskId 12036 : com.samsung.android.dialer])], displayId=0, deskId=-1, type=1, name=), RecentData(items=[DefaultTaskData([#taskId 12003 : com.brave.browser])], displayId=0, deskId=-1, type=1, name=), RecentData(items=[DefaultTaskData([#taskId 12031 : com.gooddog.breeder.android])], displayId=0, deskId=-1, type=1, name=), RecentData(items=[DefaultTaskData([#taskId 12030 : com.android.settings])], displayId=0, deskId=-1, type=1, name=), RecentData(items=[DefaultTaskData([#taskId 12025 : com.android.settings])], displayId=0, deskId=-1, type=1, name=)]
01-04 10:08:18.088  3750  3750 I HoneySpace.RecentDataListRepositoryImpl[73960346]: visibleData: [RecentData(items=[DefaultTaskData([#taskId 12032 : org.thoughtcrime.securesms])], displayId=0, deskId=-1, type=1, name=), RecentData(items=[DefaultTaskData([#taskId 12037 : com.callmenot.app])], displayId=0, deskId=-1, type=1, name=), RecentData(items=[DefaultTaskData([#taskId 12036 : com.samsung.android.dialer])], displayId=0, deskId=-1, type=1, name=), RecentData(items=[DefaultTaskData([#taskId 12003 : com.brave.browser])], displayId=0, deskId=-1, type=1, name=), RecentData(items=[DefaultTaskData([#taskId 12031 : com.gooddog.breeder.android])], displayId=0, deskId=-1, type=1, name=), RecentData(items=[DefaultTaskData([#taskId 12030 : com.android.settings])], displayId=0, deskId=-1, type=1, name=), RecentData(items=[DefaultTaskData([#taskId 12025 : com.android.settings])], displayId=0, deskId=-1, type=1, name=)]
01-04 10:08:18.088  3750  3750 I HoneySpace.TaskListViewModel[179141258]: recentDataState: RecentDataState(recentData=[RecentData(items=[DefaultTaskData([#taskId 12032 : org.thoughtcrime.securesms])], displayId=0, deskId=-1, type=1, name=), RecentData(items=[DefaultTaskData([#taskId 12037 : com.callmenot.app])], displayId=0, deskId=-1, type=1, name=), RecentData(items=[DefaultTaskData([#taskId 12036 : com.samsung.android.dialer])], displayId=0, deskId=-1, type=1, name=), RecentData(items=[DefaultTaskData([#taskId 12003 : com.brave.browser])], displayId=0, deskId=-1, type=1, name=), RecentData(items=[DefaultTaskData([#taskId 12031 : com.gooddog.breeder.android])], displayId=0, deskId=-1, type=1, name=), RecentData(items=[DefaultTaskData([#taskId 12030 : com.android.settings])], displayId=0, deskId=-1, type=1, name=), RecentData(items=[DefaultTaskData([#taskId 12025 : com.android.settings])], displayId=0, deskId=-1, type=1, name=)], changeState=Load)
01-04 10:08:18.088  3750  3750 I HoneySpace.SimpleTaskListPot: recentDataState: RecentDataState(recentData=[RecentData(items=[DefaultTaskData([#taskId 12032 : org.thoughtcrime.securesms])], displayId=0, deskId=-1, type=1, name=), RecentData(items=[DefaultTaskData([#taskId 12037 : com.callmenot.app])], displayId=0, deskId=-1, type=1, name=), RecentData(items=[DefaultTaskData([#taskId 12036 : com.samsung.android.dialer])], displayId=0, deskId=-1, type=1, name=), RecentData(items=[DefaultTaskData([#taskId 12003 : com.brave.browser])], displayId=0, deskId=-1, type=1, name=), RecentData(items=[DefaultTaskData([#taskId 12031 : com.gooddog.breeder.android])], displayId=0, deskId=-1, type=1, name=), RecentData(items=[DefaultTaskData([#taskId 12030 : com.android.settings])], displayId=0, deskId=-1, type=1, name=), RecentData(items=[DefaultTaskData([#taskId 12025 : com.android.settings])], displayId=0, deskId=-1, type=1, name=)], changeState=Load)
01-04 10:08:18.088  3750  3750 I HoneySpace.RecentAdapter[dd2c788]: notifyDataSetChanged, prev: Load, [RecentData(items=[DefaultTaskData([#taskId 12035 : com.callmenot.app])], displayId=0, deskId=-1, type=1, name=), RecentData(items=[DefaultTaskData([#taskId 12002 : com.google.android.packageinstaller])], displayId=0, deskId=-1, type=1, name=), RecentData(items=[DefaultTaskData([#taskId 12003 : com.brave.browser])], displayId=0, deskId=-1, type=1, name=), RecentData(items=[DefaultTaskData([#taskId 12032 : org.thoughtcrime.securesms])], displayId=0, deskId=-1, type=1, name=), RecentData(items=[DefaultTaskData([#taskId 12031 : com.gooddog.breeder.android])], displayId=0, deskId=-1, type=1, name=), RecentData(items=[DefaultTaskData([#taskId 12030 : com.android.settings])], displayId=0, deskId=-1, type=1, name=), RecentData(items=[DefaultTaskData([#taskId 12025 : com.android.settings])], displayId=0, deskId=-1, type=1, name=)]
01-04 10:08:18.088  3750  3750 I HoneySpace.RecentAdapter[dd2c788]: notifyDataSetChanged, new: Load, [RecentData(items=[DefaultTaskData([#taskId 12032 : org.thoughtcrime.securesms])], displayId=0, deskId=-1, type=1, name=), RecentData(items=[DefaultTaskData([#taskId 12037 : com.callmenot.app])], displayId=0, deskId=-1, type=1, name=), RecentData(items=[DefaultTaskData([#taskId 12036 : com.samsung.android.dialer])], displayId=0, deskId=-1, type=1, name=), RecentData(items=[DefaultTaskData([#taskId 12003 : com.brave.browser])], displayId=0, deskId=-1, type=1, name=), RecentData(items=[DefaultTaskData([#taskId 12031 : com.gooddog.breeder.android])], displayId=0, deskId=-1, type=1, name=), RecentData(items=[DefaultTaskData([#taskId 12030 : com.android.settings])], displayId=0, deskId=-1, type=1, name=), RecentData(items=[DefaultTaskData([#taskId 12025 : com.android.settings])], displayId=0, deskId=-1, type=1, name=)]
01-04 10:08:18.089  3750  3750 I HoneySpace.TaskListViewModel[94761921]: recentDataState: RecentDataState(recentData=[RecentData(items=[DefaultTaskData([#taskId 12032 : org.thoughtcrime.securesms])], displayId=0, deskId=-1, type=1, name=), RecentData(items=[DefaultTaskData([#taskId 12037 : com.callmenot.app])], displayId=0, deskId=-1, type=1, name=), RecentData(items=[DefaultTaskData([#taskId 12036 : com.samsung.android.dialer])], displayId=0, deskId=-1, type=1, name=), RecentData(items=[DefaultTaskData([#taskId 12003 : com.brave.browser])], displayId=0, deskId=-1, type=1, name=), RecentData(items=[DefaultTaskData([#taskId 12031 : com.gooddog.breeder.android])], displayId=0, deskId=-1, type=1, name=), RecentData(items=[DefaultTaskData([#taskId 12030 : com.android.settings])], displayId=0, deskId=-1, type=1, name=), RecentData(items=[DefaultTaskData([#taskId 12025 : com.android.settings])], displayId=0, deskId=-1, type=1, name=)], changeState=Load)
01-04 10:08:18.089  3750  3750 I HoneySpace.TaskListPot[870d5e2]: recentDataState: RecentDataState(recentData=[RecentData(items=[DefaultTaskData([#taskId 12032 : org.thoughtcrime.securesms])], displayId=0, deskId=-1, type=1, name=), RecentData(items=[DefaultTaskData([#taskId 12037 : com.callmenot.app])], displayId=0, deskId=-1, type=1, name=), RecentData(items=[DefaultTaskData([#taskId 12036 : com.samsung.android.dialer])], displayId=0, deskId=-1, type=1, name=), RecentData(items=[DefaultTaskData([#taskId 12003 : com.brave.browser])], displayId=0, deskId=-1, type=1, name=), RecentData(items=[DefaultTaskData([#taskId 12031 : com.gooddog.breeder.android])], displayId=0, deskId=-1, type=1, name=), RecentData(items=[DefaultTaskData([#taskId 12030 : com.android.settings])], displayId=0, deskId=-1, type=1, name=), RecentData(items=[DefaultTaskData([#taskId 12025 : com.android.settings])], displayId=0, deskId=-1, type=1, name=)], changeState=Load)
01-04 10:08:18.089  3750  3750 I HoneySpace.RecentAdapter[1a47ead]: notifyDataSetChanged, prev: RemoveDefaultTasks, [RecentData(items=[DefaultTaskData([#taskId 12037 : com.callmenot.app])], displayId=0, deskId=-1, type=1, name=), RecentData(items=[DefaultTaskData([#taskId 12036 : com.samsung.android.dialer])], displayId=0, deskId=-1, type=1, name=), RecentData(items=[DefaultTaskData([#taskId 12003 : com.brave.browser])], displayId=0, deskId=-1, type=1, name=), RecentData(items=[DefaultTaskData([#taskId 12032 : org.thoughtcrime.securesms])], displayId=0, deskId=-1, type=1, name=), RecentData(items=[DefaultTaskData([#taskId 12031 : com.gooddog.breeder.android])], displayId=0, deskId=-1, type=1, name=), RecentData(items=[DefaultTaskData([#taskId 12030 : com.android.settings])], displayId=0, deskId=-1, type=1, name=), RecentData(items=[DefaultTaskData([#taskId 12025 : com.android.settings])], displayId=0, deskId=-1, type=1, name=)]
01-04 10:08:18.089  3750  3750 I HoneySpace.RecentAdapter[1a47ead]: notifyDataSetChanged, new: Load, [RecentData(items=[DefaultTaskData([#taskId 12032 : org.thoughtcrime.securesms])], displayId=0, deskId=-1, type=1, name=), RecentData(items=[DefaultTaskData([#taskId 12037 : com.callmenot.app])], displayId=0, deskId=-1, type=1, name=), RecentData(items=[DefaultTaskData([#taskId 12036 : com.samsung.android.dialer])], displayId=0, deskId=-1, type=1, name=), RecentData(items=[DefaultTaskData([#taskId 12003 : com.brave.browser])], displayId=0, deskId=-1, type=1, name=), RecentData(items=[DefaultTaskData([#taskId 12031 : com.gooddog.breeder.android])], displayId=0, deskId=-1, type=1, name=), RecentData(items=[DefaultTaskData([#taskId 12030 : com.android.settings])], displayId=0, deskId=-1, type=1, name=), RecentData(items=[DefaultTaskData([#taskId 12025 : com.android.settings])], displayId=0, deskId=-1, type=1, name=)]
01-04 10:08:18.090  3750 14995 I HoneySpace.TaskDataRepositoryImpl: Request icon and label, id=12037, iconAndLabel: IconAndLabel(icon=android.graphics.Bitmap@5600ab5, label=CallMeNot), componentKey: com.callmenot.app/.MainActivity#UserHandle{0}
01-04 10:08:18.100  3750 14990 I HoneySpace.TaskDataRepositoryImpl: Request icon and label, id=12037, iconAndLabel: IconAndLabel(icon=android.graphics.Bitmap@5600ab5, label=CallMeNot), componentKey: com.callmenot.app/.MainActivity#UserHandle{0}
01-04 10:08:18.104  3750 14992 I HoneySpace.FilteredItemProvider: collect filtered items l, [PK(p='org.thoughtcrime.securesms', u=UserHandle{0}), PK(p='com.callmenot.app', u=UserHandle{0}), PK(p='com.samsung.android.dialer', u=UserHandle{0})]
01-04 10:08:18.105  3750 14992 I HoneySpace.SuggestedItemsFacade: filteredItem : PK(p='com.callmenot.app', u=UserHandle{0})
01-04 10:08:18.107  3750  3750 I HoneySpace.TaskView: setTaskLabel, CallMeNot
01-04 10:08:18.112  3750  3750 I HoneySpace.TaskView: setTaskLabel, CallMeNot
01-04 10:08:18.120  3750  3750 E HoneySpace.BadgeIconDecoratorCreator: NameNotFoundException /#UserHandle{0}
01-04 10:08:18.121  3750  3750 E HoneySpace.BadgeIconDecoratorCreator: NameNotFoundException /#UserHandle{0}
01-04 10:08:18.122  3750  3750 E HoneySpace.BadgeIconDecoratorCreator: NameNotFoundException /#UserHandle{0}
01-04 10:08:18.123  3750  3750 E HoneySpace.BadgeIconDecoratorCreator: NameNotFoundException /#UserHandle{0}
01-04 10:08:19.459  3750  3855 I HoneySpace.SALoggingUtils: SA Logging screenID: 500 eventId: 5101 detail: {Target=Fullscreen view, PACKAGE=com.callmenot.app, TYPE=Tap, NthTask=1} value: -1
01-04 10:08:19.476  2448  5213 V WindowManager: Collecting in transition 1106: Task{1eae19b #12037 type=standard A=10455:com.callmenot.app}, caller=com.android.server.wm.TransitionController.collect:7 com.android.server.wm.ActivityTaskSupervisor.findTaskToMoveToFront:120 com.android.server.wm.ActivityTaskManagerService.moveTaskToFrontLocked:200 com.android.server.wm.ActivityTaskSupervisor.startActivityFromRecents:727 com.android.server.wm.ActivityTaskManagerService.startActivityFromRecents:32 
01-04 10:08:19.476  2448  5213 D WindowManager: prepareSync <SYNC_STATE_WAITING_FOR_DRAW>, mPrepareSyncSeqId=0, win=Window{d11f398 u0 com.callmenot.app/com.callmenot.app.MainActivity}
01-04 10:08:19.477  2448  5213 I Pageboost: moveTaskToFront : 10455:com.callmenot.app
01-04 10:08:19.480  2448  5213 V WindowManager: Add starting ActivityRecord{230227071 u0 com.callmenot.app/.MainActivity t12037}: startingData=SnapshotStartingData{4aa1d44 removeAfterTransaction= 0}
01-04 10:08:19.481  2448  5213 V WindowManager: Added starting ActivityRecord{230227071 u0 com.callmenot.app/.MainActivity t12037}: startingWindow=null startingView=com.android.server.wm.StartingSurfaceController$StartingSurface@7f15e2d
01-04 10:08:19.481  2448  5213 V WindowManager:    ChangeInfo{44ff62 container=Task{1eae19b #12037 type=standard A=10455:com.callmenot.app} flags=0x0}
01-04 10:08:19.483  3750 14998 I HoneySpace.SuggestedAppsRepositoryImpl: sendSuggestedAppsLaunchTarget: ComponentInfo{com.callmenot.app/com.callmenot.app.MainActivity}
01-04 10:08:19.483  3252  3360 V WindowManagerShell: Transition requested (#1106): android.os.BinderProxy@9506e2a TransitionRequestInfo { type = TO_FRONT, triggerTask = TaskInfo{userId=0 taskId=12037 effectiveUid=10455 displayId=0 isRunning=true baseIntent=Intent { act=android.intent.action.MAIN cat=[android.intent.category.LAUNCHER] flg=0x10204000 cmp=com.callmenot.app/.MainActivity } baseActivity=ComponentInfo{com.callmenot.app/com.callmenot.app.MainActivity} topActivity=ComponentInfo{com.callmenot.app/com.callmenot.app.MainActivity} origActivity=null realActivity=ComponentInfo{com.callmenot.app/com.callmenot.app.MainActivity} numActivities=1 lastActiveTime=55037017 supportsMultiWindow=true resizeMode=1 isResizeable=true minWidth=-1 minHeight=-1 maxWidth=-1 maxHeight=-1 defaultMinSize=220 desktopDefaultMinSize=304 token=WCT{android.window.IWindowContainerToken$Stub$Proxy@74be41b} topActivityType=1 pictureInPictureParams=null shouldDockBigOverlays=false launchIntoPipHostTaskId=-1 lastParentTaskIdBeforePip=-1 displayCutoutSafeInsets=Rect(0, 81 - 0, 0) topActivityInfo=ActivityInfo{2b289b8 com.callmenot.app.MainActivity} launchCookies=[android.os.BinderProxy@7e7dc79] positionInParent=Point(0, 0) parentTaskId=-1 isFocused=false isVisible=false isVisibleRequested=false isTopActivityNoDisplay=false isSleeping=false locusId=null displayAreaFeatureId=1 isTopActivityTransparent=false isActivityStackTransparent=false lastNonFullscreenBounds=Rect(81, 553 - 999, 1723) capturedLink=null capturedLinkTimestamp=0 requestedVisibleTypes=-9 topActivityRequestOpenInBrowserEducationTimestamp=0 appCompatTaskInfo=AppCompatTaskInfo { topActivityInSizeCompat=false eligibleForLetterboxEducation= false isLetterboxEducationEnabled= false isLetterboxDoubleTapEnabled= false eligibleForUserAspectRatioButton= false topActivityBoundsLetterboxed= false isFromLetterboxDoubleTap= false topActivityLetterboxVerticalPosition= -1 topActivityLetterboxHorizontalPosition= -1 topActivityLetterboxWidth=-1 topActivityLetterboxHeight=-1 topActivityAppBounds=Rect(0, 81 - 1080, 2196) isUserFullscreenOverrideEnabled=false isSystemFullscreenOverrideEnabled=false hasMinAspectRatioOverride=false topActivityLetterboxBounds=null cameraCompatTaskInfo=CameraCompatTaskInfo { freeformCameraCompatMode=inactive} topActivityBounds=null topActivityInDisplayCompat=false singleTapFromLetterbox=false} topActivityMainWindowFrame=null originallySupportedMultiWindow=true hasWallpaper=false rootAffinity=10455:com.callmenot.app isTopTaskInStage=false CoverLauncherWidgetTask=false LaunchedFromAppsCoverLauncherTask=false LaunchedFromMultistarCoverLauncherTask=false isAllowedSeamlessRotation=false isTopTransparentActivity=false isAliasManaged=false hasConfigChanged=false snappingGuideBounds=null isAiKeyRemoveAppTask=false lastDesktopWindowingBounds=null lastExternalDesktopWindowingBounds=null safeCutoutInsets=null}, pipChange = null, remoteTransition = RemoteTransition { remoteTransition = android.window.IRemoteTransition$Stub$Proxy@84ae391, appThread = android.app.IApplicationThread$Stub$Proxy@c5f42f6, debugName = QuickstepLaunchflags =NONE }, displayChange = null, flags = 0, debugId = 1106 }
01-04 10:08:19.487  2448  4835 V WindowManager: addWindow: ActivityRecord{230227071 u0 com.callmenot.app/.MainActivity t12037} startingWindow=Window{df7afae u0 SnapshotStartingWindow for taskId=12037}
01-04 10:08:19.489  3252  3360 D WindowManagerShell: onActivityRestartAttempt: topActivity=ComponentInfo{com.callmenot.app/com.callmenot.app.MainActivity}, wasVisible=false
01-04 10:08:19.489  1640  1640 I SurfaceFlinger: [df7afae SnapshotStartingWindow for taskId=12037#11644] attach to parent LayerHierarchy{RequestedLayerState{ActivityRecord{230227071 u0 com.callmenot.app/.MainActivity t12037}#11457 parentId=11456} 3 children}
01-04 10:08:19.490  2448  4837 V WindowManager: Collecting in transition 1106: ActivityRecord{230227071 u0 com.callmenot.app/.MainActivity t12037}, caller=com.android.server.wm.TransitionController.collect:7 com.android.server.wm.ActivityRecord.setVisibility:132 com.android.server.wm.TaskFragment.resumeTopActivity:1662 com.android.server.wm.Task.resumeTopActivityInnerLocked:119 com.android.server.wm.Task.resumeTopActivityUncheckedLocked:23 
01-04 10:08:19.490  2448  4837 V WindowManager: Setting visibility of Window{d11f398 u0 com.callmenot.app/com.callmenot.app.MainActivity}: true, caller=com.android.server.wm.WindowContainer.sendAppVisibilityToClients:19 com.android.server.wm.WindowToken.setClientVisible:48 com.android.server.wm.ActivityRecord.setVisibility:486 com.android.server.wm.TaskFragment.resumeTopActivity:1662 com.android.server.wm.Task.resumeTopActivityInnerLocked:119 
01-04 10:08:19.491  2448  4837 D SGM:FgCheckThread:   sendRunningComponentFocus(), pkgName: com.callmenot.app, userId: 0
01-04 10:08:19.491  2448  4837 D InputDispatcher: Focused application(0): ActivityRecord{230227071 u0 com.callmenot.app/.MainActivity t12037}
01-04 10:08:19.491  2448  2988 D SGM:FgCheckThread: onLooperPrepared(), msg: MSG_TASK_FOCUSED, pkgName: com.callmenot.app, userId: 0
01-04 10:08:19.491  2448  2988 D SGM:FgCheckThread:   handleTaskFocused(), pkgName: com.callmenot.app, userID:0 mResumedPkgMap does not containsKey.
01-04 10:08:19.491  2448  4837 D ActivityTaskManager: scheduleTopResumedActivityChanged, onTop=true, r=ActivityRecord{230227071 u0 com.callmenot.app/.MainActivity t12037}, caller=com.android.server.wm.ActivityTaskSupervisor.scheduleTopResumedActivityStateIfNeeded:18 com.android.server.wm.ActivityTaskSupervisor.updateTopResumedActivityIfNeeded:54 com.android.server.wm.TaskFragment.setResumedActivity:30 com.android.server.wm.ActivityRecord.setState:100 com.android.server.wm.TaskFragment.resumeTopActivity:1705 com.android.server.wm.Task.resumeTopActivityInnerLocked:119 
01-04 10:08:19.493  2448  4837 D WindowManager: rotationForOrientation, orientationSource=ActivityRecord{230227071 u0 com.callmenot.app/.MainActivity t12037}
01-04 10:08:19.494  2448  4837 D WindowManagerServiceExt: updateTaskbarTargetIfNeeded: cn=ComponentInfo{com.callmenot.app/com.callmenot.app.MainActivity} occludesParent=true isInSplitScreenMode=false
01-04 10:08:19.496  2448  4837 D SurfaceComposerClient: setCornerRadius ## d11f398 com.callmenot.app/com.callmenot.app.MainActivity#11460 cornerRadius=0.000000
01-04 10:08:19.497  2448  4837 D BLASTSyncEngine: SyncGroup 1106:  Unfinished container: ActivityRecord{230227071 u0 com.callmenot.app/.MainActivity t12037} mSyncState=2
01-04 10:08:19.497 10929 10929 D VRI[MainActivity]@d87075f: WindowStopped on com.callmenot.app/com.callmenot.app.MainActivity set to false
01-04 10:08:19.498  3750  3873 I HoneySpace.TopTaskUseCase: topTasks 12037 ComponentInfo{com.callmenot.app/com.callmenot.app.MainActivity}[displayId=0]
01-04 10:08:19.499  2448  5213 D SurfaceComposerClient: setCornerRadius ## d11f398 com.callmenot.app/com.callmenot.app.MainActivity#11460 cornerRadius=0.000000
01-04 10:08:19.499  2448  5213 D BLASTSyncEngine: SyncGroup 1106:  Unfinished container: ActivityRecord{230227071 u0 com.callmenot.app/.MainActivity t12037} mSyncState=2
01-04 10:08:19.502  2448  2537 D SGM:FgCheckThread: noteResumeComponent(), received pkgName: com.callmenot.app, userId: 0
01-04 10:08:19.502  2448  2988 D SGM:FgCheckThread: onLooperPrepared(), msg: MSG_APP_RESUME, pkgName: com.callmenot.app, userid: 0
01-04 10:08:19.502  2448  2988 D SGM:FgCheckThread:   handleResume(). pkgName: com.callmenot.app, userId: 0, category: non-game
01-04 10:08:19.503  3750  3750 I HoneySpace.EdgePanel.EdgePanelContainerViewModel: cocktailHostRepository.edgePanelOperation NoteResumeComponent(componentName=ComponentInfo{com.callmenot.app/com.callmenot.app.MainActivity})
01-04 10:08:19.503  2448  2988 D SGM:FgCheckThread: notifyFocusInOut(). of pkg: com.callmenot.app, type: 4, isSecGameFamily: false, userId: 0
01-04 10:08:19.503  3750  3750 I HoneySpace.EdgePanel.ActivityUtils: HomePackage : com.sec.android.app.launcher, resumePackageName : com.callmenot.app, className : com.callmenot.app.MainActivity
01-04 10:08:19.504  2448  2537 D SGM:GameManager: identifyGamePackage. com.callmenot.app, mCurrentUserId: 0, callingMethodInfo: com.samsung.android.game.SemGameManager.isGamePackage(SemGameManager.java:106)
01-04 10:08:19.504  2448  2537 D SGM:SemGameManager: isGamePackage(), pkgName=com.callmenot.app, ret=false
01-04 10:08:19.505  5026  5074 I SDHMS:k : handleResumeComponent : put = com.callmenot.app, userid = 0 instanceid =178354488
01-04 10:08:19.505  2448  2538 D SurfaceComposerClient: setCornerRadius ## d11f398 com.callmenot.app/com.callmenot.app.MainActivity#11460 cornerRadius=0.000000
01-04 10:08:19.506  2448  2535 D SGM:GameManager: identifyForegroundApp. com.callmenot.app, mCurrentUserId: 0, callerUserId: 0
01-04 10:08:19.507  2448  2538 D ChangeTransitionController:    ChangeInfo{44ff62 container=Task{1eae19b #12037 type=standard A=10455:com.callmenot.app} flags=0x0}
01-04 10:08:19.507  2448  2538 D ChangeTransitionController:    ChangeInfo{8451ec8 container=ActivityRecord{230227071 u0 com.callmenot.app/.MainActivity t12037} flags=0x0}
01-04 10:08:19.507  2448  2538 V WindowManager: Start calculating TransitionInfo based on participants: {ActivityRecord{3827274 u0 com.sec.android.app.launcher/com.android.quickstep.RecentsActivity t11929}, WallpaperWindowToken{145e970 showWhenLocked=false}_<system>, Task{1eae19b #12037 type=standard A=10455:com.callmenot.app}, WallpaperWindowToken{35c8ac5 showWhenLocked=true}_<lock>, ActivityRecord{230227071 u0 com.callmenot.app/.MainActivity t12037}}
01-04 10:08:19.509  2448  2535 D SGM:GameManager: identifyForegroundApp. com.callmenot.app, mCurrentUserId: 0, callerUserId: 0
01-04 10:08:19.509  2448  2538 V WindowManager:   Final targets: [ChangeInfo{44ff62 container=Task{1eae19b #12037 type=standard A=10455:com.callmenot.app} flags=0x30}, ChangeInfo{186636b container=Task{b4449bb #11929 type=recents I=com.sec.android.app.launcher/com.android.quickstep.RecentsActivity} flags=0x10}, ChangeInfo{63dd0dc container=WallpaperWindowToken{145e970 showWhenLocked=false}_<system> flags=0x0}]
01-04 10:08:19.512  2448  2538 I SurfaceControlRegistry: show, t=StartTransaction_SyncId<1106> sc=ActivityRecord{230227071 u0 com.callmenot.app/.MainActivity t12037}, caller=android.view.SurfaceControl$Transaction.show:3557 com.android.server.wm.Transition.onTransactionReady:2048 com.android.server.wm.BLASTSyncEngine$SyncGroup.finishNow:240 com.android.server.wm.BLASTSyncEngine.onSurfacePlacement:263 com.android.server.wm.RootWindowContainer.performSurfacePlacementNoTrace:1083 com.android.server.wm.WindowSurfacePlacer.performSurfacePlacement:166 
01-04 10:08:19.512  2448  2538 V WindowManager:         {WCT{RemoteToken{387a3ae Task{1eae19b #12037 type=standard A=10455:com.callmenot.app}}} m=TO_FRONT f=MOVE_TO_TOP leash=Surface(name=Task=12037)/@0x1d79db0 sb=Rect(0, 0 - 1080, 2340) eb=Rect(0, 0 - 1080, 2340) epz=Point(1080, 2340) d=0 taskParent=-1 inset=Rect(0, 81 - 0, 144) dim=true},
01-04 10:08:19.514  2448  2534 V WindowManager: Sent Transition (#1106) createdAt=01-04 10:08:19.475 via request=TransitionRequestInfo { type = TO_FRONT, triggerTask = TaskInfo{userId=0 taskId=12037 effectiveUid=10455 displayId=0 isRunning=true baseIntent=Intent { act=android.intent.action.MAIN cat=[android.intent.category.LAUNCHER] flg=0x10204000 cmp=com.callmenot.app/.MainActivity } baseActivity=ComponentInfo{com.callmenot.app/com.callmenot.app.MainActivity} topActivity=ComponentInfo{com.callmenot.app/com.callmenot.app.MainActivity} origActivity=null realActivity=ComponentInfo{com.callmenot.app/com.callmenot.app.MainActivity} numActivities=1 lastActiveTime=55037017 supportsMultiWindow=true resizeMode=1 isResizeable=true minWidth=-1 minHeight=-1 maxWidth=-1 maxHeight=-1 defaultMinSize=220 desktopDefaultMinSize=304 token=WCT{RemoteToken{387a3ae Task{1eae19b #12037 type=standard A=10455:com.callmenot.app}}} topActivityType=1 pictureInPictureParams=null shouldDockBigOverlays=false launchIntoPipHostTaskId=-1 lastParentTaskIdBeforePip=-1 displayCutoutSafeInsets=Rect(0, 81 - 0, 0) topActivityInfo=ActivityInfo{b33e54f com.callmenot.app.MainActivity} launchCookies=[android.os.BinderProxy@85977c5] positionInParent=Point(0, 0) parentTaskId=-1 isFocused=false isVisible=false isVisibleRequested=false isTopActivityNoDisplay=false isSleeping=false locusId=null displayAreaFeatureId=1 isTopActivityTransparent=false isActivityStackTransparent=false lastNonFullscreenBounds=Rect(81, 553 - 999, 1723) capturedLink=null capturedLinkTimestamp=0 requestedVisibleTypes=-9 topActivityRequestOpenInBrowserEducationTimestamp=0 appCompatTaskInfo=AppCompatTaskInfo { topActivityInSizeCompat=false eligibleForLetterboxEducation= false isLetterboxEducationEnabled= false isLetterboxDoubleTapEnabled= false eligibleForUserAspectRatioButton= false topActivityBoundsLetterboxed= false isFromLetterboxDoubleTap= false topActivityLetterboxVerticalPosition= -1 topActivityLetterboxHorizontalPosition= -1 topActivityLetterboxWidth=-1 topActivityLetterboxHeight=-1 topActivityAppBounds=Rect(0, 81 - 1080, 2196) isUserFullscreenOverrideEnabled=false isSystemFullscreenOverrideEnabled=false hasMinAspectRatioOverride=false topActivityLetterboxBounds=null cameraCompatTaskInfo=CameraCompatTaskInfo { freeformCameraCompatMode=inactive} topActivityBounds=null topActivityInDisplayCompat=false singleTapFromLetterbox=false} topActivityMainWindowFrame=null originallySupportedMultiWindow=true hasWallpaper=false rootAffinity=10455:com.callmenot.app isTopTaskInStage=false CoverLauncherWidgetTask=false LaunchedFromAppsCoverLauncherTask=false LaunchedFromMultistarCoverLauncherTask=false isAllowedSeamlessRotation=false isTopTransparentActivity=false isAliasManaged=false hasConfigChanged=false snappingGuideBounds=null isAiKeyRemoveAppTask=false lastDesktopWindowingBounds=null lastExternalDesktopWindowingBounds=null safeCutoutInsets=null}, pipChange = null, remoteTransition = RemoteTransition { remoteTransition = android.window.IRemoteTransition$Stub$Proxy@74a0686, appThread = android.app.IApplicationThread$Stub$Proxy@a25cb47, debugName = QuickstepLaunchflags =NONE }, displayChange = null, flags = 0, debugId = 1106 }
01-04 10:08:19.514  2448  5213 I WindowManager: Relayout Window{d11f398 u0 com.callmenot.app/com.callmenot.app.MainActivity}: viewVisibility=0 req=1080x2340 ty=1 d0
01-04 10:08:19.514  2448  2534 V WindowManager:         {WCT{RemoteToken{387a3ae Task{1eae19b #12037 type=standard A=10455:com.callmenot.app}}} m=TO_FRONT f=MOVE_TO_TOP leash=Surface(name=Task=12037)/@0x1d79db0 sb=Rect(0, 0 - 1080, 2340) eb=Rect(0, 0 - 1080, 2340) epz=Point(1080, 2340) d=0 taskParent=-1 inset=Rect(0, 81 - 0, 144) dim=true},
01-04 10:08:19.514  1640  2151 I SurfaceFlinger: id=11647 createSurf, flag=44004, com.callmenot.app/com.callmenot.app.MainActivity$_10929#11647
01-04 10:08:19.516  1640  1640 I SurfaceFlinger: [com.callmenot.app/com.callmenot.app.MainActivity$_10929#11647] attach to parent LayerHierarchy{RequestedLayerState{d11f398 com.callmenot.app/com.callmenot.app.MainActivity#11460 parentId=11457} 1 children}
01-04 10:08:19.516  2448  5213 D WindowManager: makeSurface duration=2 name=com.callmenot.app/com.callmenot.app.MainActivity$_10929
01-04 10:08:19.516  2448  5213 D SurfaceComposerClient: setCornerRadius ## d11f398 com.callmenot.app/com.callmenot.app.MainActivity#11460 cornerRadius=0.000000
