01-04 09:42:13.126  2448  5212 D WindowManager: Changing focus from Window{a3c2e4b u0 com.google.android.permissioncontroller/com.android.permissioncontroller.permission.ui.GrantPermissionsActivity} to Window{4324b29 u0 com.callmenot.app/com.callmenot.app.MainActivity} displayId=0 Callers=com.android.server.wm.ActivityTaskManagerService.setLastResumedActivityUncheckLocked:264 com.android.server.wm.ActivityTaskSupervisor.updateTopResumedActivityIfNeeded:51 com.android.server.wm.TaskFragment.setResumedActivity:30 com.android.server.wm.ActivityRecord.setState:100 
01-04 09:42:13.128  2448  5212 D InsetsSourceProvider: updateControlForTarget: control=InsetsSourceControl: {26b60000 mType=statusBars initiallyVisible mSurfacePosition=Point(0, 0) mInsetsHint=Insets{left=0, top=81, right=0, bottom=0}}, target=Window{4324b29 u0 com.callmenot.app/com.callmenot.app.MainActivity}, from=com.android.server.wm.InsetsStateController.onControlTargetChanged:83 com.android.server.wm.InsetsPolicy.updateBarControlTarget:212 com.android.server.wm.DisplayPolicy.updateSystemBarAttributes:262 com.android.server.wm.WindowManagerService.updateFocusedWindowLocked:372 com.android.server.wm.ActivityTaskManagerService.setLastResumedActivityUncheckLocked:264 
01-04 09:42:13.129  2448  5212 D InsetsSourceProvider: updateControlForTarget: control=InsetsSourceControl: {872b0001 mType=navigationBars initiallyVisible mSurfacePosition=Point(0, 2196) mInsetsHint=Insets{left=0, top=0, right=0, bottom=144}}, target=Window{4324b29 u0 com.callmenot.app/com.callmenot.app.MainActivity}, from=com.android.server.wm.InsetsStateController.onControlTargetChanged:83 com.android.server.wm.InsetsPolicy.updateBarControlTarget:225 com.android.server.wm.DisplayPolicy.updateSystemBarAttributes:262 com.android.server.wm.WindowManagerService.updateFocusedWindowLocked:372 com.android.server.wm.ActivityTaskManagerService.setLastResumedActivityUncheckLocked:264 
01-04 09:42:13.129  2448  5212 D WindowManager: updateSystemBarAttributes: displayId=0, focusedCanBeNavColorWin=false, win=Window{4324b29 u0 com.callmenot.app/com.callmenot.app.MainActivity}, navColorWin=Window{a3c2e4b u0 com.google.android.permissioncontroller/com.android.permissioncontroller.permission.ui.GrantPermissionsActivity}, caller=com.android.server.wm.WindowManagerService.updateFocusedWindowLocked:372 com.android.server.wm.ActivityTaskManagerService.setLastResumedActivityUncheckLocked:264 com.android.server.wm.ActivityTaskSupervisor.updateTopResumedActivityIfNeeded:51 
01-04 09:42:13.130  2448  5212 V SystemKeyManager: updateFocusedWindow() is called, com.callmenot.app/com.callmenot.app.MainActivity
01-04 09:42:13.130  2448  5212 D ActivityTaskManager: scheduleTopResumedActivityChanged, onTop=true, r=ActivityRecord{95647536 u0 com.callmenot.app/.MainActivity t12029}, caller=com.android.server.wm.ActivityTaskSupervisor.scheduleTopResumedActivityStateIfNeeded:18 com.android.server.wm.ActivityTaskSupervisor.updateTopResumedActivityIfNeeded:54 com.android.server.wm.TaskFragment.setResumedActivity:30 com.android.server.wm.ActivityRecord.setState:100 com.android.server.wm.TaskFragment.resumeTopActivity:1705 com.android.server.wm.Task.resumeTopActivityInnerLocked:119 
01-04 09:42:13.135  2448  2537 D SGM:FgCheckThread: noteResumeComponent(), received pkgName: com.callmenot.app, userId: 0
01-04 09:42:13.137  2448  2988 D SGM:FgCheckThread: onLooperPrepared(), msg: MSG_APP_RESUME, pkgName: com.callmenot.app, userid: 0
01-04 09:42:13.138  2448  2988 D SGM:FgCheckThread:   handleResume(). pkgName: com.callmenot.app, userId: 0, category: non-game
01-04 09:42:13.138  2448  2988 D SGM:FgCheckThread: notifyFocusInOut(). of pkg: com.callmenot.app, type: 4, isSecGameFamily: false, userId: 0
01-04 09:42:13.139  2448  2538 D ChangeTransitionController:    ChangeInfo{6950230 container=Task{cdeaccf #12029 type=standard A=10454:com.callmenot.app} flags=0x0}
01-04 09:42:13.145  2448  2537 D SGM:GameManager: identifyGamePackage. com.callmenot.app, mCurrentUserId: 0, callingMethodInfo: com.samsung.android.game.SemGameManager.isGamePackage(SemGameManager.java:106)
01-04 09:42:13.145  2448  2537 D SGM:SemGameManager: isGamePackage(), pkgName=com.callmenot.app, ret=false
01-04 09:42:13.151  2448  5188 V WindowManager:    ChangeInfo{6950230 container=Task{cdeaccf #12029 type=standard A=10454:com.callmenot.app} flags=0x0}
01-04 09:42:13.151  2448  5188 D ChangeTransitionController:    ChangeInfo{6950230 container=Task{cdeaccf #12029 type=standard A=10454:com.callmenot.app} flags=0x0}
01-04 09:42:13.151  5026 16199 I SDHMS:k : handleResumeComponent : put = com.callmenot.app, userid = 0 instanceid =177264220
01-04 09:42:13.164  2448  2535 D SGM:GameManager: identifyForegroundApp. com.callmenot.app, mCurrentUserId: 0, callerUserId: 0
01-04 09:42:13.165  2448  2535 D SGM:GameManager: identifyForegroundApp. com.callmenot.app, mCurrentUserId: 0, callerUserId: 0
01-04 09:42:13.169  2448  5311 D WindowManager: updateSystemBarAttributes: displayId=0, focusedCanBeNavColorWin=false, win=Window{4324b29 u0 com.callmenot.app/com.callmenot.app.MainActivity}, navColorWin=Window{4324b29 u0 com.callmenot.app/com.callmenot.app.MainActivity}, caller=com.android.server.wm.DisplayPolicy.finishPostLayoutPolicyLw:17 com.android.server.wm.RootWindowContainer.applySurfaceChangesTransaction$1:195 com.android.server.wm.RootWindowContainer.performSurfacePlacementNoTrace:59 
01-04 09:42:13.202  2448  2537 D SGM:FgCheckThread: getForegroundApp(), foregroundPkgName=com.callmenot.app
01-04 09:42:13.203  2448  2537 D SGM:FgCheckThread: noteStopComponent(), received pkgName: com.google.android.permissioncontroller, focusedPkgName: com.callmenot.app, userId: 0
01-04 09:42:13.210  2448  5188 D InsetsSourceProvider: updateControlForTarget: control=InsetsSourceControl: {3 mType=ime mSurfacePosition=Point(0, 81) mInsetsHint=Insets{left=0, top=0, right=0, bottom=1032}}, target=Window{4324b29 u0 com.callmenot.app/com.callmenot.app.MainActivity}, from=com.android.server.wm.ImeInsetsSourceProvider.updateControlForTarget:17 com.android.server.wm.InsetsStateController.onControlTargetChanged:83 com.android.server.wm.DisplayContent.updateImeControlTarget:21 com.android.server.wm.DisplayContent.updateImeInputAndControlTarget:156 com.android.server.wm.WindowManagerService$LocalService.updateInputMethodTargetWindow:64 
01-04 09:42:13.211  2448  5188 W PackageConfigPersister: App-specific configuration not found for packageName: com.callmenot.app and userId: 0
01-04 09:42:13.299  2448  3064 D MdnieScenarioControlService:  packageName : com.callmenot.app    className : com.callmenot.app.MainActivity
01-04 09:42:13.710  2448  2537 D SGM:GameManager: identifyForegroundApp. com.callmenot.app, mCurrentUserId: 0, callerUserId: 0
01-04 09:42:18.137  2448  3468 I ActivityManager: Background started FGS: Allowed [callingPackage: com.callmenot.app; callingUid: 10454; uidState: TOP ; uidBFSL: [BFSL]; intent: Intent { xflg=0x4 cmp=com.callmenot.app/.service.ProtectionNotificationService }; code:PROC_STATE_TOP; tempAllowListReason:<null>; allowWiu:12; targetSdkVersion:34; callerTargetSdkVersion:34; startForegroundCount:0; bindFromPackage:null: isBindService:false]
01-04 09:42:18.375  2087  2087 E AndroidRuntime: FATAL EXCEPTION: main
01-04 09:42:18.375  2087  2087 E AndroidRuntime: Process: com.callmenot.app, PID: 2087
01-04 09:42:18.375  2087  2087 E AndroidRuntime: java.lang.RuntimeException: Unable to create service com.callmenot.app.service.ProtectionNotificationService: java.lang.SecurityException: Starting FGS with type phoneCall callerApp=ProcessRecord{5c3ee51 2087:com.callmenot.app/u0a454} targetSDK=34 requires permissions: all of the permissions allOf=true [android.permission.FOREGROUND_SERVICE_PHONE_CALL] any of the permissions allOf=false [android.permission.MANAGE_OWN_CALLS, android.app.role.DIALER] 
01-04 09:42:18.375  2087  2087 E AndroidRuntime: Caused by: java.lang.SecurityException: Starting FGS with type phoneCall callerApp=ProcessRecord{5c3ee51 2087:com.callmenot.app/u0a454} targetSDK=34 requires permissions: all of the permissions allOf=true [android.permission.FOREGROUND_SERVICE_PHONE_CALL] any of the permissions allOf=false [android.permission.MANAGE_OWN_CALLS, android.app.role.DIALER] 
01-04 09:42:18.375  2087  2087 E AndroidRuntime: 	at android.os.Parcel.createExceptionOrNull(Parcel.java:3354)
01-04 09:42:18.375  2087  2087 E AndroidRuntime: 	at android.os.Parcel.createException(Parcel.java:3338)
01-04 09:42:18.375  2087  2087 E AndroidRuntime: 	at android.os.Parcel.readException(Parcel.java:3321)
01-04 09:42:18.375  2087  2087 E AndroidRuntime: 	at android.os.Parcel.readException(Parcel.java:3263)
01-04 09:42:18.375  2087  2087 E AndroidRuntime: 	at com.callmenot.app.service.ProtectionNotificationService.onCreate(ProtectionNotificationService.kt:42)
01-04 09:42:18.375  2087  2087 E AndroidRuntime: Caused by: android.os.RemoteException: Remote stack trace:
01-04 09:42:18.381  2448  3468 W ActivityTaskManager:   Force finishing activity com.callmenot.app/.MainActivity
01-04 09:42:18.383  2448  3468 V WindowManager: Collecting in transition 1029: Task{cdeaccf #12029 type=standard A=10454:com.callmenot.app}, caller=com.android.server.wm.Transition.collectExistenceChange:40 com.android.server.wm.Transition.collectClose:7 com.android.server.wm.ActivityRecord.finishIfPossible:50 com.android.server.wm.ActivityRecord.finishIfPossible:1 com.android.server.wm.RootWindowContainer$$ExternalSyntheticLambda34.accept:179 
01-04 09:42:18.383  2448  3468 D WindowManager: prepareSync <SYNC_STATE_WAITING_FOR_DRAW>, mPrepareSyncSeqId=0, win=Window{4324b29 u0 com.callmenot.app/com.callmenot.app.MainActivity}
01-04 09:42:18.383  2448  3468 D ActivityTaskManager: scheduleTopResumedActivityChanged, onTop=false, r=ActivityRecord{95647536 u0 com.callmenot.app/.MainActivity t12029 f}}, caller=com.android.server.wm.ActivityTaskSupervisor.scheduleTopResumedActivityStateLossIfNeeded:19 com.android.server.wm.ActivityTaskSupervisor.updateTopResumedActivityIfNeeded:20 com.android.server.wm.TaskDisplayArea.positionChildAt:252 com.android.server.wm.Task.moveToFront:40 com.android.server.wm.Task.adjustFocusToNextFocusableTask:133 com.android.server.wm.ActivityRecord.finishIfPossible:71 
01-04 09:42:18.383  3252  3360 V WindowManagerShell: Transition requested (#1029): android.os.BinderProxy@a161ec2 TransitionRequestInfo { type = CLOSE, triggerTask = TaskInfo{userId=0 taskId=12029 effectiveUid=10454 displayId=0 isRunning=true baseIntent=Intent { act=android.intent.action.MAIN cat=[android.intent.category.LAUNCHER] flg=0x34000000 pkg=com.callmenot.app cmp=com.callmenot.app/.MainActivity } baseActivity=ComponentInfo{com.callmenot.app/com.callmenot.app.MainActivity} topActivity=ComponentInfo{com.callmenot.app/com.callmenot.app.MainActivity} origActivity=null realActivity=ComponentInfo{com.callmenot.app/com.callmenot.app.MainActivity} numActivities=1 lastActiveTime=53491984 supportsMultiWindow=true resizeMode=1 isResizeable=true minWidth=-1 minHeight=-1 maxWidth=-1 maxHeight=-1 defaultMinSize=220 desktopDefaultMinSize=304 token=WCT{android.window.IWindowContainerToken$Stub$Proxy@4d664d3} topActivityType=1 pictureInPictureParams=null shouldDockBigOverlays=false launchIntoPipHostTaskId=-1 lastParentTaskIdBeforePip=-1 displayCutoutSafeInsets=Rect(0, 0 - 0, 0) topActivityInfo=ActivityInfo{336810 com.callmenot.app.MainActivity} launchCookies=[] positionInParent=Point(0, 0) parentTaskId=-1 isFocused=true isVisible=true isVisibleRequested=true isTopActivityNoDisplay=false isSleeping=false locusId=null displayAreaFeatureId=1 isTopActivityTransparent=false isActivityStackTransparent=false lastNonFullscreenBounds=Rect(81, 553 - 999, 1723) capturedLink=null capturedLinkTimestamp=0 requestedVisibleTypes=-9 topActivityRequestOpenInBrowserEducationTimestamp=0 appCompatTaskInfo=AppCompatTaskInfo { topActivityInSizeCompat=false eligibleForLetterboxEducation= false isLetterboxEducationEnabled= false isLetterboxDoubleTapEnabled= false eligibleForUserAspectRatioButton= false topActivityBoundsLetterboxed= false isFromLetterboxDoubleTap= false topActivityLetterboxVerticalPosition= -1 topActivityLetterboxHorizontalPosition= -1 topActivityLetterboxWidth=-1 topActivityLetterboxHeight=-1 topActivityAppBounds=Rect(0, 81 - 1080, 2196) isUserFullscreenOverrideEnabled=false isSystemFullscreenOverrideEnabled=false hasMinAspectRatioOverride=false topActivityLetterboxBounds=null cameraCompatTaskInfo=CameraCompatTaskInfo { freeformCameraCompatMode=inactive} topActivityBounds=null topActivityInDisplayCompat=false singleTapFromLetterbox=false} topActivityMainWindowFrame=null originallySupportedMultiWindow=true hasWallpaper=false rootAffinity=10454:com.callmenot.app isTopTaskInStage=false CoverLauncherWidgetTask=false LaunchedFromAppsCoverLauncherTask=false LaunchedFromMultistarCoverLauncherTask=false isAllowedSeamlessRotation=false isTopTransparentActivity=false isAliasManaged=false hasConfigChanged=false snappingGuideBounds=null isAiKeyRemoveAppTask=false lastDesktopWindowingBounds=null lastExternalDesktopWindowingBounds=null safeCutoutInsets=null}, pipChange = null, remoteTransition = null, displayChange = null, flags = 16, debugId = 1029 }
01-04 09:42:18.385  2448  3468 V WindowManager: Collecting in transition 1029: ActivityRecord{95647536 u0 com.callmenot.app/.MainActivity t12029 f}}, caller=com.android.server.wm.TransitionController.collect:7 com.android.server.wm.ActivityRecord.setVisibility:132 com.android.server.wm.ActivityRecord.finishIfPossible:87 com.android.server.wm.ActivityRecord.finishIfPossible:1 com.android.server.wm.RootWindowContainer$$ExternalSyntheticLambda34.accept:179 
01-04 09:42:18.388  2448  2316 W ActivityManager: crash : com.callmenot.app,10454
01-04 09:42:18.402  2448  2535 D SGM:GameManager: identifyForegroundApp. com.callmenot.app, mCurrentUserId: 0, callerUserId: 0
01-04 09:42:18.403  2448  2535 D SGM:GameManager: identifyForegroundApp. com.callmenot.app, mCurrentUserId: 0, callerUserId: 0
01-04 09:42:18.416  5026  5026 I SDHMS:PowerAnomaly:Gatherer:AppError: update AppError : uid=10454, pkg=com.callmenot.app, errorType=crash
01-04 09:42:18.424  5026  5026 I SDHMS:PowerAnomaly:Analyzer:AppError: analyze app error : uid=10454, pkg=com.callmenot.app, appErrorCount=1
01-04 09:42:18.431  2448  5188 I WindowManager: WIN DEATH: Window{4324b29 u0 com.callmenot.app/com.callmenot.app.MainActivity}
01-04 09:42:18.432  2448  5188 V WindowManager: Remove Window{4324b29 u0 com.callmenot.app/com.callmenot.app.MainActivity}: mSurfaceControl=Surface(name=com.callmenot.app/com.callmenot.app.MainActivity$_2087)/@0xb29b5bd mAnimatingExit=false mRemoveOnExit=false mHasSurface=true surfaceShowing=true animating=false app-animation=false callers=com.android.server.wm.Session.binderDied:85 android.os.IBinder$DeathRecipient.binderDied:346 android.os.BinderProxy.sendDeathNotice:848 <bottom of call stack> <bottom of call stack> <bottom of call stack> 
01-04 09:42:18.432  2448  5212 I ActivityManager: Process com.callmenot.app (pid 2087) has died: fg  TOP (339,2593)
01-04 09:42:18.432  2448  5188 D WindowManager: Changing focus from Window{4324b29 u0 com.callmenot.app/com.callmenot.app.MainActivity EXITING} to null displayId=0 Callers=com.android.server.wm.WindowState.removeIfPossible:602 com.android.server.wm.Session.binderDied:85 android.os.IBinder$DeathRecipient.binderDied:346 android.os.BinderProxy.sendDeathNotice:848 
01-04 09:42:18.434  2448  5188 D WindowManager: updateSystemBarAttributes: displayId=0, focusedCanBeNavColorWin=false, win=Window{4324b29 u0 com.callmenot.app/com.callmenot.app.MainActivity EXITING}, navColorWin=null, caller=com.android.server.wm.DisplayPolicy.finishPostLayoutPolicyLw:17 com.android.server.wm.RootWindowContainer.applySurfaceChangesTransaction$1:195 com.android.server.wm.RootWindowContainer.performSurfacePlacementNoTrace:59 
01-04 09:42:18.435  2448  5212 W ActivityManager: Scheduling restart of crashed service com.callmenot.app/.service.SamsungCallBlockerService in 1000ms for start-requested
01-04 09:42:18.435  2448  5212 W ActivityManager: Scheduling restart of crashed service com.callmenot.app/.service.ProtectionNotificationService in 11000ms for start-requested
01-04 09:42:18.436  2448  5212 V WindowManager: Collecting in transition 1029: Task{cdeaccf #12029 type=standard A=10454:com.callmenot.app}, caller=com.android.server.wm.Transition.collectClose:12 com.android.server.wm.WindowProcessController.handleAppDied$1:465 com.android.server.am.ActivityManagerService.handleAppDiedLocked:248 com.android.server.am.ActivityManagerService.appDiedLocked:570 com.android.server.am.ActivityManagerService$AppDeathRecipient.binderDied:17 
01-04 09:42:18.436  2448  5212 V WindowManager: Collecting in transition 1029: ActivityRecord{95647536 u0 com.callmenot.app/.MainActivity t12029 f}}, caller=com.android.server.wm.TransitionController.collect:7 com.android.server.wm.ActivityRecord.onRemovedFromDisplay:258 com.android.server.wm.ActivityRecord.removeFromHistory:173 com.android.server.wm.WindowProcessController.handleAppDied$1:507 com.android.server.am.ActivityManagerService.handleAppDiedLocked:248 
01-04 09:42:18.445  2448  2537 D SGM:FgCheckThread: pkgName: com.callmenot.app is not in foreground
01-04 09:42:18.445  2448  2537 D SGM:FgCheckThread: noteStopComponent(), received pkgName: com.callmenot.app, focusedPkgName: com.sec.android.app.myfiles, userId: 0
01-04 09:42:18.557  2448  2538 D ChangeTransitionController:    ChangeInfo{e6e6d2b container=ActivityRecord{95647536 u0 com.callmenot.app/.MainActivity t12029 f} isExiting} flags=0x0}
01-04 09:42:18.557  2448  2538 D ChangeTransitionController:    ChangeInfo{141eb46 container=Task{cdeaccf #12029 type=standard A=10454:com.callmenot.app} flags=0x0}
01-04 09:42:18.557  2448  2538 V WindowManager: Start calculating TransitionInfo based on participants: {ActivityRecord{73998914 u0 com.sec.android.app.myfiles/.ui.MainActivity t12002}, ActivityRecord{95647536 u0 com.callmenot.app/.MainActivity t12029 f} isExiting}, Task{a3fe253 #12002 type=standard I=com.sec.android.app.myfiles/.ui.MainActivity}, ActivityRecord{213189107 u0 com.google.android.packageinstaller/com.android.packageinstaller.DeleteStagedFileOnResult t12002 f}}, Task{cdeaccf #12029 type=standard A=10454:com.callmenot.app}}
01-04 09:42:18.557  2448  2538 V WindowManager:   Final targets: [ChangeInfo{489c588 container=Task{a3fe253 #12002 type=standard I=com.sec.android.app.myfiles/.ui.MainActivity} flags=0x30}, ChangeInfo{141eb46 container=Task{cdeaccf #12029 type=standard A=10454:com.callmenot.app} flags=0x10}]
01-04 09:42:18.561  2448  2538 V WindowManager:         {WCT{RemoteToken{4f5408f Task{cdeaccf #12029 type=standard A=10454:com.callmenot.app}}} m=CLOSE f=NONE leash=Surface(name=Task=12029)/@0xefc8d69 sb=Rect(0, 0 - 1080, 2340) eb=Rect(0, 0 - 1080, 2340) epz=Point(1080, 2340) d=0 taskParent=-1 inset=Rect(0, 0 - 0, 0) dim=true}
01-04 09:42:18.576  2448  2534 V WindowManager: Sent Transition (#1029) createdAt=01-04 09:42:18.381 via request=TransitionRequestInfo { type = CLOSE, triggerTask = TaskInfo{userId=0 taskId=12029 effectiveUid=10454 displayId=0 isRunning=true baseIntent=Intent { act=android.intent.action.MAIN cat=[android.intent.category.LAUNCHER] flg=0x34000000 pkg=com.callmenot.app cmp=com.callmenot.app/.MainActivity } baseActivity=ComponentInfo{com.callmenot.app/com.callmenot.app.MainActivity} topActivity=ComponentInfo{com.callmenot.app/com.callmenot.app.MainActivity} origActivity=null realActivity=ComponentInfo{com.callmenot.app/com.callmenot.app.MainActivity} numActivities=1 lastActiveTime=53491984 supportsMultiWindow=true resizeMode=1 isResizeable=true minWidth=-1 minHeight=-1 maxWidth=-1 maxHeight=-1 defaultMinSize=220 desktopDefaultMinSize=304 token=WCT{RemoteToken{4f5408f Task{cdeaccf #12029 type=standard A=10454:com.callmenot.app}}} topActivityType=1 pictureInPictureParams=null shouldDockBigOverlays=false launchIntoPipHostTaskId=-1 lastParentTaskIdBeforePip=-1 displayCutoutSafeInsets=Rect(0, 0 - 0, 0) topActivityInfo=ActivityInfo{9a6d0fa com.callmenot.app.MainActivity} launchCookies=[] positionInParent=Point(0, 0) parentTaskId=-1 isFocused=true isVisible=true isVisibleRequested=true isTopActivityNoDisplay=false isSleeping=false locusId=null displayAreaFeatureId=1 isTopActivityTransparent=false isActivityStackTransparent=false lastNonFullscreenBounds=Rect(81, 553 - 999, 1723) capturedLink=null capturedLinkTimestamp=0 requestedVisibleTypes=-9 topActivityRequestOpenInBrowserEducationTimestamp=0 appCompatTaskInfo=AppCompatTaskInfo { topActivityInSizeCompat=false eligibleForLetterboxEducation= false isLetterboxEducationEnabled= false isLetterboxDoubleTapEnabled= false eligibleForUserAspectRatioButton= false topActivityBoundsLetterboxed= false isFromLetterboxDoubleTap= false topActivityLetterboxVerticalPosition= -1 topActivityLetterboxHorizontalPosition= -1 topActivityLetterboxWidth=-1 topActivityLetterboxHeight=-1 topActivityAppBounds=Rect(0, 81 - 1080, 2196) isUserFullscreenOverrideEnabled=false isSystemFullscreenOverrideEnabled=false hasMinAspectRatioOverride=false topActivityLetterboxBounds=null cameraCompatTaskInfo=CameraCompatTaskInfo { freeformCameraCompatMode=inactive} topActivityBounds=null topActivityInDisplayCompat=false singleTapFromLetterbox=false} topActivityMainWindowFrame=null originallySupportedMultiWindow=true hasWallpaper=false rootAffinity=10454:com.callmenot.app isTopTaskInStage=false CoverLauncherWidgetTask=false LaunchedFromAppsCoverLauncherTask=false LaunchedFromMultistarCoverLauncherTask=false isAllowedSeamlessRotation=false isTopTransparentActivity=false isAliasManaged=false hasConfigChanged=false snappingGuideBounds=null isAiKeyRemoveAppTask=false lastDesktopWindowingBounds=null lastExternalDesktopWindowingBounds=null safeCutoutInsets=null}, pipChange = null, remoteTransition = null, displayChange = null, flags = 16, debugId = 1029 }
01-04 09:42:18.577  2448  2534 V WindowManager:         {WCT{RemoteToken{4f5408f Task{cdeaccf #12029 type=standard A=10454:com.callmenot.app}}} m=CLOSE f=NONE leash=Surface(name=Task=12029)/@0xefc8d69 sb=Rect(0, 0 - 1080, 2340) eb=Rect(0, 0 - 1080, 2340) epz=Point(1080, 2340) d=0 taskParent=-1 inset=Rect(0, 0 - 0, 0) dim=true}
01-04 09:42:18.886  2448  2537 W ActivityTaskManager: Activity top resumed state loss timeout for ActivityRecord{95647536 u0 com.callmenot.app/.MainActivity t12029 f} isExiting}
01-04 09:42:18.985  2448  5228 V WindowManager:    ChangeInfo{e6e6d2b container=ActivityRecord{95647536 u0 com.callmenot.app/.MainActivity t12029 f} isExiting} flags=0x0}
01-04 09:42:18.985  2448  5228 V WindowManager:    ChangeInfo{141eb46 container=Task{cdeaccf #12029 type=standard A=10454:com.callmenot.app} flags=0x10}
01-04 09:42:18.986  2448  5228 V WindowManager: Setting visibility of Window{4324b29 u0 com.callmenot.app/com.callmenot.app.MainActivity EXITING}: false, caller=com.android.server.wm.WindowContainer.sendAppVisibilityToClients:19 com.android.server.wm.WindowToken.setClientVisible:48 com.android.server.wm.ActivityRecord.commitVisibility:186 com.android.server.wm.TransitionController.finishTransition:846 com.android.server.wm.WindowOrganizerController.finishTransitionInner:31 
01-04 09:42:18.989  2448  5228 W WindowManager: Exception thrown during dispatchAppVisibility Window{4324b29 u0 com.callmenot.app/com.callmenot.app.MainActivity EXITING}
01-04 09:42:18.989  2448  5228 W WindowManager: android.os.DeadObjectException
01-04 09:42:18.990  2448  5228 V WindowManager: Remove Window{4324b29 u0 com.callmenot.app/com.callmenot.app.MainActivity EXITING}: mSurfaceControl=Surface(name=com.callmenot.app/com.callmenot.app.MainActivity$_2087)/@0xb29b5bd mAnimatingExit=true mRemoveOnExit=true mHasSurface=true surfaceShowing=true animating=false app-animation=false callers=com.android.server.wm.WindowToken.removeAllWindowsIfPossible:45 com.android.server.wm.WindowToken.removeIfPossible:16 com.android.server.wm.WindowToken.handleCompleteDeferredRemoval:5 com.android.server.wm.WindowContainer.handleCompleteDeferredRemoval:21 com.android.server.wm.TaskFragment.handleCompleteDeferredRemoval:17 com.android.server.wm.WindowContainer.handleCompleteDeferredRemoval:21 
01-04 09:42:18.992  2448  5228 V WindowManager: Remove Window{4324b29 u0 com.callmenot.app/com.callmenot.app.MainActivity EXITING}: mSurfaceControl=Surface(name=com.callmenot.app/com.callmenot.app.MainActivity$_2087)/@0xb29b5bd mAnimatingExit=true mRemoveOnExit=true mHasSurface=true surfaceShowing=true animating=false app-animation=false callers=com.android.server.wm.WindowToken.removeAllWindowsIfPossible:45 com.android.server.wm.WindowToken.removeIfPossible:16 com.android.server.wm.ActivityRecord.onRemovedFromDisplay:407 com.android.server.wm.ActivityRecord.removeImmediately:46 com.android.server.wm.WindowToken.removeIfPossible:19 com.android.server.wm.WindowToken.handleCompleteDeferredRemoval:5 
01-04 09:42:18.997  2448  5228 D ChangeTransitionController:    ChangeInfo{e6e6d2b container=ActivityRecord{95647536 u0 com.callmenot.app/.MainActivity t-1 f}} flags=0x0}
01-04 09:42:18.997  2448  5228 D ChangeTransitionController:    ChangeInfo{141eb46 container=Task{cdeaccf #12029 type=standard A=10454:com.callmenot.app} flags=0x10}
01-04 09:42:19.467  2448  2544 I ActivityManager: Start proc 2330:com.callmenot.app/u0a454 for service {com.callmenot.app/com.callmenot.app.service.SamsungCallBlockerService}
01-04 09:42:19.515  1121  1121 D io_stats: !@ Write_top(KB): system_server(2448) 244 f2fs_ckpt-254:5(1212) 152 m.callmenot.app(2087) 120
01-04 09:42:19.887  2330  2330 E AndroidRuntime: FATAL EXCEPTION: main
01-04 09:42:19.887  2330  2330 E AndroidRuntime: Process: com.callmenot.app, PID: 2330
01-04 09:42:19.887  2330  2330 E AndroidRuntime: java.lang.RuntimeException: Unable to create service com.callmenot.app.service.ProtectionNotificationService: java.lang.SecurityException: Starting FGS with type phoneCall callerApp=ProcessRecord{af84532 2330:com.callmenot.app/u0a454} targetSDK=34 requires permissions: all of the permissions allOf=true [android.permission.FOREGROUND_SERVICE_PHONE_CALL] any of the permissions allOf=false [android.permission.MANAGE_OWN_CALLS, android.app.role.DIALER] 
01-04 09:42:19.887  2330  2330 E AndroidRuntime: Caused by: java.lang.SecurityException: Starting FGS with type phoneCall callerApp=ProcessRecord{af84532 2330:com.callmenot.app/u0a454} targetSDK=34 requires permissions: all of the permissions allOf=true [android.permission.FOREGROUND_SERVICE_PHONE_CALL] any of the permissions allOf=false [android.permission.MANAGE_OWN_CALLS, android.app.role.DIALER] 
01-04 09:42:19.887  2330  2330 E AndroidRuntime: 	at android.os.Parcel.createExceptionOrNull(Parcel.java:3354)
01-04 09:42:19.887  2330  2330 E AndroidRuntime: 	at android.os.Parcel.createException(Parcel.java:3338)
01-04 09:42:19.887  2330  2330 E AndroidRuntime: 	at android.os.Parcel.readException(Parcel.java:3321)
01-04 09:42:19.887  2330  2330 E AndroidRuntime: 	at android.os.Parcel.readException(Parcel.java:3263)
01-04 09:42:19.887  2330  2330 E AndroidRuntime: 	at com.callmenot.app.service.ProtectionNotificationService.onCreate(ProtectionNotificationService.kt:42)
01-04 09:42:19.887  2330  2330 E AndroidRuntime: Caused by: android.os.RemoteException: Remote stack trace:
01-04 09:42:19.897  2448  2350 W ActivityManager: crash : com.callmenot.app,10454
01-04 09:42:19.897  2448  2535 I ActivityManager: Showing crash dialog for package com.callmenot.app u0
01-04 09:42:19.919  5026  5026 I SDHMS:PowerAnomaly:Gatherer:AppError: update AppError : uid=10454, pkg=com.callmenot.app, errorType=crash
01-04 09:42:19.924  5026  5026 I SDHMS:PowerAnomaly:Analyzer:AppError: analyze app error : uid=10454, pkg=com.callmenot.app, appErrorCount=2
01-04 09:42:19.934  2448  2535 D WindowManager: Changing focus from Window{5bc8e20 u0 com.sec.android.app.myfiles/com.sec.android.app.myfiles.ui.MainActivity} to Window{33f7203 u0 Application Error: com.callmenot.app} displayId=0 Callers=com.android.server.wm.WindowManagerService.addWindowInner:565 com.android.server.wm.WindowManagerService.addWindow:1842 com.android.server.wm.Session.addToDisplayAsUser:24 android.view.ViewRootImpl.setView:1974 
01-04 09:42:19.936  2448  2535 D InsetsSourceProvider: updateControlForTarget: control=InsetsSourceControl: {26b60000 mType=statusBars initiallyVisible mSurfacePosition=Point(0, 0) mInsetsHint=Insets{left=0, top=81, right=0, bottom=0}}, target=Window{33f7203 u0 Application Error: com.callmenot.app}, from=com.android.server.wm.InsetsStateController.onControlTargetChanged:83 com.android.server.wm.InsetsPolicy.updateBarControlTarget:212 com.android.server.wm.DisplayPolicy.updateSystemBarAttributes:262 com.android.server.wm.WindowManagerService.updateFocusedWindowLocked:372 com.android.server.wm.WindowManagerService.addWindowInner:565 
01-04 09:42:19.936  2448  2535 D InsetsSourceProvider: updateControlForTarget: control=InsetsSourceControl: {872b0001 mType=navigationBars initiallyVisible mSurfacePosition=Point(0, 2196) mInsetsHint=Insets{left=0, top=0, right=0, bottom=144}}, target=Window{33f7203 u0 Application Error: com.callmenot.app}, from=com.android.server.wm.InsetsStateController.onControlTargetChanged:83 com.android.server.wm.InsetsPolicy.updateBarControlTarget:225 com.android.server.wm.DisplayPolicy.updateSystemBarAttributes:262 com.android.server.wm.WindowManagerService.updateFocusedWindowLocked:372 com.android.server.wm.WindowManagerService.addWindowInner:565 
01-04 09:42:19.937  2448  2535 D WindowManager: updateSystemBarAttributes: displayId=0, focusedCanBeNavColorWin=false, win=Window{33f7203 u0 Application Error: com.callmenot.app}, navColorWin=Window{5bc8e20 u0 com.sec.android.app.myfiles/com.sec.android.app.myfiles.ui.MainActivity}, caller=com.android.server.wm.WindowManagerService.updateFocusedWindowLocked:372 com.android.server.wm.WindowManagerService.addWindowInner:565 com.android.server.wm.WindowManagerService.addWindow:1842 
01-04 09:42:19.937  2448  2535 V SystemKeyManager: updateFocusedWindow() is called, Application Error: com.callmenot.app
01-04 09:42:19.949  2448  2535 D CoreBackPreview: Window{33f7203 u0 Application Error: com.callmenot.app}: Setting back callback OnBackInvokedCallbackInfo{mCallback=android.window.WindowOnBackInvokedDispatcher$OnBackInvokedCallbackWrapper@707791a, mPriority=-1, mIsAnimationCallback=false, mOverrideBehavior=0}
01-04 09:42:19.952  2448  2535 D WindowManager: makeSurface duration=1 name=Application Error: com.callmenot.app
01-04 09:42:19.973  2448  2535 D WindowManager: finishDrawingWindow: Window{33f7203 u0 Application Error: com.callmenot.app} mDrawState=DRAW_PENDING seqId=0
01-04 09:42:19.978  2448  2538 I WindowManager: Reparenting to leash, surface=Surface(name=33f7203 Application Error: com.callmenot.app)/@0x729d240, leashParent=Surface(name=WindowToken{691d97c type=2003 android.view.ViewRootImpl$W@e7fb502})/@0x85e3579
01-04 09:42:19.979  2448  2538 D WindowManager: makeSurface duration=2 leash=Surface(name=Surface(name=33f7203 Application Error: com.callmenot.app)/@0x729d240 - animation-leash of window_animation)/@0x8fdd2be
01-04 09:42:19.979  2448  2538 V WindowManager: performShowLocked: mDrawState=HAS_DRAWN in Window{33f7203 u0 Application Error: com.callmenot.app}
01-04 09:42:20.015  2448  2538 D WindowManager: updateSystemBarAttributes: displayId=0, focusedCanBeNavColorWin=false, win=Window{33f7203 u0 Application Error: com.callmenot.app}, navColorWin=Window{33f7203 u0 Application Error: com.callmenot.app}, caller=com.android.server.wm.DisplayPolicy.finishPostLayoutPolicyLw:17 com.android.server.wm.RootWindowContainer.applySurfaceChangesTransaction$1:195 com.android.server.wm.RootWindowContainer.performSurfacePlacementNoTrace:59 
01-04 09:42:20.301  2448  2538 I WindowManager: Reparenting to original parent: Surface(name=WindowToken{691d97c type=2003 android.view.ViewRootImpl$W@e7fb502})/@0x85e3579, destroy=true, surface=Surface(name=33f7203 Application Error: com.callmenot.app)/@0x729d240
01-04 09:42:23.517  1121  1121 D io_stats: !@ Read_top(KB): system_server(2448) 336 m.callmenot.app(2330) 64 gearhead:shared(31862) 52
01-04 09:42:29.485  2448  2535 D CoreBackPreview: Window{33f7203 u0 Application Error: com.callmenot.app}: Setting back callback null
01-04 09:42:29.505  2448  2535 V WindowManager: Remove Window{33f7203 u0 Application Error: com.callmenot.app}: mSurfaceControl=Surface(name=Application Error: com.callmenot.app)/@0x692745b mAnimatingExit=false mRemoveOnExit=false mHasSurface=true surfaceShowing=true animating=false app-animation=false callers=com.android.server.wm.Session.remove:16 android.view.ViewRootImpl.dispatchDetachedFromWindow:7915 android.view.ViewRootImpl.doDie:12278 android.view.ViewRootImpl.die:12237 android.view.WindowManagerGlobal.removeViewLocked:723 android.view.WindowManagerGlobal.removeView:654 
01-04 09:42:29.506  2448  2535 I WindowManager: Reparenting to leash, surface=Surface(name=33f7203 Application Error: com.callmenot.app)/@0x729d240, leashParent=Surface(name=WindowToken{691d97c type=2003 android.view.ViewRootImpl$W@e7fb502})/@0x85e3579
01-04 09:42:29.508  2448  2535 D WindowManager: makeSurface duration=2 leash=Surface(name=Surface(name=33f7203 Application Error: com.callmenot.app)/@0x729d240 - animation-leash of window_animation)/@0x7828dd1
01-04 09:42:29.509  2448  2535 D WindowManager: Changing focus from Window{33f7203 u0 Application Error: com.callmenot.app EXITING} to Window{5bc8e20 u0 com.sec.android.app.myfiles/com.sec.android.app.myfiles.ui.MainActivity} displayId=0 Callers=com.android.server.wm.WindowState.removeIfPossible:602 com.android.server.wm.Session.remove:16 android.view.ViewRootImpl.dispatchDetachedFromWindow:7915 android.view.ViewRootImpl.doDie:12278 
01-04 09:42:29.514  2448  2535 D WindowManager: updateSystemBarAttributes: displayId=0, focusedCanBeNavColorWin=false, win=Window{5bc8e20 u0 com.sec.android.app.myfiles/com.sec.android.app.myfiles.ui.MainActivity}, navColorWin=Window{33f7203 u0 Application Error: com.callmenot.app EXITING}, caller=com.android.server.wm.WindowManagerService.updateFocusedWindowLocked:372 com.android.server.wm.WindowState.removeIfPossible:602 com.android.server.wm.Session.remove:16 
01-04 09:42:29.555  2448  3469 I ActivityManager: Process com.callmenot.app (pid 2330) has died: fg  SVC (375,2601)
01-04 09:42:29.559  2448  3469 W ActivityManager: Scheduling restart of crashed service com.callmenot.app/.service.SamsungCallBlockerService in 1800000ms for start-requested
01-04 09:42:29.559  2448  3469 W ActivityManager: Scheduling restart of crashed service com.callmenot.app/.service.ProtectionNotificationService in 1809999ms for start-requested
01-04 09:42:29.814  2448  2538 I WindowManager: Reparenting to original parent: Surface(name=WindowToken{691d97c type=2003 android.view.ViewRootImpl$W@e7fb502})/@0x85e3579, destroy=true, surface=Surface(name=33f7203 Application Error: com.callmenot.app)/@0x729d240
01-04 09:42:30.026  2448  5311 W PackageConfigPersister: App-specific configuration not found for packageName: com.callmenot.app and userId: 0
01-04 09:42:30.440  2448  4833 W PackageConfigPersister: App-specific configuration not found for packageName: com.callmenot.app and userId: 0
01-04 09:43:00.230  4097 30572 E LoadedApk: Exception : java.lang.NullPointerException: Attempt to invoke virtual method 'boolean android.os.Looper.isPerfLogEnable()' on a null object reference
01-04 09:43:00.247  4097 18914 E LoadedApk: Exception : java.lang.NullPointerException: Attempt to invoke virtual method 'boolean android.os.Looper.isPerfLogEnable()' on a null object reference
01-04 09:43:00.255  4097 27378 E LoadedApk: Exception : java.lang.NullPointerException: Attempt to invoke virtual method 'boolean android.os.Looper.isPerfLogEnable()' on a null object reference
01-04 09:43:30.160  2448  2555 E BluetoothPowerStatsCollector: java.util.concurrent.ExecutionException: java.lang.RuntimeException: error: 11
01-04 09:43:30.160  2448  2555 E BluetoothPowerStatsCollector: Caused by: java.lang.RuntimeException: error: 11
01-04 09:49:41.332  2448  2555 E BluetoothPowerStatsCollector: java.util.concurrent.ExecutionException: java.lang.RuntimeException: error: 11
01-04 09:49:41.332  2448  2555 E BluetoothPowerStatsCollector: Caused by: java.lang.RuntimeException: error: 11
01-04 09:52:37.756  2448  2555 E BluetoothPowerStatsCollector: java.util.concurrent.ExecutionException: java.lang.RuntimeException: error: 11
01-04 09:52:37.756  2448  2555 E BluetoothPowerStatsCollector: Caused by: java.lang.RuntimeException: error: 11
01-04 09:52:37.848  2448  2555 E BluetoothPowerStatsCollector: java.util.concurrent.ExecutionException: java.lang.RuntimeException: error: 11
01-04 09:52:37.848  2448  2555 E BluetoothPowerStatsCollector: Caused by: java.lang.RuntimeException: error: 11
01-04 09:55:18.045  4097 32496 E LoadedApk: Exception : java.lang.NullPointerException: Attempt to invoke virtual method 'boolean android.os.Looper.isPerfLogEnable()' on a null object reference
01-04 09:55:18.077  4097 18914 E LoadedApk: Exception : java.lang.NullPointerException: Attempt to invoke virtual method 'boolean android.os.Looper.isPerfLogEnable()' on a null object reference
01-04 09:55:18.086  4097 18914 E LoadedApk: Exception : java.lang.NullPointerException: Attempt to invoke virtual method 'boolean android.os.Looper.isPerfLogEnable()' on a null object reference
01-04 09:55:18.582  2448  2542 W ActivityManager: Rescheduling restart of crashed service com.callmenot.app/.service.ProtectionNotificationService in 1050977ms for mem-pressure-event
01-04 09:55:19.138  2448  2491 W PackageConfigPersister: App-specific configuration not found for packageName: com.callmenot.app and userId: 0
01-04 09:55:20.208  2448  2542 W ActivityManager: Rescheduling restart of crashed service com.callmenot.app/.service.SamsungCallBlockerService in 1029350ms for mem-pressure-event
01-04 09:55:20.209  2448  2542 W ActivityManager: Rescheduling restart of crashed service com.callmenot.app/.service.ProtectionNotificationService in 1039350ms for mem-pressure-event
01-04 09:55:20.593  2448  2542 W ActivityManager: Rescheduling restart of crashed service com.callmenot.app/.service.ProtectionNotificationService in 1048966ms for mem-pressure-event
01-04 09:55:23.171  2448  2542 W ActivityManager: Rescheduling restart of crashed service com.callmenot.app/.service.ProtectionNotificationService in 1056388ms for mem-pressure-event
01-04 09:55:23.412  2448  2542 W ActivityManager: Rescheduling restart of crashed service com.callmenot.app/.service.SamsungCallBlockerService in 1026146ms for mem-pressure-event
01-04 09:55:23.413  2448  2542 W ActivityManager: Rescheduling restart of crashed service com.callmenot.app/.service.ProtectionNotificationService in 1046146ms for mem-pressure-event
01-04 09:55:25.436  2448  2542 W ActivityManager: Rescheduling restart of crashed service com.callmenot.app/.service.SamsungCallBlockerService in 1024123ms for mem-pressure-event
01-04 09:55:25.436  2448  2542 W ActivityManager: Rescheduling restart of crashed service com.callmenot.app/.service.ProtectionNotificationService in 1034123ms for mem-pressure-event
01-04 09:55:25.471 21952 21952 E [-0600]oneconnect[1.8.41.23_01][BEACON_MANAGER_CONTROL_SERVICE]: SepWrapperUtil.semEnablePassiveScan - executeWithCatch - java.lang.reflect.InvocationTargetException
01-04 09:55:25.980  2448  2542 W ActivityManager: Rescheduling restart of crashed service com.callmenot.app/.service.ProtectionNotificationService in 1043579ms for mem-pressure-event
01-04 09:55:27.545  2448  2542 W ActivityManager: Rescheduling restart of crashed service com.callmenot.app/.service.SamsungCallBlockerService in 1022014ms for mem-pressure-event
01-04 09:55:27.545  2448  2542 W ActivityManager: Rescheduling restart of crashed service com.callmenot.app/.service.ProtectionNotificationService in 1032014ms for mem-pressure-event
01-04 09:55:28.274  2448  2542 W ActivityManager: Rescheduling restart of crashed service com.callmenot.app/.service.ProtectionNotificationService in 1051285ms for mem-pressure-event
01-04 09:55:29.210  2448  2542 W ActivityManager: Rescheduling restart of crashed service com.callmenot.app/.service.SamsungCallBlockerService in 1020349ms for mem-pressure-event
01-04 09:55:29.210  2448  2542 W ActivityManager: Rescheduling restart of crashed service com.callmenot.app/.service.ProtectionNotificationService in 1040349ms for mem-pressure-event
01-04 09:55:30.554  2448  2542 W ActivityManager: Rescheduling restart of crashed service com.callmenot.app/.service.SamsungCallBlockerService in 1019005ms for mem-pressure-event
01-04 09:55:30.555  2448  2542 W ActivityManager: Rescheduling restart of crashed service com.callmenot.app/.service.ProtectionNotificationService in 1029005ms for mem-pressure-event
01-04 09:55:30.882  6420  6420 W Bundle  : Attempt to cast generated internal exception:
01-04 09:55:30.882  6420  6420 W Bundle  : java.lang.ClassCastException: Cannot cast [Ljava.lang.String; to java.util.ArrayList
01-04 09:55:30.885  6420  6420 W PhotopickerUserMonitor: android.content.res.Resources$NotFoundException: No badge found for this user.
01-04 09:55:30.886  6420  6420 W PhotopickerUserMonitor: android.content.res.Resources$NotFoundException: No badge found for this user.
01-04 09:55:30.886  6420  6420 W PhotopickerUserMonitor: android.content.res.Resources$NotFoundException: No badge found for this user.
01-04 09:55:32.935  2448  2543 W BroadcastQueue: Failed to schedule BroadcastRecord{e532e21 action_notification_poll/u0} to ResolveInfo{ffee246 org.wikipedia/.notifications.NotificationPollBroadcastReceiver m=0x0 userHandle=null} via ProcessRecord{33bfdeb 2216:org.wikipedia/u0a353} with Intent { act=action_notification_poll flg=0x10 xflg=0x4 cmp=org.wikipedia/.notifications.NotificationPollBroadcastReceiver }: android.os.DeadObjectException
01-04 09:55:32.938  2448  2543 W BroadcastQueue: Failed to schedule BroadcastRecord{e532e21 action_notification_poll/u0} to ResolveInfo{ffee246 org.wikipedia/.notifications.NotificationPollBroadcastReceiver m=0x0 userHandle=null} via ProcessRecord{33bfdeb 2216:org.wikipedia/u0a353} with Intent { act=action_notification_poll flg=0x10 xflg=0x4 cmp=org.wikipedia/.notifications.NotificationPollBroadcastReceiver }: android.os.DeadObjectException
01-04 09:55:33.273  2448  2542 W ActivityManager: Rescheduling restart of crashed service com.callmenot.app/.service.ProtectionNotificationService in 1046286ms for mem-pressure-event
01-04 09:55:33.586  2448  2542 W ActivityManager: Rescheduling restart of crashed service com.callmenot.app/.service.SamsungCallBlockerService in 1015972ms for mem-pressure-event
01-04 09:55:33.586  2448  2542 W ActivityManager: Rescheduling restart of crashed service com.callmenot.app/.service.ProtectionNotificationService in 1035972ms for mem-pressure-event
01-04 09:55:33.909  5300  5392 I BugleRcsJibe: RcsServiceConnectionException was raised while waiting to connect to RcsEngineLifecycleServiceV2
01-04 09:55:34.083  5300  5392 I BugleRcsJibe: RcsServiceConnectionException was raised while waiting to connect to RcsEngineLifecycleServiceV2
01-04 09:55:34.089  5300  5398 I BugleRcsJibe: RcsServiceConnectionException was raised while waiting to connect to RcsEngineLifecycleServiceV2
01-04 09:55:35.731  2448  2542 W ActivityManager: Rescheduling restart of crashed service com.callmenot.app/.service.SamsungCallBlockerService in 1013828ms for mem-pressure-event
01-04 09:55:35.731  2448  2542 W ActivityManager: Rescheduling restart of crashed service com.callmenot.app/.service.ProtectionNotificationService in 1023828ms for mem-pressure-event
01-04 09:55:41.195  2448  4834 E ContentProviderHelper: java.lang.IllegalStateException: Unable to check Uri permission because caller is holding WM lock; assuming permission denied
01-04 09:55:41.196  2448  4834 E ContentProviderHelper: java.lang.IllegalStateException: Unable to check Uri permission because caller is holding WM lock; assuming permission denied
01-04 09:55:41.196  2448  4834 E ContentProviderHelper: java.lang.IllegalStateException: Unable to check Uri permission because caller is holding WM lock; assuming permission denied
01-04 09:55:41.196  2448  4834 E ContentProviderHelper: java.lang.IllegalStateException: Unable to check Uri permission because caller is holding WM lock; assuming permission denied
01-04 09:55:41.197  2448  4834 E ContentProviderHelper: java.lang.IllegalStateException: Unable to check Uri permission because caller is holding WM lock; assuming permission denied
01-04 09:55:41.197  2448  4834 E ContentProviderHelper: java.lang.IllegalStateException: Unable to check Uri permission because caller is holding WM lock; assuming permission denied
01-04 09:55:41.197  2448  4834 E ContentProviderHelper: java.lang.IllegalStateException: Unable to check Uri permission because caller is holding WM lock; assuming permission denied
01-04 09:55:41.197  2448  4834 E ContentProviderHelper: java.lang.IllegalStateException: Unable to check Uri permission because caller is holding WM lock; assuming permission denied
01-04 09:55:45.951  6787  6787 E HBD     : android.content.pm.PackageManager$NameNotFoundException: com.sec.android.inputmethod
01-04 09:55:46.016  6787  6807 E HBD     : f [SKE_REPLACEMENT] java.io.FileNotFoundException: /data/user/0/com.samsung.android.honeyboard/app_SwiftKey/user/revokedlist: open failed: ENOENT (No such file or directory), Error while reading the revokedList from file.
01-04 09:55:46.016  6787  6815 E HBD     : f [SKE_REPLACEMENT] java.io.FileNotFoundException: /data/user/0/com.samsung.android.honeyboard/app_SwiftKey/user/revokedlist: open failed: ENOENT (No such file or directory), Error while reading the revokedList from file.
01-04 09:55:47.034  2448  2542 W ActivityManager: Rescheduling restart of crashed service com.callmenot.app/.service.ProtectionNotificationService in 1042525ms for mem-pressure-event
01-04 09:55:48.445  2448  2542 W ActivityManager: Rescheduling restart of crashed service com.callmenot.app/.service.SamsungCallBlockerService in 1001114ms for mem-pressure-event
01-04 09:55:48.446  2448  2542 W ActivityManager: Rescheduling restart of crashed service com.callmenot.app/.service.ProtectionNotificationService in 1021114ms for mem-pressure-event
01-04 09:55:49.070  2448  2542 W ActivityManager: Rescheduling restart of crashed service com.callmenot.app/.service.SamsungCallBlockerService in 1000488ms for mem-pressure-event
01-04 09:55:49.070  2448  2542 W ActivityManager: Rescheduling restart of crashed service com.callmenot.app/.service.ProtectionNotificationService in 1010488ms for mem-pressure-event
01-04 09:55:56.861  6420  6420 W Bundle  : Attempt to cast generated internal exception:
01-04 09:55:56.861  6420  6420 W Bundle  : java.lang.ClassCastException: Cannot cast [Ljava.lang.String; to java.util.ArrayList
01-04 09:55:56.864  6420  6420 W PhotopickerUserMonitor: android.content.res.Resources$NotFoundException: No badge found for this user.
01-04 09:55:56.864  6420  6420 W PhotopickerUserMonitor: android.content.res.Resources$NotFoundException: No badge found for this user.
01-04 09:55:56.865  6420  6420 W PhotopickerUserMonitor: android.content.res.Resources$NotFoundException: No badge found for this user.
01-04 09:56:05.166  2448  5851 E ContentProviderHelper: java.lang.IllegalStateException: Unable to check Uri permission because caller is holding WM lock; assuming permission denied
01-04 09:56:05.166  2448  5851 E ContentProviderHelper: java.lang.IllegalStateException: Unable to check Uri permission because caller is holding WM lock; assuming permission denied
01-04 09:56:05.167  2448  5851 E ContentProviderHelper: java.lang.IllegalStateException: Unable to check Uri permission because caller is holding WM lock; assuming permission denied
01-04 09:56:05.167  2448  5851 E ContentProviderHelper: java.lang.IllegalStateException: Unable to check Uri permission because caller is holding WM lock; assuming permission denied
01-04 09:56:05.167  2448  5851 E ContentProviderHelper: java.lang.IllegalStateException: Unable to check Uri permission because caller is holding WM lock; assuming permission denied
01-04 09:56:05.167  2448  5851 E ContentProviderHelper: java.lang.IllegalStateException: Unable to check Uri permission because caller is holding WM lock; assuming permission denied
01-04 09:56:05.168  2448  5851 E ContentProviderHelper: java.lang.IllegalStateException: Unable to check Uri permission because caller is holding WM lock; assuming permission denied
01-04 09:56:05.168  2448  5851 E ContentProviderHelper: java.lang.IllegalStateException: Unable to check Uri permission because caller is holding WM lock; assuming permission denied
01-04 09:56:13.645  2448  2555 E BluetoothPowerStatsCollector: java.util.concurrent.ExecutionException: java.lang.RuntimeException: error: 11
01-04 09:56:13.645  2448  2555 E BluetoothPowerStatsCollector: Caused by: java.lang.RuntimeException: error: 11
01-04 09:56:43.866  3252  3252 E ClockPackSettingsUtils: isRoamingState: android.provider.Settings$SettingNotFoundException: easy_mode_switch
01-04 09:56:43.898  3252  3252 E ClockPackSettingsUtils: isRoamingState: android.provider.Settings$SettingNotFoundException: easy_mode_switch
01-04 09:56:43.924  4097  4775 E LoadedApk: Exception : java.lang.NullPointerException: Attempt to invoke virtual method 'boolean android.os.Looper.isPerfLogEnable()' on a null object reference
01-04 09:56:43.952  4097  1478 E LoadedApk: Exception : java.lang.NullPointerException: Attempt to invoke virtual method 'boolean android.os.Looper.isPerfLogEnable()' on a null object reference
