01-04 10:02:27.835  3252  3360 V WindowManagerShell: Transition requested (#1072): android.os.BinderProxy@411942 TransitionRequestInfo { type = OPEN, triggerTask = TaskInfo{userId=0 taskId=12035 effectiveUid=10455 displayId=0 isRunning=true baseIntent=Intent { act=android.intent.action.MAIN cat=[android.intent.category.LAUNCHER] flg=0x34000000 pkg=com.callmenot.app cmp=com.callmenot.app/.MainActivity } baseActivity=ComponentInfo{com.callmenot.app/com.callmenot.app.MainActivity} topActivity=ComponentInfo{com.callmenot.app/com.callmenot.app.MainActivity} origActivity=null realActivity=ComponentInfo{com.callmenot.app/com.callmenot.app.MainActivity} numActivities=2 lastActiveTime=54706689 supportsMultiWindow=true resizeMode=1 isResizeable=true minWidth=-1 minHeight=-1 maxWidth=-1 maxHeight=-1 defaultMinSize=220 desktopDefaultMinSize=304 token=WCT{android.window.IWindowContainerToken$Stub$Proxy@c760d53} topActivityType=1 pictureInPictureParams=null shouldDockBigOverlays=false launchIntoPipHostTaskId=-1 lastParentTaskIdBeforePip=-1 displayCutoutSafeInsets=Rect(0, 0 - 0, 0) topActivityInfo=ActivityInfo{7852690 com.callmenot.app.MainActivity} launchCookies=[] positionInParent=Point(0, 0) parentTaskId=-1 isFocused=true isVisible=true isVisibleRequested=true isTopActivityNoDisplay=false isSleeping=false locusId=null displayAreaFeatureId=1 isTopActivityTransparent=false isActivityStackTransparent=false lastNonFullscreenBounds=Rect(81, 553 - 999, 1723) capturedLink=null capturedLinkTimestamp=0 requestedVisibleTypes=-9 topActivityRequestOpenInBrowserEducationTimestamp=0 appCompatTaskInfo=AppCompatTaskInfo { topActivityInSizeCompat=false eligibleForLetterboxEducation= false isLetterboxEducationEnabled= false isLetterboxDoubleTapEnabled= false eligibleForUserAspectRatioButton= false topActivityBoundsLetterboxed= false isFromLetterboxDoubleTap= false topActivityLetterboxVerticalPosition= -1 topActivityLetterboxHorizontalPosition= -1 topActivityLetterboxWidth=-1 topActivityLetterboxHeight=-1 topActivityAppBounds=Rect(0, 81 - 1080, 2196) isUserFullscreenOverrideEnabled=false isSystemFullscreenOverrideEnabled=false hasMinAspectRatioOverride=false topActivityLetterboxBounds=null cameraCompatTaskInfo=CameraCompatTaskInfo { freeformCameraCompatMode=inactive} topActivityBounds=null topActivityInDisplayCompat=false singleTapFromLetterbox=false} topActivityMainWindowFrame=null originallySupportedMultiWindow=true hasWallpaper=false rootAffinity=10455:com.callmenot.app isTopTaskInStage=false CoverLauncherWidgetTask=false LaunchedFromAppsCoverLauncherTask=false LaunchedFromMultistarCoverLauncherTask=false isAllowedSeamlessRotation=false isTopTransparentActivity=false isAliasManaged=false hasConfigChanged=false snappingGuideBounds=null isAiKeyRemoveAppTask=false lastDesktopWindowingBounds=null lastExternalDesktopWindowingBounds=null safeCutoutInsets=null}, pipChange = null, remoteTransition = null, displayChange = null, flags = 0, debugId = 1072 }
01-04 10:02:27.839  2448  2537 D SGM:FgCheckThread: notePauseComponent(), received pkgName: com.callmenot.app, userId: 0
01-04 10:02:27.840  2448  5117 V WindowManager: Collecting in transition 1072: ActivityRecord{62738797 u0 com.callmenot.app/.MainActivity t12035}, caller=com.android.server.wm.TransitionController.collect:7 com.android.server.wm.ActivityRecord.setVisibility:132 com.android.server.wm.ActivityRecord.makeVisibleIfNeeded:36 com.android.server.wm.EnsureActivitiesVisibleHelper.process:538 com.android.server.wm.TaskFragment.updateActivityVisibilities:12 
01-04 10:02:27.840  2448  5117 V WindowManager: Collecting in transition 1072: ActivityRecord{221478779 u0 com.callmenot.app/.MainActivity t12035}, caller=com.android.server.wm.TransitionController.collect:7 com.android.server.wm.ActivityRecord.setVisibility:132 com.android.server.wm.ActivityRecord.makeInvisible:32 com.android.server.wm.EnsureActivitiesVisibleHelper.process:542 com.android.server.wm.TaskFragment.updateActivityVisibilities:12 
01-04 10:02:27.841  2448  5117 D WindowManager: prepareSync <SYNC_STATE_WAITING_FOR_DRAW>, mPrepareSyncSeqId=0, win=Window{ee53ee2 u0 com.callmenot.app/com.callmenot.app.MainActivity}
01-04 10:02:27.841  2448  5117 D WindowManager: rotationForOrientation, orientationSource=ActivityRecord{62738797 u0 com.callmenot.app/.MainActivity t12035}
01-04 10:02:27.841  2448  5117 V WindowManager: Collecting in transition 1072: ActivityRecord{62738797 u0 com.callmenot.app/.MainActivity t12035}, caller=com.android.server.wm.TransitionController.collect:7 com.android.server.wm.ActivityRecord.setVisibility:132 com.android.server.wm.ActivityTaskSupervisor.realStartActivityLocked:203 com.android.server.wm.ActivityTaskSupervisor.startSpecificActivity:27 com.android.server.wm.TaskFragment.resumeTopActivity:2089 
01-04 10:02:27.842  2448  5117 D SGM:FgCheckThread: notifyAppCreated(), packageName: com.callmenot.app, userId: 0, sendRet: true
01-04 10:02:27.842  2448  2988 D SGM:FgCheckThread: onLooperPrepared(), msg: MSG_APP_CREATE, pkgName: com.callmenot.app, userId: 0
01-04 10:02:27.842  2448  5851 D NotiHistoryDatabase: updateCancelEvent key = 0|com.callmenot.app|1001|null|10455
01-04 10:02:27.843  2448  5117 D ActivityTaskManager: scheduleTopResumedActivityChanged, onTop=true, r=ActivityRecord{62738797 u0 com.callmenot.app/.MainActivity t12035}, caller=com.android.server.wm.ActivityTaskSupervisor.scheduleTopResumedActivityStateIfNeeded:18 com.android.server.wm.ActivityTaskSupervisor.updateTopResumedActivityIfNeeded:54 com.android.server.wm.TaskFragment.setResumedActivity:30 com.android.server.wm.ActivityRecord.setState:100 com.android.server.wm.ActivityTaskSupervisor.realStartActivityLocked:477 com.android.server.wm.ActivityTaskSupervisor.startSpecificActivity:27 
01-04 10:02:27.843  2448  5117 D WindowManagerServiceExt: updateTaskbarTargetIfNeeded: cn=ComponentInfo{com.callmenot.app/com.callmenot.app.MainActivity} occludesParent=true isInSplitScreenMode=false
01-04 10:02:27.845  2448  5117 D BLASTSyncEngine: SyncGroup 1072:  Unfinished container: ActivityRecord{62738797 u0 com.callmenot.app/.MainActivity t12035} mSyncState=2
01-04 10:02:27.846 10929 10929 D ActivityThread: com.callmenot.app will use render engine as VK
01-04 10:02:27.847  2448  2537 D SGM:FgCheckThread: noteResumeComponent(), received pkgName: com.callmenot.app, userId: 0
01-04 10:02:27.847  2448  2988 D SGM:FgCheckThread: onLooperPrepared(), msg: MSG_APP_RESUME, pkgName: com.callmenot.app, userid: 0
01-04 10:02:27.847  2448  2988 D SGM:FgCheckThread:   handleResume(). pkgName: com.callmenot.app, userId: 0, category: non-game
01-04 10:02:27.847  2448  2988 D SGM:FgCheckThread: notifyFocusInOut(). of pkg: com.callmenot.app, type: 4, isSecGameFamily: false, userId: 0
01-04 10:02:27.849  5026  5077 I SDHMS:k : handleResumeComponent : put = com.callmenot.app, userid = 0 instanceid =230232482
01-04 10:02:27.854  2448  2538 D BLASTSyncEngine: SyncGroup 1072:  Unfinished container: ActivityRecord{62738797 u0 com.callmenot.app/.MainActivity t12035} mSyncState=2
01-04 10:02:27.860  2448  5212 D WindowManager: prepareSync <SYNC_STATE_WAITING_FOR_DRAW>, mPrepareSyncSeqId=0, win=Window{e049e11 u0 com.callmenot.app/com.callmenot.app.MainActivity}
01-04 10:02:27.865  2448  5212 D BLASTSyncEngine: SyncGroup 1072:  Unfinished container: ActivityRecord{62738797 u0 com.callmenot.app/.MainActivity t12035} mSyncState=2
01-04 10:02:27.866  2448  5212 D InsetsSourceProvider: updateControlForTarget: control=InsetsSourceControl: {26b60000 mType=statusBars initiallyVisible mSurfacePosition=Point(0, 0) mInsetsHint=Insets{left=0, top=81, right=0, bottom=0}}, target=Window{ee53ee2 u0 com.callmenot.app/com.callmenot.app.MainActivity}, from=com.android.server.wm.InsetsStateController.onControlTargetChanged:83 com.android.server.wm.InsetsPolicy.updateBarControlTarget:212 com.android.server.wm.DisplayPolicy.updateSystemBarAttributes:262 com.android.server.wm.WindowManagerService.updateFocusedWindowLocked:372 com.android.server.wm.WindowManagerService.relayoutWindow:1350 
01-04 10:02:27.867  2448  5212 D InsetsSourceProvider: updateControlForTarget: control=InsetsSourceControl: {872b0001 mType=navigationBars initiallyVisible mSurfacePosition=Point(0, 2196) mInsetsHint=Insets{left=0, top=0, right=0, bottom=144}}, target=Window{ee53ee2 u0 com.callmenot.app/com.callmenot.app.MainActivity}, from=com.android.server.wm.InsetsStateController.onControlTargetChanged:83 com.android.server.wm.InsetsPolicy.updateBarControlTarget:225 com.android.server.wm.DisplayPolicy.updateSystemBarAttributes:262 com.android.server.wm.WindowManagerService.updateFocusedWindowLocked:372 com.android.server.wm.WindowManagerService.relayoutWindow:1350 
01-04 10:02:27.867  2448  5212 D WindowManager: updateSystemBarAttributes: displayId=0, focusedCanBeNavColorWin=false, win=Window{ee53ee2 u0 com.callmenot.app/com.callmenot.app.MainActivity}, navColorWin=Window{ee53ee2 u0 com.callmenot.app/com.callmenot.app.MainActivity}, caller=com.android.server.wm.WindowManagerService.updateFocusedWindowLocked:372 com.android.server.wm.WindowManagerService.relayoutWindow:1350 com.android.server.wm.Session.relayout:27 
01-04 10:02:27.878  2448  5212 D CoreBackPreview: Window{e049e11 u0 com.callmenot.app/com.callmenot.app.MainActivity}: Setting back callback OnBackInvokedCallbackInfo{mCallback=android.window.IOnBackInvokedCallback$Stub$Proxy@673b34e, mPriority=0, mIsAnimationCallback=false, mOverrideBehavior=0}
01-04 10:02:27.921  2448  5212 D WindowManager: makeSurface duration=1 name=com.callmenot.app/com.callmenot.app.MainActivity$_10929
01-04 10:02:27.922  2448  5212 D BLASTSyncEngine: SyncGroup 1072:  Unfinished container: ActivityRecord{62738797 u0 com.callmenot.app/.MainActivity t12035} mSyncState=2
01-04 10:02:27.923  2448  5212 D WindowManager: Changing focus from null to Window{e049e11 u0 com.callmenot.app/com.callmenot.app.MainActivity} displayId=0 Callers=com.android.server.wm.WindowManagerService.relayoutWindow:1350 com.android.server.wm.Session.relayout:27 android.view.IWindowSession$Stub.onTransact:829 com.android.server.wm.Session.onTransact:1 
01-04 10:02:27.924  2448  5212 D InsetsSourceProvider: updateControlForTarget: control=InsetsSourceControl: {26b60000 mType=statusBars initiallyVisible mSurfacePosition=Point(0, 0) mInsetsHint=Insets{left=0, top=81, right=0, bottom=0}}, target=Window{e049e11 u0 com.callmenot.app/com.callmenot.app.MainActivity}, from=com.android.server.wm.InsetsStateController.onControlTargetChanged:83 com.android.server.wm.InsetsPolicy.updateBarControlTarget:212 com.android.server.wm.DisplayPolicy.updateSystemBarAttributes:262 com.android.server.wm.WindowManagerService.updateFocusedWindowLocked:372 com.android.server.wm.WindowManagerService.relayoutWindow:1350 
01-04 10:02:27.924  2448  5212 D InsetsSourceProvider: updateControlForTarget: control=InsetsSourceControl: {872b0001 mType=navigationBars initiallyVisible mSurfacePosition=Point(0, 2196) mInsetsHint=Insets{left=0, top=0, right=0, bottom=144}}, target=Window{e049e11 u0 com.callmenot.app/com.callmenot.app.MainActivity}, from=com.android.server.wm.InsetsStateController.onControlTargetChanged:83 com.android.server.wm.InsetsPolicy.updateBarControlTarget:225 com.android.server.wm.DisplayPolicy.updateSystemBarAttributes:262 com.android.server.wm.WindowManagerService.updateFocusedWindowLocked:372 com.android.server.wm.WindowManagerService.relayoutWindow:1350 
01-04 10:02:27.924  2448  5212 V SystemKeyManager: updateFocusedWindow() is called, com.callmenot.app/com.callmenot.app.MainActivity
01-04 10:02:27.942  2448  5212 D WindowManager: finishDrawingWindow: Window{e049e11 u0 com.callmenot.app/com.callmenot.app.MainActivity} mDrawState=DRAW_PENDING seqId=0
01-04 10:02:27.943  2448  2538 V WindowManager: performShowLocked: mDrawState=HAS_DRAWN in Window{e049e11 u0 com.callmenot.app/com.callmenot.app.MainActivity}
01-04 10:02:27.943  2448  2538 D ChangeTransitionController:    ChangeInfo{5e3c5f0 container=ActivityRecord{62738797 u0 com.callmenot.app/.MainActivity t12035} flags=0x0}
01-04 10:02:27.943  2448  2538 D ChangeTransitionController:    ChangeInfo{fea9769 container=Task{d1a9dd6 #12035 type=standard A=10455:com.callmenot.app} flags=0x0}
01-04 10:02:27.943  2448  2538 D ChangeTransitionController:    ChangeInfo{b382d81 container=ActivityRecord{221478779 u0 com.callmenot.app/.MainActivity t12035} flags=0x0}
01-04 10:02:27.943  2448  2538 V WindowManager: Start calculating TransitionInfo based on participants: {ActivityRecord{62738797 u0 com.callmenot.app/.MainActivity t12035}, ActivityRecord{221478779 u0 com.callmenot.app/.MainActivity t12035}}
01-04 10:02:27.943  2448  2538 V WindowManager:   Final targets: [ChangeInfo{5e3c5f0 container=ActivityRecord{62738797 u0 com.callmenot.app/.MainActivity t12035} flags=0x0}, ChangeInfo{b382d81 container=ActivityRecord{221478779 u0 com.callmenot.app/.MainActivity t12035} flags=0x0}]
01-04 10:02:27.946  2448  2538 V WindowManager:         {m=OPEN f=FILLS_TASK|IS_ACTIVITY leash=Surface(name=ActivityRecord{62738797 u0 com.callmenot.app/.MainActivity t12035})/@0x78ede26 sb=Rect(0, 0 - 0, 0) eb=Rect(0, 0 - 1080, 2340) epz=Point(1080, 2340) d=-1->0 r=-1->0:-1 bc=fffafafa component=com.callmenot.app/.MainActivity opt={t=FROM_STYLE mUserId=0} inset=Rect(0, 0 - 0, 0) dim=true taskIdForActivity=12035},
01-04 10:02:27.946  2448  2538 V WindowManager:         {m=TO_BACK f=FILLS_TASK|IS_ACTIVITY leash=Surface(name=ActivityRecord{221478779 u0 com.callmenot.app/.MainActivity t12035})/@0x2b15dbf sb=Rect(0, 0 - 1080, 2340) eb=Rect(0, 0 - 1080, 2340) epz=Point(1080, 2340) d=0 bc=fffafafa component=com.callmenot.app/.MainActivity opt={t=FROM_STYLE mUserId=0} inset=Rect(0, 0 - 0, 0) taskIdForActivity=12035}
01-04 10:02:27.946  2448  2538 I ActivityTaskManager: done cause=notifyTransitionStarting drawn timestamp=16964930284881 info=TransitionInfo{f241014 a=ActivityRecord{62738797 u0 com.callmenot.app/.MainActivity t12035} d=true}
01-04 10:02:27.947  2448  2534 I Pageboost: Launch time gathered : pid 10929 com.callmenot.app 124
01-04 10:02:27.948  2448  2534 V WindowManager: Sent Transition (#1072) createdAt=01-04 10:02:27.825 via request=TransitionRequestInfo { type = OPEN, triggerTask = TaskInfo{userId=0 taskId=12035 effectiveUid=10455 displayId=0 isRunning=true baseIntent=Intent { act=android.intent.action.MAIN cat=[android.intent.category.LAUNCHER] flg=0x34000000 pkg=com.callmenot.app cmp=com.callmenot.app/.MainActivity } baseActivity=ComponentInfo{com.callmenot.app/com.callmenot.app.MainActivity} topActivity=ComponentInfo{com.callmenot.app/com.callmenot.app.MainActivity} origActivity=null realActivity=ComponentInfo{com.callmenot.app/com.callmenot.app.MainActivity} numActivities=2 lastActiveTime=54706689 supportsMultiWindow=true resizeMode=1 isResizeable=true minWidth=-1 minHeight=-1 maxWidth=-1 maxHeight=-1 defaultMinSize=220 desktopDefaultMinSize=304 token=WCT{RemoteToken{19af3cc Task{d1a9dd6 #12035 type=standard A=10455:com.callmenot.app}}} topActivityType=1 pictureInPictureParams=null shouldDockBigOverlays=false launchIntoPipHostTaskId=-1 lastParentTaskIdBeforePip=-1 displayCutoutSafeInsets=Rect(0, 0 - 0, 0) topActivityInfo=ActivityInfo{2b920bd com.callmenot.app.MainActivity} launchCookies=[] positionInParent=Point(0, 0) parentTaskId=-1 isFocused=true isVisible=true isVisibleRequested=true isTopActivityNoDisplay=false isSleeping=false locusId=null displayAreaFeatureId=1 isTopActivityTransparent=false isActivityStackTransparent=false lastNonFullscreenBounds=Rect(81, 553 - 999, 1723) capturedLink=null capturedLinkTimestamp=0 requestedVisibleTypes=-9 topActivityRequestOpenInBrowserEducationTimestamp=0 appCompatTaskInfo=AppCompatTaskInfo { topActivityInSizeCompat=false eligibleForLetterboxEducation= false isLetterboxEducationEnabled= false isLetterboxDoubleTapEnabled= false eligibleForUserAspectRatioButton= false topActivityBoundsLetterboxed= false isFromLetterboxDoubleTap= false topActivityLetterboxVerticalPosition= -1 topActivityLetterboxHorizontalPosition= -1 topActivityLetterboxWidth=-1 topActivityLetterboxHeight=-1 topActivityAppBounds=Rect(0, 81 - 1080, 2196) isUserFullscreenOverrideEnabled=false isSystemFullscreenOverrideEnabled=false hasMinAspectRatioOverride=false topActivityLetterboxBounds=null cameraCompatTaskInfo=CameraCompatTaskInfo { freeformCameraCompatMode=inactive} topActivityBounds=null topActivityInDisplayCompat=false singleTapFromLetterbox=false} topActivityMainWindowFrame=null originallySupportedMultiWindow=true hasWallpaper=false rootAffinity=10455:com.callmenot.app isTopTaskInStage=false CoverLauncherWidgetTask=false LaunchedFromAppsCoverLauncherTask=false LaunchedFromMultistarCoverLauncherTask=false isAllowedSeamlessRotation=false isTopTransparentActivity=false isAliasManaged=false hasConfigChanged=false snappingGuideBounds=null isAiKeyRemoveAppTask=false lastDesktopWindowingBounds=null lastExternalDesktopWindowingBounds=null safeCutoutInsets=null}, pipChange = null, remoteTransition = null, displayChange = null, flags = 0, debugId = 1072 }
01-04 10:02:27.948  2448  2534 V WindowManager:         {m=OPEN f=FILLS_TASK|IS_ACTIVITY leash=Surface(name=ActivityRecord{62738797 u0 com.callmenot.app/.MainActivity t12035})/@0x78ede26 sb=Rect(0, 0 - 0, 0) eb=Rect(0, 0 - 1080, 2340) epz=Point(1080, 2340) d=-1->0 r=-1->0:-1 bc=fffafafa component=com.callmenot.app/.MainActivity opt={t=FROM_STYLE mUserId=0} inset=Rect(0, 0 - 0, 0) dim=true taskIdForActivity=12035},
01-04 10:02:27.948  2448  2534 V WindowManager:         {m=TO_BACK f=FILLS_TASK|IS_ACTIVITY leash=Surface(name=ActivityRecord{221478779 u0 com.callmenot.app/.MainActivity t12035})/@0x2b15dbf sb=Rect(0, 0 - 1080, 2340) eb=Rect(0, 0 - 1080, 2340) epz=Point(1080, 2340) d=0 bc=fffafafa component=com.callmenot.app/.MainActivity opt={t=FROM_STYLE mUserId=0} inset=Rect(0, 0 - 0, 0) taskIdForActivity=12035}
01-04 10:02:27.954  3252  3360 V WindowManagerShell:         {m=OPEN f=FILLS_TASK|IS_ACTIVITY leash=Surface(name=ActivityRecord{62738797 u0 com.callmenot.app/.MainActivity t12035})/@0x82a7575 sb=Rect(0, 0 - 0, 0) eb=Rect(0, 0 - 1080, 2340) epz=Point(1080, 2340) d=-1->0 r=-1->0:-1 bc=fffafafa component=com.callmenot.app/.MainActivity opt={t=FROM_STYLE mUserId=0} inset=Rect(0, 0 - 0, 0) dim=true taskIdForActivity=12035},
01-04 10:02:27.954  3252  3360 V WindowManagerShell:         {m=TO_BACK f=FILLS_TASK|IS_ACTIVITY leash=Surface(name=ActivityRecord{221478779 u0 com.callmenot.app/.MainActivity t12035})/@0x75bd90a sb=Rect(0, 0 - 1080, 2340) eb=Rect(0, 0 - 1080, 2340) epz=Point(1080, 2340) d=0 bc=fffafafa component=com.callmenot.app/.MainActivity opt={t=FROM_STYLE mUserId=0} inset=Rect(0, 0 - 0, 0) taskIdForActivity=12035}
01-04 10:02:27.956  3252  3360 V WindowManagerShell: Transition doesn't have explicit remote, search filters for match for {id=1072 t=OPEN f=0x0 trk=0 r=[0@Point(0, 0)] c=[{m=OPEN f=FILLS_TASK|IS_ACTIVITY leash=Surface(name=ActivityRecord{62738797 u0 com.callmenot.app/.MainActivity t12035})/@0x82a7575 sb=Rect(0, 0 - 0, 0) eb=Rect(0, 0 - 1080, 2340) epz=Point(1080, 2340) d=-1->0 r=-1->0:-1 bc=fffafafa component=com.callmenot.app/.MainActivity opt={t=FROM_STYLE mUserId=0} inset=Rect(0, 0 - 0, 0) dim=true taskIdForActivity=12035},{m=TO_BACK f=FILLS_TASK|IS_ACTIVITY leash=Surface(name=ActivityRecord{221478779 u0 com.callmenot.app/.MainActivity t12035})/@0x75bd90a sb=Rect(0, 0 - 1080, 2340) eb=Rect(0, 0 - 1080, 2340) epz=Point(1080, 2340) d=0 bc=fffafafa component=com.callmenot.app/.MainActivity opt={t=FROM_STYLE mUserId=0} inset=Rect(0, 0 - 0, 0) taskIdForActivity=12035}]}
01-04 10:02:27.956  3252  3360 V WindowManagerShell: start default transition animation, info = {id=1072 t=OPEN f=0x0 trk=0 r=[0@Point(0, 0)] c=[{m=OPEN f=FILLS_TASK|IS_ACTIVITY leash=Surface(name=ActivityRecord{62738797 u0 com.callmenot.app/.MainActivity t12035})/@0x82a7575 sb=Rect(0, 0 - 0, 0) eb=Rect(0, 0 - 1080, 2340) epz=Point(1080, 2340) d=-1->0 r=-1->0:-1 bc=fffafafa component=com.callmenot.app/.MainActivity opt={t=FROM_STYLE mUserId=0} inset=Rect(0, 0 - 0, 0) dim=true taskIdForActivity=12035},{m=TO_BACK f=FILLS_TASK|IS_ACTIVITY leash=Surface(name=ActivityRecord{221478779 u0 com.callmenot.app/.MainActivity t12035})/@0x75bd90a sb=Rect(0, 0 - 1080, 2340) eb=Rect(0, 0 - 1080, 2340) epz=Point(1080, 2340) d=0 bc=fffafafa component=com.callmenot.app/.MainActivity opt={t=FROM_STYLE mUserId=0} inset=Rect(0, 0 - 0, 0) taskIdForActivity=12035}]}
01-04 10:02:27.957  3252  3360 V WindowManagerShell:    change={m=TO_BACK f=FILLS_TASK|IS_ACTIVITY leash=Surface(name=ActivityRecord{221478779 u0 com.callmenot.app/.MainActivity t12035})/@0x75bd90a sb=Rect(0, 0 - 1080, 2340) eb=Rect(0, 0 - 1080, 2340) epz=Point(1080, 2340) d=0 bc=fffafafa component=com.callmenot.app/.MainActivity opt={t=FROM_STYLE mUserId=0} inset=Rect(0, 0 - 0, 0) taskIdForActivity=12035}
01-04 10:02:27.957  3252  3360 V WindowManagerShell:    change={m=OPEN f=FILLS_TASK|IS_ACTIVITY leash=Surface(name=ActivityRecord{62738797 u0 com.callmenot.app/.MainActivity t12035})/@0x82a7575 sb=Rect(0, 0 - 0, 0) eb=Rect(0, 0 - 1080, 2340) epz=Point(1080, 2340) d=-1->0 r=-1->0:-1 bc=fffafafa component=com.callmenot.app/.MainActivity opt={t=FROM_STYLE mUserId=0} inset=Rect(0, 0 - 0, 0) dim=true taskIdForActivity=12035}
01-04 10:02:27.958  3252  3360 V WindowManagerShell: attach dim transition, change={m=OPEN f=FILLS_TASK|IS_ACTIVITY leash=Surface(name=ActivityRecord{62738797 u0 com.callmenot.app/.MainActivity t12035})/@0x82a7575 sb=Rect(0, 0 - 0, 0) eb=Rect(0, 0 - 1080, 2340) epz=Point(1080, 2340) d=-1->0 r=-1->0:-1 bc=fffafafa component=com.callmenot.app/.MainActivity opt={t=FROM_STYLE mUserId=0} inset=Rect(0, 0 - 0, 0) dim=true taskIdForActivity=12035}
01-04 10:02:28.028  2448  5851 D InsetsSourceProvider: updateControlForTarget: control=InsetsSourceControl: {3 mType=ime mSurfacePosition=Point(0, 81) mInsetsHint=Insets{left=0, top=0, right=0, bottom=1032}}, target=Window{e049e11 u0 com.callmenot.app/com.callmenot.app.MainActivity}, from=com.android.server.wm.ImeInsetsSourceProvider.updateControlForTarget:17 com.android.server.wm.InsetsStateController.onControlTargetChanged:83 com.android.server.wm.DisplayContent.updateImeControlTarget:21 com.android.server.wm.DisplayContent.updateImeInputAndControlTarget:156 com.android.server.wm.WindowManagerService$LocalService.updateInputMethodTargetWindow:64 
01-04 10:02:28.032  2448  5212 W PackageConfigPersister: App-specific configuration not found for packageName: com.callmenot.app and userId: 0
01-04 10:02:28.415  2448  5851 V WindowManager:    ChangeInfo{5e3c5f0 container=ActivityRecord{62738797 u0 com.callmenot.app/.MainActivity t12035} flags=0x0}
01-04 10:02:28.415  2448  5851 V WindowManager:    ChangeInfo{fea9769 container=Task{d1a9dd6 #12035 type=standard A=10455:com.callmenot.app} flags=0x0}
01-04 10:02:28.415  2448  5851 V WindowManager:    ChangeInfo{b382d81 container=ActivityRecord{221478779 u0 com.callmenot.app/.MainActivity t12035} flags=0x0}
01-04 10:02:28.417  2448  5851 V WindowManager: Setting visibility of Window{ee53ee2 u0 com.callmenot.app/com.callmenot.app.MainActivity}: false, caller=com.android.server.wm.WindowContainer.sendAppVisibilityToClients:19 com.android.server.wm.WindowToken.setClientVisible:48 com.android.server.wm.ActivityRecord.commitVisibility:186 com.android.server.wm.TransitionController.finishTransition:846 com.android.server.wm.WindowOrganizerController.finishTransitionInner:31 
01-04 10:02:28.418  2448  5851 D ChangeTransitionController:    ChangeInfo{5e3c5f0 container=ActivityRecord{62738797 u0 com.callmenot.app/.MainActivity t12035} flags=0x0}
01-04 10:02:28.418  2448  5851 D ChangeTransitionController:    ChangeInfo{fea9769 container=Task{d1a9dd6 #12035 type=standard A=10455:com.callmenot.app} flags=0x0}
01-04 10:02:28.418  2448  5851 D ChangeTransitionController:    ChangeInfo{b382d81 container=ActivityRecord{221478779 u0 com.callmenot.app/.MainActivity t12035} flags=0x0}
01-04 10:02:28.447  2448  2537 D SGM:FgCheckThread: getForegroundApp(), foregroundPkgName=com.callmenot.app
01-04 10:02:28.447  2448  5117 E WindowManager: win=Window{ee53ee2 u0 com.callmenot.app/com.callmenot.app.MainActivity} destroySurfaces: appStopped=true cleanupOnResume=false win.mWindowRemovalAllowed=false win.mRemoveOnExit=false win.mViewVisibility=8 caller=com.android.server.wm.ActivityRecord.destroySurfaces:25 com.android.server.wm.ActivityRecord.activityStopped:192 com.android.server.wm.ActivityClientController.activityStopped:97 android.app.IActivityClientController$Stub.onTransact:740 com.android.server.wm.ActivityClientController.onTransact:1 android.os.Binder.execTransactInternal:1462 android.os.Binder.execTransact:1401 
01-04 10:02:28.449  2448  2537 D SGM:FgCheckThread: pkgName: com.callmenot.app is in foreground
01-04 10:02:28.529  2448  2537 D SGM:GameManager: identifyForegroundApp. com.callmenot.app, mCurrentUserId: 0, callerUserId: 0
01-04 10:02:30.251  2448  2535 D WindowManager: requestTransientBars: swipeTarget=Window{e99c956 u0 StatusBar}, controlTarget=Window{e049e11 u0 com.callmenot.app/com.callmenot.app.MainActivity}, canShowTransient=false, restorePositionTypes=0x3, from=com.android.server.wm.DisplayPolicy$1.onSwipeFromTop:51 com.android.server.wm.SystemGesturesPointerEventListener.onPointerEvent:537 
01-04 10:02:30.340  2448  5117 D WindowManager: Changing focus from Window{e049e11 u0 com.callmenot.app/com.callmenot.app.MainActivity} to Window{3877e2c u0 NotificationShade} displayId=0 Callers=com.android.server.wm.WindowManagerService.relayoutWindow:1350 com.android.server.wm.Session.relayout:27 com.android.server.wm.Session.relayoutAsync:14 android.view.IWindowSession$Stub.onTransact:854 
01-04 10:02:30.342  2448  5117 D InsetsSourceProvider: updateFakeControlTarget: fakeControl=InsetsSourceControl: {26b60000 mType=statusBars mSurfacePosition=Point(0, 0) mInsetsHint=Insets{left=0, top=0, right=0, bottom=0}}, fakeTarget=Window{e049e11 u0 com.callmenot.app/com.callmenot.app.MainActivity}
01-04 10:02:30.343  2448  5117 D InsetsSourceProvider: updateFakeControlTarget: fakeControl=InsetsSourceControl: {872b0001 mType=navigationBars mSurfacePosition=Point(0, 0) mInsetsHint=Insets{left=0, top=0, right=0, bottom=0}}, fakeTarget=Window{e049e11 u0 com.callmenot.app/com.callmenot.app.MainActivity}
01-04 10:02:30.343  2448  5117 D WindowManager: updateSystemBarAttributes: displayId=0, focusedCanBeNavColorWin=false, win=Window{3877e2c u0 NotificationShade}, navColorWin=Window{e049e11 u0 com.callmenot.app/com.callmenot.app.MainActivity}, caller=com.android.server.wm.WindowManagerService.updateFocusedWindowLocked:372 com.android.server.wm.WindowManagerService.relayoutWindow:1350 com.android.server.wm.Session.relayout:27 
01-04 10:02:31.036  2448  4834 D WindowManager: Changing focus from Window{3877e2c u0 NotificationShade} to Window{e049e11 u0 com.callmenot.app/com.callmenot.app.MainActivity} displayId=0 Callers=com.android.server.wm.WindowManagerService.relayoutWindow:1350 com.android.server.wm.Session.relayout:27 com.android.server.wm.Session.relayoutAsync:14 android.view.IWindowSession$Stub.onTransact:854 
01-04 10:02:31.038  2448  4834 D InsetsSourceProvider: updateControlForTarget: control=InsetsSourceControl: {26b60000 mType=statusBars initiallyVisible mSurfacePosition=Point(0, 0) mInsetsHint=Insets{left=0, top=81, right=0, bottom=0}}, target=Window{e049e11 u0 com.callmenot.app/com.callmenot.app.MainActivity}, from=com.android.server.wm.InsetsStateController.onControlTargetChanged:83 com.android.server.wm.InsetsPolicy.updateBarControlTarget:212 com.android.server.wm.DisplayPolicy.updateSystemBarAttributes:262 com.android.server.wm.WindowManagerService.updateFocusedWindowLocked:372 com.android.server.wm.WindowManagerService.relayoutWindow:1350 
01-04 10:02:31.041  2448  4834 D InsetsSourceProvider: updateControlForTarget: control=InsetsSourceControl: {872b0001 mType=navigationBars initiallyVisible mSurfacePosition=Point(0, 2196) mInsetsHint=Insets{left=0, top=0, right=0, bottom=144}}, target=Window{e049e11 u0 com.callmenot.app/com.callmenot.app.MainActivity}, from=com.android.server.wm.InsetsStateController.onControlTargetChanged:83 com.android.server.wm.InsetsPolicy.updateBarControlTarget:225 com.android.server.wm.DisplayPolicy.updateSystemBarAttributes:262 com.android.server.wm.WindowManagerService.updateFocusedWindowLocked:372 com.android.server.wm.WindowManagerService.relayoutWindow:1350 
01-04 10:02:31.041  2448  4834 D WindowManager: updateSystemBarAttributes: displayId=0, focusedCanBeNavColorWin=false, win=Window{e049e11 u0 com.callmenot.app/com.callmenot.app.MainActivity}, navColorWin=Window{e049e11 u0 com.callmenot.app/com.callmenot.app.MainActivity}, caller=com.android.server.wm.WindowManagerService.updateFocusedWindowLocked:372 com.android.server.wm.WindowManagerService.relayoutWindow:1350 com.android.server.wm.Session.relayout:27 
01-04 10:02:31.041  2448  4834 V SystemKeyManager: updateFocusedWindow() is called, com.callmenot.app/com.callmenot.app.MainActivity
01-04 10:02:31.056  2448  5212 W PackageConfigPersister: App-specific configuration not found for packageName: com.callmenot.app and userId: 0
01-04 10:02:31.554  2448  2537 D SGM:GameManager: identifyForegroundApp. com.callmenot.app, mCurrentUserId: 0, callerUserId: 0
01-04 10:02:31.578  2448  5226 V WindowManager: Transition 1073: Set Task{d1a9dd6 #12035 type=standard A=10455:com.callmenot.app} as transient-hidden-task, caller=com.android.server.wm.Task.forAllTasks:4 com.android.server.wm.WindowContainer.forAllTasks:2 com.android.server.wm.DisplayArea.forAllTasks:9 
01-04 10:02:31.578  2448  5226 V WindowManager: Collecting in transition 1073: Task{d1a9dd6 #12035 type=standard A=10455:com.callmenot.app}, caller=com.android.server.wm.Transition$$ExternalSyntheticLambda20.test:119 com.android.server.wm.Task.forAllTasks:4 com.android.server.wm.WindowContainer.forAllTasks:2 com.android.server.wm.DisplayArea.forAllTasks:9 com.android.server.wm.Transition.setTransientLaunch:138 
01-04 10:02:31.581  2448  5226 D ActivityTaskManager: scheduleTopResumedActivityChanged, onTop=false, r=ActivityRecord{62738797 u0 com.callmenot.app/.MainActivity t12035}, caller=com.android.server.wm.ActivityTaskSupervisor.scheduleTopResumedActivityStateLossIfNeeded:19 com.android.server.wm.ActivityTaskSupervisor.endDeferResume:21 com.android.server.wm.WindowOrganizerController.applyTransaction:186 com.android.server.wm.WindowOrganizerController.applyTransaction:16 com.android.server.wm.WindowOrganizerController$$ExternalSyntheticLambda5.onCollectStarted:27 com.android.server.wm.TransitionController.startCollectOrQueue:97 
01-04 10:02:31.594  2448  2535 D SGM:GameManager: identifyForegroundApp. com.callmenot.app, mCurrentUserId: 0, callerUserId: 0
01-04 10:02:31.594  2448  2535 D SGM:GameManager: identifyForegroundApp. com.callmenot.app, mCurrentUserId: 0, callerUserId: 0
01-04 10:02:31.645  2448  2538 D ChangeTransitionController:    ChangeInfo{7ee9194 container=Task{d1a9dd6 #12035 type=standard A=10455:com.callmenot.app} flags=0x4}
01-04 10:02:31.645  2448  2538 V WindowManager: Start calculating TransitionInfo based on participants: {ActivityRecord{3827274 u0 com.sec.android.app.launcher/com.android.quickstep.RecentsActivity t11929}, WallpaperWindowToken{145e970 showWhenLocked=false}_<system>, TransientLaunchOverlayToken{2c206b9 token=android.os.BinderProxy@8e12080}, Task{b4449bb #11929 type=recents I=com.sec.android.app.launcher/com.android.quickstep.RecentsActivity}, Task{d1a9dd6 #12035 type=standard A=10455:com.callmenot.app}}
01-04 10:02:31.645  2448  2538 V WindowManager:   Final targets: [ChangeInfo{a9623a6 container=TransientLaunchOverlayToken{2c206b9 token=android.os.BinderProxy@8e12080} flags=0x0}, ChangeInfo{92df1e7 container=Task{b4449bb #11929 type=recents I=com.sec.android.app.launcher/com.android.quickstep.RecentsActivity} flags=0x30}, ChangeInfo{7ee9194 container=Task{d1a9dd6 #12035 type=standard A=10455:com.callmenot.app} flags=0x4}, ChangeInfo{a3d6ee8 container=WallpaperWindowToken{145e970 showWhenLocked=false}_<system> flags=0x0}]
01-04 10:02:31.647  2448  2538 D WindowManager: setActiveRecents, recents=Task{b4449bb #11929 type=recents I=com.sec.android.app.launcher/com.android.quickstep.RecentsActivity}, task=Task{d1a9dd6 #12035 type=standard A=10455:com.callmenot.app}, caller=com.android.server.wm.InputMonitor.setActiveRecents:33 com.android.server.wm.Transition.onTransactionReady:1795 com.android.server.wm.BLASTSyncEngine$SyncGroup.finishNow:240 
01-04 10:02:31.648  2448  2538 V WindowManager:         {WCT{RemoteToken{19af3cc Task{d1a9dd6 #12035 type=standard A=10455:com.callmenot.app}}} m=TO_BACK f=NONE leash=Surface(name=Task=12035)/@0x27ffd1e sb=Rect(0, 0 - 1080, 2340) eb=Rect(0, 0 - 1080, 2340) epz=Point(1080, 2340) d=0 taskParent=-1 inset=Rect(0, 81 - 0, 144) dim=true},
01-04 10:02:31.664  2448  2534 V WindowManager:         {WCT{RemoteToken{19af3cc Task{d1a9dd6 #12035 type=standard A=10455:com.callmenot.app}}} m=TO_BACK f=NONE leash=Surface(name=Task=12035)/@0x27ffd1e sb=Rect(0, 0 - 1080, 2340) eb=Rect(0, 0 - 1080, 2340) epz=Point(1080, 2340) d=0 taskParent=-1 inset=Rect(0, 81 - 0, 144) dim=true},
01-04 10:02:31.697  2448  5851 D WindowManager: Changing focus from Window{e049e11 u0 com.callmenot.app/com.callmenot.app.MainActivity} to Window{7de52b4 u0 com.sec.android.app.launcher/com.android.quickstep.RecentsActivity} displayId=0 Callers=com.android.server.wm.ActivityTaskManagerService.setLastResumedActivityUncheckLocked:264 com.android.server.wm.ActivityTaskManagerService.setFocusedTask:19 com.android.server.wm.ActivityTaskManagerService.focusTopTask:53 android.app.IActivityTaskManager$Stub.onTransact:2020 
01-04 10:02:31.700  2448  5851 D WindowManager: updateSystemBarAttributes: displayId=0, focusedCanBeNavColorWin=false, win=Window{7de52b4 u0 com.sec.android.app.launcher/com.android.quickstep.RecentsActivity}, navColorWin=Window{e049e11 u0 com.callmenot.app/com.callmenot.app.MainActivity}, caller=com.android.server.wm.WindowManagerService.updateFocusedWindowLocked:372 com.android.server.wm.ActivityTaskManagerService.setLastResumedActivityUncheckLocked:264 com.android.server.wm.ActivityTaskManagerService.setFocusedTask:19 
01-04 10:02:32.185  2448  4835 V WindowManager:    ChangeInfo{7ee9194 container=Task{d1a9dd6 #12035 type=standard A=10455:com.callmenot.app} flags=0x4}
01-04 10:02:32.188  2448  4835 D ChangeTransitionController:    ChangeInfo{7ee9194 container=Task{d1a9dd6 #12035 type=standard A=10455:com.callmenot.app} flags=0x4}
01-04 10:02:32.194  2448  2537 D SGM:FgCheckThread: notePauseComponent(), received pkgName: com.callmenot.app, userId: 0
01-04 10:02:32.214  2448  5117 V WindowManager: Setting visibility of Window{e049e11 u0 com.callmenot.app/com.callmenot.app.MainActivity}: false, caller=com.android.server.wm.WindowContainer.sendAppVisibilityToClients:19 com.android.server.wm.WindowToken.setClientVisible:48 com.android.server.wm.ActivityRecord.activityStopped:189 com.android.server.wm.ActivityClientController.activityStopped:97 android.app.IActivityClientController$Stub.onTransact:740 
01-04 10:02:32.215  2448  5117 E WindowManager: win=Window{e049e11 u0 com.callmenot.app/com.callmenot.app.MainActivity} destroySurfaces: appStopped=true cleanupOnResume=false win.mWindowRemovalAllowed=false win.mRemoveOnExit=false win.mViewVisibility=4 caller=com.android.server.wm.ActivityRecord.destroySurfaces:25 com.android.server.wm.ActivityRecord.activityStopped:192 com.android.server.wm.ActivityClientController.activityStopped:97 android.app.IActivityClientController$Stub.onTransact:740 com.android.server.wm.ActivityClientController.onTransact:1 android.os.Binder.execTransactInternal:1462 android.os.Binder.execTransact:1401 
01-04 10:02:32.221  2448  2537 D SGM:FgCheckThread: pkgName: com.callmenot.app is not in foreground
01-04 10:02:32.221  2448  2537 D SGM:FgCheckThread: noteStopComponent(), received pkgName: com.callmenot.app, focusedPkgName: com.sec.android.app.launcher, userId: 0
01-04 10:02:33.850  2448  5117 D CoreBackPreview: Window{ee53ee2 u0 com.callmenot.app/com.callmenot.app.MainActivity}: Setting back callback null
01-04 10:02:33.856  2448  5117 V WindowManager: Remove Window{ee53ee2 u0 com.callmenot.app/com.callmenot.app.MainActivity}: mSurfaceControl=null mAnimatingExit=false mRemoveOnExit=false mHasSurface=false surfaceShowing=false animating=false app-animation=false callers=com.android.server.wm.Session.remove:16 android.view.IWindowSession$Stub.onTransact:804 com.android.server.wm.Session.onTransact:1 android.os.Binder.execTransactInternal:1457 android.os.Binder.execTransact:1401 <bottom of call stack> 
01-04 10:02:33.860  2448  2918 W UsageStatsService: Unexpected activity event reported! (com.callmenot.app/com.callmenot.app.MainActivity event : 23 instanceId : 166762583)
01-04 10:02:33.860  2448  2537 D SGM:FgCheckThread: pkgName: com.callmenot.app is not in foreground
01-04 10:02:33.860  2448  2537 D SGM:FgCheckThread: noteStopComponent(), received pkgName: com.callmenot.app, focusedPkgName: com.sec.android.app.launcher, userId: 0
01-04 10:02:33.910  2448  5117 D CoreBackPreview: Window{e049e11 u0 com.callmenot.app/com.callmenot.app.MainActivity}: Setting back callback null
01-04 10:02:33.912  2448  5117 V WindowManager: Remove Window{e049e11 u0 com.callmenot.app/com.callmenot.app.MainActivity}: mSurfaceControl=null mAnimatingExit=false mRemoveOnExit=false mHasSurface=false surfaceShowing=false animating=false app-animation=false callers=com.android.server.wm.Session.remove:16 android.view.IWindowSession$Stub.onTransact:804 com.android.server.wm.Session.onTransact:1 android.os.Binder.execTransactInternal:1457 android.os.Binder.execTransact:1401 <bottom of call stack> 
01-04 10:02:33.916  2448  2537 D SGM:FgCheckThread: pkgName: com.callmenot.app is not in foreground
01-04 10:02:33.916  2448  2537 D SGM:FgCheckThread: noteStopComponent(), received pkgName: com.callmenot.app, focusedPkgName: com.sec.android.app.launcher, userId: 0
01-04 10:02:33.918  2448  2918 W UsageStatsService: Unexpected activity event reported! (com.callmenot.app/com.callmenot.app.MainActivity event : 23 instanceId : 230232482)
01-04 10:02:37.221  1121  1121 D io_stats: !@ Read_top(KB): id.app.launcher(3750) 176 m.callmenot.app(10929) 48 system_server(2448) 4
01-04 10:02:38.223  2448  4405 D FreecessHandler: freeze com.callmenot.app(10455) result : 40
01-04 10:02:38.224  2448  4405 D FreecessHandler: stop trying to freeze com.callmenot.app
01-04 10:02:42.132  2448  2448 D EdgeLightingManager: hideForNotification : packageName = com.callmenot.app
01-04 10:02:42.133  2448  2448 D EdgeLightingPolicyManager:NotificationGroup: remove : sbn : StatusBarNotification(pkg=com.callmenot.app user=UserHandle{0} id=1001 tag=null key=0|com.callmenot.app|1001|null|10455: Notification(channel=call_protection_channel shortcut=null contentView=null vibrate=null sound=null defaults=0 flags=ONGOING_EVENT|NO_CLEAR|FOREGROUND_SERVICE color=0x00000000 vis=PRIVATE semFlags=0x0 semPriority=0 semMissedCount=0))
01-04 10:02:42.147  2448  2448 D NotificationReminder: removeFromNotificationList record com.callmenot.app
01-04 10:02:45.059  4097 11391 E LoadedApk: Exception : java.lang.NullPointerException: Attempt to invoke virtual method 'boolean android.os.Looper.isPerfLogEnable()' on a null object reference
01-04 10:02:45.085  4097  7177 E LoadedApk: Exception : java.lang.NullPointerException: Attempt to invoke virtual method 'boolean android.os.Looper.isPerfLogEnable()' on a null object reference
01-04 10:02:45.087  4097  7177 E LoadedApk: Exception : java.lang.NullPointerException: Attempt to invoke virtual method 'boolean android.os.Looper.isPerfLogEnable()' on a null object reference
01-04 10:02:52.878  4097 11391 E LoadedApk: Exception : java.lang.NullPointerException: Attempt to invoke virtual method 'boolean android.os.Looper.isPerfLogEnable()' on a null object reference
01-04 10:02:52.931  4097 27408 E LoadedApk: Exception : java.lang.NullPointerException: Attempt to invoke virtual method 'boolean android.os.Looper.isPerfLogEnable()' on a null object reference
01-04 10:02:52.935  4097 27408 E LoadedApk: Exception : java.lang.NullPointerException: Attempt to invoke virtual method 'boolean android.os.Looper.isPerfLogEnable()' on a null object reference
01-04 10:02:52.964  2448  2555 E BluetoothPowerStatsCollector: java.util.concurrent.ExecutionException: java.lang.RuntimeException: error: 11
01-04 10:02:52.964  2448  2555 E BluetoothPowerStatsCollector: Caused by: java.lang.RuntimeException: error: 11
01-04 10:02:53.179  2448  2555 E BluetoothPowerStatsCollector: java.util.concurrent.ExecutionException: java.lang.RuntimeException: error: 11
01-04 10:02:53.179  2448  2555 E BluetoothPowerStatsCollector: Caused by: java.lang.RuntimeException: error: 11
01-04 10:02:56.715  4097 11391 E LoadedApk: Exception : java.lang.NullPointerException: Attempt to invoke virtual method 'boolean android.os.Looper.isPerfLogEnable()' on a null object reference
01-04 10:02:56.738  4097 27408 E LoadedApk: Exception : java.lang.NullPointerException: Attempt to invoke virtual method 'boolean android.os.Looper.isPerfLogEnable()' on a null object reference
01-04 10:02:56.739  4097 27408 E LoadedApk: Exception : java.lang.NullPointerException: Attempt to invoke virtual method 'boolean android.os.Looper.isPerfLogEnable()' on a null object reference
01-04 10:03:12.945  4097  9702 E LoadedApk: Exception : java.lang.NullPointerException: Attempt to invoke virtual method 'boolean android.os.Looper.isPerfLogEnable()' on a null object reference
01-04 10:03:12.971  4097 18914 E LoadedApk: Exception : java.lang.NullPointerException: Attempt to invoke virtual method 'boolean android.os.Looper.isPerfLogEnable()' on a null object reference
01-04 10:03:12.979  4097 18914 E LoadedApk: Exception : java.lang.NullPointerException: Attempt to invoke virtual method 'boolean android.os.Looper.isPerfLogEnable()' on a null object reference
01-04 10:03:48.530  2448  2489 I Pageboost: onAppLaunch : com.callmenot.app
01-04 10:03:48.533  2448  2489 V WindowManager: Collecting in transition 1084: ActivityRecord{230227071 u0 com.callmenot.app/.MainActivity, caller=com.android.server.wm.TransitionController.collect:7 com.android.server.wm.ActivityStarter.startActivityUnchecked:98 com.android.server.wm.ActivityStarter.executeRequest:3651 com.android.server.wm.ActivityStarter.execute:1752 com.android.server.wm.ActivityTaskManagerService.startActivityAsUser:95 
01-04 10:03:48.533  2448  2489 D ActivityTaskManager: DesktopModeLaunchParamsModifier: task=null activity=ActivityRecord{230227071 u0 com.callmenot.app/.MainActivity t-1} task null, skipping
01-04 10:03:48.533  2448  2489 D ActivityTaskManager: TaskLaunchParamsModifier:task=null activity=ActivityRecord{230227071 u0 com.callmenot.app/.MainActivity t-1} display-from-option=0 display-id=0 task-display-area-windowing-mode=1 suggested-display-area=DefaultTaskDisplayArea_d0@244917965
01-04 10:03:48.533  2448  2489 D ActivityTaskManager: DesktopModeLaunchParamsModifier: task=null activity=ActivityRecord{230227071 u0 com.callmenot.app/.MainActivity t-1} task null, skipping
01-04 10:03:48.533  2448  2489 D ActivityTaskManager: TaskLaunchParamsModifier:task=null activity=ActivityRecord{230227071 u0 com.callmenot.app/.MainActivity t-1} display-from-option=0 display-id=0 task-display-area-windowing-mode=1 suggested-display-area=DefaultTaskDisplayArea_d0@244917965 inherit-from-source=fullscreen non-freeform-task-display-area display-area=DefaultTaskDisplayArea_d0@244917965 default-portrait freeform-size-mismatch=Rect(81, 553 - 999, 1723)
01-04 10:03:48.539  2448  2489 D ActivityTaskManager: DesktopModeLaunchParamsModifier: task=Task{1eae19b #12037 type=standard A=10455:com.callmenot.app} activity=ActivityRecord{230227071 u0 com.callmenot.app/.MainActivity t-1} non-desktop, skipping
01-04 10:03:48.539  2448  2489 D ActivityTaskManager: TaskLaunchParamsModifier:task=Task{1eae19b #12037 type=standard A=10455:com.callmenot.app} activity=ActivityRecord{230227071 u0 com.callmenot.app/.MainActivity t-1} display-from-option=0 display-id=0 task-display-area-windowing-mode=1 suggested-display-area=DefaultTaskDisplayArea_d0@244917965 inherit-from-source=fullscreen non-freeform-task-display-area display-area=DefaultTaskDisplayArea_d0@244917965 default-portrait freeform-size-mismatch=Rect(81, 553 - 999, 1723)
01-04 10:03:48.540  2448  2489 V WindowManager: Collecting in transition 1084: Task{1eae19b #12037 type=standard A=10455:com.callmenot.app}, caller=com.android.server.wm.Transition.collectExistenceChange:40 com.android.server.wm.ActivityStarter.startActivityInner:293 com.android.server.wm.ActivityStarter.startActivityUnchecked:111 com.android.server.wm.ActivityStarter.executeRequest:3651 com.android.server.wm.ActivityStarter.execute:1752 
01-04 10:03:48.543  2448  2489 V WindowManager: Add starting ActivityRecord{230227071 u0 com.callmenot.app/.MainActivity t12037}: startingData=SplashScreenStartingData{2ffdd11 removeAfterTransaction= 0}
01-04 10:03:48.544  2448  2489 V WindowManager: Added starting ActivityRecord{230227071 u0 com.callmenot.app/.MainActivity t12037}: startingWindow=null startingView=com.android.server.wm.StartingSurfaceController$StartingSurface@8727e76
01-04 10:03:48.545  2448  2489 V WindowManager: Collecting in transition 1084: ActivityRecord{230227071 u0 com.callmenot.app/.MainActivity t12037}, caller=com.android.server.wm.Transition.collectExistenceChange:40 com.android.server.wm.ActivityStarter.handleStartResult:761 com.android.server.wm.ActivityStarter.startActivityUnchecked:124 com.android.server.wm.ActivityStarter.executeRequest:3651 com.android.server.wm.ActivityStarter.execute:1752 
01-04 10:03:48.545  2448  2489 V WindowManager:    ChangeInfo{d90f0e4 container=Task{1eae19b #12037 type=standard A=10455:com.callmenot.app} flags=0x0}
01-04 10:03:48.545  2448  2489 V WindowManager:    ChangeInfo{474394d container=ActivityRecord{230227071 u0 com.callmenot.app/.MainActivity t12037} flags=0x0}
01-04 10:03:48.546  2448  2489 I ActivityTaskManager: START u0 {act=android.intent.action.MAIN cat=[android.intent.category.LAUNCHER] flg=0x10204000 xflg=0x4 cmp=com.callmenot.app/.MainActivity (has extras)} with LAUNCH_MULTIPLE from uid 10149 (sr=159529562) (BAL_ALLOW_VISIBLE_WINDOW) result code=0
01-04 10:03:48.550  3252  3360 V WindowManagerShell: Transition requested (#1084): android.os.BinderProxy@5097b1c TransitionRequestInfo { type = OPEN, triggerTask = TaskInfo{userId=0 taskId=12037 effectiveUid=10455 displayId=0 isRunning=true baseIntent=Intent { act=android.intent.action.MAIN cat=[android.intent.category.LAUNCHER] flg=0x10204000 cmp=com.callmenot.app/.MainActivity } baseActivity=ComponentInfo{com.callmenot.app/com.callmenot.app.MainActivity} topActivity=ComponentInfo{com.callmenot.app/com.callmenot.app.MainActivity} origActivity=null realActivity=ComponentInfo{com.callmenot.app/com.callmenot.app.MainActivity} numActivities=1 lastActiveTime=54787404 supportsMultiWindow=true resizeMode=1 isResizeable=true minWidth=-1 minHeight=-1 maxWidth=-1 maxHeight=-1 defaultMinSize=220 desktopDefaultMinSize=304 token=WCT{android.window.IWindowContainerToken$Stub$Proxy@c342325} topActivityType=1 pictureInPictureParams=null shouldDockBigOverlays=false launchIntoPipHostTaskId=-1 lastParentTaskIdBeforePip=-1 displayCutoutSafeInsets=Rect(0, 81 - 0, 0) topActivityInfo=ActivityInfo{8866cfa com.callmenot.app.MainActivity} launchCookies=[android.os.BinderProxy@9ccc2ab] positionInParent=Point(0, 0) parentTaskId=-1 isFocused=false isVisible=false isVisibleRequested=false isTopActivityNoDisplay=false isSleeping=false locusId=null displayAreaFeatureId=1 isTopActivityTransparent=false isActivityStackTransparent=false lastNonFullscreenBounds=Rect(81, 553 - 999, 1723) capturedLink=null capturedLinkTimestamp=0 requestedVisibleTypes=-9 topActivityRequestOpenInBrowserEducationTimestamp=0 appCompatTaskInfo=AppCompatTaskInfo { topActivityInSizeCompat=false eligibleForLetterboxEducation= false isLetterboxEducationEnabled= false isLetterboxDoubleTapEnabled= false eligibleForUserAspectRatioButton= false topActivityBoundsLetterboxed= false isFromLetterboxDoubleTap= false topActivityLetterboxVerticalPosition= -1 topActivityLetterboxHorizontalPosition= -1 topActivityLetterboxWidth=-1 topActivityLetterboxHeight=-1 topActivityAppBounds=Rect(0, 81 - 1080, 2196) isUserFullscreenOverrideEnabled=false isSystemFullscreenOverrideEnabled=false hasMinAspectRatioOverride=false topActivityLetterboxBounds=null cameraCompatTaskInfo=CameraCompatTaskInfo { freeformCameraCompatMode=inactive} topActivityBounds=null topActivityInDisplayCompat=false singleTapFromLetterbox=false} topActivityMainWindowFrame=null originallySupportedMultiWindow=true hasWallpaper=false rootAffinity=10455:com.callmenot.app isTopTaskInStage=false CoverLauncherWidgetTask=false LaunchedFromAppsCoverLauncherTask=false LaunchedFromMultistarCoverLauncherTask=false isAllowedSeamlessRotation=false isTopTransparentActivity=false isAliasManaged=false hasConfigChanged=false snappingGuideBounds=null isAiKeyRemoveAppTask=false lastDesktopWindowingBounds=null lastExternalDesktopWindowingBounds=null safeCutoutInsets=null}, pipChange = null, remoteTransition = RemoteTransition { remoteTransition = android.window.IRemoteTransition$Stub$Proxy@ac12d08, appThread = android.app.IApplicationThread$Stub$Proxy@c28cca1, debugName = QuickstepLaunchflags =NONE }, displayChange = null, flags = 0, debugId = 1084 }
01-04 10:03:48.556  2448  5228 D WindowManager: prepareSync <SYNC_STATE_WAITING_FOR_DRAW>, mPrepareSyncSeqId=0, win=Window{bd0036f u0 Splash Screen com.callmenot.app}
