01-04 09:42:13.137  2448  2988 D SGM:FgCheckThread: onLooperPrepared(), msg: MSG_APP_RESUME, pkgName: com.callmenot.app, userid: 0
01-04 09:42:13.138  2448  2988 D SGM:FgCheckThread:   handleResume(). pkgName: com.callmenot.app, userId: 0, category: non-game
01-04 09:42:13.138  2448  2988 D SGM:FgCheckThread: notifyFocusInOut(). of pkg: com.callmenot.app, type: 4, isSecGameFamily: false, userId: 0
01-04 09:42:13.139  2448  2538 D SurfaceComposerClient: setCornerRadius ## 4324b29 com.callmenot.app/com.callmenot.app.MainActivity#10745 cornerRadius=0.000000
01-04 09:42:13.139  2448  2538 D ChangeTransitionController:    ChangeInfo{6950230 container=Task{cdeaccf #12029 type=standard A=10454:com.callmenot.app} flags=0x0}
01-04 09:42:13.145  2448  2537 D SGM:GameManager: identifyGamePackage. com.callmenot.app, mCurrentUserId: 0, callingMethodInfo: com.samsung.android.game.SemGameManager.isGamePackage(SemGameManager.java:106)
01-04 09:42:13.145  2448  2537 D SGM:SemGameManager: isGamePackage(), pkgName=com.callmenot.app, ret=false
01-04 09:42:13.150  1640  1925 D SurfaceFlinger: [input] setFocusedWindow: 4324b29 com.callmenot.app/com.callmenot.app.MainActivity
01-04 09:42:13.151  2448  5188 V WindowManager:    ChangeInfo{6950230 container=Task{cdeaccf #12029 type=standard A=10454:com.callmenot.app} flags=0x0}
01-04 09:42:13.151  2448  3468 D InputDispatcher: Once focus requested (0): 4324b29 com.callmenot.app/com.callmenot.app.MainActivity
01-04 09:42:13.151  2448  3468 D InputDispatcher: Focus entered window (0): 4324b29 com.callmenot.app/com.callmenot.app.MainActivity
01-04 09:42:13.151  2448  5188 D ChangeTransitionController:    ChangeInfo{6950230 container=Task{cdeaccf #12029 type=standard A=10454:com.callmenot.app} flags=0x0}
01-04 09:42:13.151  5026 16199 I SDHMS:k : handleResumeComponent : put = com.callmenot.app, userid = 0 instanceid =177264220
01-04 09:42:13.156  1640  1640 D SurfaceFlinger:        DEVICE |            8963596746753 | 00002102 | RGBA_8888    |    0.0    0.0 1080.0 2340.0 |    0    0 1080 2340 | com.callmenot.app/com.callmenot.app.MainActivity$_2087#10746 (187)
01-04 09:42:13.164  2448  2535 D SGM:GameManager: identifyForegroundApp. com.callmenot.app, mCurrentUserId: 0, callerUserId: 0
01-04 09:42:13.165  2448  2535 D SGM:GameManager: identifyForegroundApp. com.callmenot.app, mCurrentUserId: 0, callerUserId: 0
01-04 09:42:13.168  2448  5311 D SurfaceComposerClient: setCornerRadius ## 4324b29 com.callmenot.app/com.callmenot.app.MainActivity#10745 cornerRadius=0.000000
01-04 09:42:13.169  2448  5311 D WindowManager: updateSystemBarAttributes: displayId=0, focusedCanBeNavColorWin=false, win=Window{4324b29 u0 com.callmenot.app/com.callmenot.app.MainActivity}, navColorWin=Window{4324b29 u0 com.callmenot.app/com.callmenot.app.MainActivity}, caller=com.android.server.wm.DisplayPolicy.finishPostLayoutPolicyLw:17 com.android.server.wm.RootWindowContainer.applySurfaceChangesTransaction$1:195 com.android.server.wm.RootWindowContainer.performSurfacePlacementNoTrace:59 
01-04 09:42:13.169  2448  5311 D SurfaceComposerClient: setCornerRadius ## 4324b29 com.callmenot.app/com.callmenot.app.MainActivity#10745 cornerRadius=0.000000
01-04 09:42:13.178  9900 10123 I SAMSUNGWALLET: [Hint_SimpleHintProcessMonitor] isHomePackageRunning topPkgName = com.callmenot.app, topClsName = com.callmenot.app.MainActivity, return false , se : false
01-04 09:42:13.178  3252  3252 D NavigationBar: onSystemBarAttributesChanged() -  displayId:0, appearance:24, packageName: com.callmenot.app (APPEARANCE_LIGHT_STATUS_BARS APPEARANCE_LIGHT_NAVIGATION_BARS ), navbarColorManagedByIme:false
01-04 09:42:13.178  3252  3252 D SamsungLightBarControlHelper: updateNavigationBar (BLACK button) isLightOpaque:false, hasLightNavigationBarFlag:true, packageName:com.callmenot.app, DirectReplying:false, NavBarColorMangedByIme:false, ForceDarkForScrim:false, ForceLightForScrim:false, QsCustomizing:false, QsExpanded:false
01-04 09:42:13.200  2448  3457 D SurfaceComposerClient: setCornerRadius ## 4324b29 com.callmenot.app/com.callmenot.app.MainActivity#10745 cornerRadius=0.000000
01-04 09:42:13.200  2087  2087 I InsetsSourceConsumer: applyRequestedVisibilityToControl: visible=true, type=statusBars, host=com.callmenot.app/com.callmenot.app.MainActivity
01-04 09:42:13.201  2448  3457 D SurfaceComposerClient: setCornerRadius ## 4324b29 com.callmenot.app/com.callmenot.app.MainActivity#10745 cornerRadius=0.000000
01-04 09:42:13.201  2087  2087 I InsetsSourceConsumer: applyRequestedVisibilityToControl: visible=true, type=navigationBars, host=com.callmenot.app/com.callmenot.app.MainActivity
01-04 09:42:13.201  2448  2538 D SurfaceComposerClient: setCornerRadius ## 4324b29 com.callmenot.app/com.callmenot.app.MainActivity#10745 cornerRadius=0.000000
01-04 09:42:13.202  2448  2537 D SGM:FgCheckThread: getForegroundApp(), foregroundPkgName=com.callmenot.app
01-04 09:42:13.203  2448  2537 D SGM:FgCheckThread: noteStopComponent(), received pkgName: com.google.android.permissioncontroller, focusedPkgName: com.callmenot.app, userId: 0
01-04 09:42:13.207  2448  2980 I ImeTracker: com.callmenot.app:36875cd2: onRequestHide at ORIGIN_SERVER reason HIDE_UNSPECIFIED_WINDOW fromUser false
01-04 09:42:13.207  2087  2087 I ImeTracker: com.callmenot.app:36875cd2: onCancelled at PHASE_CLIENT_ALREADY_HIDDEN
01-04 09:42:13.209 13521 13521 I GoogleInputMethodService: GoogleInputMethodService.onStartInput():1349 onStartInput(EditorInfo{EditorInfo{packageName=com.callmenot.app, inputType=0, inputTypeString=NULL, enableLearning=false, autoCorrection=false, autoComplete=false, imeOptions=0, privateImeOptions=null, actionName=UNSPECIFIED, actionLabel=null, initialSelStart=-1, initialSelEnd=-1, initialCapsMode=0, label=null, fieldId=0, fieldName=null, extras=Bundle[{appShowRequested=false, isTextEditor=false, displayId=0}], hintText=null, hintLocales=[]}}, false)
01-04 09:42:13.210  2448  5188 D InsetsSourceProvider: updateControlForTarget: control=InsetsSourceControl: {3 mType=ime mSurfacePosition=Point(0, 81) mInsetsHint=Insets{left=0, top=0, right=0, bottom=1032}}, target=Window{4324b29 u0 com.callmenot.app/com.callmenot.app.MainActivity}, from=com.android.server.wm.ImeInsetsSourceProvider.updateControlForTarget:17 com.android.server.wm.InsetsStateController.onControlTargetChanged:83 com.android.server.wm.DisplayContent.updateImeControlTarget:21 com.android.server.wm.DisplayContent.updateImeInputAndControlTarget:156 com.android.server.wm.WindowManagerService$LocalService.updateInputMethodTargetWindow:64 
01-04 09:42:13.210  2448  2538 D SurfaceComposerClient: setCornerRadius ## 4324b29 com.callmenot.app/com.callmenot.app.MainActivity#10745 cornerRadius=0.000000
01-04 09:42:13.211  2448  5188 W PackageConfigPersister: App-specific configuration not found for packageName: com.callmenot.app and userId: 0
01-04 09:42:13.221  1640  1640 I SurfaceFlinger: [LayerHierarchy{RequestedLayerState{ImeContainer#15 parentId=10737 relativeParentId=10745 z=1} 1 children}] reparent to LayerHierarchy{RequestedLayerState{ActivityRecord{95647536 u0 com.callmenot.app/.MainActivity t12029}#10737 parentId=10736} 3 children}
01-04 09:42:13.221  1640  1640 I SurfaceFlinger: [LayerHierarchy{RequestedLayerState{ImeContainer#15 parentId=10737 relativeParentId=10745 z=1} 1 children}] RelativeParent to LayerHierarchy{RequestedLayerState{4324b29 com.callmenot.app/com.callmenot.app.MainActivity#10745 parentId=10737} 2 children}
01-04 09:42:13.299  2448  3064 D MdnieScenarioControlService:  packageName : com.callmenot.app    className : com.callmenot.app.MainActivity
01-04 09:42:13.626  1640  1640 I LayerHistory: com.callmenot.app/com.callmenot.app.MainActivity$_2087#10746 Max (can't resolve refresh rate)
01-04 09:42:13.710  2448  2537 D SGM:GameManager: identifyForegroundApp. com.callmenot.app, mCurrentUserId: 0, callerUserId: 0
01-04 09:42:14.005  4000  4041 I Finsky  : [134] Raccoon: no scan results for com.callmenot.app
01-04 09:42:14.844  1640  1779 I SurfaceFlinger: Capture layer list: 	 com.callmenot.app/com.callmenot.app.MainActivity$_2087#10746(seamlessTransition:0)
01-04 09:42:14.847  1640  1789 D RenderEngine: [SEC_SF_EFFECTS] drawLayersInternal,1483, Rendering layer com.callmenot.app/com.callmenot.app.MainActivity$_2087#10746 at index 1
01-04 09:42:15.037  1640  1640 I SurfaceFlinger: [com.callmenot.app/com.callmenot.app.MainActivity$_2087#10746] setFrameRateCategory: HighHint
01-04 09:42:15.630  1640  1640 I LayerHistory: com.callmenot.app/com.callmenot.app.MainActivity$_2087#10746 voted ExplicitCategory with category: HighHint
01-04 09:42:16.183  1640  1640 I LayerHistory: com.callmenot.app/com.callmenot.app.MainActivity$_2087#10746 voted ExplicitCategory with category: HighHint
01-04 09:42:16.438  1640  1640 I LayerHistory: com.callmenot.app/com.callmenot.app.MainActivity$_2087#10746 voted ExplicitCategory with category: HighHint
01-04 09:42:18.028  1640  1640 I LayerHistory: com.callmenot.app/com.callmenot.app.MainActivity$_2087#10746 voted ExplicitCategory with category: HighHint
01-04 09:42:18.108  1640  1640 I SurfaceFlinger: [com.callmenot.app/com.callmenot.app.MainActivity$_2087#10746] setFrameRateCategory: NoPreference
01-04 09:42:18.133  1640  1640 I SurfaceFlinger: [com.callmenot.app/com.callmenot.app.MainActivity$_2087#10746] setFrameRateCategory: HighHint
01-04 09:42:18.137  2448  3468 I ActivityManager: Background started FGS: Allowed [callingPackage: com.callmenot.app; callingUid: 10454; uidState: TOP ; uidBFSL: [BFSL]; intent: Intent { xflg=0x4 cmp=com.callmenot.app/.service.ProtectionNotificationService }; code:PROC_STATE_TOP; tempAllowListReason:<null>; allowWiu:12; targetSdkVersion:34; callerTargetSdkVersion:34; startForegroundCount:0; bindFromPackage:null: isBindService:false]
01-04 09:42:18.142  2087  2087 D SamsungCallBlocker: Starting Samsung call blocker service
01-04 09:42:18.375  2087  2087 E AndroidRuntime: FATAL EXCEPTION: main
01-04 09:42:18.375  2087  2087 E AndroidRuntime: Process: com.callmenot.app, PID: 2087
01-04 09:42:18.375  2087  2087 E AndroidRuntime: java.lang.RuntimeException: Unable to create service com.callmenot.app.service.ProtectionNotificationService: java.lang.SecurityException: Starting FGS with type phoneCall callerApp=ProcessRecord{5c3ee51 2087:com.callmenot.app/u0a454} targetSDK=34 requires permissions: all of the permissions allOf=true [android.permission.FOREGROUND_SERVICE_PHONE_CALL] any of the permissions allOf=false [android.permission.MANAGE_OWN_CALLS, android.app.role.DIALER] 
01-04 09:42:18.375  2087  2087 E AndroidRuntime: Caused by: java.lang.SecurityException: Starting FGS with type phoneCall callerApp=ProcessRecord{5c3ee51 2087:com.callmenot.app/u0a454} targetSDK=34 requires permissions: all of the permissions allOf=true [android.permission.FOREGROUND_SERVICE_PHONE_CALL] any of the permissions allOf=false [android.permission.MANAGE_OWN_CALLS, android.app.role.DIALER] 
01-04 09:42:18.375  2087  2087 E AndroidRuntime: 	at android.os.Parcel.createExceptionOrNull(Parcel.java:3354)
01-04 09:42:18.375  2087  2087 E AndroidRuntime: 	at android.os.Parcel.createException(Parcel.java:3338)
01-04 09:42:18.375  2087  2087 E AndroidRuntime: 	at android.os.Parcel.readException(Parcel.java:3321)
01-04 09:42:18.375  2087  2087 E AndroidRuntime: 	at android.os.Parcel.readException(Parcel.java:3263)
01-04 09:42:18.375  2087  2087 E AndroidRuntime: 	at com.callmenot.app.service.ProtectionNotificationService.onCreate(ProtectionNotificationService.kt:42)
01-04 09:42:18.375  2087  2087 E AndroidRuntime: Caused by: android.os.RemoteException: Remote stack trace:
01-04 09:42:18.381  2448  3468 W ActivityTaskManager:   Force finishing activity com.callmenot.app/.MainActivity
01-04 09:42:18.383  2448  3468 V WindowManager: Collecting in transition 1029: Task{cdeaccf #12029 type=standard A=10454:com.callmenot.app}, caller=com.android.server.wm.Transition.collectExistenceChange:40 com.android.server.wm.Transition.collectClose:7 com.android.server.wm.ActivityRecord.finishIfPossible:50 com.android.server.wm.ActivityRecord.finishIfPossible:1 com.android.server.wm.RootWindowContainer$$ExternalSyntheticLambda34.accept:179 
01-04 09:42:18.383  2448  3468 D WindowManager: prepareSync <SYNC_STATE_WAITING_FOR_DRAW>, mPrepareSyncSeqId=0, win=Window{4324b29 u0 com.callmenot.app/com.callmenot.app.MainActivity}
01-04 09:42:18.383  2448  3468 D ActivityTaskManager: scheduleTopResumedActivityChanged, onTop=false, r=ActivityRecord{95647536 u0 com.callmenot.app/.MainActivity t12029 f}}, caller=com.android.server.wm.ActivityTaskSupervisor.scheduleTopResumedActivityStateLossIfNeeded:19 com.android.server.wm.ActivityTaskSupervisor.updateTopResumedActivityIfNeeded:20 com.android.server.wm.TaskDisplayArea.positionChildAt:252 com.android.server.wm.Task.moveToFront:40 com.android.server.wm.Task.adjustFocusToNextFocusableTask:133 com.android.server.wm.ActivityRecord.finishIfPossible:71 
01-04 09:42:18.383  3252  3360 V WindowManagerShell: Transition requested (#1029): android.os.BinderProxy@a161ec2 TransitionRequestInfo { type = CLOSE, triggerTask = TaskInfo{userId=0 taskId=12029 effectiveUid=10454 displayId=0 isRunning=true baseIntent=Intent { act=android.intent.action.MAIN cat=[android.intent.category.LAUNCHER] flg=0x34000000 pkg=com.callmenot.app cmp=com.callmenot.app/.MainActivity } baseActivity=ComponentInfo{com.callmenot.app/com.callmenot.app.MainActivity} topActivity=ComponentInfo{com.callmenot.app/com.callmenot.app.MainActivity} origActivity=null realActivity=ComponentInfo{com.callmenot.app/com.callmenot.app.MainActivity} numActivities=1 lastActiveTime=53491984 supportsMultiWindow=true resizeMode=1 isResizeable=true minWidth=-1 minHeight=-1 maxWidth=-1 maxHeight=-1 defaultMinSize=220 desktopDefaultMinSize=304 token=WCT{android.window.IWindowContainerToken$Stub$Proxy@4d664d3} topActivityType=1 pictureInPictureParams=null shouldDockBigOverlays=false launchIntoPipHostTaskId=-1 lastParentTaskIdBeforePip=-1 displayCutoutSafeInsets=Rect(0, 0 - 0, 0) topActivityInfo=ActivityInfo{336810 com.callmenot.app.MainActivity} launchCookies=[] positionInParent=Point(0, 0) parentTaskId=-1 isFocused=true isVisible=true isVisibleRequested=true isTopActivityNoDisplay=false isSleeping=false locusId=null displayAreaFeatureId=1 isTopActivityTransparent=false isActivityStackTransparent=false lastNonFullscreenBounds=Rect(81, 553 - 999, 1723) capturedLink=null capturedLinkTimestamp=0 requestedVisibleTypes=-9 topActivityRequestOpenInBrowserEducationTimestamp=0 appCompatTaskInfo=AppCompatTaskInfo { topActivityInSizeCompat=false eligibleForLetterboxEducation= false isLetterboxEducationEnabled= false isLetterboxDoubleTapEnabled= false eligibleForUserAspectRatioButton= false topActivityBoundsLetterboxed= false isFromLetterboxDoubleTap= false topActivityLetterboxVerticalPosition= -1 topActivityLetterboxHorizontalPosition= -1 topActivityLetterboxWidth=-1 topActivityLetterboxHeight=-1 topActivityAppBounds=Rect(0, 81 - 1080, 2196) isUserFullscreenOverrideEnabled=false isSystemFullscreenOverrideEnabled=false hasMinAspectRatioOverride=false topActivityLetterboxBounds=null cameraCompatTaskInfo=CameraCompatTaskInfo { freeformCameraCompatMode=inactive} topActivityBounds=null topActivityInDisplayCompat=false singleTapFromLetterbox=false} topActivityMainWindowFrame=null originallySupportedMultiWindow=true hasWallpaper=false rootAffinity=10454:com.callmenot.app isTopTaskInStage=false CoverLauncherWidgetTask=false LaunchedFromAppsCoverLauncherTask=false LaunchedFromMultistarCoverLauncherTask=false isAllowedSeamlessRotation=false isTopTransparentActivity=false isAliasManaged=false hasConfigChanged=false snappingGuideBounds=null isAiKeyRemoveAppTask=false lastDesktopWindowingBounds=null lastExternalDesktopWindowingBounds=null safeCutoutInsets=null}, pipChange = null, remoteTransition = null, displayChange = null, flags = 16, debugId = 1029 }
01-04 09:42:18.385  2448  3468 V WindowManager: Collecting in transition 1029: ActivityRecord{95647536 u0 com.callmenot.app/.MainActivity t12029 f}}, caller=com.android.server.wm.TransitionController.collect:7 com.android.server.wm.ActivityRecord.setVisibility:132 com.android.server.wm.ActivityRecord.finishIfPossible:87 com.android.server.wm.ActivityRecord.finishIfPossible:1 com.android.server.wm.RootWindowContainer$$ExternalSyntheticLambda34.accept:179 
01-04 09:42:18.388  2448  2316 W ActivityManager: crash : com.callmenot.app,10454
01-04 09:42:18.402  2448  2535 D SGM:GameManager: identifyForegroundApp. com.callmenot.app, mCurrentUserId: 0, callerUserId: 0
01-04 09:42:18.403  2448  2535 D SGM:GameManager: identifyForegroundApp. com.callmenot.app, mCurrentUserId: 0, callerUserId: 0
01-04 09:42:18.406  2448  3457 D InputDispatcher: Focus left window (0): 4324b29 com.callmenot.app/com.callmenot.app.MainActivity
01-04 09:42:18.416  5026  5026 I SDHMS:PowerAnomaly:Gatherer:AppError: update AppError : uid=10454, pkg=com.callmenot.app, errorType=crash
01-04 09:42:18.424  5026  5026 I SDHMS:PowerAnomaly:Analyzer:AppError: analyze app error : uid=10454, pkg=com.callmenot.app, appErrorCount=1
01-04 09:42:18.431  2448  5188 I WindowManager: WIN DEATH: Window{4324b29 u0 com.callmenot.app/com.callmenot.app.MainActivity}
01-04 09:42:18.432  2448  5188 V WindowManager: Remove Window{4324b29 u0 com.callmenot.app/com.callmenot.app.MainActivity}: mSurfaceControl=Surface(name=com.callmenot.app/com.callmenot.app.MainActivity$_2087)/@0xb29b5bd mAnimatingExit=false mRemoveOnExit=false mHasSurface=true surfaceShowing=true animating=false app-animation=false callers=com.android.server.wm.Session.binderDied:85 android.os.IBinder$DeathRecipient.binderDied:346 android.os.BinderProxy.sendDeathNotice:848 <bottom of call stack> <bottom of call stack> <bottom of call stack> 
01-04 09:42:18.432  2448  5212 I ActivityManager: Process com.callmenot.app (pid 2087) has died: fg  TOP (339,2593)
01-04 09:42:18.432  2448  5188 D WindowManager: Changing focus from Window{4324b29 u0 com.callmenot.app/com.callmenot.app.MainActivity EXITING} to null displayId=0 Callers=com.android.server.wm.WindowState.removeIfPossible:602 com.android.server.wm.Session.binderDied:85 android.os.IBinder$DeathRecipient.binderDied:346 android.os.BinderProxy.sendDeathNotice:848 
01-04 09:42:18.433  2448  5228 I ImeTracker: com.callmenot.app:19b35948: onRequestHide at ORIGIN_SERVER reason HIDE_REMOVE_CLIENT fromUser false
01-04 09:42:18.433  2448  5228 I ImeTracker: com.callmenot.app:19b35948: onCancelled at PHASE_SERVER_SHOULD_HIDE
01-04 09:42:18.434  2448  5188 D WindowManager: updateSystemBarAttributes: displayId=0, focusedCanBeNavColorWin=false, win=Window{4324b29 u0 com.callmenot.app/com.callmenot.app.MainActivity EXITING}, navColorWin=null, caller=com.android.server.wm.DisplayPolicy.finishPostLayoutPolicyLw:17 com.android.server.wm.RootWindowContainer.applySurfaceChangesTransaction$1:195 com.android.server.wm.RootWindowContainer.performSurfacePlacementNoTrace:59 
01-04 09:42:18.434  3252  3252 D NavigationBar: onSystemBarAttributesChanged() -  displayId:0, appearance:8, packageName: com.callmenot.app (APPEARANCE_LIGHT_STATUS_BARS ), navbarColorManagedByIme:false
01-04 09:42:18.434  3252  3252 D SamsungLightBarControlHelper: updateNavigationBar (WHITE button) isLightOpaque:false, hasLightNavigationBarFlag:false, packageName:com.callmenot.app, DirectReplying:false, NavBarColorMangedByIme:false, ForceDarkForScrim:false, ForceLightForScrim:false, QsCustomizing:false, QsExpanded:false
01-04 09:42:18.435  2448  5212 W ActivityManager: Scheduling restart of crashed service com.callmenot.app/.service.SamsungCallBlockerService in 1000ms for start-requested
01-04 09:42:18.435  2448  5212 W ActivityManager: Scheduling restart of crashed service com.callmenot.app/.service.ProtectionNotificationService in 11000ms for start-requested
01-04 09:42:18.436  2448  5212 V WindowManager: Collecting in transition 1029: Task{cdeaccf #12029 type=standard A=10454:com.callmenot.app}, caller=com.android.server.wm.Transition.collectClose:12 com.android.server.wm.WindowProcessController.handleAppDied$1:465 com.android.server.am.ActivityManagerService.handleAppDiedLocked:248 com.android.server.am.ActivityManagerService.appDiedLocked:570 com.android.server.am.ActivityManagerService$AppDeathRecipient.binderDied:17 
01-04 09:42:18.436  2448  5212 V WindowManager: Collecting in transition 1029: ActivityRecord{95647536 u0 com.callmenot.app/.MainActivity t12029 f}}, caller=com.android.server.wm.TransitionController.collect:7 com.android.server.wm.ActivityRecord.onRemovedFromDisplay:258 com.android.server.wm.ActivityRecord.removeFromHistory:173 com.android.server.wm.WindowProcessController.handleAppDied$1:507 com.android.server.am.ActivityManagerService.handleAppDiedLocked:248 
01-04 09:42:18.445  2448  2537 D SGM:FgCheckThread: pkgName: com.callmenot.app is not in foreground
01-04 09:42:18.445  2448  2537 D SGM:FgCheckThread: noteStopComponent(), received pkgName: com.callmenot.app, focusedPkgName: com.sec.android.app.myfiles, userId: 0
01-04 09:42:18.557  2448  2538 D ChangeTransitionController:    ChangeInfo{e6e6d2b container=ActivityRecord{95647536 u0 com.callmenot.app/.MainActivity t12029 f} isExiting} flags=0x0}
01-04 09:42:18.557  2448  2538 D ChangeTransitionController:    ChangeInfo{141eb46 container=Task{cdeaccf #12029 type=standard A=10454:com.callmenot.app} flags=0x0}
01-04 09:42:18.557  2448  2538 V WindowManager: Start calculating TransitionInfo based on participants: {ActivityRecord{73998914 u0 com.sec.android.app.myfiles/.ui.MainActivity t12002}, ActivityRecord{95647536 u0 com.callmenot.app/.MainActivity t12029 f} isExiting}, Task{a3fe253 #12002 type=standard I=com.sec.android.app.myfiles/.ui.MainActivity}, ActivityRecord{213189107 u0 com.google.android.packageinstaller/com.android.packageinstaller.DeleteStagedFileOnResult t12002 f}}, Task{cdeaccf #12029 type=standard A=10454:com.callmenot.app}}
01-04 09:42:18.557  2448  2538 V WindowManager:   Final targets: [ChangeInfo{489c588 container=Task{a3fe253 #12002 type=standard I=com.sec.android.app.myfiles/.ui.MainActivity} flags=0x30}, ChangeInfo{141eb46 container=Task{cdeaccf #12029 type=standard A=10454:com.callmenot.app} flags=0x10}]
01-04 09:42:18.561  2448  2538 V WindowManager:         {WCT{RemoteToken{4f5408f Task{cdeaccf #12029 type=standard A=10454:com.callmenot.app}}} m=CLOSE f=NONE leash=Surface(name=Task=12029)/@0xefc8d69 sb=Rect(0, 0 - 1080, 2340) eb=Rect(0, 0 - 1080, 2340) epz=Point(1080, 2340) d=0 taskParent=-1 inset=Rect(0, 0 - 0, 0) dim=true}
01-04 09:42:18.571  1640  1779 I SurfaceFlinger: Capture layer list: 	 com.callmenot.app/com.callmenot.app.MainActivity$_2087#10746(seamlessTransition:0)
01-04 09:42:18.572  1640  1789 D RenderEngine: [SEC_SF_EFFECTS] drawLayersInternal,1483, Rendering layer com.callmenot.app/com.callmenot.app.MainActivity$_2087#10746 at index 1
01-04 09:42:18.576  2448  2534 V WindowManager: Sent Transition (#1029) createdAt=01-04 09:42:18.381 via request=TransitionRequestInfo { type = CLOSE, triggerTask = TaskInfo{userId=0 taskId=12029 effectiveUid=10454 displayId=0 isRunning=true baseIntent=Intent { act=android.intent.action.MAIN cat=[android.intent.category.LAUNCHER] flg=0x34000000 pkg=com.callmenot.app cmp=com.callmenot.app/.MainActivity } baseActivity=ComponentInfo{com.callmenot.app/com.callmenot.app.MainActivity} topActivity=ComponentInfo{com.callmenot.app/com.callmenot.app.MainActivity} origActivity=null realActivity=ComponentInfo{com.callmenot.app/com.callmenot.app.MainActivity} numActivities=1 lastActiveTime=53491984 supportsMultiWindow=true resizeMode=1 isResizeable=true minWidth=-1 minHeight=-1 maxWidth=-1 maxHeight=-1 defaultMinSize=220 desktopDefaultMinSize=304 token=WCT{RemoteToken{4f5408f Task{cdeaccf #12029 type=standard A=10454:com.callmenot.app}}} topActivityType=1 pictureInPictureParams=null shouldDockBigOverlays=false launchIntoPipHostTaskId=-1 lastParentTaskIdBeforePip=-1 displayCutoutSafeInsets=Rect(0, 0 - 0, 0) topActivityInfo=ActivityInfo{9a6d0fa com.callmenot.app.MainActivity} launchCookies=[] positionInParent=Point(0, 0) parentTaskId=-1 isFocused=true isVisible=true isVisibleRequested=true isTopActivityNoDisplay=false isSleeping=false locusId=null displayAreaFeatureId=1 isTopActivityTransparent=false isActivityStackTransparent=false lastNonFullscreenBounds=Rect(81, 553 - 999, 1723) capturedLink=null capturedLinkTimestamp=0 requestedVisibleTypes=-9 topActivityRequestOpenInBrowserEducationTimestamp=0 appCompatTaskInfo=AppCompatTaskInfo { topActivityInSizeCompat=false eligibleForLetterboxEducation= false isLetterboxEducationEnabled= false isLetterboxDoubleTapEnabled= false eligibleForUserAspectRatioButton= false topActivityBoundsLetterboxed= false isFromLetterboxDoubleTap= false topActivityLetterboxVerticalPosition= -1 topActivityLetterboxHorizontalPosition= -1 topActivityLetterboxWidth=-1 topActivityLetterboxHeight=-1 topActivityAppBounds=Rect(0, 81 - 1080, 2196) isUserFullscreenOverrideEnabled=false isSystemFullscreenOverrideEnabled=false hasMinAspectRatioOverride=false topActivityLetterboxBounds=null cameraCompatTaskInfo=CameraCompatTaskInfo { freeformCameraCompatMode=inactive} topActivityBounds=null topActivityInDisplayCompat=false singleTapFromLetterbox=false} topActivityMainWindowFrame=null originallySupportedMultiWindow=true hasWallpaper=false rootAffinity=10454:com.callmenot.app isTopTaskInStage=false CoverLauncherWidgetTask=false LaunchedFromAppsCoverLauncherTask=false LaunchedFromMultistarCoverLauncherTask=false isAllowedSeamlessRotation=false isTopTransparentActivity=false isAliasManaged=false hasConfigChanged=false snappingGuideBounds=null isAiKeyRemoveAppTask=false lastDesktopWindowingBounds=null lastExternalDesktopWindowingBounds=null safeCutoutInsets=null}, pipChange = null, remoteTransition = null, displayChange = null, flags = 16, debugId = 1029 }
01-04 09:42:18.577  2448  2534 V WindowManager:         {WCT{RemoteToken{4f5408f Task{cdeaccf #12029 type=standard A=10454:com.callmenot.app}}} m=CLOSE f=NONE leash=Surface(name=Task=12029)/@0xefc8d69 sb=Rect(0, 0 - 1080, 2340) eb=Rect(0, 0 - 1080, 2340) epz=Point(1080, 2340) d=0 taskParent=-1 inset=Rect(0, 0 - 0, 0) dim=true}
01-04 09:42:18.596  1640  1640 D SurfaceFlinger:        DEVICE |            8963596746752 | 00002102 | RGBA_8888    |    0.0    0.0 1045.0 2340.0 |   35    0 1080 2340 | com.callmenot.app/com.callmenot.app.MainActivity$_2087#10746 (268)
01-04 09:42:18.739  1640  1640 D SurfaceFlinger:        DEVICE |            8963596746752 | 00002102 | RGBA_8888    |    0.0    0.0  189.0 2340.0 |  891    0 1080 2340 | com.callmenot.app/com.callmenot.app.MainActivity$_2087#10746 (268)
01-04 09:42:18.886  2448  2537 W ActivityTaskManager: Activity top resumed state loss timeout for ActivityRecord{95647536 u0 com.callmenot.app/.MainActivity t12029 f} isExiting}
01-04 09:42:18.985  2448  5228 V WindowManager:    ChangeInfo{e6e6d2b container=ActivityRecord{95647536 u0 com.callmenot.app/.MainActivity t12029 f} isExiting} flags=0x0}
01-04 09:42:18.985  2448  5228 V WindowManager:    ChangeInfo{141eb46 container=Task{cdeaccf #12029 type=standard A=10454:com.callmenot.app} flags=0x10}
01-04 09:42:18.986  2448  5228 V WindowManager: Setting visibility of Window{4324b29 u0 com.callmenot.app/com.callmenot.app.MainActivity EXITING}: false, caller=com.android.server.wm.WindowContainer.sendAppVisibilityToClients:19 com.android.server.wm.WindowToken.setClientVisible:48 com.android.server.wm.ActivityRecord.commitVisibility:186 com.android.server.wm.TransitionController.finishTransition:846 com.android.server.wm.WindowOrganizerController.finishTransitionInner:31 
01-04 09:42:18.989  2448  5228 W WindowManager: Exception thrown during dispatchAppVisibility Window{4324b29 u0 com.callmenot.app/com.callmenot.app.MainActivity EXITING}
01-04 09:42:18.989  2448  5228 W WindowManager: android.os.DeadObjectException
01-04 09:42:18.990  2448  5228 V WindowManager: Remove Window{4324b29 u0 com.callmenot.app/com.callmenot.app.MainActivity EXITING}: mSurfaceControl=Surface(name=com.callmenot.app/com.callmenot.app.MainActivity$_2087)/@0xb29b5bd mAnimatingExit=true mRemoveOnExit=true mHasSurface=true surfaceShowing=true animating=false app-animation=false callers=com.android.server.wm.WindowToken.removeAllWindowsIfPossible:45 com.android.server.wm.WindowToken.removeIfPossible:16 com.android.server.wm.WindowToken.handleCompleteDeferredRemoval:5 com.android.server.wm.WindowContainer.handleCompleteDeferredRemoval:21 com.android.server.wm.TaskFragment.handleCompleteDeferredRemoval:17 com.android.server.wm.WindowContainer.handleCompleteDeferredRemoval:21 
01-04 09:42:18.992  2448  5228 V WindowManager: Remove Window{4324b29 u0 com.callmenot.app/com.callmenot.app.MainActivity EXITING}: mSurfaceControl=Surface(name=com.callmenot.app/com.callmenot.app.MainActivity$_2087)/@0xb29b5bd mAnimatingExit=true mRemoveOnExit=true mHasSurface=true surfaceShowing=true animating=false app-animation=false callers=com.android.server.wm.WindowToken.removeAllWindowsIfPossible:45 com.android.server.wm.WindowToken.removeIfPossible:16 com.android.server.wm.ActivityRecord.onRemovedFromDisplay:407 com.android.server.wm.ActivityRecord.removeImmediately:46 com.android.server.wm.WindowToken.removeIfPossible:19 com.android.server.wm.WindowToken.handleCompleteDeferredRemoval:5 
01-04 09:42:18.993  1640  2151 I SurfaceFlinger: id=10741 Removed df090e2 ActivityRecordInputSink com.callmenot.app/.MainActivity#10741 (190)
01-04 09:42:18.997  2448  5228 D ChangeTransitionController:    ChangeInfo{e6e6d2b container=ActivityRecord{95647536 u0 com.callmenot.app/.MainActivity t-1 f}} flags=0x0}
01-04 09:42:18.997  2448  5228 D ChangeTransitionController:    ChangeInfo{141eb46 container=Task{cdeaccf #12029 type=standard A=10454:com.callmenot.app} flags=0x10}
01-04 09:42:19.004  1640  1640 I SurfaceFlinger: [LayerHierarchy{RequestedLayerState{ActivityRecord{95647536 u0 com.callmenot.app/.MainActivity t12029}#10737} 2 children}] reparent to OffscreenRoot
01-04 09:42:19.004  1640  1640 I SurfaceFlinger: [LayerHierarchy{RequestedLayerState{ActivityRecord{95647536 u0 com.callmenot.app/.MainActivity t12029}#10737} 2 children}] RelativeParent to null
01-04 09:42:19.004  1640  1640 I SurfaceFlinger: [LayerHierarchy{RequestedLayerState{4324b29 com.callmenot.app/com.callmenot.app.MainActivity#10745} 1 children}] reparent to OffscreenRoot
01-04 09:42:19.004  1640  1640 I SurfaceFlinger: [LayerHierarchy{RequestedLayerState{4324b29 com.callmenot.app/com.callmenot.app.MainActivity#10745} 1 children}] RelativeParent to null
01-04 09:42:19.004  1640  1640 I SurfaceFlinger: [LayerHierarchy{RequestedLayerState{com.callmenot.app/com.callmenot.app.MainActivity$_2087#10746} no children}] reparent to OffscreenRoot
01-04 09:42:19.004  1640  1640 I SurfaceFlinger: [LayerHierarchy{RequestedLayerState{com.callmenot.app/com.callmenot.app.MainActivity$_2087#10746} no children}] RelativeParent to null
01-04 09:42:19.004  1640  1640 I SurfaceFlinger: id=10737 Removed ActivityRecord{95647536 u0 com.callmenot.app/.MainActivity t12029}#10737 (189)
01-04 09:42:19.005  1640  1640 I SurfaceFlinger: id=10745 Removed 4324b29 com.callmenot.app/com.callmenot.app.MainActivity#10745 (189)
01-04 09:42:19.005  1640  1640 I SurfaceFlinger: id=10746 Removed com.callmenot.app/com.callmenot.app.MainActivity$_2087#10746 (189)
01-04 09:42:19.012  1640  1640 I SurfaceFlinger: destroyed df090e2 ActivityRecordInputSink com.callmenot.app/.MainActivity#10741 form LifecycleManager
01-04 09:42:19.012  1640  1640 I SurfaceFlinger: destroyed ActivityRecord{95647536 u0 com.callmenot.app/.MainActivity t12029}#10737 form LifecycleManager
01-04 09:42:19.012  1640  1640 I SurfaceFlinger: destroyed 4324b29 com.callmenot.app/com.callmenot.app.MainActivity#10745 form LifecycleManager
01-04 09:42:19.012  1640  1640 I SurfaceFlinger: destroyed com.callmenot.app/com.callmenot.app.MainActivity$_2087#10746 form LifecycleManager
01-04 09:42:19.013  1640  1640 I SurfaceFlinger: id=10741 onLayerDestroyed from LayerHierarchyBuilder(RequestedLayerState{df090e2 ActivityRecordInputSink com.callmenot.app/.MainActivity#10741 !handle z=-2147483648})
01-04 09:42:19.013  1640  1640 I SurfaceFlinger: id=10737 onLayerDestroyed from LayerHierarchyBuilder(RequestedLayerState{ActivityRecord{95647536 u0 com.callmenot.app/.MainActivity t12029}#10737 !handle})
01-04 09:42:19.013  1640  1640 I SurfaceFlinger: id=10745 onLayerDestroyed from LayerHierarchyBuilder(RequestedLayerState{4324b29 com.callmenot.app/com.callmenot.app.MainActivity#10745 !handle})
01-04 09:42:19.013  1640  1640 I SurfaceFlinger: id=10746 onLayerDestroyed from LayerHierarchyBuilder(RequestedLayerState{com.callmenot.app/com.callmenot.app.MainActivity$_2087#10746 !handle})
01-04 09:42:19.014  1640  1640 I Layer   : id=10741 Destroyed df090e2 ActivityRecordInputSink com.callmenot.app/.MainActivity#10741
01-04 09:42:19.014  1640  1640 I Layer   : id=10737 Destroyed ActivityRecord{95647536 u0 com.callmenot.app/.MainActivity t12029}#10737
01-04 09:42:19.014  1640  1640 I Layer   : id=10745 Destroyed 4324b29 com.callmenot.app/com.callmenot.app.MainActivity#10745
01-04 09:42:19.015  1640  1640 I Layer   : id=10746 Destroyed com.callmenot.app/com.callmenot.app.MainActivity$_2087#10746
01-04 09:42:19.467  2448  2544 I ActivityManager: Start proc 2330:com.callmenot.app/u0a454 for service {com.callmenot.app/com.callmenot.app.service.SamsungCallBlockerService}
01-04 09:42:19.491  2330  2330 I m.callmenot.app: Late-enabling -Xcheck:jni
01-04 09:42:19.515  1121  1121 D io_stats: !@ Write_top(KB): system_server(2448) 244 f2fs_ckpt-254:5(1212) 152 m.callmenot.app(2087) 120
01-04 09:42:19.522  2330  2330 I m.callmenot.app: Using CollectorTypeCMC GC.
01-04 09:42:19.736  2330  2330 D nativeloader: Configuring clns-9 for other apk /data/app/~~99jXfQwzxeWfHa7pcVIFLw==/com.callmenot.app-phSJjGjnMy6vVOvNiAp8rg==/base.apk. target_sdk_version=34, uses_libraries=, library_path=/data/app/~~99jXfQwzxeWfHa7pcVIFLw==/com.callmenot.app-phSJjGjnMy6vVOvNiAp8rg==/lib/arm64, permitted_path=/data:/mnt/expand:/data/user/0/com.callmenot.app
01-04 09:42:19.740  2330  2330 V GraphicsEnvironment: com.callmenot.app is not listed in per-application setting
01-04 09:42:19.740  2330  2330 V GraphicsEnvironment: com.callmenot.app is not listed in ANGLE allowlist or settings, returning default
01-04 09:42:19.764  2330  2330 D CallMeNotApp: CallMeNotApp initialized
01-04 09:42:19.862  2330  2330 D SamsungCallBlocker: Service created
01-04 09:42:19.866  2330  2330 W SamsungCallBlocker: READ_PHONE_STATE permission not granted
01-04 09:42:19.867  2330  2330 D SamsungCallBlocker: Service started
01-04 09:42:19.887  2330  2330 E AndroidRuntime: FATAL EXCEPTION: main
01-04 09:42:19.887  2330  2330 E AndroidRuntime: Process: com.callmenot.app, PID: 2330
01-04 09:42:19.887  2330  2330 E AndroidRuntime: java.lang.RuntimeException: Unable to create service com.callmenot.app.service.ProtectionNotificationService: java.lang.SecurityException: Starting FGS with type phoneCall callerApp=ProcessRecord{af84532 2330:com.callmenot.app/u0a454} targetSDK=34 requires permissions: all of the permissions allOf=true [android.permission.FOREGROUND_SERVICE_PHONE_CALL] any of the permissions allOf=false [android.permission.MANAGE_OWN_CALLS, android.app.role.DIALER] 
01-04 09:42:19.887  2330  2330 E AndroidRuntime: Caused by: java.lang.SecurityException: Starting FGS with type phoneCall callerApp=ProcessRecord{af84532 2330:com.callmenot.app/u0a454} targetSDK=34 requires permissions: all of the permissions allOf=true [android.permission.FOREGROUND_SERVICE_PHONE_CALL] any of the permissions allOf=false [android.permission.MANAGE_OWN_CALLS, android.app.role.DIALER] 
01-04 09:42:19.887  2330  2330 E AndroidRuntime: 	at android.os.Parcel.createExceptionOrNull(Parcel.java:3354)
01-04 09:42:19.887  2330  2330 E AndroidRuntime: 	at android.os.Parcel.createException(Parcel.java:3338)
01-04 09:42:19.887  2330  2330 E AndroidRuntime: 	at android.os.Parcel.readException(Parcel.java:3321)
01-04 09:42:19.887  2330  2330 E AndroidRuntime: 	at android.os.Parcel.readException(Parcel.java:3263)
01-04 09:42:19.887  2330  2330 E AndroidRuntime: 	at com.callmenot.app.service.ProtectionNotificationService.onCreate(ProtectionNotificationService.kt:42)
01-04 09:42:19.887  2330  2330 E AndroidRuntime: Caused by: android.os.RemoteException: Remote stack trace:
01-04 09:42:19.897  2448  2350 W ActivityManager: crash : com.callmenot.app,10454
01-04 09:42:19.897  2448  2535 I ActivityManager: Showing crash dialog for package com.callmenot.app u0
01-04 09:42:19.919  5026  5026 I SDHMS:PowerAnomaly:Gatherer:AppError: update AppError : uid=10454, pkg=com.callmenot.app, errorType=crash
01-04 09:42:19.924  5026  5026 I SDHMS:PowerAnomaly:Analyzer:AppError: analyze app error : uid=10454, pkg=com.callmenot.app, appErrorCount=2
01-04 09:42:19.933  1640  1777 I SurfaceFlinger: id=10791 createSurf, flag=84004, 33f7203 Application Error: com.callmenot.app#10791
01-04 09:42:19.934  2448  2535 D WindowManager: Changing focus from Window{5bc8e20 u0 com.sec.android.app.myfiles/com.sec.android.app.myfiles.ui.MainActivity} to Window{33f7203 u0 Application Error: com.callmenot.app} displayId=0 Callers=com.android.server.wm.WindowManagerService.addWindowInner:565 com.android.server.wm.WindowManagerService.addWindow:1842 com.android.server.wm.Session.addToDisplayAsUser:24 android.view.ViewRootImpl.setView:1974 
01-04 09:42:19.936  2448  2535 D InsetsSourceProvider: updateControlForTarget: control=InsetsSourceControl: {26b60000 mType=statusBars initiallyVisible mSurfacePosition=Point(0, 0) mInsetsHint=Insets{left=0, top=81, right=0, bottom=0}}, target=Window{33f7203 u0 Application Error: com.callmenot.app}, from=com.android.server.wm.InsetsStateController.onControlTargetChanged:83 com.android.server.wm.InsetsPolicy.updateBarControlTarget:212 com.android.server.wm.DisplayPolicy.updateSystemBarAttributes:262 com.android.server.wm.WindowManagerService.updateFocusedWindowLocked:372 com.android.server.wm.WindowManagerService.addWindowInner:565 
01-04 09:42:19.936  2448  2535 D InsetsSourceProvider: updateControlForTarget: control=InsetsSourceControl: {872b0001 mType=navigationBars initiallyVisible mSurfacePosition=Point(0, 2196) mInsetsHint=Insets{left=0, top=0, right=0, bottom=144}}, target=Window{33f7203 u0 Application Error: com.callmenot.app}, from=com.android.server.wm.InsetsStateController.onControlTargetChanged:83 com.android.server.wm.InsetsPolicy.updateBarControlTarget:225 com.android.server.wm.DisplayPolicy.updateSystemBarAttributes:262 com.android.server.wm.WindowManagerService.updateFocusedWindowLocked:372 com.android.server.wm.WindowManagerService.addWindowInner:565 
01-04 09:42:19.937  2448  2535 D WindowManager: updateSystemBarAttributes: displayId=0, focusedCanBeNavColorWin=false, win=Window{33f7203 u0 Application Error: com.callmenot.app}, navColorWin=Window{5bc8e20 u0 com.sec.android.app.myfiles/com.sec.android.app.myfiles.ui.MainActivity}, caller=com.android.server.wm.WindowManagerService.updateFocusedWindowLocked:372 com.android.server.wm.WindowManagerService.addWindowInner:565 com.android.server.wm.WindowManagerService.addWindow:1842 
01-04 09:42:19.937  2448  2535 V SystemKeyManager: updateFocusedWindow() is called, Application Error: com.callmenot.app
01-04 09:42:19.937  2448  2535 I SystemKeyManager: requested systemKeyInfo size=1 focusedWindow=Application Error: com.callmenot.app
01-04 09:42:19.937  2448  2535 I SystemKeyManager: requested systemKeyInfo size=1 focusedWindow=Application Error: com.callmenot.app
01-04 09:42:19.938  2448  2535 I InsetsController: onStateChanged: host=Application Error: com.callmenot.app, from=android.view.ViewRootImpl.onInsetsStateChanged:3026, state=InsetsState: {mDisplayFrame=Rect(0, 0 - 1080, 2340), mDisplayCutout=DisplayCutout{insets=Rect(0, 81 - 0, 0) waterfall=Insets{left=0, top=0, right=0, bottom=0} boundingRect={Bounds=[Rect(0, 0 - 0, 0), Rect(512, 0 - 568, 81), Rect(0, 0 - 0, 0), Rect(0, 0 - 0, 0)]} cutoutPathParserInfo={CutoutPathParserInfo{displayWidth=1080 displayHeight=2340 physicalDisplayWidth=1080 physicalDisplayHeight=2340 density={3.0} cutoutSpec={M 0,0 H -9.333333333333333 V 27 H 9.333333333333333 V 0 H 0 Z @dp} rotation={0} scale={1.0} physicalPixelDisplaySizeRatio={1.0}}} sideOverrides={}}, mRoundedCorners=RoundedCorners{[RoundedCorner{position=TopLeft, radius=102, center=Point(102, 102)}, RoundedCorner{position=TopRight, radius=102, center=Point(978, 102)}, RoundedCorner{position=BottomRight, radius=102, center=Point(978, 2238)}, RoundedCorner{position=BottomLeft, radius=102, center=Point(102, 2238)}]}  mRoundedCornerFrame=Rect(0, 0 - 0, 0), mPrivacyIndicatorBounds=PrivacyIndicatorBounds {static bounds=Rect(948, 0 - 1080, 81) rotation=0}, mDisplayShape=DisplayShape{ spec=-311912193 displayWidth=1080 displayHeight=2340 physicalPixelDisplaySizeRatio=1.0 rotation=0 offsetX=0 offsetY=0 scale=1.0}, mSources= { InsetsSource: {872b0001 mType=navigationBars mFrame=[0,2196][1080,2340] mVisible=true mFlags= mSideHint=BOTTOM mBoundingRects=null}, InsetsSource: {872b0004 mType=systemGestures mFrame=[0,0][0,0] mVisible=true mFlags= mSideHint=NONE mBoundingRects=null}, InsetsSource: {872b0005 mType=mandatorySystemGestures mFrame=[0,2196][1080,2340] mVisible=true mFlags= mSideHint=BOTTOM mBoundingRects=null}, InsetsSource: {872b0006 mType=tappableElement mFrame=[0,2196][1080,2340] mVisible=true mFlags= mSideHint=BOTTOM mBoundingRects=null}, InsetsSource: {872b0024 mType=systemGestures mFrame=[0,0][0,0] mVisible=true mFlags= mSideHint=NONE mBoundingRects=null}, InsetsSource: {27 mType=displayCutout mFrame=[0,0][1080,81] mVisible=true mFlags= mSideHint=TOP mBoundingRects=null}, InsetsSource: {26b60000 mType=statusBars mFrame=[0,0][1080,81] mVisible=true mFlags= mSideHint=TOP mBoundingRects=null}, InsetsSource: {26b60005 mType=mandatorySystemGestures mFrame=[0,0][1080,117] mVisible=true mFlags= mSideHint=TOP mBoundingRects=null}, InsetsSource: {26b60006 mType=tappableElement mFrame=[0,0][1080,81] mVisible=true mFlags= mSideHint=TOP mBoundingRects=null} }
01-04 09:42:19.949  2448  2535 D CoreBackPreview: Window{33f7203 u0 Application Error: com.callmenot.app}: Setting back callback OnBackInvokedCallbackInfo{mCallback=android.window.WindowOnBackInvokedDispatcher$OnBackInvokedCallbackWrapper@707791a, mPriority=-1, mIsAnimationCallback=false, mOverrideBehavior=0}
01-04 09:42:19.951  2448  2535 I WindowManager: Relayout Window{33f7203 u0 Application Error: com.callmenot.app}: viewVisibility=0 req=1080x679 ty=2003 d0
01-04 09:42:19.951  1640  3759 I SurfaceFlinger: id=10794 createSurf, flag=44004, Application Error: com.callmenot.app#10794
01-04 09:42:19.952  2448  2535 D WindowManager: makeSurface duration=1 name=Application Error: com.callmenot.app
01-04 09:42:19.958  1640  1640 I SurfaceFlinger: RequestedLayer [33f7203 Application Error: com.callmenot.app#10791] hidden!! flag  from(1) --> to(0)
01-04 09:42:19.958  1640  1640 I SurfaceFlinger: [33f7203 Application Error: com.callmenot.app#10791] attach to parent LayerHierarchy{RequestedLayerState{WindowToken{691d97c type=2003 android.view.ViewRootImpl$W@e7fb502}#10790 parentId=13 z=1} 1 children}
01-04 09:42:19.958  1640  1640 I SurfaceFlinger: [Application Error: com.callmenot.app#10794] attach to parent LayerHierarchy{RequestedLayerState{33f7203 Application Error: com.callmenot.app#10791 parentId=10790} 1 children}
01-04 09:42:19.961  2448 26202 D SurfaceComposerClient: [SEC_SF_EFFECTS] setBlurRegions Application Error: com.callmenot.app#10794 ## {radius=300, cornerRadii=[78.000, 78.000, 78.000, 78.000], alpha=1.000, rect=[78, 96, 1098, 679], clipRect=[0, 0, 2147483647, 2147483647], colorCurve=[15.000000, 208.100006, 235.000000, 246.300003], curveBias=25.000000, saturation=0.750000, vibrance=[0.000000, (0.000000, 1.000000)], pathData size=0, BlurTint=[(0.000000 0.000000 0.000000) 0.000000, DISABLED]
01-04 09:42:19.969  1640  1925 D SurfaceFlinger: [input] setFocusedWindow: 33f7203 Application Error: com.callmenot.app
01-04 09:42:19.969  2448  5228 D InputDispatcher: Once focus requested (0): 33f7203 Application Error: com.callmenot.app
01-04 09:42:19.969  2448  5228 D InputDispatcher: Focus request (0): 33f7203 Application Error: com.callmenot.app but waiting because NO_WINDOW
01-04 09:42:19.973  1640  1779 I SurfaceFlinger: [Application Error: com.callmenot.app#10794] setTransactionState with the first frame. bufferData(ID: 10514079942067, frameNumber: 1)
01-04 09:42:19.973  2448  2535 D WindowManager: finishDrawingWindow: Window{33f7203 u0 Application Error: com.callmenot.app} mDrawState=DRAW_PENDING seqId=0
01-04 09:42:19.974  2448  2535 I InsetsSourceConsumer: applyRequestedVisibilityToControl: visible=true, type=statusBars, host=Application Error: com.callmenot.app
01-04 09:42:19.974  2448  2535 I InsetsSourceConsumer: applyRequestedVisibilityToControl: visible=true, type=navigationBars, host=Application Error: com.callmenot.app
01-04 09:42:19.978  2448  2538 I WindowManager: Reparenting to leash, surface=Surface(name=33f7203 Application Error: com.callmenot.app)/@0x729d240, leashParent=Surface(name=WindowToken{691d97c type=2003 android.view.ViewRootImpl$W@e7fb502})/@0x85e3579
01-04 09:42:19.978  1640  1777 I SurfaceFlinger: id=10795 createSurf, flag=24004, Surface(name=33f7203 Application Error: com.callmenot.app)/@0x729d240 - animation-leash of window_animation#10795
01-04 09:42:19.979  2448  2538 D WindowManager: makeSurface duration=2 leash=Surface(name=Surface(name=33f7203 Application Error: com.callmenot.app)/@0x729d240 - animation-leash of window_animation)/@0x8fdd2be
01-04 09:42:19.979  2448  2538 V WindowManager: performShowLocked: mDrawState=HAS_DRAWN in Window{33f7203 u0 Application Error: com.callmenot.app}
01-04 09:42:19.982  1640  1640 I SurfaceFlinger: [Surface(name=33f7203 Application Error: com.callmenot.app)/@0x729d240 - animation-leash of window_animation#10795] attach to parent LayerHierarchy{RequestedLayerState{WindowToken{691d97c type=2003 android.view.ViewRootImpl$W@e7fb502}#10790 parentId=13 z=1} 2 children}
01-04 09:42:19.982  2448 26202 D SurfaceComposerClient: [SEC_SF_EFFECTS] setBlurRegions Application Error: com.callmenot.app#10794 ## {radius=300, cornerRadii=[78.000, 78.000, 78.000, 78.000], alpha=1.000, rect=[78, 96, 1098, 679], clipRect=[0, 0, 2147483647, 2147483647], colorCurve=[15.000000, 208.100006, 235.000000, 246.300003], curveBias=25.000000, saturation=0.750000, vibrance=[0.000000, (0.000000, 1.000000)], pathData size=0, BlurTint=[(0.000000 0.000000 0.000000) 0.000000, DISABLED]
01-04 09:42:20.007  1640  1640 E SurfaceFlinger: alpha changed 1.000 -> 0.000 - Surface(name=33f7203 Application Error: com.callmenot.app)/@0x729d240 - animation-leash of window_animation#10795
01-04 09:42:20.007  1640  1640 E SurfaceFlinger: alpha changed 0.000 -> 0.000 - Surface(name=33f7203 Application Error: com.callmenot.app)/@0x729d240 - animation-leash of window_animation#10795
01-04 09:42:20.007  1640  1640 I SurfaceFlinger: RequestedLayer [Application Error: com.callmenot.app#10794] hidden!! flag  from(1) --> to(0)
01-04 09:42:20.007  1640  1640 I SurfaceFlinger: [LayerHierarchy{RequestedLayerState{33f7203 Application Error: com.callmenot.app#10791 parentId=10795} 1 children}] reparent to LayerHierarchy{RequestedLayerState{Surface(name=33f7203 Application Error: com.callmenot.app)/@0x729d240 - animation-leash of window_animation#10795 parentId=10790} 1 children}
01-04 09:42:20.015  2448  2538 D WindowManager: updateSystemBarAttributes: displayId=0, focusedCanBeNavColorWin=false, win=Window{33f7203 u0 Application Error: com.callmenot.app}, navColorWin=Window{33f7203 u0 Application Error: com.callmenot.app}, caller=com.android.server.wm.DisplayPolicy.finishPostLayoutPolicyLw:17 com.android.server.wm.RootWindowContainer.applySurfaceChangesTransaction$1:195 com.android.server.wm.RootWindowContainer.performSurfacePlacementNoTrace:59 
01-04 09:42:20.016  1640  1640 D SurfaceFlinger:        DEVICE |           10514079942066 | 00002100 | RGBA_8888    |   48.0    0.0 1128.0  771.0 |    0 1569 1080 2340 | Application Error: com.callmenot.app#10794 (blurRegions) (2)
01-04 09:42:20.016  1640  1640 E SurfaceFlinger: alpha changed 0.000 -> 0.081 - Surface(name=33f7203 Application Error: com.callmenot.app)/@0x729d240 - animation-leash of window_animation#10795
01-04 09:42:20.021  2448  5228 D InputDispatcher: Focus entered window (0): 33f7203 Application Error: com.callmenot.app
01-04 09:42:20.028  1640  1640 D SurfaceFlinger:        DEVICE |           10514079942066 | 00002100 | RGBA_8888    |   48.0    0.0 1128.0  775.0 |    0 1560 1080 2335 | Application Error: com.callmenot.app#10794 (blurRegions) (2)
01-04 09:42:20.301  2448  2538 I WindowManager: Reparenting to original parent: Surface(name=WindowToken{691d97c type=2003 android.view.ViewRootImpl$W@e7fb502})/@0x85e3579, destroy=true, surface=Surface(name=33f7203 Application Error: com.callmenot.app)/@0x729d240
01-04 09:42:20.317  1640  1640 I SurfaceFlinger: [LayerHierarchy{RequestedLayerState{33f7203 Application Error: com.callmenot.app#10791 parentId=10790} 2 children}] reparent to LayerHierarchy{RequestedLayerState{WindowToken{691d97c type=2003 android.view.ViewRootImpl$W@e7fb502}#10790 parentId=13 z=1} 2 children}
01-04 09:42:20.317  1640  1640 I SurfaceFlinger: [LayerHierarchy{RequestedLayerState{Surface(name=33f7203 Application Error: com.callmenot.app)/@0x729d240 - animation-leash of window_animation#10795} no children}] reparent to OffscreenRoot
01-04 09:42:20.317  1640  1640 I SurfaceFlinger: [LayerHierarchy{RequestedLayerState{Surface(name=33f7203 Application Error: com.callmenot.app)/@0x729d240 - animation-leash of window_animation#10795} no children}] RelativeParent to null
