01-04 10:02:24.411  2448  5117 D SurfaceComposerClient: setCornerRadius ## ee53ee2 com.callmenot.app/com.callmenot.app.MainActivity#11287 cornerRadius=0.000000
01-04 10:02:24.426  2448  5117 D SurfaceComposerClient: setCornerRadius ## ee53ee2 com.callmenot.app/com.callmenot.app.MainActivity#11287 cornerRadius=0.000000
01-04 10:02:24.427  2448  5117 D SurfaceComposerClient: setCornerRadius ## ee53ee2 com.callmenot.app/com.callmenot.app.MainActivity#11287 cornerRadius=0.000000
01-04 10:02:24.449  2448  2538 D SurfaceComposerClient: setCornerRadius ## ee53ee2 com.callmenot.app/com.callmenot.app.MainActivity#11287 cornerRadius=0.000000
01-04 10:02:24.452  2448  2538 D SurfaceComposerClient: setCornerRadius ## ee53ee2 com.callmenot.app/com.callmenot.app.MainActivity#11287 cornerRadius=0.000000
01-04 10:02:24.457  2448  5212 D SurfaceComposerClient: setCornerRadius ## ee53ee2 com.callmenot.app/com.callmenot.app.MainActivity#11287 cornerRadius=0.000000
01-04 10:02:24.458  2448  5212 D SurfaceComposerClient: setCornerRadius ## ee53ee2 com.callmenot.app/com.callmenot.app.MainActivity#11287 cornerRadius=0.000000
01-04 10:02:24.460  2448  5212 D SurfaceComposerClient: setCornerRadius ## ee53ee2 com.callmenot.app/com.callmenot.app.MainActivity#11287 cornerRadius=0.000000
01-04 10:02:24.461  2448  5212 D SurfaceComposerClient: setCornerRadius ## ee53ee2 com.callmenot.app/com.callmenot.app.MainActivity#11287 cornerRadius=0.000000
01-04 10:02:24.467  1640  1640 D SurfaceFlinger:        CLIENT |           46939697577990 | 00002102 | RGBA_8888    |    0.0    0.0 1080.0 2340.0 |    0    0 1080 2340 | com.callmenot.app/com.callmenot.app.MainActivity$_10929#11338 (98)
01-04 10:02:24.477  2448  5851 D SurfaceComposerClient: setCornerRadius ## ee53ee2 com.callmenot.app/com.callmenot.app.MainActivity#11287 cornerRadius=0.000000
01-04 10:02:24.477  2448  5851 D SurfaceComposerClient: setCornerRadius ## ee53ee2 com.callmenot.app/com.callmenot.app.MainActivity#11287 cornerRadius=0.000000
01-04 10:02:24.478  2448  5851 D WindowManager: Changing focus from Window{ee53ee2 u0 com.callmenot.app/com.callmenot.app.MainActivity} to Window{3877e2c u0 NotificationShade} displayId=0 Callers=com.android.server.wm.WindowManagerService.relayoutWindow:1350 com.android.server.wm.Session.relayout:27 com.android.server.wm.Session.relayoutAsync:14 android.view.IWindowSession$Stub.onTransact:854 
01-04 10:02:24.480  2448  5851 D InsetsSourceProvider: updateFakeControlTarget: fakeControl=InsetsSourceControl: {26b60000 mType=statusBars mSurfacePosition=Point(0, 0) mInsetsHint=Insets{left=0, top=0, right=0, bottom=0}}, fakeTarget=Window{ee53ee2 u0 com.callmenot.app/com.callmenot.app.MainActivity}
01-04 10:02:24.481  2448  5851 D InsetsSourceProvider: updateFakeControlTarget: fakeControl=InsetsSourceControl: {872b0001 mType=navigationBars mSurfacePosition=Point(0, 0) mInsetsHint=Insets{left=0, top=0, right=0, bottom=0}}, fakeTarget=Window{ee53ee2 u0 com.callmenot.app/com.callmenot.app.MainActivity}
01-04 10:02:24.481  2448  5851 D WindowManager: updateSystemBarAttributes: displayId=0, focusedCanBeNavColorWin=false, win=Window{3877e2c u0 NotificationShade}, navColorWin=Window{ee53ee2 u0 com.callmenot.app/com.callmenot.app.MainActivity}, caller=com.android.server.wm.WindowManagerService.updateFocusedWindowLocked:372 com.android.server.wm.WindowManagerService.relayoutWindow:1350 com.android.server.wm.Session.relayout:27 
01-04 10:02:24.500  2448  5117 D InputDispatcher: Focus left window (0): ee53ee2 com.callmenot.app/com.callmenot.app.MainActivity
01-04 10:02:24.501  2448  2537 D SurfaceComposerClient: setCornerRadius ## ee53ee2 com.callmenot.app/com.callmenot.app.MainActivity#11287 cornerRadius=0.000000
01-04 10:02:25.129  1640  1640 I LayerHistory: com.callmenot.app/com.callmenot.app.MainActivity$_10929#11338 voted ExplicitCategory with category: HighHint
01-04 10:02:25.359  1640  1640 I SurfaceFlinger: [com.callmenot.app/com.callmenot.app.MainActivity$_10929#11338] setFrameRateCategory: NoPreference
01-04 10:02:26.480  3252  3252 D SystemUIAnalytics: sendEventCDLog QPNE0008, SID_QUICKPANEL_OPENED, EID_QPNE_NOTI_EXPANSION, type, single, app, com.callmenot.app
01-04 10:02:27.826  2448  5117 V WindowManager: Collecting in transition 1072: ActivityRecord{62738797 u0 com.callmenot.app/.MainActivity, caller=com.android.server.wm.TransitionController.collect:7 com.android.server.wm.ActivityStarter.startActivityUnchecked:98 com.android.server.wm.ActivityStarter.executeRequest:3651 com.android.server.wm.ActivityStarter.execute:1752 com.android.server.wm.ActivityStartController.startActivityInPackage:33 
01-04 10:02:27.826  2448  5117 D ActivityTaskManager: DesktopModeLaunchParamsModifier: task=null activity=ActivityRecord{62738797 u0 com.callmenot.app/.MainActivity t-1} task null, skipping
01-04 10:02:27.826  2448  5117 D ActivityTaskManager: TaskLaunchParamsModifier:task=null activity=ActivityRecord{62738797 u0 com.callmenot.app/.MainActivity t-1} display-from-option=0 display-id=0 task-display-area-windowing-mode=1 suggested-display-area=DefaultTaskDisplayArea_d0@244917965
01-04 10:02:27.826  2448  5117 W ActivityTaskManager: startActivity called from non-Activity context; forcing Intent.FLAG_ACTIVITY_NEW_TASK for: Intent { xflg=0x4 cmp=com.callmenot.app/.MainActivity }
01-04 10:02:27.826  2448  5117 D ActivityTaskManager: DesktopModeLaunchParamsModifier: task=Task{d1a9dd6 #12035 type=standard A=10455:com.callmenot.app} activity=ActivityRecord{62738797 u0 com.callmenot.app/.MainActivity t-1} non-desktop, skipping
01-04 10:02:27.826  2448  5117 D ActivityTaskManager: TaskLaunchParamsModifier:task=Task{d1a9dd6 #12035 type=standard A=10455:com.callmenot.app} activity=ActivityRecord{62738797 u0 com.callmenot.app/.MainActivity t-1} display-from-option=0 display-id=0 task-display-area-windowing-mode=1 suggested-display-area=DefaultTaskDisplayArea_d0@244917965 inherit-from-task=fullscreen non-freeform-task-display-area display-area=DefaultTaskDisplayArea_d0@244917965 default-portrait freeform-size-mismatch=Rect(81, 553 - 999, 1723)
01-04 10:02:27.827  2448  5117 D ActivityTaskManager: DesktopModeLaunchParamsModifier: task=Task{d1a9dd6 #12035 type=standard A=10455:com.callmenot.app} activity=ActivityRecord{62738797 u0 com.callmenot.app/.MainActivity t-1} non-desktop, skipping
01-04 10:02:27.827  2448  5117 D ActivityTaskManager: TaskLaunchParamsModifier:task=Task{d1a9dd6 #12035 type=standard A=10455:com.callmenot.app} activity=ActivityRecord{62738797 u0 com.callmenot.app/.MainActivity t-1} display-from-option=0 display-id=0 task-display-area-windowing-mode=1 suggested-display-area=DefaultTaskDisplayArea_d0@244917965 inherit-from-task=fullscreen non-freeform-task-display-area display-area=DefaultTaskDisplayArea_d0@244917965 default-portrait freeform-size-mismatch=Rect(81, 553 - 999, 1723)
01-04 10:02:27.828  1640  1779 I SurfaceFlinger: id=11348 createSurf, flag=84004, ActivityRecord{62738797 u0 com.callmenot.app/.MainActivity t12035}#11348
01-04 10:02:27.830  2448  5117 D ActivityTaskManager: scheduleTopResumedActivityChanged, onTop=false, r=ActivityRecord{221478779 u0 com.callmenot.app/.MainActivity t12035}, caller=com.android.server.wm.ActivityTaskSupervisor.scheduleTopResumedActivityStateLossIfNeeded:19 com.android.server.wm.ActivityTaskSupervisor.updateTopResumedActivityIfNeeded:20 com.android.server.wm.TaskFragment.setResumedActivity:30 com.android.server.wm.ActivityRecord.setState:91 com.android.server.wm.TaskFragment.startPausing$1:209 com.android.server.wm.TaskFragment.resumeTopActivity:699 
01-04 10:02:27.832  2448  5117 V WindowManager: Collecting in transition 1072: ActivityRecord{62738797 u0 com.callmenot.app/.MainActivity t12035}, caller=com.android.server.wm.Transition.collectExistenceChange:40 com.android.server.wm.ActivityStarter.handleStartResult:761 com.android.server.wm.ActivityStarter.startActivityUnchecked:124 com.android.server.wm.ActivityStarter.executeRequest:3651 com.android.server.wm.ActivityStarter.execute:1752 
01-04 10:02:27.833  2448  5117 V WindowManager:    ChangeInfo{5e3c5f0 container=ActivityRecord{62738797 u0 com.callmenot.app/.MainActivity t12035} flags=0x0}
01-04 10:02:27.833  2448  5117 V WindowManager:    ChangeInfo{fea9769 container=Task{d1a9dd6 #12035 type=standard A=10455:com.callmenot.app} flags=0x0}
01-04 10:02:27.833  2448  5117 I ActivityTaskManager: START u0 {xflg=0x4 cmp=com.callmenot.app/.MainActivity} with LAUNCH_MULTIPLE from uid 10455 (realCallingUid=10045) (BAL_ALLOW_NON_APP_VISIBLE_WINDOW [realCaller]) result code=0
01-04 10:02:27.833  2448  5117 D ActivityManager: Received ACTIVITY intent 0x530156c Key{startActivity pkg=com.callmenot.app intent=xflg=0x4 cmp=com.callmenot.app/.MainActivity flags=0x4000000 u=0} requestCode=0 res=0 from uid 10045
01-04 10:02:27.835  3252  3360 V WindowManagerShell: Transition requested (#1072): android.os.BinderProxy@411942 TransitionRequestInfo { type = OPEN, triggerTask = TaskInfo{userId=0 taskId=12035 effectiveUid=10455 displayId=0 isRunning=true baseIntent=Intent { act=android.intent.action.MAIN cat=[android.intent.category.LAUNCHER] flg=0x34000000 pkg=com.callmenot.app cmp=com.callmenot.app/.MainActivity } baseActivity=ComponentInfo{com.callmenot.app/com.callmenot.app.MainActivity} topActivity=ComponentInfo{com.callmenot.app/com.callmenot.app.MainActivity} origActivity=null realActivity=ComponentInfo{com.callmenot.app/com.callmenot.app.MainActivity} numActivities=2 lastActiveTime=54706689 supportsMultiWindow=true resizeMode=1 isResizeable=true minWidth=-1 minHeight=-1 maxWidth=-1 maxHeight=-1 defaultMinSize=220 desktopDefaultMinSize=304 token=WCT{android.window.IWindowContainerToken$Stub$Proxy@c760d53} topActivityType=1 pictureInPictureParams=null shouldDockBigOverlays=false launchIntoPipHostTaskId=-1 lastParentTaskIdBeforePip=-1 displayCutoutSafeInsets=Rect(0, 0 - 0, 0) topActivityInfo=ActivityInfo{7852690 com.callmenot.app.MainActivity} launchCookies=[] positionInParent=Point(0, 0) parentTaskId=-1 isFocused=true isVisible=true isVisibleRequested=true isTopActivityNoDisplay=false isSleeping=false locusId=null displayAreaFeatureId=1 isTopActivityTransparent=false isActivityStackTransparent=false lastNonFullscreenBounds=Rect(81, 553 - 999, 1723) capturedLink=null capturedLinkTimestamp=0 requestedVisibleTypes=-9 topActivityRequestOpenInBrowserEducationTimestamp=0 appCompatTaskInfo=AppCompatTaskInfo { topActivityInSizeCompat=false eligibleForLetterboxEducation= false isLetterboxEducationEnabled= false isLetterboxDoubleTapEnabled= false eligibleForUserAspectRatioButton= false topActivityBoundsLetterboxed= false isFromLetterboxDoubleTap= false topActivityLetterboxVerticalPosition= -1 topActivityLetterboxHorizontalPosition= -1 topActivityLetterboxWidth=-1 topActivityLetterboxHeight=-1 topActivityAppBounds=Rect(0, 81 - 1080, 2196) isUserFullscreenOverrideEnabled=false isSystemFullscreenOverrideEnabled=false hasMinAspectRatioOverride=false topActivityLetterboxBounds=null cameraCompatTaskInfo=CameraCompatTaskInfo { freeformCameraCompatMode=inactive} topActivityBounds=null topActivityInDisplayCompat=false singleTapFromLetterbox=false} topActivityMainWindowFrame=null originallySupportedMultiWindow=true hasWallpaper=false rootAffinity=10455:com.callmenot.app isTopTaskInStage=false CoverLauncherWidgetTask=false LaunchedFromAppsCoverLauncherTask=false LaunchedFromMultistarCoverLauncherTask=false isAllowedSeamlessRotation=false isTopTransparentActivity=false isAliasManaged=false hasConfigChanged=false snappingGuideBounds=null isAiKeyRemoveAppTask=false lastDesktopWindowingBounds=null lastExternalDesktopWindowingBounds=null safeCutoutInsets=null}, pipChange = null, remoteTransition = null, displayChange = null, flags = 0, debugId = 1072 }
01-04 10:02:27.839  2448  2537 D SGM:FgCheckThread: notePauseComponent(), received pkgName: com.callmenot.app, userId: 0
01-04 10:02:27.840  2448  5117 V WindowManager: Collecting in transition 1072: ActivityRecord{62738797 u0 com.callmenot.app/.MainActivity t12035}, caller=com.android.server.wm.TransitionController.collect:7 com.android.server.wm.ActivityRecord.setVisibility:132 com.android.server.wm.ActivityRecord.makeVisibleIfNeeded:36 com.android.server.wm.EnsureActivitiesVisibleHelper.process:538 com.android.server.wm.TaskFragment.updateActivityVisibilities:12 
01-04 10:02:27.840  2448  5117 V WindowManager: Collecting in transition 1072: ActivityRecord{221478779 u0 com.callmenot.app/.MainActivity t12035}, caller=com.android.server.wm.TransitionController.collect:7 com.android.server.wm.ActivityRecord.setVisibility:132 com.android.server.wm.ActivityRecord.makeInvisible:32 com.android.server.wm.EnsureActivitiesVisibleHelper.process:542 com.android.server.wm.TaskFragment.updateActivityVisibilities:12 
01-04 10:02:27.841  2448  5117 D WindowManager: prepareSync <SYNC_STATE_WAITING_FOR_DRAW>, mPrepareSyncSeqId=0, win=Window{ee53ee2 u0 com.callmenot.app/com.callmenot.app.MainActivity}
01-04 10:02:27.841  2448  5117 D WindowManager: rotationForOrientation, orientationSource=ActivityRecord{62738797 u0 com.callmenot.app/.MainActivity t12035}
01-04 10:02:27.841  2448  5117 V WindowManager: Collecting in transition 1072: ActivityRecord{62738797 u0 com.callmenot.app/.MainActivity t12035}, caller=com.android.server.wm.TransitionController.collect:7 com.android.server.wm.ActivityRecord.setVisibility:132 com.android.server.wm.ActivityTaskSupervisor.realStartActivityLocked:203 com.android.server.wm.ActivityTaskSupervisor.startSpecificActivity:27 com.android.server.wm.TaskFragment.resumeTopActivity:2089 
01-04 10:02:27.842  2448  5117 D SGM:FgCheckThread: notifyAppCreated(), packageName: com.callmenot.app, userId: 0, sendRet: true
01-04 10:02:27.842  2448  2988 D SGM:FgCheckThread: onLooperPrepared(), msg: MSG_APP_CREATE, pkgName: com.callmenot.app, userId: 0
01-04 10:02:27.842  2448  5117 D InputDispatcher: Focused application(0): ActivityRecord{62738797 u0 com.callmenot.app/.MainActivity t12035}
01-04 10:02:27.842  1640  1640 I SurfaceFlinger: [ActivityRecord{62738797 u0 com.callmenot.app/.MainActivity t12035}#11348] attach to parent LayerHierarchy{RequestedLayerState{Task=12035#11276 parentId=10 z=12} 2 children}
01-04 10:02:27.842  2448  5851 D NotiHistoryDatabase: updateCancelEvent key = 0|com.callmenot.app|1001|null|10455
01-04 10:02:27.843  2448  5117 D ActivityTaskManager: scheduleTopResumedActivityChanged, onTop=true, r=ActivityRecord{62738797 u0 com.callmenot.app/.MainActivity t12035}, caller=com.android.server.wm.ActivityTaskSupervisor.scheduleTopResumedActivityStateIfNeeded:18 com.android.server.wm.ActivityTaskSupervisor.updateTopResumedActivityIfNeeded:54 com.android.server.wm.TaskFragment.setResumedActivity:30 com.android.server.wm.ActivityRecord.setState:100 com.android.server.wm.ActivityTaskSupervisor.realStartActivityLocked:477 com.android.server.wm.ActivityTaskSupervisor.startSpecificActivity:27 
01-04 10:02:27.843  2448  5117 D WindowManagerServiceExt: updateTaskbarTargetIfNeeded: cn=ComponentInfo{com.callmenot.app/com.callmenot.app.MainActivity} occludesParent=true isInSplitScreenMode=false
01-04 10:02:27.845  2448  5117 D BLASTSyncEngine: SyncGroup 1072:  Unfinished container: ActivityRecord{62738797 u0 com.callmenot.app/.MainActivity t12035} mSyncState=2
01-04 10:02:27.846  2448  4834 D GraphicsStatsService: requestRenderEngineFor(com.callmenot.app)
01-04 10:02:27.846 10929 10929 D ActivityThread: com.callmenot.app will use render engine as VK
01-04 10:02:27.847  2448  2537 D SGM:FgCheckThread: noteResumeComponent(), received pkgName: com.callmenot.app, userId: 0
01-04 10:02:27.847  2448  2988 D SGM:FgCheckThread: onLooperPrepared(), msg: MSG_APP_RESUME, pkgName: com.callmenot.app, userid: 0
01-04 10:02:27.847  2448  2988 D SGM:FgCheckThread:   handleResume(). pkgName: com.callmenot.app, userId: 0, category: non-game
01-04 10:02:27.847  2448  2988 D SGM:FgCheckThread: notifyFocusInOut(). of pkg: com.callmenot.app, type: 4, isSecGameFamily: false, userId: 0
01-04 10:02:27.848  3750  3750 I HoneySpace.EdgePanel.EdgePanelContainerViewModel: cocktailHostRepository.edgePanelOperation NoteResumeComponent(componentName=ComponentInfo{com.callmenot.app/com.callmenot.app.MainActivity})
01-04 10:02:27.849  3750  3750 I HoneySpace.EdgePanel.ActivityUtils: HomePackage : com.sec.android.app.launcher, resumePackageName : com.callmenot.app, className : com.callmenot.app.MainActivity
01-04 10:02:27.849  5026  5077 I SDHMS:k : handleResumeComponent : put = com.callmenot.app, userid = 0 instanceid =230232482
01-04 10:02:27.854  2448  2538 D BLASTSyncEngine: SyncGroup 1072:  Unfinished container: ActivityRecord{62738797 u0 com.callmenot.app/.MainActivity t12035} mSyncState=2
01-04 10:02:27.860  2448  5212 D WindowManager: prepareSync <SYNC_STATE_WAITING_FOR_DRAW>, mPrepareSyncSeqId=0, win=Window{e049e11 u0 com.callmenot.app/com.callmenot.app.MainActivity}
01-04 10:02:27.860  1640  1779 I SurfaceFlinger: id=11349 createSurf, flag=84004, e049e11 com.callmenot.app/com.callmenot.app.MainActivity#11349
01-04 10:02:27.863 10929 10929 I InsetsController: onStateChanged: host=com.callmenot.app/com.callmenot.app.MainActivity, from=android.view.ViewRootImpl.onInsetsStateChanged:3026, state=InsetsState: {mDisplayFrame=Rect(0, 0 - 1080, 2340), mDisplayCutout=DisplayCutout{insets=Rect(0, 81 - 0, 0) waterfall=Insets{left=0, top=0, right=0, bottom=0} boundingRect={Bounds=[Rect(0, 0 - 0, 0), Rect(512, 0 - 568, 81), Rect(0, 0 - 0, 0), Rect(0, 0 - 0, 0)]} cutoutPathParserInfo={CutoutPathParserInfo{displayWidth=1080 displayHeight=2340 physicalDisplayWidth=1080 physicalDisplayHeight=2340 density={3.0} cutoutSpec={M 0,0 H -9.333333333333333 V 27 H 9.333333333333333 V 0 H 0 Z @dp} rotation={0} scale={1.0} physicalPixelDisplaySizeRatio={1.0}}} sideOverrides={}}, mRoundedCorners=RoundedCorners{[RoundedCorner{position=TopLeft, radius=102, center=Point(102, 102)}, RoundedCorner{position=TopRight, radius=102, center=Point(978, 102)}, RoundedCorner{position=BottomRight, radius=102, center=Point(978, 2238)}, RoundedCorner{position=BottomLeft, radius=102, center=Point(102, 2238)}]}  mRoundedCornerFrame=Rect(0, 0 - 1080, 2340), mPrivacyIndicatorBounds=PrivacyIndicatorBounds {static bounds=Rect(948, 0 - 1080, 81) rotation=0}, mDisplayShape=DisplayShape{ spec=-311912193 displayWidth=1080 displayHeight=2340 physicalPixelDisplaySizeRatio=1.0 rotation=0 offsetX=0 offsetY=0 scale=1.0}, mSources= { InsetsSource: {872b0001 mType=navigationBars mFrame=[0,2196][1080,2340] mVisible=true mFlags= mSideHint=BOTTOM mBoundingRects=null}, InsetsSource: {872b0004 mType=systemGestures mFrame=[0,0][0,0] mVisible=true mFlags= mSideHint=NONE mBoundingRects=null}, InsetsSource: {872b0005 mType=mandatorySystemGestures mFrame=[0,2196][1080,2340] mVisible=true mFlags= mSideHint=BOTTOM mBoundingRects=null}, InsetsSource: {872b0006 mType=tappableElement mFrame=[0,2196][1080,2340] mVisible=true mFlags= mSideHint=BOTTOM mBoundingRects=null}, InsetsSource: {872b0024 mType=systemGestures mFrame=[0,0][0,0] mVisible=true mFlags= mSideHint=NONE mBoundingRects=null}, InsetsSource: {3 mType=ime mFrame=[0,0][0,0] mVisible=false mFlags= mSideHint=NONE mBoundingRects=null}, InsetsSource: {27 mType=displayCutout mFrame=[0,0][1080,81] mVisible=true mFlags= mSideHint=TOP mBoundingRects=null}, InsetsSource: {26b60000 mType=statusBars mFrame=[0,0][1080,81] mVisible=true mFlags= mSideHint=TOP mBoundingRects=null}, InsetsSource: {26b60005 mType=mandatorySystemGestures mFrame=[0,0][1080,117] mVisible=true mFlags= mSideHint=TOP mBoundingRects=null}, InsetsSource: {26b60006 mType=tappableElement mFrame=[0,0][1080,81] mVisible=true mFlags= mSideHint=TOP mBoundingRects=null} }
01-04 10:02:27.864  2448  5212 D SurfaceComposerClient: setCornerRadius ## e049e11 com.callmenot.app/com.callmenot.app.MainActivity#11349 cornerRadius=0.000000
01-04 10:02:27.865  2448  5212 D SurfaceComposerClient: setCornerRadius ## e049e11 com.callmenot.app/com.callmenot.app.MainActivity#11349 cornerRadius=0.000000
01-04 10:02:27.865  2448  5212 D BLASTSyncEngine: SyncGroup 1072:  Unfinished container: ActivityRecord{62738797 u0 com.callmenot.app/.MainActivity t12035} mSyncState=2
01-04 10:02:27.866  2448  5212 D InsetsSourceProvider: updateControlForTarget: control=InsetsSourceControl: {26b60000 mType=statusBars initiallyVisible mSurfacePosition=Point(0, 0) mInsetsHint=Insets{left=0, top=81, right=0, bottom=0}}, target=Window{ee53ee2 u0 com.callmenot.app/com.callmenot.app.MainActivity}, from=com.android.server.wm.InsetsStateController.onControlTargetChanged:83 com.android.server.wm.InsetsPolicy.updateBarControlTarget:212 com.android.server.wm.DisplayPolicy.updateSystemBarAttributes:262 com.android.server.wm.WindowManagerService.updateFocusedWindowLocked:372 com.android.server.wm.WindowManagerService.relayoutWindow:1350 
01-04 10:02:27.867  2448  5212 D InsetsSourceProvider: updateControlForTarget: control=InsetsSourceControl: {872b0001 mType=navigationBars initiallyVisible mSurfacePosition=Point(0, 2196) mInsetsHint=Insets{left=0, top=0, right=0, bottom=144}}, target=Window{ee53ee2 u0 com.callmenot.app/com.callmenot.app.MainActivity}, from=com.android.server.wm.InsetsStateController.onControlTargetChanged:83 com.android.server.wm.InsetsPolicy.updateBarControlTarget:225 com.android.server.wm.DisplayPolicy.updateSystemBarAttributes:262 com.android.server.wm.WindowManagerService.updateFocusedWindowLocked:372 com.android.server.wm.WindowManagerService.relayoutWindow:1350 
01-04 10:02:27.867  2448  5212 D WindowManager: updateSystemBarAttributes: displayId=0, focusedCanBeNavColorWin=false, win=Window{ee53ee2 u0 com.callmenot.app/com.callmenot.app.MainActivity}, navColorWin=Window{ee53ee2 u0 com.callmenot.app/com.callmenot.app.MainActivity}, caller=com.android.server.wm.WindowManagerService.updateFocusedWindowLocked:372 com.android.server.wm.WindowManagerService.relayoutWindow:1350 com.android.server.wm.Session.relayout:27 
01-04 10:02:27.868  1640  1640 I SurfaceFlinger: [e049e11 com.callmenot.app/com.callmenot.app.MainActivity#11349] attach to parent LayerHierarchy{RequestedLayerState{ActivityRecord{62738797 u0 com.callmenot.app/.MainActivity t12035}#11348 parentId=11276} 1 children}
01-04 10:02:27.871  3252  3252 D NavigationBar: onSystemBarAttributesChanged() -  displayId:0, appearance:24, packageName: com.callmenot.app (APPEARANCE_LIGHT_STATUS_BARS APPEARANCE_LIGHT_NAVIGATION_BARS ), navbarColorManagedByIme:false
01-04 10:02:27.878  2448  5212 D CoreBackPreview: Window{e049e11 u0 com.callmenot.app/com.callmenot.app.MainActivity}: Setting back callback OnBackInvokedCallbackInfo{mCallback=android.window.IOnBackInvokedCallback$Stub$Proxy@673b34e, mPriority=0, mIsAnimationCallback=false, mOverrideBehavior=0}
01-04 10:02:27.920  2448  5212 I WindowManager: Relayout Window{e049e11 u0 com.callmenot.app/com.callmenot.app.MainActivity}: viewVisibility=0 req=1080x2340 ty=1 d0
01-04 10:02:27.920  1640  1779 I SurfaceFlinger: id=11352 createSurf, flag=44004, com.callmenot.app/com.callmenot.app.MainActivity$_10929#11352
01-04 10:02:27.921  2448  5212 D WindowManager: makeSurface duration=1 name=com.callmenot.app/com.callmenot.app.MainActivity$_10929
01-04 10:02:27.922  2448  5212 D SurfaceComposerClient: setCornerRadius ## e049e11 com.callmenot.app/com.callmenot.app.MainActivity#11349 cornerRadius=0.000000
01-04 10:02:27.922  2448  5212 D SurfaceComposerClient: setCornerRadius ## e049e11 com.callmenot.app/com.callmenot.app.MainActivity#11349 cornerRadius=0.000000
01-04 10:02:27.922  2448  5212 D BLASTSyncEngine: SyncGroup 1072:  Unfinished container: ActivityRecord{62738797 u0 com.callmenot.app/.MainActivity t12035} mSyncState=2
01-04 10:02:27.923  2448  5212 D WindowManager: Changing focus from null to Window{e049e11 u0 com.callmenot.app/com.callmenot.app.MainActivity} displayId=0 Callers=com.android.server.wm.WindowManagerService.relayoutWindow:1350 com.android.server.wm.Session.relayout:27 android.view.IWindowSession$Stub.onTransact:829 com.android.server.wm.Session.onTransact:1 
01-04 10:02:27.924  2448  5212 D InsetsSourceProvider: updateControlForTarget: control=InsetsSourceControl: {26b60000 mType=statusBars initiallyVisible mSurfacePosition=Point(0, 0) mInsetsHint=Insets{left=0, top=81, right=0, bottom=0}}, target=Window{e049e11 u0 com.callmenot.app/com.callmenot.app.MainActivity}, from=com.android.server.wm.InsetsStateController.onControlTargetChanged:83 com.android.server.wm.InsetsPolicy.updateBarControlTarget:212 com.android.server.wm.DisplayPolicy.updateSystemBarAttributes:262 com.android.server.wm.WindowManagerService.updateFocusedWindowLocked:372 com.android.server.wm.WindowManagerService.relayoutWindow:1350 
01-04 10:02:27.924  2448  5212 D InsetsSourceProvider: updateControlForTarget: control=InsetsSourceControl: {872b0001 mType=navigationBars initiallyVisible mSurfacePosition=Point(0, 2196) mInsetsHint=Insets{left=0, top=0, right=0, bottom=144}}, target=Window{e049e11 u0 com.callmenot.app/com.callmenot.app.MainActivity}, from=com.android.server.wm.InsetsStateController.onControlTargetChanged:83 com.android.server.wm.InsetsPolicy.updateBarControlTarget:225 com.android.server.wm.DisplayPolicy.updateSystemBarAttributes:262 com.android.server.wm.WindowManagerService.updateFocusedWindowLocked:372 com.android.server.wm.WindowManagerService.relayoutWindow:1350 
01-04 10:02:27.924  2448  5212 V SystemKeyManager: updateFocusedWindow() is called, com.callmenot.app/com.callmenot.app.MainActivity
01-04 10:02:27.924  2448  5212 I SystemKeyManager: requested systemKeyInfo size=1 focusedWindow=com.callmenot.app/com.callmenot.app.MainActivity
01-04 10:02:27.925  2448  5212 I SystemKeyManager: requested systemKeyInfo size=1 focusedWindow=com.callmenot.app/com.callmenot.app.MainActivity
01-04 10:02:27.926  1640  1640 I SurfaceFlinger: [com.callmenot.app/com.callmenot.app.MainActivity$_10929#11352] attach to parent LayerHierarchy{RequestedLayerState{e049e11 com.callmenot.app/com.callmenot.app.MainActivity#11349 parentId=11348} 1 children}
01-04 10:02:27.938  1640  1925 D SurfaceFlinger: [input] setFocusedWindow: e049e11 com.callmenot.app/com.callmenot.app.MainActivity
01-04 10:02:27.938  2448  5851 D InputDispatcher: Once focus requested (0): e049e11 com.callmenot.app/com.callmenot.app.MainActivity
01-04 10:02:27.938  2448  5851 D InputDispatcher: Focus request (0): e049e11 com.callmenot.app/com.callmenot.app.MainActivity but waiting because NO_WINDOW
01-04 10:02:27.941  1640  1779 I SurfaceFlinger: [com.callmenot.app/com.callmenot.app.MainActivity$_10929#11352] setTransactionState with the first frame. bufferData(ID: 46939697577995, frameNumber: 1)
01-04 10:02:27.942  2448  5212 D WindowManager: finishDrawingWindow: Window{e049e11 u0 com.callmenot.app/com.callmenot.app.MainActivity} mDrawState=DRAW_PENDING seqId=0
01-04 10:02:27.942  2448  2538 D SurfaceComposerClient: setCornerRadius ## e049e11 com.callmenot.app/com.callmenot.app.MainActivity#11349 cornerRadius=0.000000
01-04 10:02:27.942  2448  2538 D SurfaceComposerClient: setCornerRadius ## e049e11 com.callmenot.app/com.callmenot.app.MainActivity#11349 cornerRadius=0.000000
01-04 10:02:27.943  2448  2538 V WindowManager: performShowLocked: mDrawState=HAS_DRAWN in Window{e049e11 u0 com.callmenot.app/com.callmenot.app.MainActivity}
01-04 10:02:27.943  2448  2538 D ChangeTransitionController:    ChangeInfo{5e3c5f0 container=ActivityRecord{62738797 u0 com.callmenot.app/.MainActivity t12035} flags=0x0}
01-04 10:02:27.943  2448  2538 D ChangeTransitionController:    ChangeInfo{fea9769 container=Task{d1a9dd6 #12035 type=standard A=10455:com.callmenot.app} flags=0x0}
01-04 10:02:27.943  2448  2538 D ChangeTransitionController:    ChangeInfo{b382d81 container=ActivityRecord{221478779 u0 com.callmenot.app/.MainActivity t12035} flags=0x0}
01-04 10:02:27.943  2448  2538 V WindowManager: Start calculating TransitionInfo based on participants: {ActivityRecord{62738797 u0 com.callmenot.app/.MainActivity t12035}, ActivityRecord{221478779 u0 com.callmenot.app/.MainActivity t12035}}
01-04 10:02:27.943  2448  2538 V WindowManager:   Final targets: [ChangeInfo{5e3c5f0 container=ActivityRecord{62738797 u0 com.callmenot.app/.MainActivity t12035} flags=0x0}, ChangeInfo{b382d81 container=ActivityRecord{221478779 u0 com.callmenot.app/.MainActivity t12035} flags=0x0}]
01-04 10:02:27.944  1640  1777 I SurfaceFlinger: id=11355 createSurf, flag=84004, Transition Root: ActivityRecord{62738797 u0 com.callmenot.app/.MainActivity t12035}#11355
01-04 10:02:27.946  2448  2538 I SurfaceControlRegistry: show, t=StartTransaction_SyncId<1072> sc=ActivityRecord{62738797 u0 com.callmenot.app/.MainActivity t12035}, caller=android.view.SurfaceControl$Transaction.show:3557 com.android.server.wm.Transition.onTransactionReady:2048 com.android.server.wm.BLASTSyncEngine$SyncGroup.finishNow:240 com.android.server.wm.BLASTSyncEngine.onSurfacePlacement:263 com.android.server.wm.RootWindowContainer.performSurfacePlacementNoTrace:1083 com.android.server.wm.WindowSurfacePlacer.performSurfacePlacement:166 
01-04 10:02:27.946  2448  2538 D SurfaceComposerClient: setCornerRadius ## ActivityRecord{221478779 u0 com.callmenot.app/.MainActivity t12035}#11277 cornerRadius=0.000000
01-04 10:02:27.946  2448  2538 D SurfaceComposerClient: setCornerRadius ## ActivityRecord{62738797 u0 com.callmenot.app/.MainActivity t12035}#11348 cornerRadius=0.000000
01-04 10:02:27.946  2448  2538 V WindowManager:         {m=OPEN f=FILLS_TASK|IS_ACTIVITY leash=Surface(name=ActivityRecord{62738797 u0 com.callmenot.app/.MainActivity t12035})/@0x78ede26 sb=Rect(0, 0 - 0, 0) eb=Rect(0, 0 - 1080, 2340) epz=Point(1080, 2340) d=-1->0 r=-1->0:-1 bc=fffafafa component=com.callmenot.app/.MainActivity opt={t=FROM_STYLE mUserId=0} inset=Rect(0, 0 - 0, 0) dim=true taskIdForActivity=12035},
01-04 10:02:27.946  2448  2538 V WindowManager:         {m=TO_BACK f=FILLS_TASK|IS_ACTIVITY leash=Surface(name=ActivityRecord{221478779 u0 com.callmenot.app/.MainActivity t12035})/@0x2b15dbf sb=Rect(0, 0 - 1080, 2340) eb=Rect(0, 0 - 1080, 2340) epz=Point(1080, 2340) d=0 bc=fffafafa component=com.callmenot.app/.MainActivity opt={t=FROM_STYLE mUserId=0} inset=Rect(0, 0 - 0, 0) taskIdForActivity=12035}
01-04 10:02:27.946  2448  2538 I ActivityTaskManager: done cause=notifyTransitionStarting drawn timestamp=16964930284881 info=TransitionInfo{f241014 a=ActivityRecord{62738797 u0 com.callmenot.app/.MainActivity t12035} d=true}
01-04 10:02:27.947  2448  2534 I ActivityTaskManager: Displayed com.callmenot.app/.MainActivity for user 0: +124ms
01-04 10:02:27.947  2448  2538 D SurfaceComposerClient: setCornerRadius ## e049e11 com.callmenot.app/com.callmenot.app.MainActivity#11349 cornerRadius=0.000000
01-04 10:02:27.947  2448  2534 I Pageboost: Launch time gathered : pid 10929 com.callmenot.app 124
01-04 10:02:27.947  2448  2538 D SurfaceComposerClient: setCornerRadius ## e049e11 com.callmenot.app/com.callmenot.app.MainActivity#11349 cornerRadius=0.000000
01-04 10:02:27.948  1640  1777 I SurfaceFlinger: id=11356 createSurf, flag=84000, e0c0f97 ActivityRecordInputSink com.callmenot.app/.MainActivity#11356
01-04 10:02:27.948  2448  2534 V WindowManager: Sent Transition (#1072) createdAt=01-04 10:02:27.825 via request=TransitionRequestInfo { type = OPEN, triggerTask = TaskInfo{userId=0 taskId=12035 effectiveUid=10455 displayId=0 isRunning=true baseIntent=Intent { act=android.intent.action.MAIN cat=[android.intent.category.LAUNCHER] flg=0x34000000 pkg=com.callmenot.app cmp=com.callmenot.app/.MainActivity } baseActivity=ComponentInfo{com.callmenot.app/com.callmenot.app.MainActivity} topActivity=ComponentInfo{com.callmenot.app/com.callmenot.app.MainActivity} origActivity=null realActivity=ComponentInfo{com.callmenot.app/com.callmenot.app.MainActivity} numActivities=2 lastActiveTime=54706689 supportsMultiWindow=true resizeMode=1 isResizeable=true minWidth=-1 minHeight=-1 maxWidth=-1 maxHeight=-1 defaultMinSize=220 desktopDefaultMinSize=304 token=WCT{RemoteToken{19af3cc Task{d1a9dd6 #12035 type=standard A=10455:com.callmenot.app}}} topActivityType=1 pictureInPictureParams=null shouldDockBigOverlays=false launchIntoPipHostTaskId=-1 lastParentTaskIdBeforePip=-1 displayCutoutSafeInsets=Rect(0, 0 - 0, 0) topActivityInfo=ActivityInfo{2b920bd com.callmenot.app.MainActivity} launchCookies=[] positionInParent=Point(0, 0) parentTaskId=-1 isFocused=true isVisible=true isVisibleRequested=true isTopActivityNoDisplay=false isSleeping=false locusId=null displayAreaFeatureId=1 isTopActivityTransparent=false isActivityStackTransparent=false lastNonFullscreenBounds=Rect(81, 553 - 999, 1723) capturedLink=null capturedLinkTimestamp=0 requestedVisibleTypes=-9 topActivityRequestOpenInBrowserEducationTimestamp=0 appCompatTaskInfo=AppCompatTaskInfo { topActivityInSizeCompat=false eligibleForLetterboxEducation= false isLetterboxEducationEnabled= false isLetterboxDoubleTapEnabled= false eligibleForUserAspectRatioButton= false topActivityBoundsLetterboxed= false isFromLetterboxDoubleTap= false topActivityLetterboxVerticalPosition= -1 topActivityLetterboxHorizontalPosition= -1 topActivityLetterboxWidth=-1 topActivityLetterboxHeight=-1 topActivityAppBounds=Rect(0, 81 - 1080, 2196) isUserFullscreenOverrideEnabled=false isSystemFullscreenOverrideEnabled=false hasMinAspectRatioOverride=false topActivityLetterboxBounds=null cameraCompatTaskInfo=CameraCompatTaskInfo { freeformCameraCompatMode=inactive} topActivityBounds=null topActivityInDisplayCompat=false singleTapFromLetterbox=false} topActivityMainWindowFrame=null originallySupportedMultiWindow=true hasWallpaper=false rootAffinity=10455:com.callmenot.app isTopTaskInStage=false CoverLauncherWidgetTask=false LaunchedFromAppsCoverLauncherTask=false LaunchedFromMultistarCoverLauncherTask=false isAllowedSeamlessRotation=false isTopTransparentActivity=false isAliasManaged=false hasConfigChanged=false snappingGuideBounds=null isAiKeyRemoveAppTask=false lastDesktopWindowingBounds=null lastExternalDesktopWindowingBounds=null safeCutoutInsets=null}, pipChange = null, remoteTransition = null, displayChange = null, flags = 0, debugId = 1072 }
01-04 10:02:27.948  2448  2534 V WindowManager:         {m=OPEN f=FILLS_TASK|IS_ACTIVITY leash=Surface(name=ActivityRecord{62738797 u0 com.callmenot.app/.MainActivity t12035})/@0x78ede26 sb=Rect(0, 0 - 0, 0) eb=Rect(0, 0 - 1080, 2340) epz=Point(1080, 2340) d=-1->0 r=-1->0:-1 bc=fffafafa component=com.callmenot.app/.MainActivity opt={t=FROM_STYLE mUserId=0} inset=Rect(0, 0 - 0, 0) dim=true taskIdForActivity=12035},
01-04 10:02:27.948  2448  2534 V WindowManager:         {m=TO_BACK f=FILLS_TASK|IS_ACTIVITY leash=Surface(name=ActivityRecord{221478779 u0 com.callmenot.app/.MainActivity t12035})/@0x2b15dbf sb=Rect(0, 0 - 1080, 2340) eb=Rect(0, 0 - 1080, 2340) epz=Point(1080, 2340) d=0 bc=fffafafa component=com.callmenot.app/.MainActivity opt={t=FROM_STYLE mUserId=0} inset=Rect(0, 0 - 0, 0) taskIdForActivity=12035}
01-04 10:02:27.951  1640  1640 I SurfaceFlinger: [Transition Root: ActivityRecord{62738797 u0 com.callmenot.app/.MainActivity t12035}#11355] attach to parent LayerHierarchy{RequestedLayerState{Task=12035#11276 parentId=10 z=12} 3 children}
01-04 10:02:27.951  1640  1640 I SurfaceFlinger: [e0c0f97 ActivityRecordInputSink com.callmenot.app/.MainActivity#11356] attach to parent LayerHierarchy{RequestedLayerState{ActivityRecord{62738797 u0 com.callmenot.app/.MainActivity t12035}#11348 parentId=11276} 2 children}
01-04 10:02:27.954  3252  3360 V WindowManagerShell:         {m=OPEN f=FILLS_TASK|IS_ACTIVITY leash=Surface(name=ActivityRecord{62738797 u0 com.callmenot.app/.MainActivity t12035})/@0x82a7575 sb=Rect(0, 0 - 0, 0) eb=Rect(0, 0 - 1080, 2340) epz=Point(1080, 2340) d=-1->0 r=-1->0:-1 bc=fffafafa component=com.callmenot.app/.MainActivity opt={t=FROM_STYLE mUserId=0} inset=Rect(0, 0 - 0, 0) dim=true taskIdForActivity=12035},
01-04 10:02:27.954  3252  3360 V WindowManagerShell:         {m=TO_BACK f=FILLS_TASK|IS_ACTIVITY leash=Surface(name=ActivityRecord{221478779 u0 com.callmenot.app/.MainActivity t12035})/@0x75bd90a sb=Rect(0, 0 - 1080, 2340) eb=Rect(0, 0 - 1080, 2340) epz=Point(1080, 2340) d=0 bc=fffafafa component=com.callmenot.app/.MainActivity opt={t=FROM_STYLE mUserId=0} inset=Rect(0, 0 - 0, 0) taskIdForActivity=12035}
01-04 10:02:27.955  3252  3360 I SurfaceControlRegistry: hide, t=FinishTransaction_SyncId<1072> sc=ActivityRecord{221478779 u0 com.callmenot.app/.MainActivity t12035}, caller=android.view.SurfaceControl$Transaction.hide:3583 com.android.wm.shell.transition.Transitions.dispatchReady:1263 com.android.wm.shell.transition.Transitions.onTransitionReady:251 com.android.wm.shell.transition.Transitions$TransitionPlayerImpl$$ExternalSyntheticLambda0.run:13 android.os.Handler.handleCallback:995 android.os.Handler.dispatchMessage:103 
01-04 10:02:27.955 10929 10929 I InsetsSourceConsumer: applyRequestedVisibilityToControl: visible=true, type=statusBars, host=com.callmenot.app/com.callmenot.app.MainActivity
01-04 10:02:27.955  3252  3360 I SurfaceControlRegistry: show, t=StartTransaction_SyncId<1072> sc=ActivityRecord{62738797 u0 com.callmenot.app/.MainActivity t12035}, caller=android.view.SurfaceControl$Transaction.show:3557 com.android.wm.shell.transition.Transitions.dispatchReady:1279 com.android.wm.shell.transition.Transitions.onTransitionReady:251 com.android.wm.shell.transition.Transitions$TransitionPlayerImpl$$ExternalSyntheticLambda0.run:13 android.os.Handler.handleCallback:995 android.os.Handler.dispatchMessage:103 
01-04 10:02:27.955 10929 10929 I InsetsSourceConsumer: applyRequestedVisibilityToControl: visible=true, type=navigationBars, host=com.callmenot.app/com.callmenot.app.MainActivity
01-04 10:02:27.956  3252  3360 I SurfaceControlRegistry: show, t=FinishTransaction_SyncId<1072> sc=ActivityRecord{62738797 u0 com.callmenot.app/.MainActivity t12035}, caller=android.view.SurfaceControl$Transaction.show:3557 com.android.wm.shell.transition.Transitions.dispatchReady:1330 com.android.wm.shell.transition.Transitions.onTransitionReady:251 com.android.wm.shell.transition.Transitions$TransitionPlayerImpl$$ExternalSyntheticLambda0.run:13 android.os.Handler.handleCallback:995 android.os.Handler.dispatchMessage:103 
01-04 10:02:27.956  3252  3360 I SurfaceControlRegistry: show, t=StartTransaction_SyncId<1072> sc=Transition Root: ActivityRecord{62738797 u0 com.callmenot.app/.MainActivity t12035}, caller=android.view.SurfaceControl$Transaction.show:3557 com.android.wm.shell.transition.Transitions.playTransition:79 com.android.wm.shell.transition.Transitions.processReadyQueue:239 com.android.wm.shell.transition.Transitions.dispatchReady:1352 com.android.wm.shell.transition.Transitions.onTransitionReady:251 com.android.wm.shell.transition.Transitions$TransitionPlayerImpl$$ExternalSyntheticLambda0.run:13 
01-04 10:02:27.956  3252  3360 V WindowManagerShell: Transition doesn't have explicit remote, search filters for match for {id=1072 t=OPEN f=0x0 trk=0 r=[0@Point(0, 0)] c=[{m=OPEN f=FILLS_TASK|IS_ACTIVITY leash=Surface(name=ActivityRecord{62738797 u0 com.callmenot.app/.MainActivity t12035})/@0x82a7575 sb=Rect(0, 0 - 0, 0) eb=Rect(0, 0 - 1080, 2340) epz=Point(1080, 2340) d=-1->0 r=-1->0:-1 bc=fffafafa component=com.callmenot.app/.MainActivity opt={t=FROM_STYLE mUserId=0} inset=Rect(0, 0 - 0, 0) dim=true taskIdForActivity=12035},{m=TO_BACK f=FILLS_TASK|IS_ACTIVITY leash=Surface(name=ActivityRecord{221478779 u0 com.callmenot.app/.MainActivity t12035})/@0x75bd90a sb=Rect(0, 0 - 1080, 2340) eb=Rect(0, 0 - 1080, 2340) epz=Point(1080, 2340) d=0 bc=fffafafa component=com.callmenot.app/.MainActivity opt={t=FROM_STYLE mUserId=0} inset=Rect(0, 0 - 0, 0) taskIdForActivity=12035}]}
01-04 10:02:27.956  3252  3360 V WindowManagerShell: start default transition animation, info = {id=1072 t=OPEN f=0x0 trk=0 r=[0@Point(0, 0)] c=[{m=OPEN f=FILLS_TASK|IS_ACTIVITY leash=Surface(name=ActivityRecord{62738797 u0 com.callmenot.app/.MainActivity t12035})/@0x82a7575 sb=Rect(0, 0 - 0, 0) eb=Rect(0, 0 - 1080, 2340) epz=Point(1080, 2340) d=-1->0 r=-1->0:-1 bc=fffafafa component=com.callmenot.app/.MainActivity opt={t=FROM_STYLE mUserId=0} inset=Rect(0, 0 - 0, 0) dim=true taskIdForActivity=12035},{m=TO_BACK f=FILLS_TASK|IS_ACTIVITY leash=Surface(name=ActivityRecord{221478779 u0 com.callmenot.app/.MainActivity t12035})/@0x75bd90a sb=Rect(0, 0 - 1080, 2340) eb=Rect(0, 0 - 1080, 2340) epz=Point(1080, 2340) d=0 bc=fffafafa component=com.callmenot.app/.MainActivity opt={t=FROM_STYLE mUserId=0} inset=Rect(0, 0 - 0, 0) taskIdForActivity=12035}]}
01-04 10:02:27.956 10929 10929 I InsetsSourceConsumer: applyRequestedVisibilityToControl: visible=true, type=statusBars, host=com.callmenot.app/com.callmenot.app.MainActivity
01-04 10:02:27.957 10929 10929 I InsetsSourceConsumer: applyRequestedVisibilityToControl: visible=true, type=navigationBars, host=com.callmenot.app/com.callmenot.app.MainActivity
01-04 10:02:27.957  3252  3360 V WindowManagerShell:    change={m=TO_BACK f=FILLS_TASK|IS_ACTIVITY leash=Surface(name=ActivityRecord{221478779 u0 com.callmenot.app/.MainActivity t12035})/@0x75bd90a sb=Rect(0, 0 - 1080, 2340) eb=Rect(0, 0 - 1080, 2340) epz=Point(1080, 2340) d=0 bc=fffafafa component=com.callmenot.app/.MainActivity opt={t=FROM_STYLE mUserId=0} inset=Rect(0, 0 - 0, 0) taskIdForActivity=12035}
01-04 10:02:27.957  3252  3360 D SurfaceComposerClient: [ActivityRecord{221478779 u0 com.callmenot.app/.MainActivity t12035}#11277] setEdgeExtension Right
01-04 10:02:27.957  3252  3360 V WindowManagerShell:    change={m=OPEN f=FILLS_TASK|IS_ACTIVITY leash=Surface(name=ActivityRecord{62738797 u0 com.callmenot.app/.MainActivity t12035})/@0x82a7575 sb=Rect(0, 0 - 0, 0) eb=Rect(0, 0 - 1080, 2340) epz=Point(1080, 2340) d=-1->0 r=-1->0:-1 bc=fffafafa component=com.callmenot.app/.MainActivity opt={t=FROM_STYLE mUserId=0} inset=Rect(0, 0 - 0, 0) dim=true taskIdForActivity=12035}
01-04 10:02:27.958  1640  1777 I SurfaceFlinger: id=11357 createSurf, flag=20004, DimTransitionLayer for Surface(name=ActivityRecord{62738797 u0 com.callmenot.app/.MainActivity t12035})/@0x82a7575#11357
01-04 10:02:27.958  3252  3360 I SurfaceControlRegistry: show, t=StartTransaction_SyncId<1072> sc=DimTransitionLayer for Surface(name=ActivityRecord{62738797 u0 com.callmenot.app/.MainActivity t12035})/@0x82a7575, caller=android.view.SurfaceControl$Transaction.show:3557 com.android.wm.shell.transition.DefaultTransitionHandler.startAnimation:2931 com.android.wm.shell.transition.Transitions.dispatchTransition:90 com.android.wm.shell.transition.Transitions.playTransition:774 com.android.wm.shell.transition.Transitions.processReadyQueue:239 com.android.wm.shell.transition.Transitions.dispatchReady:1352 
01-04 10:02:27.958  3252  3360 V WindowManagerShell: attach dim transition, change={m=OPEN f=FILLS_TASK|IS_ACTIVITY leash=Surface(name=ActivityRecord{62738797 u0 com.callmenot.app/.MainActivity t12035})/@0x82a7575 sb=Rect(0, 0 - 0, 0) eb=Rect(0, 0 - 1080, 2340) epz=Point(1080, 2340) d=-1->0 r=-1->0:-1 bc=fffafafa component=com.callmenot.app/.MainActivity opt={t=FROM_STYLE mUserId=0} inset=Rect(0, 0 - 0, 0) dim=true taskIdForActivity=12035}
01-04 10:02:27.960  1640  1640 I SurfaceFlinger: RequestedLayer [ActivityRecord{62738797 u0 com.callmenot.app/.MainActivity t12035}#11348] hidden!! flag  from(1) --> to(0)
01-04 10:02:27.960  1640  1640 E SurfaceFlinger: alpha changed 1.000 -> 0.000 - ActivityRecord{62738797 u0 com.callmenot.app/.MainActivity t12035}#11348
01-04 10:02:27.960  1640  1640 I SurfaceFlinger: RequestedLayer [e049e11 com.callmenot.app/com.callmenot.app.MainActivity#11349] hidden!! flag  from(1) --> to(0)
01-04 10:02:27.960  1640  1640 I SurfaceFlinger: RequestedLayer [com.callmenot.app/com.callmenot.app.MainActivity$_10929#11352] hidden!! flag  from(1) --> to(0)
01-04 10:02:27.960  1640  1640 E SurfaceFlinger: alpha changed 1.000 -> 0.000 - DimTransitionLayer for Surface(name=ActivityRecord{62738797 u0 com.callmenot.app/.MainActivity t12035})/@0x82a7575#11357
01-04 10:02:27.960  1640  1640 I SurfaceFlinger: [LayerHierarchy{RequestedLayerState{ActivityRecord{221478779 u0 com.callmenot.app/.MainActivity t12035}#11277 parentId=11355 z=2} 3 children}] reparent to LayerHierarchy{RequestedLayerState{Transition Root: ActivityRecord{62738797 u0 com.callmenot.app/.MainActivity t12035}#11355 parentId=11276 z=1} 1 children}
01-04 10:02:27.960  1640  1640 I SurfaceFlinger: [LayerHierarchy{RequestedLayerState{ActivityRecord{62738797 u0 com.callmenot.app/.MainActivity t12035}#11348 parentId=11355 z=5} 2 children}] reparent to LayerHierarchy{RequestedLayerState{Transition Root: ActivityRecord{62738797 u0 com.callmenot.app/.MainActivity t12035}#11355 parentId=11276 z=1} 2 children}
01-04 10:02:27.960  1640  1640 I SurfaceFlinger: [DimTransitionLayer for Surface(name=ActivityRecord{62738797 u0 com.callmenot.app/.MainActivity t12035})/@0x82a7575#11357] attach to parent LayerHierarchy{RequestedLayerState{Transition Root: ActivityRecord{62738797 u0 com.callmenot.app/.MainActivity t12035}#11355 parentId=11276 z=1} 3 children}
01-04 10:02:27.960  4000  4010 I Finsky  : [112] com.callmenot.app: Account from first account - [9T_3V6hlJEe88Fhl1E29ljwRglvexxYCR7uikg043cw]
01-04 10:02:27.961  4000  4010 I Finsky  : [112] Billing preferred account via installer for com.callmenot.app: [9T_3V6hlJEe88Fhl1E29ljwRglvexxYCR7uikg043cw]
01-04 10:02:27.966  4000  4010 I Finsky  : [112] com.callmenot.app: Account from first account - [9T_3V6hlJEe88Fhl1E29ljwRglvexxYCR7uikg043cw]
01-04 10:02:27.966  4000  4010 I Finsky  : [112] Billing preferred account via installer for com.callmenot.app: [9T_3V6hlJEe88Fhl1E29ljwRglvexxYCR7uikg043cw]
01-04 10:02:27.968  1640  1640 E SurfaceFlinger: alpha changed 0.000 -> 1.000 - ActivityRecord{62738797 u0 com.callmenot.app/.MainActivity t12035}#11348
01-04 10:02:27.972  2448  5212 D InputDispatcher: Focus entered window (0): e049e11 com.callmenot.app/com.callmenot.app.MainActivity
01-04 10:02:27.977  1640  1640 E SurfaceFlinger: alpha changed 0.000 -> 0.010 - DimTransitionLayer for Surface(name=ActivityRecord{62738797 u0 com.callmenot.app/.MainActivity t12035})/@0x82a7575#11357
01-04 10:02:27.980  1640  1640 D SurfaceFlinger:        CLIENT |           46939697577990 | 00002102 | RGBA_8888    |   16.0    0.0 1080.0 2340.0 |    0    0 1080 2340 | com.callmenot.app/com.callmenot.app.MainActivity$_10929#11338 (98)
01-04 10:02:27.980  1640  1640 D SurfaceFlinger:        CLIENT |           46939697577994 | 00002102 | RGBA_8888    |    0.0    0.0   49.0 2340.0 | 1031    0 1080 2340 | com.callmenot.app/com.callmenot.app.MainActivity$_10929#11352 (2)
01-04 10:02:28.024  2448  2980 I ImeTracker: com.callmenot.app:61475366: onRequestHide at ORIGIN_SERVER reason HIDE_UNSPECIFIED_WINDOW fromUser false
01-04 10:02:28.026 10929 10929 I ImeTracker: com.callmenot.app:61475366: onCancelled at PHASE_CLIENT_ALREADY_HIDDEN
01-04 10:02:28.028  2448  5851 D InsetsSourceProvider: updateControlForTarget: control=InsetsSourceControl: {3 mType=ime mSurfacePosition=Point(0, 81) mInsetsHint=Insets{left=0, top=0, right=0, bottom=1032}}, target=Window{e049e11 u0 com.callmenot.app/com.callmenot.app.MainActivity}, from=com.android.server.wm.ImeInsetsSourceProvider.updateControlForTarget:17 com.android.server.wm.InsetsStateController.onControlTargetChanged:83 com.android.server.wm.DisplayContent.updateImeControlTarget:21 com.android.server.wm.DisplayContent.updateImeInputAndControlTarget:156 com.android.server.wm.WindowManagerService$LocalService.updateInputMethodTargetWindow:64 
01-04 10:02:28.029  2448  2538 D SurfaceComposerClient: setCornerRadius ## e049e11 com.callmenot.app/com.callmenot.app.MainActivity#11349 cornerRadius=0.000000
01-04 10:02:28.031 13521 13521 I GoogleInputMethodService: GoogleInputMethodService.onStartInput():1349 onStartInput(EditorInfo{EditorInfo{packageName=com.callmenot.app, inputType=0, inputTypeString=NULL, enableLearning=false, autoCorrection=false, autoComplete=false, imeOptions=0, privateImeOptions=null, actionName=UNSPECIFIED, actionLabel=null, initialSelStart=-1, initialSelEnd=-1, initialCapsMode=0, label=null, fieldId=0, fieldName=null, extras=Bundle[{appShowRequested=false, isTextEditor=false, displayId=0}], hintText=null, hintLocales=[]}}, false)
01-04 10:02:28.032  2448  5212 W PackageConfigPersister: App-specific configuration not found for packageName: com.callmenot.app and userId: 0
01-04 10:02:28.044  1640  1640 I SurfaceFlinger: [LayerHierarchy{RequestedLayerState{ImeContainer#15 parentId=11348 relativeParentId=11349 z=1} 1 children}] reparent to LayerHierarchy{RequestedLayerState{ActivityRecord{62738797 u0 com.callmenot.app/.MainActivity t12035}#11348 parentId=11355 z=5} 4 children}
01-04 10:02:28.044  1640  1640 I SurfaceFlinger: [LayerHierarchy{RequestedLayerState{ImeContainer#15 parentId=11348 relativeParentId=11349 z=1} 1 children}] RelativeParent to LayerHierarchy{RequestedLayerState{e049e11 com.callmenot.app/com.callmenot.app.MainActivity#11349 parentId=11348} 2 children}
01-04 10:02:28.397  9900 10123 I SAMSUNGWALLET: [Hint_SimpleHintProcessMonitor] isHomePackageRunning topPkgName = com.callmenot.app, topClsName = com.callmenot.app.MainActivity, return false , se : false
01-04 10:02:28.408  2448  5212 D SurfaceComposerClient: setCornerRadius ## e049e11 com.callmenot.app/com.callmenot.app.MainActivity#11349 cornerRadius=0.000000
01-04 10:02:28.409  2448  5212 D SurfaceComposerClient: setCornerRadius ## e049e11 com.callmenot.app/com.callmenot.app.MainActivity#11349 cornerRadius=0.000000
01-04 10:02:28.414  1640  1640 D SurfaceFlinger:        DEVICE |           46939697577992 | 00002102 | RGBA_8888    |    0.0    0.0 1080.0 2340.0 |    0    0 1080 2340 | com.callmenot.app/com.callmenot.app.MainActivity$_10929#11352 (4)
01-04 10:02:28.415  2448  5851 V WindowManager:    ChangeInfo{5e3c5f0 container=ActivityRecord{62738797 u0 com.callmenot.app/.MainActivity t12035} flags=0x0}
