01-04 09:32:47.026  3750  3750 I HoneySpace.RecentAdapter[1a47ead]: notifyDataChangedOnlyDiff, new: RemoveDefaultTasks, [RecentData(items=[DefaultTaskData([#taskId 12021 : com.facebook.katana])], displayId=0, deskId=-1, type=1, name=), RecentData(items=[DefaultTaskData([#taskId 12012 : com.android.settings])], displayId=0, deskId=-1, type=1, name=), RecentData(items=[DefaultTaskData([#taskId 12016 : com.callmenot.app])], displayId=0, deskId=-1, type=1, name=), RecentData(items=[DefaultTaskData([#taskId 12017 : com.google.android.gm])], displayId=0, deskId=-1, type=1, name=), RecentData(items=[DefaultTaskData([#taskId 12013 : com.replit.app])], displayId=0, deskId=-1, type=1, name=), RecentData(items=[DefaultTaskData([#taskId 12008 : com.dp.logcatapp])], displayId=0, deskId=-1, type=1, name=), RecentData(items=[DefaultTaskData([#taskId 12002 : com.sec.android.app.myfiles])], displayId=0, deskId=-1, type=1, name=), RecentData(items=[DefaultTaskData([#taskId 12003 : com.brave.browser])], displayId=0, deskId=-1, type=1, name=), RecentData(items=[DefaultTaskData([#taskId 12000 : com.openai.chatgpt])], displayId=0, deskId=-1, type=1, name=)]
01-04 09:32:50.455  2448  3098 V WindowManager: Collecting in transition 961: Task{45dfda #12016 type=standard A=10446:com.callmenot.app}, caller=com.android.server.wm.Transition.collectClose:12 com.android.server.wm.ActivityTaskSupervisor.removeTask:9 com.android.server.wm.ActivityTaskSupervisor.removeTaskById:23 com.android.server.wm.RecentTasks.notifyTaskRemoved:9 com.android.server.wm.RecentTasks.removeAllVisibleTasks:142 
01-04 09:32:50.455  2448  3098 D WindowManager: prepareSync <SYNC_STATE_WAITING_FOR_DRAW>, mPrepareSyncSeqId=0, win=Window{4abc55b u0 com.callmenot.app/com.callmenot.app.MainActivity}
01-04 09:32:50.487  2448  2537 I ActivityManager: Killing 10021:com.callmenot.app/u0a446 (adj 905): remove task
01-04 09:32:50.681  2448  2538 D ChangeTransitionController:    ChangeInfo{7fdc08a container=Task{45dfda #12016 type=standard A=10446:com.callmenot.app} flags=0x0}
01-04 09:32:50.681  2448  2538 V WindowManager: Start calculating TransitionInfo based on participants: {ActivityRecord{3827274 u0 com.sec.android.app.launcher/com.android.quickstep.RecentsActivity t11929}, Task{45dfda #12016 type=standard A=10446:com.callmenot.app}, Task{9a805d #12021 type=standard A=10322:com.facebook.katana}, Task{e38181 #11927 type=home I=com.sec.android.app.launcher/.activities.LauncherActivity}, ActivityRecord{17596509 u0 com.android.settings/.Settings t-1 f} isExiting}, WallpaperWindowToken{145e970 showWhenLocked=false}_<system>, Task{1df22e7 #1 type=home}, WallpaperWindowToken{35c8ac5 showWhenLocked=true}_<lock>, Task{5564440 #12013 type=standard A=10452:com.replit.app}, Task{6f90cda #12003 type=standard A=10326:com.brave.browser}, ActivityRecord{122767979 u0 com.android.settings/.SubSettings t-1 f} isExiting}, ActivityRecord{128972473 u0 com.dp.logcatapp/.activities.MainActivity t-1 f}}, ActivityRecord{159529562 u0 com.sec.android.app.launcher/.activities.LauncherActivity t11927}, Task{a3fe253 #12002 type=standard I=com.sec.android.app.myfiles/.ui.MainActivity}, ActivityRecord{185993841 u0 com.sec.android.app.launcher/.activities.LauncherActivity t-1}, Task{c0eaea3 #12012 type=standard A=1000:com.android.settings.root}, Task{c66e695 #12017 type=standard A=10273:com.google.android.gm}, Task{f2e9afe #12008 type=standard A=10449:com.dp.logcatapp}, Task{f6661ed #12000 type=standard A=10444:com.openai.chatgpt}}
01-04 09:32:50.702  2448  4842 I WindowManager: WIN DEATH: Window{4abc55b u0 com.callmenot.app/com.callmenot.app.MainActivity}
01-04 09:32:50.702  2448  4842 V WindowManager: Remove Window{4abc55b u0 com.callmenot.app/com.callmenot.app.MainActivity}: mSurfaceControl=null mAnimatingExit=false mRemoveOnExit=false mHasSurface=false surfaceShowing=false animating=false app-animation=false callers=com.android.server.wm.Session.binderDied:85 android.os.IBinder$DeathRecipient.binderDied:346 android.os.BinderProxy.sendDeathNotice:848 <bottom of call stack> <bottom of call stack> <bottom of call stack> 
01-04 09:32:50.707  1640  1779 I SurfaceFlinger: id=9309 Removed b763fef ActivityRecordInputSink com.callmenot.app/.MainActivity#9309 (176)
01-04 09:32:50.708  1640  1640 I SurfaceFlinger: [LayerHierarchy{RequestedLayerState{4abc55b com.callmenot.app/com.callmenot.app.MainActivity#9314} no children}] reparent to OffscreenRoot
01-04 09:32:50.708  1640  1640 I SurfaceFlinger: [LayerHierarchy{RequestedLayerState{4abc55b com.callmenot.app/com.callmenot.app.MainActivity#9314} no children}] RelativeParent to null
01-04 09:32:50.708  1640  1640 I SurfaceFlinger: id=9314 Removed 4abc55b com.callmenot.app/com.callmenot.app.MainActivity#9314 (177)
01-04 09:32:50.712  2448  2537 D SGM:FgCheckThread: pkgName: com.callmenot.app is not in foreground
01-04 09:32:50.712  2448  2537 D SGM:FgCheckThread: noteStopComponent(), received pkgName: com.callmenot.app, focusedPkgName: com.sec.android.app.launcher, userId: 0
01-04 09:32:50.713  2448  2918 W UsageStatsService: Unexpected activity event reported! (com.callmenot.app/com.callmenot.app.MainActivity event : 23 instanceId : 76606475)
01-04 09:32:50.715  1640  1640 I SurfaceFlinger: destroyed 4abc55b com.callmenot.app/com.callmenot.app.MainActivity#9314 form LifecycleManager
01-04 09:32:50.715  1640  1640 I SurfaceFlinger: [LayerHierarchy{RequestedLayerState{ActivityRecord{219157893 u0 com.callmenot.app/.MainActivity t12016}#9304} 1 children}] reparent to OffscreenRoot
01-04 09:32:50.715  1640  1640 I SurfaceFlinger: [LayerHierarchy{RequestedLayerState{ActivityRecord{219157893 u0 com.callmenot.app/.MainActivity t12016}#9304} 1 children}] RelativeParent to null
01-04 09:32:50.715  1640  1640 I SurfaceFlinger: id=9314 onLayerDestroyed from LayerHierarchyBuilder(RequestedLayerState{4abc55b com.callmenot.app/com.callmenot.app.MainActivity#9314 !handle})
01-04 09:32:50.716  1640  1640 I Layer   : id=9314 Destroyed 4abc55b com.callmenot.app/com.callmenot.app.MainActivity#9314
01-04 09:32:50.716  1640  1640 I SurfaceFlinger: id=9304 Removed ActivityRecord{219157893 u0 com.callmenot.app/.MainActivity t12016}#9304 (176)
01-04 09:32:50.723  1640  1640 I SurfaceFlinger: destroyed ActivityRecord{219157893 u0 com.callmenot.app/.MainActivity t12016}#9304 form LifecycleManager
01-04 09:32:50.723  1640  1640 I SurfaceFlinger: destroyed b763fef ActivityRecordInputSink com.callmenot.app/.MainActivity#9309 form LifecycleManager
01-04 09:32:50.724  1640  1640 I SurfaceFlinger: id=9304 onLayerDestroyed from LayerHierarchyBuilder(RequestedLayerState{ActivityRecord{219157893 u0 com.callmenot.app/.MainActivity t12016}#9304 !handle})
01-04 09:32:50.724  1640  1640 I SurfaceFlinger: id=9309 onLayerDestroyed from LayerHierarchyBuilder(RequestedLayerState{b763fef ActivityRecordInputSink com.callmenot.app/.MainActivity#9309 !handle z=-2147483648})
01-04 09:32:50.724  1640  1640 I Layer   : id=9304 Destroyed ActivityRecord{219157893 u0 com.callmenot.app/.MainActivity t12016}#9304
01-04 09:32:50.724  1640  1640 I Layer   : id=9309 Destroyed b763fef ActivityRecordInputSink com.callmenot.app/.MainActivity#9309
01-04 09:32:50.956  2448  2489 V WindowManager:    ChangeInfo{7fdc08a container=Task{45dfda #12016 type=standard A=10446:com.callmenot.app} flags=0x0}
01-04 09:32:50.957  2448  2489 D ChangeTransitionController:    ChangeInfo{7fdc08a container=Task{45dfda #12016 type=standard A=10446:com.callmenot.app} flags=0x0}
01-04 09:32:50.965  3750  3750 I HoneySpace.StackRecentsView: unbindTaskViewHolders CallMeNot
01-04 09:32:56.437  3750  3750 I HoneySpace.RecentAdapter[dd2c788]: notifyDataSetChanged, prev: Load, [RecentData(items=[DefaultTaskData([#taskId 12022 : ch.protonmail.android])], displayId=0, deskId=-1, type=1, name=), RecentData(items=[DefaultTaskData([#taskId 12021 : com.facebook.katana])], displayId=0, deskId=-1, type=1, name=), RecentData(items=[DefaultTaskData([#taskId 12012 : com.android.settings])], displayId=0, deskId=-1, type=1, name=), RecentData(items=[DefaultTaskData([#taskId 12016 : com.callmenot.app])], displayId=0, deskId=-1, type=1, name=), RecentData(items=[DefaultTaskData([#taskId 12017 : com.google.android.gm])], displayId=0, deskId=-1, type=1, name=), RecentData(items=[DefaultTaskData([#taskId 12013 : com.replit.app])], displayId=0, deskId=-1, type=1, name=), RecentData(items=[DefaultTaskData([#taskId 12008 : com.dp.logcatapp])], displayId=0, deskId=-1, type=1, name=), RecentData(items=[DefaultTaskData([#taskId 12002 : com.sec.android.app.myfiles])], displayId=0, deskId=-1, type=1, name=), RecentData(items=[DefaultTaskData([#taskId 12003 : com.brave.browser])], displayId=0, deskId=-1, type=1, name=), RecentData(items=[DefaultTaskData([#taskId 12000 : com.openai.chatgpt])], displayId=0, deskId=-1, type=1, name=)]
01-04 09:32:56.438  3750  3750 I HoneySpace.RecentAdapter[1a47ead]: notifyDataSetChanged, prev: RemoveDefaultTasks, [RecentData(items=[DefaultTaskData([#taskId 12021 : com.facebook.katana])], displayId=0, deskId=-1, type=1, name=), RecentData(items=[DefaultTaskData([#taskId 12012 : com.android.settings])], displayId=0, deskId=-1, type=1, name=), RecentData(items=[DefaultTaskData([#taskId 12016 : com.callmenot.app])], displayId=0, deskId=-1, type=1, name=), RecentData(items=[DefaultTaskData([#taskId 12017 : com.google.android.gm])], displayId=0, deskId=-1, type=1, name=), RecentData(items=[DefaultTaskData([#taskId 12013 : com.replit.app])], displayId=0, deskId=-1, type=1, name=), RecentData(items=[DefaultTaskData([#taskId 12008 : com.dp.logcatapp])], displayId=0, deskId=-1, type=1, name=), RecentData(items=[DefaultTaskData([#taskId 12002 : com.sec.android.app.myfiles])], displayId=0, deskId=-1, type=1, name=), RecentData(items=[DefaultTaskData([#taskId 12003 : com.brave.browser])], displayId=0, deskId=-1, type=1, name=), RecentData(items=[DefaultTaskData([#taskId 12000 : com.openai.chatgpt])], displayId=0, deskId=-1, type=1, name=)]
01-04 09:33:04.761  3750  3750 I HoneySpace.AppLabelTextView: CallMeNot : letterSpacing 0.0 : width 216
01-04 09:33:10.200  2448  2596 I AppsFilter: interaction: PackageSetting{a27e9d3 com.callmenot.app/10446} -> PackageSetting{1a4cc40 com.dp.logcatapp/10449} BLOCKED
01-04 09:33:12.276  3750 23541 I SearchEngine: isComponentInApps() packageName : com.callmenot.app / className : com.callmenot.app.MainActivity / userId : 0 / enable true / enabledSetting 0
01-04 09:33:12.277  3750 23541 I SearchEngine: isComponentInApps() packageName : com.callmenot.app / className : com.callmenot.app.MainActivity / userId : 0 / enable true / enabledSetting 0
01-04 09:33:12.277  3750 23541 I SearchEngine: isComponentInApps() packageName : com.callmenot.app / className : com.callmenot.app.MainActivity / userId : 0 / enable true / enabledSetting 0
01-04 09:33:12.278  3750 23541 I SearchEngine: isComponentInApps() packageName : com.callmenot.app / className : com.callmenot.app.MainActivity / userId : 0 / enable true / enabledSetting 0
01-04 09:33:12.278  3750 23541 I SearchEngine: isComponentInApps() packageName : com.callmenot.app / className : com.callmenot.app.MainActivity / userId : 0 / enable true / enabledSetting 0
01-04 09:33:12.469  3750  3750 I HoneySpace.AppLabelTextView: CallMeNot : letterSpacing 0.0 : width 216
01-04 09:33:13.074  2448  2596 I AppsFilter: interaction: PackageSetting{ab359f8 com.callmenot.app/10446} -> PackageSetting{d68ba6 com.google.android.apps.docs/10313} BLOCKED
01-04 09:33:13.699  3750 16801 I SearchEngine: isComponentInApps() packageName : com.callmenot.app / className : com.callmenot.app.MainActivity / userId : 0 / enable true / enabledSetting 0
01-04 09:33:13.700  3750 16801 I SearchEngine: isComponentInApps() packageName : com.callmenot.app / className : com.callmenot.app.MainActivity / userId : 0 / enable true / enabledSetting 0
01-04 09:33:13.700  3750 16801 I SearchEngine: isComponentInApps() packageName : com.callmenot.app / className : com.callmenot.app.MainActivity / userId : 0 / enable true / enabledSetting 0
01-04 09:33:13.700  3750 16801 I SearchEngine: isComponentInApps() packageName : com.callmenot.app / className : com.callmenot.app.MainActivity / userId : 0 / enable true / enabledSetting 0
01-04 09:33:13.700  3750 16801 I SearchEngine: isComponentInApps() packageName : com.callmenot.app / className : com.callmenot.app.MainActivity / userId : 0 / enable true / enabledSetting 0
01-04 09:33:13.875  3750  3750 I HoneySpace.AppLabelTextView: CallMeNot : letterSpacing 0.0 : width 216
01-04 09:34:42.320  4756  4809 W ModernMediaScanner: Failed to visit /storage/emulated/0/Download/callmenot-debug/app-debug.apk: java.nio.file.NoSuchFileException: /storage/emulated/0/Download/callmenot-debug/app-debug.apk
01-04 09:34:42.384 28894 28894 I MyFiles : [0134/AsyncLoadViewInfoHandler] handleMessage() ] tag.fullPath :   #G$E18EdWvq1VRbTwUU+ks1VWtLsbEv6bW1W/s1tDtfBXQ72zWUe/sEAPtbpWV7bwVVKh8lBHs6pTDLCvXw==  , /storage/emulated/0/Download/callmenot-debug/app-debug.apk
01-04 09:34:42.430 28894 28894 I MyFiles : [0139/AsyncLoadViewInfoHandler] handleMessage() ] tag.fullPath :   #G$E18EdWvq1VRbTwUU+ks1VWtLsbEv6bd2uc8GdBo7pRTKK3W1ai8GdBo7pRTKK3W1aO7QQQ5+8FEuKABhHh5gATjpxVTr2SUWy+qxpIobg=  , /storage/emulated/0/DCIM/Screenshots/Screenshot_20260103_230941_CallMeNot.jpg
01-04 09:34:42.552  4756  4809 W ModernMediaScanner: Failed to visit /storage/emulated/0/Download/callmenot-debug.zip: java.nio.file.NoSuchFileException: /storage/emulated/0/Download/callmenot-debug.zip
01-04 09:34:59.341 29612 29638 W ProcStatsManager: No process com.callmenot.app/10426 for service com.google.android.datatransport.runtime.scheduling.jobscheduling.JobInfoSchedulerService
01-04 09:34:59.341 29612 29638 W ProcStatsManager: No process com.callmenot.app/10426 for service com.callmenot.app.service.CallMeNotScreeningService
01-04 09:34:59.341 29612 29638 W ProcStatsManager: No process com.callmenot.app/10446 for service com.google.android.datatransport.runtime.scheduling.jobscheduling.JobInfoSchedulerService
01-04 09:34:59.341 29612 29638 W ProcStatsManager: No process com.callmenot.app/10446 for service com.callmenot.app.service.CallMeNotScreeningService
01-04 09:34:59.341 29612 29638 W ProcStatsManager: No process com.callmenot.app/10446 for service com.callmenot.app.service.ProtectionNotificationService
01-04 09:38:31.029 29612 29651 W ProcStatsManager: No process com.callmenot.app/10426 for service com.google.android.datatransport.runtime.scheduling.jobscheduling.JobInfoSchedulerService
01-04 09:38:31.029 29612 29651 W ProcStatsManager: No process com.callmenot.app/10426 for service com.callmenot.app.service.CallMeNotScreeningService
01-04 09:38:31.029 29612 29651 W ProcStatsManager: No process com.callmenot.app/10446 for service com.google.android.datatransport.runtime.scheduling.jobscheduling.JobInfoSchedulerService
01-04 09:38:31.029 29612 29651 W ProcStatsManager: No process com.callmenot.app/10446 for service com.callmenot.app.service.CallMeNotScreeningService
01-04 09:38:31.029 29612 29651 W ProcStatsManager: No process com.callmenot.app/10446 for service com.callmenot.app.service.ProtectionNotificationService
01-04 09:38:31.183 29612 29637 W ProcStatsManager: No process com.callmenot.app/10426 for service com.google.android.datatransport.runtime.scheduling.jobscheduling.JobInfoSchedulerService
01-04 09:38:31.183 29612 29637 W ProcStatsManager: No process com.callmenot.app/10426 for service com.callmenot.app.service.CallMeNotScreeningService
01-04 09:38:31.183 29612 29637 W ProcStatsManager: No process com.callmenot.app/10446 for service com.google.android.datatransport.runtime.scheduling.jobscheduling.JobInfoSchedulerService
01-04 09:38:31.183 29612 29637 W ProcStatsManager: No process com.callmenot.app/10446 for service com.callmenot.app.service.CallMeNotScreeningService
01-04 09:38:31.183 29612 29637 W ProcStatsManager: No process com.callmenot.app/10446 for service com.callmenot.app.service.ProtectionNotificationService
01-04 09:41:28.468 28894 28944 I AppIconSolution: return adaptive icon for com.callmenot.app, isNight = false
01-04 09:41:32.789  2448  2891 I PackageInformation: com.callmenot.app ::20251214::20250713
01-04 09:41:32.844  4000  4000 I Finsky  : [2] VerifyApps: Install-time verification requested for package com.callmenot.app, PackageManager id = 12, Verifier id = 6a8d3421-4deb-4567-acf7-99fbaa27056d
01-04 09:41:32.975   463   484 I GOS:GameServiceReceiver:  PkgInstallStarted for com.callmenot.app UserID : 0
01-04 09:41:33.052   463   485 I GOS:GameIntentService: onPackageChanged(). extras: Bundle[{changeType=2, userId=0, type=15, packageName=com.callmenot.app}]
01-04 09:41:33.052   463   485 I GOS:GameIntentService: onPackageChanged(). changeType(INSTALL_STARTED), pkgName(com.callmenot.app), UserHandle(0), userId(0), Installed(true)
01-04 09:41:33.055   463   485 W GOS:SystemEventReactor: onPackageInstallStarted(). the pkg data already exists. packageName: com.callmenot.app
01-04 09:41:33.271  4000   478 I Finsky  : [249] VerifyApps: Anti-malware verification task started for package=com.callmenot.app
01-04 09:41:33.849  4000  4033 I Finsky  : [130] VerifyApps: Starting APK Analysis scan for com.callmenot.app.
01-04 09:41:33.851  4000  4033 I Finsky  : [130] Scanning package com.callmenot.app contents with client side protections. File: [CjfNDr8ZJ_fT3Nb0GMSGYOXznDlqVI0uDklh-fm2zLU]
01-04 09:41:33.853  4000  4033 I Finsky  : [130] VerifyApps: APK Analysis scan finished for com.callmenot.app. Verdict: SAFE
01-04 09:41:34.320  4000   494 I Finsky  : [252] VerifyApps: Verification package=com.callmenot.app, id=12, response=9, upload_requested=false, enable_ecm=false
01-04 09:41:37.719  4000  4050 I Finsky  : [140] VerifyApps: waiting for app installation for com.callmenot.app
01-04 09:41:37.761  2448  2891 D InstallDependencyHelper: No missing dependency for com.callmenot.app
01-04 09:41:37.762  2448  2891 I PackageManager:           pkg{com.callmenot.app}
01-04 09:41:37.763  4000  4000 I Finsky  : [2] VerifyApps: Install-time verification complete: id=12, package_name=com.callmenot.app
01-04 09:41:37.779  2448  2596 W PackageManager: Existing package com.callmenot.app signatures do not match newer version; ignoring!
01-04 09:41:37.782  2448  2596 D PackageInstallerSession: Marking session 1975342610 as failed: INSTALL_FAILED_UPDATE_INCOMPATIBLE: Existing package com.callmenot.app signatures do not match newer version; ignoring!
01-04 09:41:37.782  2448  2596 I PackageInstallerSession: Session [1975342610] was destroyed because of [Session marked as failed: INSTALL_FAILED_UPDATE_INCOMPATIBLE: Existing package com.callmenot.app signatures do not match newer version; ignoring!]
01-04 09:41:37.782  2448  2891 I PackageInstallerSession: result of session: -7{1975342610}, Existing package com.callmenot.app signatures do not match newer version; ignoring!
01-04 09:41:43.577  3750  3750 I HoneySpace.CardFactory: loadDrawable: reUse com.callmenot.app kotlinx.coroutines.flow.StateFlowImpl@fb25d0a
01-04 09:41:43.579  3750  3750 I HoneySpace.AppLabelTextView: CallMeNot : letterSpacing 0.0 : width 216
01-04 09:41:44.735  3750  3750 I HoneySpace.AppsCardItemViewHolder: SecondaryLongClick of CallMeNot
01-04 09:41:44.765  3750  3750 I HoneySpace.AppsCardItemViewHolder: SecondaryLongClick of CallMeNot
01-04 09:41:44.773  3750  3750 I HoneySpace.AppsCardItemViewHolder: SecondaryLongClick of CallMeNot
01-04 09:41:44.789  3750  3750 I HoneySpace.AppsCardItemViewHolder: SecondaryLongClick of CallMeNot
01-04 09:41:44.898  3750  3750 I HoneySpace.AppsCardItemViewHolder: SecondaryLongClick of CallMeNot
01-04 09:41:44.906  3750  3750 I HoneySpace.AppsCardItemViewHolder: SecondaryLongClick of CallMeNot
01-04 09:41:44.923  3750  3750 I HoneySpace.AppsCardItemViewHolder: SecondaryLongClick of CallMeNot
01-04 09:41:44.940  3750  3750 I HoneySpace.AppsCardItemViewHolder: SecondaryLongClick of CallMeNot
01-04 09:41:44.948  3750  3750 I HoneySpace.AppsCardItemViewHolder: SecondaryLongClick of CallMeNot
01-04 09:41:44.965  3750  3750 I HoneySpace.AppsCardItemViewHolder: SecondaryLongClick of CallMeNot
01-04 09:41:44.973  3750  3750 I HoneySpace.AppsCardItemViewHolder: SecondaryLongClick of CallMeNot
01-04 09:41:44.998  3750  3750 I HoneySpace.AppsCardItemViewHolder: SecondaryLongClick of CallMeNot
01-04 09:41:45.015  3750  3750 I HoneySpace.AppsCardItemViewHolder: SecondaryLongClick of CallMeNot
01-04 09:41:45.023  3750  3750 I HoneySpace.AppsCardItemViewHolder: SecondaryLongClick of CallMeNot
01-04 09:41:45.032  3750  3750 I HoneySpace.AppsCardItemViewHolder: SecondaryLongClick of CallMeNot
01-04 09:41:45.040  3750  3750 I HoneySpace.AppsCardItemViewHolder: SecondaryLongClick of CallMeNot
01-04 09:41:45.049  3750  3750 I HoneySpace.AppsCardItemViewHolder: SecondaryLongClick of CallMeNot
01-04 09:41:45.057  3750  3750 I HoneySpace.AppsCardItemViewHolder: SecondaryLongClick of CallMeNot
01-04 09:41:45.073  3750  3750 I HoneySpace.AppsCardItemViewHolder: SecondaryLongClick of CallMeNot
01-04 09:41:45.124  3750  3750 I HoneySpace.AppsCardItemViewHolder: SecondaryLongClick of CallMeNot
01-04 09:41:45.174  3750  3750 I HoneySpace.AppsCardItemViewHolder: SecondaryLongClick of CallMeNot
01-04 09:41:45.182  3750  3750 I HoneySpace.AppsCardItemViewHolder: SecondaryLongClick of CallMeNot
01-04 09:41:45.236  3750  3750 I HoneySpace.AppsCardItemViewHolder: longClick of CallMeNot
01-04 09:41:45.262  3750  3750 I HoneySpace.AppsCardItemViewHolder: SecondaryLongClick of CallMeNot
01-04 09:41:45.268  3750  3750 I HoneySpace.AppsCardItemViewHolder: SecondaryLongClick of CallMeNot
01-04 09:41:45.283  3750  3750 I HoneySpace.AppsCardItemViewHolder: SecondaryLongClick of CallMeNot
01-04 09:41:45.375  3750  3750 I HoneySpace.AppsCardItemViewHolder: SecondaryLongClick of CallMeNot
01-04 09:41:45.408  3750  3750 I HoneySpace.AppsCardItemViewHolder: SecondaryLongClick of CallMeNot
01-04 09:41:45.417  3750  3750 I HoneySpace.AppsCardItemViewHolder: SecondaryLongClick of CallMeNot
01-04 09:41:45.538  3750  3750 I HoneySpace.AppsCardItemViewHolder: SecondaryLongClick of CallMeNot
01-04 09:41:45.562  3750  3750 I HoneySpace.AppsCardItemViewHolder: SecondaryLongClick of CallMeNot
01-04 09:41:45.564  3750  3750 I HoneySpace.AppsCardItemViewHolder: SecondaryLongClick of CallMeNot
01-04 09:41:45.564  3750  3750 I HoneySpace.AppsCardItemViewHolder: SecondaryLongClick of CallMeNot
01-04 09:41:47.818   377   377 I UninstallerActivity: Uninstalling extras=Bundle[{com.android.packageinstaller.extra.IS_CLONE_APP=false, com.android.packageinstaller.extra.APP_LABEL=CallMeNot, com.android.packageinstaller.applicationInfo=ApplicationInfo{3a08b68 com.callmenot.app}, android.intent.extra.UNINSTALL_ALL_USERS=false, com.android.packageinstaller.extra.UNINSTALL_ID=-2147483641}]
01-04 09:41:47.821  2448  3325 I PackageManager: pkg{com.callmenot.app}, user{0}, caller{10077} flags{0}
01-04 09:41:47.822  2448  2543 I ActivityManager: Force stopping com.callmenot.app appid=10446 user=0: deletePackageX
01-04 09:41:48.030  2448  3114 D BackgroundInstallControlService: handlePackageRemove: removing com.callmenot.app from 0
01-04 09:41:48.045  2448  2596 D AASA_PackageManager_RESTRICTED: Uninstall : userId = 0, info.uid = 10446, packageName = com.callmenot.app
01-04 09:41:48.053   377   377 I UninstallFinish: Uninstall finished extras=Bundle[{android.content.pm.extra.STATUS=0, com.android.packageinstaller.extra.IS_CLONE_APP=false, android.content.pm.extra.PACKAGE_NAME=com.callmenot.app, com.android.packageinstaller.extra.APP_LABEL=CallMeNot, com.android.packageinstaller.applicationInfo=Supplier{VAL_PARCELABLE@532+1276}, android.intent.extra.UNINSTALL_ALL_USERS=false, android.content.pm.extra.LEGACY_STATUS=1, com.android.packageinstaller.extra.UNINSTALL_ID=-2147483641, android.content.pm.extra.STATUS_MESSAGE=DELETE_SUCCEEDED}]
01-04 09:41:48.056  2448  2596 I ActivityManager: Force stopping com.callmenot.app appid=10446 user=0: pkg removed
01-04 09:41:48.078  2448  2596 I ActivityManager: Force stopping com.callmenot.app appid=10446 user=0: pkg removed
01-04 09:41:48.101  2448  3113 D ShortcutService: removing package: com.callmenot.app userId=0
01-04 09:41:48.104  3221  3221 D CarrierSvcBindHelper: onPackageRemoved: com.callmenot.app
01-04 09:41:48.107  2448  3071 D AS.AudioService: com.callmenot.app(10446) is removed
01-04 09:41:48.107  2448  3037 W WifiService: Couldn't get PackageInfo for package:com.callmenot.app
01-04 09:41:48.107  2448  3037 D WifiService: Remove settings for package:com.callmenot.app
01-04 09:41:48.107  2448  3037 D WifiConfigManager: Remove all networks for app ApplicationInfo{f67f5cd com.callmenot.app}
01-04 09:41:48.109  2448  3071 D SGM:GameManager: identifyGamePackage. com.callmenot.app, mCurrentUserId: 0, callingMethodInfo: com.samsung.android.game.SemGameManager.isGamePackage(SemGameManager.java:106)
01-04 09:41:48.109  2448  3071 D SGM:SemGameManager: isGamePackage(), pkgName=com.callmenot.app, ret=false
01-04 09:41:48.114  3221  3741 I SatelliteAppTracker: onPackageRemoved : com.callmenot.app
01-04 09:41:48.115  2448  3037 I PasspointManager: No app ops listener found for com.callmenot.app
01-04 09:41:48.122  3221  3221 I VvmPkgInstalledRcvr: packageName: com.callmenot.app, systemDialer: com.samsung.android.dialer
01-04 09:41:48.124  2448  2994 V StorageManagerService: Package com.callmenot.app does not have legacy storage
01-04 09:41:48.125  2448  2899 D OverlayManager: onPackageRemoved pkgName=com.callmenot.app userId=0
01-04 09:41:48.125  2448  2899 I OverlayManager: updateOverlaysForTarget() called with: targetPackage = [com.callmenot.app], userId = [0], flags = [0]
01-04 09:41:48.126  2448  2918 D UsageStatsService: onPackageRemoved com.callmenot.app
01-04 09:41:48.132  3221  3221 W VvmPkgInstalledRcvr: carrierVvmPkgAdded: carrier vvm packages doesn't contain com.callmenot.app
01-04 09:41:48.140  2448  2950 D SEP_UNION_SemDeviceInfoManagerService: Package com.callmenot.app is removed on User 0 
01-04 09:41:48.165  3252  3252 D Navbar.Store: handleEvent(0) OnPackageRemoved(packageName=com.callmenot.app) [Module] NavBarStoreImpl
01-04 09:41:48.165  2448  3037 W WifiService: Couldn't get PackageInfo for package:com.callmenot.app
01-04 09:41:48.165  2448  3037 D WifiService: Remove settings for package:com.callmenot.app
01-04 09:41:48.165  2448  3037 D WifiConfigManager: Remove all networks for app ApplicationInfo{8b91ede com.callmenot.app}
01-04 09:41:48.165  2448  3037 I PasspointManager: No app ops listener found for com.callmenot.app
01-04 09:41:48.167  3252  3252 D KeyguardShortcutManager: onReceive : Intent.EXTRA_REPLACING false, com.callmenot.app
01-04 09:41:48.167  3252  3252 D SecSTQuickControlRequestReceiver: onReceiveForPackage action = android.intent.action.PACKAGE_REMOVED, pkgName = com.callmenot.app
01-04 09:41:48.168  3252  3252 I GoodLockLifecycle: onPackageRemoved: com.callmenot.app
01-04 09:41:48.168  3252  3252 D FaceWidgetMusicViewModel: onPackageRemoved() pkg = com.callmenot.app, r = false
01-04 09:41:48.170  3252  3252 I SharedAppWidgetFacade:  onPackageRemoved com.callmenot.app
01-04 09:41:48.170  3252  3252 I SharedWidgetListManager:  provider removed com.callmenot.app , size = 60 ,  60
01-04 09:41:48.185  2448  2923 I RollbackManager: broadcast=ACTION_PACKAGE_FULLY_REMOVED pkg=com.callmenot.app
01-04 09:41:48.251  2448  2448 D SdpManagerImpl.receiver: On android.intent.action.PACKAGE_REMOVED : DATA = package:com.callmenot.app, UID = 10446, UserId = 0, Is replacing? false
01-04 09:41:48.251  2448  2448 D SdpManagerImpl.receiver: ACTION_PACKAGE_REMOVED packageName:: com.callmenot.app
01-04 09:41:48.251  2448  3215 D SdpManagerImpl: handlePackageRemoved - PackageName : com.callmenot.app, UserId : 0
01-04 09:41:48.257  2448  2448 I Telecom : CarModeTracker: Package com.callmenot.app is not tracked.: SSH.oR@Cq4
01-04 09:41:48.271  2448  3061 D LocationManagerService: package com.callmenot.app reset
01-04 09:41:48.275  5019  5416 E DMASA[C]: [LOGWING][k]Failed to get App version : com.callmenot.app
01-04 09:41:48.281  4365  4488 I PackageInfoManager_FLP: action : ACTION_PACKAGE_REMOVED, packageName = com.callmenot.app
01-04 09:41:48.296 10406 10406 I SpayFw_PackageStateReceiver: PackageName : com.callmenot.app
01-04 09:41:48.298  2448  3222 I Pageboost: remove app @ runtime : com.callmenot.app
01-04 09:41:48.300 26445 26445 I SCS@AiSearch user 0: (PackageBroadcastReceiver) packageName: com.callmenot.app
01-04 09:41:48.300 26445 26445 I SCS@AiSearch user 0: (PackageBroadcastReceiver) Packages changed: com.callmenot.app
01-04 09:41:48.304  4000  4000 I Finsky  : [2] AIM: AppInfoCacheUpdater -> invalidating apps: [com.callmenot.app]
01-04 09:41:48.306  4000  4050 I Finsky  : [140] AIM: AppInfoManager-Perf > OnDeviceAppInfo > cacheHitCount=0, cacheMissCount=1. Missed  in cache (limit 10) : [com.callmenot.app]
01-04 09:41:48.325  2448  2448 D EnterpriseLicenseService: isPackageInstalled() - com.callmenot.app not found in user 0
01-04 09:41:48.344  4000   705 I Finsky  : [269] Asset module storage cleared for package com.callmenot.app.
01-04 09:41:48.365  2448  3538 W Role    : Cannot get ApplicationInfo for package: com.callmenot.app
01-04 09:41:48.365  2448  3538 I RoleControllerServiceImpl: Removing package that no longer qualifies for the role, package: com.callmenot.app, role: android.app.role.CALL_SCREENING, user: 0
01-04 09:41:48.372  2448  3538 W RoleControllerServiceImpl: Cannot get ApplicationInfo for package: com.callmenot.app, user: 0
01-04 09:41:48.405  4000  4000 W Finsky  : [2] STU: Failed to get storage stats for package 'com.callmenot.app' (1601: Error getting stats: android.content.pm.PackageManager.NameNotFoundException)
01-04 09:41:48.543  2448  2448 I ConditionProviders: Disallowing condition provider com.callmenot.app (userSet: true)
01-04 09:41:48.548 27532 27575 I ENTM:Systemprocess: handlePackageRemoved().pkgName: com.callmenot.app
01-04 09:41:48.548 27532 27575 I ENTM:Systemprocess: checkELMActivationForPackageRemoved().START - com.callmenot.app
01-04 09:41:48.554  2448   779 I Telecom : SamsungTelecomServiceImpl : clearAccounts - packageName : com.callmenot.app / callingPid : 2448 / processName : sts / callingUser : UserHandle{0}
01-04 09:41:48.555 27532 27575 I ENTM:Systemprocess: checkKLMActivationForPackageRemoved().START - com.callmenot.app
01-04 09:41:48.569 27532 27575 I ENTM:DataBaseUtils: isSameTrackerIdInDeviceDB().START: com.callmenot.app
01-04 09:41:48.815 27865 27865 D PersistedStoragePackageUninstalledReceiver: Received android.intent.action.PACKAGE_FULLY_REMOVED for com.callmenot.app for u0
01-04 09:41:48.823  4756  5524 D MediaProvider: Deleted 0 Android/media items belonging to com.callmenot.app on /data/user/0/com.google.android.providers.media.module/databases/external.db
01-04 09:41:48.830  4756  5524 I FuseDaemon: Successfully deleted rows in leveldb for owner_id:  and ownerPackageIdentifier: com.callmenot.app::0
01-04 09:41:48.832  4756  5524 D MediaGrants: Removed 0 media_grants for 0 user for [com.callmenot.app]. Reason: Package orphaned
01-04 09:41:48.842  4097   785 I ProximityAuth: [RecentAppsMediator] Package removed: (user=UserHandle{0}) com.callmenot.app
01-04 09:41:48.858 16179 16179 I AiPrivacy::AppEventReceiver: com.callmenot.app Uninstalled !!!
01-04 09:41:48.891 26444 26444 I AccountReloadObserver: [C] received action: android.intent.action.PACKAGE_REMOVED, dat: package:com.callmenot.app
01-04 09:41:48.953 21742   741 W RWIPackageIntentOps: Registries cleared for package: com.callmenot.app
01-04 09:41:48.978 21742 22538 E WorkSourceUtil: Could not find package: com.callmenot.app
01-04 09:41:48.984 21742 21790 I Icing   : doRemovePackageData com.callmenot.app
01-04 09:41:49.001 21742   573 W SQLiteLog: (28) double-quoted string literal: "com.callmenot.app"
01-04 09:41:49.006  4000  4000 I Finsky  : [2] Received an install/uninstall event for package com.callmenot.app
01-04 09:41:49.089   820   820 I Finsky:background: [2] Package no longer installed: com.callmenot.app
01-04 09:41:49.091   820   820 I Finsky:background: [2] Package no longer installed: com.callmenot.app
01-04 09:41:49.479  2448  2542 I SGM:GameManager: PkgUpdateReceiver, onPackageRemoved(). pkgName=com.callmenot.app, userId=0
01-04 09:41:49.479  2448  2542 W SGM:Util: isPkgInstalled(), com.callmenot.app does not exist. 
01-04 09:41:49.479  2448  2542 D SGM:Util: isPkgInstalled(). pkgName=com.callmenot.app, userId=0, installed=false
01-04 09:41:49.479  2448  2542 D SGM:GosNotifyThread: sendPackageMessage(), changeType=1, pkgName=com.callmenot.app, userHandleId=0
01-04 09:41:49.550  1144  1144 I DWBh    : onPackageDeleted : com.callmenot.app
01-04 09:41:49.646  1144  1235 I DWBa    : couldn't find com.callmenot.app
01-04 09:41:49.814  2448  2542 D MetaDataCollector: onReceive: done pkgName=com.callmenot.app
01-04 09:41:49.840  2448  2542 I SettingsProvider: onPackageRemoved (userId 0) PackageName = com.callmenot.app
01-04 09:41:49.843  2448  2542 I CredentialManager: updateProvidersWhenPackageRemoved)pkg=com.callmenot.app (0)
01-04 09:41:49.845  2448  2542 D LauncherAppsService: Calling onPackageRemoved: com.callmenot.app, EXTRA_REPLACING: false
01-04 09:41:49.845  2448  2542 D LauncherAppsService: onPackageRemoved: triggering onPackageRemoved for user=UserHandle{0}, packageName=com.callmenot.app
01-04 09:41:49.845  2448  2542 D LauncherAppsService: onPackageRemoved: triggering onPackageRemoved for user=UserHandle{0}, packageName=com.callmenot.app
01-04 09:41:49.846  2448  2542 D LauncherAppsService: onPackageRemoved: triggering onPackageRemoved for user=UserHandle{0}, packageName=com.callmenot.app
01-04 09:41:49.846  2448  2542 D LauncherApps: onPackageRemoved 0,com.callmenot.app
01-04 09:41:49.846  2448  2542 D LauncherAppsService: onPackageRemoved: triggering onPackageRemoved for user=UserHandle{0}, packageName=com.callmenot.app
01-04 09:41:49.846  2448  2542 D LauncherAppsService: onPackageRemoved: triggering onPackageRemoved for user=UserHandle{0}, packageName=com.callmenot.app
01-04 09:41:49.846  3750  3750 I HoneySpace.PackageOperationTracker: onPackageRemoved - com.callmenot.app UserHandle{0}
01-04 09:41:49.846  3750  3750 I HoneySpace.PackageChangedCallbackImpl: onPackageRemoved: com.callmenot.app / UserHandle{0}
01-04 09:41:49.846  3252  3567 D LauncherApps: onPackageRemoved 0,com.callmenot.app
01-04 09:41:49.847  3750 19208 I HoneySpace.IconCache: remove icon cache & DB : com.callmenot.app UserHandle{0}
01-04 09:41:49.847  3750 19208 I HoneySpace.IconCache: removeSpecificIconDb: com.callmenot.app UserHandle{0}
01-04 09:41:49.849  4749  7594 D LauncherApps: onPackageRemoved 0,com.callmenot.app
01-04 09:41:49.859  3750  3750 I HoneySpace.HoneySpaceManagerContainer: refreshHoneyPlugin, packageName: com.callmenot.app
01-04 09:41:49.859  3750 32404 I HoneySpace.HoneySpacePackageSourceImpl: Package removed : com.callmenot.app
01-04 09:41:49.859  3750 19208 I SearchableManager: com.callmenot.app is not legacy engine type
01-04 09:41:49.859  3750 19208 I SearchableManager: invalidate: com.callmenot.app
01-04 09:41:49.860  3750  3750 I HoneySpace.PackageEventHandler: Package removed : [com.callmenot.app/.MainActivity#UserHandle{0}]
01-04 09:41:49.860  3750  3750 I HoneySpace.DataCache: deleteItem : id=109124, title=CallMeNot, type=APP, containerType=ITEM_GROUP, containerId=16, x=-1, y=-1, rank=19, spanX=-1, spanY=-1, scale=1.0, component=com.callmenot.app/.MainActivity, profileId=0, intent=null, restored=0, hidden=UNHIDDEN, appWidgetId=-1, options=0, refPackageName=null (appList) package removed
01-04 09:41:49.862  3750  6510 I HoneySpace.DataCache: delete item : (appList) package removed - APP / 109124 / 16 / CallMeNot / com.callmenot.app/.MainActivity / -1 / 0
01-04 09:41:49.862  3750  3750 I HoneySpace.ApplistCellLayout: removeView [6] (3,4) view=com.honeyspace.ui.common.iconview.IconViewImpl{8fbcc5b VFED..CL. ......ID 747,1076-996,1345 #7f0a02ed app:id/icon aid=1073742226} - CallMeNot, visibility:0, alpha:1.0, badge:0, icon:174x174, iconAlpha:255, iconState:NONE, iconSize:181, forceHideBadge:false, isTransparent:false, x=3, y=4
01-04 09:41:49.863  9900 10133 I SAMSUNGWALLET: [Hint_SimpleHintProcessMonitor] package removed : com.callmenot.app , execute : true
01-04 09:41:50.070  1479  1479 I FILP/PackageIntentReceiver: pkgName : com.callmenot.app
01-04 09:41:50.084  1479  1547 I FILP/FilterInstaller: removeFromFS : com.callmenot.app, cursor size : 0
01-04 09:41:50.087  1479  1547 I FILP/FilterInstaller: Delete all filter DB result : com.callmenot.app, 0
01-04 09:41:50.087  1479  1547 I FILP/FilterInstaller: Delete filter DB result : com.callmenot.app, 0
01-04 09:41:50.087  1479  1547 I FILP/FilterInstaller: Delete my filter DB result : com.callmenot.app, 0
01-04 09:41:50.089  1479  1547 I FILP/FilterInstaller: uninstallFilters mPackageName: com.callmenot.app
01-04 09:41:50.260  3750 31036 I SearchEngineAppSuggestion: package removed: com.callmenot.app
01-04 09:41:50.261  3750 31036 E SearchEngine: isComponentInApps() android.content.pm.PackageManager$NameNotFoundException: ComponentInfo{com.callmenot.app/com.callmenot.app.MainActivity} / packageName : com.callmenot.app / userId : 0
01-04 09:41:50.261  3750 31036 E SearchEngine: isComponentInApps() android.content.pm.PackageManager$NameNotFoundException: ComponentInfo{com.callmenot.app/com.callmenot.app.MainActivity} / packageName : com.callmenot.app / userId : 0
01-04 09:41:50.262  3750 31036 E SearchEngine: isComponentInApps() android.content.pm.PackageManager$NameNotFoundException: ComponentInfo{com.callmenot.app/com.callmenot.app.MainActivity} / packageName : com.callmenot.app / userId : 0
01-04 09:41:50.262  3750 31036 E SearchEngine: isComponentInApps() android.content.pm.PackageManager$NameNotFoundException: ComponentInfo{com.callmenot.app/com.callmenot.app.MainActivity} / packageName : com.callmenot.app / userId : 0
01-04 09:41:50.262  3750 31036 E SearchEngine: isComponentInApps() android.content.pm.PackageManager$NameNotFoundException: ComponentInfo{com.callmenot.app/com.callmenot.app.MainActivity} / packageName : com.callmenot.app / userId : 0
01-04 09:41:52.105  3750 27821 I HoneySpace.FilteredItemProvider: collect filtered items j, [PK(p='com.dp.logcatapp', u=UserHandle{0}), PK(p='com.callmenot.app', u=UserHandle{0})]
01-04 09:41:52.106  3750 27821 I HoneySpace.SuggestedItemsFacade: filteredItem : PK(p='com.callmenot.app', u=UserHandle{0})
01-04 09:41:55.975  2448  2891 I PackageInformation: com.callmenot.app ::20251214::20250713
01-04 09:41:55.992  4000  4000 I Finsky  : [2] VerifyApps: Install-time verification requested for package com.callmenot.app, PackageManager id = 13, Verifier id = aa1ebaa4-990d-4447-9b4b-82e7f5609710
01-04 09:41:56.008   463   484 I GOS:GameServiceReceiver:  PkgInstallStarted for com.callmenot.app UserID : 0
01-04 09:41:56.084   463  1798 W GOS:PackageUtil: isPackageInstalledAsUser(). Exception: android.content.pm.PackageManager$NameNotFoundException: com.callmenot.app
01-04 09:41:56.084   463  1798 I GOS:GameIntentService: onPackageChanged(). extras: Bundle[{changeType=2, userId=0, type=15, packageName=com.callmenot.app}]
01-04 09:41:56.084   463  1798 I GOS:GameIntentService: onPackageChanged(). changeType(INSTALL_STARTED), pkgName(com.callmenot.app), UserHandle(0), userId(0), Installed(false)
01-04 09:41:56.085   463  1798 W GOS:PackageUtil: isPackageInstalledAsUser(). Exception: android.content.pm.PackageManager$NameNotFoundException: com.callmenot.app
01-04 09:41:56.321  4000   478 I Finsky  : [249] VerifyApps: Anti-malware verification task started for package=com.callmenot.app
01-04 09:41:56.785  4000  4050 I Finsky  : [140] VerifyApps: Starting APK Analysis scan for com.callmenot.app.
01-04 09:41:56.785  4000  4050 I Finsky  : [140] Scanning package com.callmenot.app contents with client side protections. File: [yFGJ7qOOfNE4cHwP-_jbzjvJwwlvsa78xaQhkbd6OoA]
01-04 09:41:56.785  4000  4050 I Finsky  : [140] VerifyApps: APK Analysis scan finished for com.callmenot.app. Verdict: SAFE
01-04 09:41:56.969  4000   494 I Finsky  : [252] VerifyApps: Verification package=com.callmenot.app, id=13, response=15, upload_requested=false, enable_ecm=true
01-04 09:41:56.980  4000  4033 I Finsky  : [130] VerifyApps: waiting for app installation for com.callmenot.app
01-04 09:41:56.989  2448  2891 D InstallDependencyHelper: No missing dependency for com.callmenot.app
01-04 09:41:56.989  2448  2891 I PackageManager:           pkg{com.callmenot.app}
01-04 09:41:56.989  4000  4000 I Finsky  : [2] VerifyApps: Install-time verification complete: id=13, package_name=com.callmenot.app
01-04 09:41:57.084  2448  2596 D ApplicationPolicy: getApplicationStateEnabled : pkg = com.callmenot.app userId : 0
01-04 09:41:57.085  2448  2596 D PermissionService: setAllowlistedRestrictedPermissionsUnchecked called for package - com.callmenot.app
01-04 09:41:57.085  2448  2596 D PermissionService: updateAdminPermissionsInternalcom.callmenot.app
01-04 09:41:57.145  2448  2596 D BackupManagerService: [UserID:0] restoreAtInstall pkg=com.callmenot.app token=c restoreSet=0
01-04 09:41:57.149  2448  2596 I PackageManager: installation completed for package:com.callmenot.app. Final code path: /data/app/~~99jXfQwzxeWfHa7pcVIFLw==/com.callmenot.app-phSJjGjnMy6vVOvNiAp8rg==
01-04 09:41:57.169  2448  3097 I AppWidgetServiceImpl: Received broadcast: android.intent.action.PACKAGE_ADDED, Updates all providers with com.callmenot.app, userId: 0
01-04 09:41:57.170  2448  3113 D ShortcutService: adding package: com.callmenot.app userId=0
01-04 09:41:57.178  2448  3157 D SGM:GameManager: identifyGamePackage. com.callmenot.app, mCurrentUserId: 0, callingMethodInfo: com.samsung.android.game.SemGameManager.isGamePackage(SemGameManager.java:106)
01-04 09:41:57.178  2448  3157 D SGM:SemGameManager: isGamePackage(), pkgName=com.callmenot.app, ret=false
01-04 09:41:57.180  1623  4237 D NativePermissionController: updatePackagesForUid, UidPackageState{uid: 10454, packageNames: [com.callmenot.app]}
01-04 09:41:57.182  2448  3071 D SGM:GameManager: identifyGamePackage. com.callmenot.app, mCurrentUserId: 0, callingMethodInfo: com.samsung.android.game.SemGameManager.isGamePackage(SemGameManager.java:106)
01-04 09:41:57.182  2448  3173 I SdkSandboxManager: No SDKs used. Skipping SDK data reconcilation for CallingInfo{mUid=10454, mPackageName='com.callmenot.app, mAppProcessToken='null'}
01-04 09:41:57.183  2448  3071 D SGM:SemGameManager: isGamePackage(), pkgName=com.callmenot.app, ret=false
01-04 09:41:57.185  2448  2448 I Telecom : SamsungOpenCommunicationPlatformPolicyPackageBroadcastReceiver : action : android.intent.action.PACKAGE_ADDED / packageName : com.callmenot.app
01-04 09:41:57.185  3221  3221 D CarrierSvcBindHelper: onPackageAdded: com.callmenot.app
01-04 09:41:57.186  3221  3741 I SatelliteAppTracker: onPackageAdded : com.callmenot.app
01-04 09:41:57.186  3221  3741 E SatelliteAppTracker: packageName: com.callmenot.app, value: null
01-04 09:41:57.187  4365  4488 I PackageInfoManager_FLP: action : ACTION_PACKAGE_ADDED, packageName = com.callmenot.app
01-04 09:41:57.187  2448  3816 I Telecom : SamsungOpenCommunicationPlatformPolicyPackageHandler : handleMessage : { when=-2ms what=0 obj=com.callmenot.app target=com.samsung.server.telecom.advancedcall.ocp.policy.broadcast.SamsungOpenCommunicationPlatformPolicyPackageHandler }.what
01-04 09:41:57.188 29612 29612 D BluetoothEventManager: AppPackageChangedHandler: package name = com.callmenot.app
01-04 09:41:57.189  3252  3536 D PluginActionManager: queryPkg com.callmenot.app com.android.systemui.action.PLUGIN_TOAST
01-04 09:41:57.190  3252  3536 D PluginActionManager: queryPkg com.callmenot.app com.android.systemui.action.PLUGIN_NOTIFICATION_ASSISTANT
01-04 09:41:57.191  3252  3252 I GoodLockLifecycle: onPackageAdded: com.callmenot.app
01-04 09:41:57.192  3221  3741 E SatelliteAppTracker: packageName: com.callmenot.app, value: null
01-04 09:41:57.192  3252  3536 D PluginActionManager: queryPkg com.callmenot.app com.android.systemui.action.PLUGIN_GLOBAL_ACTIONS
01-04 09:41:57.192  3252  3536 D PluginActionManager: queryPkg com.callmenot.app com.samsung.systemui.action.PLUGIN_FACE_WIDGET
01-04 09:41:57.192  3252  3536 D PluginActionManager: queryPkg com.callmenot.app com.android.systemui.action.PLUGIN_NOTIFICATION_MENU_ROW
01-04 09:41:57.194  3221  3734 D ImsResolver: maybeAddedImsService, packageName: com.callmenot.app
01-04 09:41:57.194  3221  3734 V ImsResolver: searchForImsServices: package=com.callmenot.app, users=[UserHandle{0}]
01-04 09:41:57.194  3252  3536 D PluginActionManager: queryPkg com.callmenot.app com.android.systemui.action.PLUGIN_VOLUME
01-04 09:41:57.194  3221  3734 V ImsResolver: searchForImsServices: package=com.callmenot.app, users=[UserHandle{0}]
01-04 09:41:57.200  3221  3221 I VvmPkgInstalledRcvr: packageName: com.callmenot.app, systemDialer: com.samsung.android.dialer
01-04 09:41:57.201  3252  3536 D PluginActionManager: queryPkg com.callmenot.app com.android.systemui.action.PEOPLE_HUB_PERSON_EXTRACTOR
01-04 09:41:57.202  3252  3536 D PluginActionManager: queryPkg com.callmenot.app com.android.systemui.action.PLUGIN_SENSOR_MANAGER
01-04 09:41:57.203  3252  3536 D PluginActionManager: queryPkg com.callmenot.app com.android.systemui.action.PLUGIN_OVERLAY
01-04 09:41:57.203  3252  3536 D PluginActionManager: queryPkg com.callmenot.app com.android.systemui.action.PLUGIN_QS
01-04 09:41:57.203  3252  3536 D PluginActionManager: queryPkg com.callmenot.app com.android.systemui.action.PLUGIN_CLOCK_PROVIDER
01-04 09:41:57.206  3252  3477 D BluetoothEventManager: AppPackageChangedHandler: package name = com.callmenot.app
01-04 09:41:57.210  1479  1479 I FILP/PackageIntentReceiver: pkgName : com.callmenot.app
01-04 09:41:57.217  2448  3222 D SGM:GameManager: identifyGamePackage. com.callmenot.app, mCurrentUserId: 0, callingMethodInfo: com.samsung.android.game.SemGameManager.isGamePackage(SemGameManager.java:106)
01-04 09:41:57.217  2448  3222 D SGM:SemGameManager: isGamePackage(), pkgName=com.callmenot.app, ret=false
01-04 09:41:57.217  2448  3222 I Pageboost: appinfo : com.callmenot.app 0 0 0 0
01-04 09:41:57.217  2448  3222 D SGM:GameManager: identifyGamePackage. com.callmenot.app, mCurrentUserId: 0, callingMethodInfo: com.samsung.android.game.SemGameManager.isGamePackage(SemGameManager.java:106)
01-04 09:41:57.218  3221  3221 W VvmPkgInstalledRcvr: carrierVvmPkgAdded: carrier vvm packages doesn't contain com.callmenot.app
01-04 09:41:57.226  2448  3222 D SGM:SemGameManager: isGamePackage(), pkgName=com.callmenot.app, ret=false
01-04 09:41:57.226  2448  3222 I Pageboost: Reset this app info : com.callmenot.app 
01-04 09:41:57.229  2448  3222 I Pageboost: db create : CREATE TABLE IF NOT EXISTS comcallmenotapp (FILENAME TEXT, OFFSET INTEGER, SIZE INTEGER, FORVRAMDISK INTEGER, BITMAP BLOB, unique (FILENAME, OFFSET) );
01-04 09:41:57.232  2448  2899 D OverlayManager: reconcileSettingsForPackage pkgName=com.callmenot.app userId=0
01-04 09:41:57.232  2448  2899 I OverlayManager: updateOverlaysForTarget() called with: targetPackage = [com.callmenot.app], userId = [0], flags = [0]
01-04 09:41:57.243 27865 27865 I SafetyLabelChangedBroadcastReceiver: received broadcast packageName: com.callmenot.app, current user: UserHandle{0}, packageChangeEvent: NEW_INSTALL, intent user: UserHandle{0}
01-04 09:41:57.251  2448  3222 I Pageboost: add app to global @ runtime: com.callmenot.app
01-04 09:41:57.279  2448  2899 D OverlayManager: -> Updating overlay: target=com.callmenot.app overlays=[OverlayPaths { resourceDirs = [], overlayPaths = [] }] userId=0
01-04 09:41:57.304  2448  2542 I SGM:GameManager: PkgUpdateReceiver, onPackageAdded : com.callmenot.app userHandle : UserHandle{0} userId : 0
01-04 09:41:57.306  2448  2542 D SGM:GosNotifyThread: sendPackageMessage(), changeType=0, pkgName=com.callmenot.app, userHandleId=0
01-04 09:41:57.307  2448  2989 D SGM:GosNotifyThread: notifyPackageChangedToGos(), before send intent to GOS. type:15, changeType: 0, pkgName:com.callmenot.app, userHandleId:0
01-04 09:41:57.307  2448  2989 D SGM:PmAppCategoryManager: getManifestCategory(), manifestCategory=-1, packageName=com.callmenot.app
01-04 09:41:57.307  2448  2989 D SGM:PmAppCategoryManager: getCategoryOverride(), categoryOverride=-1, packageName=com.callmenot.app
01-04 09:41:57.307  2448  2989 I SGM:GosNotifyThread: notifyPackageChangedToGos(), category from pm: com.callmenot.app, [-1/-1]
01-04 09:41:57.313  2448  2559 D MARsPolicyManager: new Package : com.callmenot.app, SCPMTarget : false
01-04 09:41:57.319   463  1827 I GOS:GameIntentService: onHandleIntent. GameIntentService. type: 15, pkgName: com.callmenot.app
01-04 09:41:57.320  4097  1825 I ProximityAuth: [RecentAppsMediator] Package added: (user=UserHandle{0}) com.callmenot.app
01-04 09:41:57.359  2448  2542 D MetaDataCollector: onReceive: done pkgName=com.callmenot.app
01-04 09:41:57.373  2448  2542 D LauncherAppsService: Calling onPackageAdded: com.callmenot.app, uid: 10454
01-04 09:41:57.373  2448  2542 D LauncherAppsService: onPackageAdded: triggering onPackageAdded for user=UserHandle{0}, packageName=com.callmenot.app
01-04 09:41:57.374  2448  2542 D LauncherAppsService: onPackageAdded: triggering onPackageAdded for user=UserHandle{0}, packageName=com.callmenot.app
01-04 09:41:57.374  3750  3750 I HoneySpace.PackageOperationTracker: onPackageAdded - com.callmenot.app UserHandle{0}
01-04 09:41:57.375  4749  4787 D LauncherApps: onPackageAdded 0,com.callmenot.app
01-04 09:41:57.375  3750  3750 I HoneySpace.PackageChangedCallbackImpl: onPackageAdded: com.callmenot.app / UserHandle{0}
01-04 09:41:57.376  2448  2542 D LauncherAppsService: onPackageAdded: triggering onPackageAdded for user=UserHandle{0}, packageName=com.callmenot.app
01-04 09:41:57.376  2448  2542 D LauncherApps: onPackageAdded 0,com.callmenot.app
