01-04 09:59:45.642  2448  2534 V WindowManager: Sent Transition (#1064) createdAt=01-04 09:59:45.546 via request=TransitionRequestInfo { type = OPEN, triggerTask = TaskInfo{userId=0 taskId=12035 effectiveUid=10455 displayId=0 isRunning=true baseIntent=Intent { act=android.intent.action.MAIN cat=[android.intent.category.LAUNCHER] flg=0x34000000 pkg=com.callmenot.app cmp=com.callmenot.app/.MainActivity } baseActivity=ComponentInfo{com.callmenot.app/com.callmenot.app.MainActivity} topActivity=ComponentInfo{com.callmenot.app/com.callmenot.app.MainActivity} origActivity=null realActivity=ComponentInfo{com.callmenot.app/com.callmenot.app.MainActivity} numActivities=1 lastActiveTime=54544414 supportsMultiWindow=true resizeMode=1 isResizeable=true minWidth=-1 minHeight=-1 maxWidth=-1 maxHeight=-1 defaultMinSize=220 desktopDefaultMinSize=304 token=WCT{RemoteToken{19af3cc Task{d1a9dd6 #12035 type=standard A=10455:com.callmenot.app}}} topActivityType=1 pictureInPictureParams=null shouldDockBigOverlays=false launchIntoPipHostTaskId=-1 lastParentTaskIdBeforePip=-1 displayCutoutSafeInsets=Rect(0, 81 - 0, 0) topActivityInfo=ActivityInfo{22acd2a com.callmenot.app.MainActivity} launchCookies=[] positionInParent=Point(0, 0) parentTaskId=-1 isFocused=false isVisible=false isVisibleRequested=false isTopActivityNoDisplay=false isSleeping=false locusId=null displayAreaFeatureId=1 isTopActivityTransparent=false isActivityStackTransparent=false lastNonFullscreenBounds=Rect(81, 553 - 999, 1723) capturedLink=null capturedLinkTimestamp=0 requestedVisibleTypes=-9 topActivityRequestOpenInBrowserEducationTimestamp=0 appCompatTaskInfo=AppCompatTaskInfo { topActivityInSizeCompat=false eligibleForLetterboxEducation= false isLetterboxEducationEnabled= false isLetterboxDoubleTapEnabled= false eligibleForUserAspectRatioButton= false topActivityBoundsLetterboxed= false isFromLetterboxDoubleTap= false topActivityLetterboxVerticalPosition= -1 topActivityLetterboxHorizontalPosition= -1 topActivityLetterboxWidth=-1 topActivityLetterboxHeight=-1 topActivityAppBounds=Rect(0, 81 - 1080, 2196) isUserFullscreenOverrideEnabled=false isSystemFullscreenOverrideEnabled=false hasMinAspectRatioOverride=false topActivityLetterboxBounds=null cameraCompatTaskInfo=CameraCompatTaskInfo { freeformCameraCompatMode=inactive} topActivityBounds=null topActivityInDisplayCompat=false singleTapFromLetterbox=false} topActivityMainWindowFrame=null originallySupportedMultiWindow=true hasWallpaper=false rootAffinity=10455:com.callmenot.app isTopTaskInStage=false CoverLauncherWidgetTask=false LaunchedFromAppsCoverLauncherTask=false LaunchedFromMultistarCoverLauncherTask=false isAllowedSeamlessRotation=false isTopTransparentActivity=false isAliasManaged=false hasConfigChanged=false snappingGuideBounds=null isAiKeyRemoveAppTask=false lastDesktopWindowingBounds=null lastExternalDesktopWindowingBounds=null safeCutoutInsets=null}, pipChange = null, remoteTransition = null, displayChange = null, flags = 0, debugId = 1064 }
01-04 09:59:45.642  2448  2534 V WindowManager:         {WCT{RemoteToken{19af3cc Task{d1a9dd6 #12035 type=standard A=10455:com.callmenot.app}}} m=OPEN f=NONE leash=Surface(name=Task=12035)/@0x27ffd1e sb=Rect(0, 0 - 1080, 2340) eb=Rect(0, 0 - 1080, 2340) epz=Point(1080, 2340) d=0 taskParent=-1 inset=Rect(0, 81 - 0, 144) dim=true},
01-04 09:59:45.644  2448  2538 D InsetsSourceProvider: updateControlForTarget: control=InsetsSourceControl: {26b60000 mType=statusBars initiallyVisible mSurfacePosition=Point(0, 0) mInsetsHint=Insets{left=0, top=81, right=0, bottom=0}}, target=Window{481ffa4 u0 Splash Screen com.callmenot.app}, from=com.android.server.wm.InsetsStateController.onControlTargetChanged:83 com.android.server.wm.InsetsPolicy.updateBarControlTarget:212 com.android.server.wm.DisplayPolicy.updateSystemBarAttributes:262 com.android.server.wm.DisplayPolicy.finishPostLayoutPolicyLw:17 com.android.server.wm.RootWindowContainer.applySurfaceChangesTransaction$1:195 
01-04 09:59:45.644  2448  2538 D InsetsSourceProvider: updateControlForTarget: control=InsetsSourceControl: {872b0001 mType=navigationBars initiallyVisible mSurfacePosition=Point(0, 2196) mInsetsHint=Insets{left=0, top=0, right=0, bottom=144}}, target=Window{481ffa4 u0 Splash Screen com.callmenot.app}, from=com.android.server.wm.InsetsStateController.onControlTargetChanged:83 com.android.server.wm.InsetsPolicy.updateBarControlTarget:225 com.android.server.wm.DisplayPolicy.updateSystemBarAttributes:262 com.android.server.wm.DisplayPolicy.finishPostLayoutPolicyLw:17 com.android.server.wm.RootWindowContainer.applySurfaceChangesTransaction$1:195 
01-04 09:59:45.644  2448  2538 D WindowManager: updateSystemBarAttributes: displayId=0, focusedCanBeNavColorWin=false, win=Window{481ffa4 u0 Splash Screen com.callmenot.app}, navColorWin=Window{481ffa4 u0 Splash Screen com.callmenot.app}, caller=com.android.server.wm.DisplayPolicy.finishPostLayoutPolicyLw:17 com.android.server.wm.RootWindowContainer.applySurfaceChangesTransaction$1:195 com.android.server.wm.RootWindowContainer.performSurfacePlacementNoTrace:59 
01-04 09:59:45.645  2448  2538 D SurfaceComposerClient: setCornerRadius ## 481ffa4 Splash Screen com.callmenot.app#11278 cornerRadius=0.000000
01-04 09:59:45.648  3252  3252 D NavigationBar: onSystemBarAttributesChanged() -  displayId:0, appearance:24, packageName: com.callmenot.app (APPEARANCE_LIGHT_STATUS_BARS APPEARANCE_LIGHT_NAVIGATION_BARS ), navbarColorManagedByIme:false
01-04 09:59:45.649  3252  3252 D SamsungLightBarControlHelper: updateNavigationBar (BLACK button) isLightOpaque:false, hasLightNavigationBarFlag:true, packageName:com.callmenot.app, DirectReplying:false, NavBarColorMangedByIme:false, ForceDarkForScrim:false, ForceLightForScrim:false, QsCustomizing:false, QsExpanded:false
01-04 09:59:45.650  1640  1779 I SurfaceFlinger: id=11285 createSurf, flag=84000, 1ef3f75 ActivityRecordInputSink com.callmenot.app/.MainActivity#11285
01-04 09:59:45.655  1640  1640 I SurfaceFlinger: RequestedLayer [481ffa4 Splash Screen com.callmenot.app#11278] hidden!! flag  from(1) --> to(0)
01-04 09:59:45.655  1640  1640 I SurfaceFlinger: RequestedLayer [Splash Screen com.callmenot.app$_3252#11279] hidden!! flag  from(1) --> to(0)
01-04 09:59:45.655  1640  1640 I SurfaceFlinger: RequestedLayer [ActivityRecord{221478779 u0 com.callmenot.app/.MainActivity t12035}#11277] hidden!! flag  from(1) --> to(0)
01-04 09:59:45.655  1640  1640 I SurfaceFlinger: [1ef3f75 ActivityRecordInputSink com.callmenot.app/.MainActivity#11285] attach to parent LayerHierarchy{RequestedLayerState{ActivityRecord{221478779 u0 com.callmenot.app/.MainActivity t12035}#11277 parentId=11276} 2 children}
01-04 09:59:45.666  3750  7641 I SearchEngineAppSuggestion: package added: com.callmenot.app
01-04 09:59:45.670  2448  2538 I WindowManager: notifyInsetsControlChanged, removed=false, win=Window{481ffa4 u0 Splash Screen com.callmenot.app}, caller=com.android.server.wm.InsetsStateController$$ExternalSyntheticLambda1.run:137 com.android.server.wm.WindowAnimator$$ExternalSyntheticLambda2.onTransactionCommitted:26 android.view.SurfaceControl$Transaction$$ExternalSyntheticLambda4.run:0 android.os.Handler.handleCallback:995 android.os.Handler.dispatchMessage:103 android.os.Looper.loopOnce:273 
01-04 09:59:45.675  1640  1640 D SurfaceFlinger:        DEVICE |           13967233672130 | 00002100 | RGBA_8888    |    0.0    0.0   49.0 2340.0 | 1031    0 1080 2340 | Splash Screen com.callmenot.app$_3252#11279 (1)
01-04 09:59:45.678  3252  3440 I InsetsSourceConsumer: applyRequestedVisibilityToControl: visible=true, type=statusBars, host=Splash Screen com.callmenot.app
01-04 09:59:45.678  3252  3440 I InsetsSourceConsumer: applyRequestedVisibilityToControl: visible=true, type=navigationBars, host=Splash Screen com.callmenot.app
01-04 09:59:45.692  3750  7641 I HoneySpace.SuggestAppDecor: getInstaller: com.callmenot.app [com.google.android.packageinstaller]
01-04 09:59:45.783  2448  2538 D SurfaceComposerClient: setCornerRadius ## 481ffa4 Splash Screen com.callmenot.app#11278 cornerRadius=0.000000
01-04 09:59:45.784  1640  1640 D SurfaceFlinger:        DEVICE |           13967233672130 | 00002100 | RGBA_8888    |    0.0    0.0  829.0 2340.0 |  251    0 1080 2340 | Splash Screen com.callmenot.app$_3252#11279 (1)
01-04 09:59:45.790  2448  3064 D MdnieScenarioControlService:  packageName : com.callmenot.app    className : com.callmenot.app.MainActivity
01-04 09:59:45.837 10929 10929 D nativeloader: Configuring clns-9 for other apk /data/app/~~QxnT2FuI_SHwt_j21l1Meg==/com.callmenot.app-tp6Vr9Xdke0mDDf41dDkuQ==/base.apk. target_sdk_version=34, uses_libraries=, library_path=/data/app/~~QxnT2FuI_SHwt_j21l1Meg==/com.callmenot.app-tp6Vr9Xdke0mDDf41dDkuQ==/lib/arm64, permitted_path=/data:/mnt/expand:/data/user/0/com.callmenot.app
01-04 09:59:45.844 10929 10929 V GraphicsEnvironment: com.callmenot.app is not listed in per-application setting
01-04 09:59:45.844 10929 10929 V GraphicsEnvironment: com.callmenot.app is not listed in ANGLE allowlist or settings, returning default
01-04 09:59:45.880 10929 10929 D CallMeNotApp: CallMeNotApp initialized
01-04 09:59:45.882  2448  5223 D SGM:FgCheckThread: notifyAppCreated(), packageName: com.callmenot.app, userId: 0, sendRet: true
01-04 09:59:45.882  2448  2988 D SGM:FgCheckThread: onLooperPrepared(), msg: MSG_APP_CREATE, pkgName: com.callmenot.app, userId: 0
01-04 09:59:45.883  2448  5223 D SGM:FgCheckThread:   sendRunningComponentFocus(), pkgName: com.callmenot.app, userId: 0
01-04 09:59:45.883  2448  5223 D InputDispatcher: Focused application(0): ActivityRecord{221478779 u0 com.callmenot.app/.MainActivity t12035}
01-04 09:59:45.883  2448  5223 D ActivityTaskManager: scheduleTopResumedActivityChanged, onTop=true, r=ActivityRecord{221478779 u0 com.callmenot.app/.MainActivity t12035}, caller=com.android.server.wm.ActivityTaskSupervisor.scheduleTopResumedActivityStateIfNeeded:18 com.android.server.wm.ActivityTaskSupervisor.updateTopResumedActivityIfNeeded:54 com.android.server.wm.TaskFragment.setResumedActivity:30 com.android.server.wm.ActivityRecord.setState:100 com.android.server.wm.ActivityTaskSupervisor.realStartActivityLocked:477 com.android.server.wm.RootWindowContainer.attachApplication:92 
01-04 09:59:45.884  2448  2537 D SGM:FgCheckThread: noteResumeComponent(), received pkgName: com.callmenot.app, userId: 0
01-04 09:59:45.885  2448  2988 D SGM:FgCheckThread: onLooperPrepared(), msg: MSG_TASK_FOCUSED, pkgName: com.callmenot.app, userId: 0
01-04 09:59:45.885  2448  2988 D SGM:FgCheckThread:   handleTaskFocused(), pkgName: com.callmenot.app, userID:0
01-04 09:59:45.885  3750  3750 I HoneySpace.EdgePanel.EdgePanelContainerViewModel: cocktailHostRepository.edgePanelOperation NoteResumeComponent(componentName=ComponentInfo{com.callmenot.app/com.callmenot.app.MainActivity})
01-04 09:59:45.885  2448  2988 D SGM:FgCheckThread:   handleResume(). pkgName: com.callmenot.app, userId: 0, category: non-game
01-04 09:59:45.885  2448  2988 D SGM:FgCheckThread: notifyFocusInOut(). of pkg: com.callmenot.app, type: 4, isSecGameFamily: false, userId: 0
01-04 09:59:45.885  3750  3750 I HoneySpace.EdgePanel.ActivityUtils: HomePackage : com.sec.android.app.launcher, resumePackageName : com.callmenot.app, className : com.callmenot.app.MainActivity
01-04 09:59:45.887  2448  2537 D SGM:GameManager: identifyGamePackage. com.callmenot.app, mCurrentUserId: 0, callingMethodInfo: com.samsung.android.game.SemGameManager.isGamePackage(SemGameManager.java:106)
01-04 09:59:45.887  2448  3098 D GraphicsStatsService: requestRenderEngineFor(com.callmenot.app)
01-04 09:59:45.887  2448  2537 D SGM:SemGameManager: isGamePackage(), pkgName=com.callmenot.app, ret=false
01-04 09:59:45.887 10929 10929 D ActivityThread: com.callmenot.app will use render engine as VK
01-04 09:59:45.893  5026  5610 I SDHMS:k : handleResumeComponent : put = com.callmenot.app, userid = 0 instanceid =166762583
01-04 09:59:45.957  1640  2151 I SurfaceFlinger: id=11287 createSurf, flag=84004, ee53ee2 com.callmenot.app/com.callmenot.app.MainActivity#11287
01-04 09:59:45.960 10929 10929 I InsetsController: onStateChanged: host=com.callmenot.app/com.callmenot.app.MainActivity, from=android.view.ViewRootImpl.onInsetsStateChanged:3026, state=InsetsState: {mDisplayFrame=Rect(0, 0 - 1080, 2340), mDisplayCutout=DisplayCutout{insets=Rect(0, 81 - 0, 0) waterfall=Insets{left=0, top=0, right=0, bottom=0} boundingRect={Bounds=[Rect(0, 0 - 0, 0), Rect(512, 0 - 568, 81), Rect(0, 0 - 0, 0), Rect(0, 0 - 0, 0)]} cutoutPathParserInfo={CutoutPathParserInfo{displayWidth=1080 displayHeight=2340 physicalDisplayWidth=1080 physicalDisplayHeight=2340 density={3.0} cutoutSpec={M 0,0 H -9.333333333333333 V 27 H 9.333333333333333 V 0 H 0 Z @dp} rotation={0} scale={1.0} physicalPixelDisplaySizeRatio={1.0}}} sideOverrides={}}, mRoundedCorners=RoundedCorners{[RoundedCorner{position=TopLeft, radius=102, center=Point(102, 102)}, RoundedCorner{position=TopRight, radius=102, center=Point(978, 102)}, RoundedCorner{position=BottomRight, radius=102, center=Point(978, 2238)}, RoundedCorner{position=BottomLeft, radius=102, center=Point(102, 2238)}]}  mRoundedCornerFrame=Rect(0, 0 - 1080, 2340), mPrivacyIndicatorBounds=PrivacyIndicatorBounds {static bounds=Rect(948, 0 - 1080, 81) rotation=0}, mDisplayShape=DisplayShape{ spec=-311912193 displayWidth=1080 displayHeight=2340 physicalPixelDisplaySizeRatio=1.0 rotation=0 offsetX=0 offsetY=0 scale=1.0}, mSources= { InsetsSource: {872b0001 mType=navigationBars mFrame=[0,2196][1080,2340] mVisible=true mFlags= mSideHint=BOTTOM mBoundingRects=null}, InsetsSource: {872b0004 mType=systemGestures mFrame=[0,0][0,0] mVisible=true mFlags= mSideHint=NONE mBoundingRects=null}, InsetsSource: {872b0005 mType=mandatorySystemGestures mFrame=[0,2196][1080,2340] mVisible=true mFlags= mSideHint=BOTTOM mBoundingRects=null}, InsetsSource: {872b0006 mType=tappableElement mFrame=[0,2196][1080,2340] mVisible=true mFlags= mSideHint=BOTTOM mBoundingRects=null}, InsetsSource: {872b0024 mType=systemGestures mFrame=[0,0][0,0] mVisible=true mFlags= mSideHint=NONE mBoundingRects=null}, InsetsSource: {3 mType=ime mFrame=[0,0][0,0] mVisible=false mFlags= mSideHint=NONE mBoundingRects=null}, InsetsSource: {27 mType=displayCutout mFrame=[0,0][1080,81] mVisible=true mFlags= mSideHint=TOP mBoundingRects=null}, InsetsSource: {26b60000 mType=statusBars mFrame=[0,0][1080,81] mVisible=true mFlags= mSideHint=TOP mBoundingRects=null}, InsetsSource: {26b60005 mType=mandatorySystemGestures mFrame=[0,0][1080,117] mVisible=true mFlags= mSideHint=TOP mBoundingRects=null}, InsetsSource: {26b60006 mType=tappableElement mFrame=[0,0][1080,81] mVisible=true mFlags= mSideHint=TOP mBoundingRects=null} }
01-04 09:59:45.962 10929 10929 I IDS_TAG : Getting Shared Preference for com.callmenot.app.CallMeNotApp@b07a6fa uid = 10455
01-04 09:59:45.964 10929 10929 I IDS_TAG : App com.callmenot.app.CallMeNotApp@b07a6fa has not finished training
01-04 09:59:45.964  1640  1640 I SurfaceFlinger: [ee53ee2 com.callmenot.app/com.callmenot.app.MainActivity#11287] attach to parent LayerHierarchy{RequestedLayerState{ActivityRecord{221478779 u0 com.callmenot.app/.MainActivity t12035}#11277 parentId=11276} 3 children}
01-04 09:59:45.965 10929 10929 I IDS_TAG : Getting Shared Preference for com.callmenot.app.CallMeNotApp@b07a6fa uid = 10455
01-04 09:59:45.966 10929 10929 I IDS_TAG : IDS count updated to 1 for com.callmenot.app.CallMeNotApp@b07a6fa
01-04 09:59:45.972  1640  1640 I SurfaceFlinger: RequestedLayer [ee53ee2 com.callmenot.app/com.callmenot.app.MainActivity#11287] hidden!! flag  from(1) --> to(0)
01-04 09:59:45.995  2448  3468 D SGM:GameManager: identifyGamePackage. com.callmenot.app, mCurrentUserId: 0, callingMethodInfo: com.samsung.android.game.IGameManagerService$Stub.onTransact(IGameManagerService.java:247)
01-04 09:59:46.085  2448  5223 D CoreBackPreview: Window{ee53ee2 u0 com.callmenot.app/com.callmenot.app.MainActivity}: Setting back callback OnBackInvokedCallbackInfo{mCallback=android.window.IOnBackInvokedCallback$Stub$Proxy@31c672e, mPriority=0, mIsAnimationCallback=false, mOverrideBehavior=0}
01-04 09:59:46.105 10929 10929 W m.callmenot.app: Method boolean androidx.compose.runtime.snapshots.SnapshotStateList.conditionalUpdate(boolean, kotlin.jvm.functions.Function1) failed lock verification and will run slower.
01-04 09:59:46.105 10929 10929 W m.callmenot.app: Common causes for lock verification issues are non-optimized dex code
01-04 09:59:46.105 10929 10929 W m.callmenot.app: and incorrect proguard optimizations.
01-04 09:59:46.105 10929 10929 W m.callmenot.app: Method boolean androidx.compose.runtime.snapshots.SnapshotStateList.conditionalUpdate$default(androidx.compose.runtime.snapshots.SnapshotStateList, boolean, kotlin.jvm.functions.Function1, int, java.lang.Object) failed lock verification and will run slower.
01-04 09:59:46.105 10929 10929 W m.callmenot.app: Method java.lang.Object androidx.compose.runtime.snapshots.SnapshotStateList.mutate(kotlin.jvm.functions.Function1) failed lock verification and will run slower.
01-04 09:59:46.105 10929 10929 W m.callmenot.app: Method void androidx.compose.runtime.snapshots.SnapshotStateList.update(boolean, kotlin.jvm.functions.Function1) failed lock verification and will run slower.
01-04 09:59:46.105 10929 10929 W m.callmenot.app: Method void androidx.compose.runtime.snapshots.SnapshotStateList.update$default(androidx.compose.runtime.snapshots.SnapshotStateList, boolean, kotlin.jvm.functions.Function1, int, java.lang.Object) failed lock verification and will run slower.
01-04 09:59:46.111  2448  5223 V WindowManager:    ChangeInfo{efc62f3 container=Task{d1a9dd6 #12035 type=standard A=10455:com.callmenot.app} flags=0x10}
01-04 09:59:46.111  2448  5223 V WindowManager:    ChangeInfo{28e5bb0 container=ActivityRecord{221478779 u0 com.callmenot.app/.MainActivity t12035} flags=0x0}
01-04 09:59:46.113  2448  5223 D ChangeTransitionController:    ChangeInfo{efc62f3 container=Task{d1a9dd6 #12035 type=standard A=10455:com.callmenot.app} flags=0x10}
01-04 09:59:46.113  2448  5223 D ChangeTransitionController:    ChangeInfo{28e5bb0 container=ActivityRecord{221478779 u0 com.callmenot.app/.MainActivity t12035} flags=0x0}
01-04 09:59:46.114  2448  2538 D SurfaceComposerClient: setCornerRadius ## 481ffa4 Splash Screen com.callmenot.app#11278 cornerRadius=0.000000
01-04 09:59:46.114  2448  2538 D SurfaceComposerClient: setCornerRadius ## ee53ee2 com.callmenot.app/com.callmenot.app.MainActivity#11287 cornerRadius=0.000000
01-04 09:59:46.117  1640  1640 D SurfaceFlinger:        DEVICE |           13967233672130 | 00002100 | RGBA_8888    |    0.0    0.0 1080.0 2340.0 |    0    0 1080 2340 | Splash Screen com.callmenot.app$_3252#11279 (1)
01-04 09:59:46.120  2448  2538 D SurfaceComposerClient: setCornerRadius ## 481ffa4 Splash Screen com.callmenot.app#11278 cornerRadius=0.000000
01-04 09:59:46.120  2448  2538 D SurfaceComposerClient: setCornerRadius ## ee53ee2 com.callmenot.app/com.callmenot.app.MainActivity#11287 cornerRadius=0.000000
01-04 09:59:46.126  2448  5223 D SurfaceComposerClient: setCornerRadius ## 481ffa4 Splash Screen com.callmenot.app#11278 cornerRadius=0.000000
01-04 09:59:46.127  2448  5223 D SurfaceComposerClient: setCornerRadius ## ee53ee2 com.callmenot.app/com.callmenot.app.MainActivity#11287 cornerRadius=0.000000
01-04 09:59:46.127  2448  5223 D SurfaceComposerClient: setCornerRadius ## 481ffa4 Splash Screen com.callmenot.app#11278 cornerRadius=0.000000
01-04 09:59:46.127  2448  5223 D SurfaceComposerClient: setCornerRadius ## ee53ee2 com.callmenot.app/com.callmenot.app.MainActivity#11287 cornerRadius=0.000000
01-04 09:59:46.128  2448  4841 D SurfaceComposerClient: setCornerRadius ## 481ffa4 Splash Screen com.callmenot.app#11278 cornerRadius=0.000000
01-04 09:59:46.129  2448  4841 D SurfaceComposerClient: setCornerRadius ## 481ffa4 Splash Screen com.callmenot.app#11278 cornerRadius=0.000000
01-04 09:59:46.129  2448  4841 D SurfaceComposerClient: setCornerRadius ## ee53ee2 com.callmenot.app/com.callmenot.app.MainActivity#11287 cornerRadius=0.000000
01-04 09:59:46.132  2448  4841 D SurfaceComposerClient: setCornerRadius ## 481ffa4 Splash Screen com.callmenot.app#11278 cornerRadius=0.000000
01-04 09:59:46.133  2448  4841 D SurfaceComposerClient: setCornerRadius ## 481ffa4 Splash Screen com.callmenot.app#11278 cornerRadius=0.000000
01-04 09:59:46.133  2448  4841 D SurfaceComposerClient: setCornerRadius ## ee53ee2 com.callmenot.app/com.callmenot.app.MainActivity#11287 cornerRadius=0.000000
01-04 09:59:46.141  2448  4841 D SurfaceComposerClient: setCornerRadius ## 481ffa4 Splash Screen com.callmenot.app#11278 cornerRadius=0.000000
01-04 09:59:46.142  2448  4841 D SurfaceComposerClient: setCornerRadius ## 481ffa4 Splash Screen com.callmenot.app#11278 cornerRadius=0.000000
01-04 09:59:46.142  2448  4841 D SurfaceComposerClient: setCornerRadius ## ee53ee2 com.callmenot.app/com.callmenot.app.MainActivity#11287 cornerRadius=0.000000
01-04 09:59:46.146  2448  4841 D SurfaceComposerClient: setCornerRadius ## 481ffa4 Splash Screen com.callmenot.app#11278 cornerRadius=0.000000
01-04 09:59:46.146  2448  4841 D SurfaceComposerClient: setCornerRadius ## 481ffa4 Splash Screen com.callmenot.app#11278 cornerRadius=0.000000
01-04 09:59:46.146  2448  4841 D SurfaceComposerClient: setCornerRadius ## ee53ee2 com.callmenot.app/com.callmenot.app.MainActivity#11287 cornerRadius=0.000000
01-04 09:59:46.191  2448  4841 I WindowManager: Relayout Window{ee53ee2 u0 com.callmenot.app/com.callmenot.app.MainActivity}: viewVisibility=0 req=1080x2340 ty=1 d0
01-04 09:59:46.192  1640  2151 I SurfaceFlinger: id=11288 createSurf, flag=44004, com.callmenot.app/com.callmenot.app.MainActivity$_10929#11288
01-04 09:59:46.192  2448  4841 D WindowManager: makeSurface duration=0 name=com.callmenot.app/com.callmenot.app.MainActivity$_10929
01-04 09:59:46.192  2448  4841 D SurfaceComposerClient: setCornerRadius ## 481ffa4 Splash Screen com.callmenot.app#11278 cornerRadius=0.000000
01-04 09:59:46.192  2448  4841 D SurfaceComposerClient: setCornerRadius ## ee53ee2 com.callmenot.app/com.callmenot.app.MainActivity#11287 cornerRadius=0.000000
01-04 09:59:46.193  2448  4841 D SurfaceComposerClient: setCornerRadius ## 481ffa4 Splash Screen com.callmenot.app#11278 cornerRadius=0.000000
01-04 09:59:46.193  2448  4841 D SurfaceComposerClient: setCornerRadius ## ee53ee2 com.callmenot.app/com.callmenot.app.MainActivity#11287 cornerRadius=0.000000
01-04 09:59:46.193  2448  4841 D WindowManager: Changing focus from null to Window{ee53ee2 u0 com.callmenot.app/com.callmenot.app.MainActivity} displayId=0 Callers=com.android.server.wm.WindowManagerService.relayoutWindow:1350 com.android.server.wm.Session.relayout:27 android.view.IWindowSession$Stub.onTransact:829 com.android.server.wm.Session.onTransact:1 
01-04 09:59:46.194  2448  4841 D InsetsSourceProvider: updateControlForTarget: control=InsetsSourceControl: {26b60000 mType=statusBars initiallyVisible mSurfacePosition=Point(0, 0) mInsetsHint=Insets{left=0, top=81, right=0, bottom=0}}, target=Window{ee53ee2 u0 com.callmenot.app/com.callmenot.app.MainActivity}, from=com.android.server.wm.InsetsStateController.onControlTargetChanged:83 com.android.server.wm.InsetsPolicy.updateBarControlTarget:212 com.android.server.wm.DisplayPolicy.updateSystemBarAttributes:262 com.android.server.wm.WindowManagerService.updateFocusedWindowLocked:372 com.android.server.wm.WindowManagerService.relayoutWindow:1350 
01-04 09:59:46.194  2448  4841 D InsetsSourceProvider: updateControlForTarget: control=InsetsSourceControl: {872b0001 mType=navigationBars initiallyVisible mSurfacePosition=Point(0, 2196) mInsetsHint=Insets{left=0, top=0, right=0, bottom=144}}, target=Window{ee53ee2 u0 com.callmenot.app/com.callmenot.app.MainActivity}, from=com.android.server.wm.InsetsStateController.onControlTargetChanged:83 com.android.server.wm.InsetsPolicy.updateBarControlTarget:225 com.android.server.wm.DisplayPolicy.updateSystemBarAttributes:262 com.android.server.wm.WindowManagerService.updateFocusedWindowLocked:372 com.android.server.wm.WindowManagerService.relayoutWindow:1350 
01-04 09:59:46.194  2448  4841 V SystemKeyManager: updateFocusedWindow() is called, com.callmenot.app/com.callmenot.app.MainActivity
01-04 09:59:46.195  2448  4841 I SystemKeyManager: requested systemKeyInfo size=1 focusedWindow=com.callmenot.app/com.callmenot.app.MainActivity
01-04 09:59:46.195  2448  4841 I SystemKeyManager: requested systemKeyInfo size=1 focusedWindow=com.callmenot.app/com.callmenot.app.MainActivity
01-04 09:59:46.196 10929 10929 E m.callmenot.app: Unable to open libpenguin.so: dlopen failed: library "libpenguin.so" not found.
01-04 09:59:46.198  1640  1640 I SurfaceFlinger: [com.callmenot.app/com.callmenot.app.MainActivity$_10929#11288] attach to parent LayerHierarchy{RequestedLayerState{ee53ee2 com.callmenot.app/com.callmenot.app.MainActivity#11287 parentId=11277} 1 children}
01-04 09:59:46.208  2448  2538 I WindowManager: notifyInsetsControlChanged, removed=false, win=Window{481ffa4 u0 Splash Screen com.callmenot.app}, caller=com.android.server.wm.InsetsStateController$$ExternalSyntheticLambda1.run:137 com.android.server.wm.WindowAnimator$$ExternalSyntheticLambda2.onTransactionCommitted:26 android.view.SurfaceControl$Transaction$$ExternalSyntheticLambda4.run:0 android.os.Handler.handleCallback:995 android.os.Handler.dispatchMessage:103 android.os.Looper.loopOnce:273 
01-04 09:59:46.208  1640  1925 D SurfaceFlinger: [input] setFocusedWindow: ee53ee2 com.callmenot.app/com.callmenot.app.MainActivity
01-04 09:59:46.208  2448  5223 D InputDispatcher: Once focus requested (0): ee53ee2 com.callmenot.app/com.callmenot.app.MainActivity
01-04 09:59:46.208  2448  5223 D InputDispatcher: Focus request (0): ee53ee2 com.callmenot.app/com.callmenot.app.MainActivity but waiting because NO_WINDOW
01-04 09:59:46.267  3750 10922 I SearchableManager: invalidate: com.callmenot.app
01-04 09:59:46.283  1640  2151 I SurfaceFlinger: [com.callmenot.app/com.callmenot.app.MainActivity$_10929#11288] setTransactionState with the first frame. bufferData(ID: 46939697577987, frameNumber: 1)
01-04 09:59:46.284  2448  4841 D WindowManager: finishDrawingWindow: Window{ee53ee2 u0 com.callmenot.app/com.callmenot.app.MainActivity} mDrawState=DRAW_PENDING seqId=0
01-04 09:59:46.284  2448  2538 D SurfaceComposerClient: setCornerRadius ## 481ffa4 Splash Screen com.callmenot.app#11278 cornerRadius=0.000000
01-04 09:59:46.284  2448  2538 D SurfaceComposerClient: setCornerRadius ## ee53ee2 com.callmenot.app/com.callmenot.app.MainActivity#11287 cornerRadius=0.000000
01-04 09:59:46.285  2448  2538 D SurfaceComposerClient: setCornerRadius ## 481ffa4 Splash Screen com.callmenot.app#11278 cornerRadius=0.000000
01-04 09:59:46.285  2448  2538 V WindowManager: Finish starting ActivityRecord{221478779 u0 com.callmenot.app/.MainActivity t12035}: first real window is shown, no animation
01-04 09:59:46.285  2448  2538 V WindowManager: Schedule remove starting ActivityRecord{221478779 u0 com.callmenot.app/.MainActivity t12035} startingWindow=Window{481ffa4 u0 Splash Screen com.callmenot.app} animate=true Callers=com.android.server.wm.ActivityRecord.removeStartingWindow:178 com.android.server.wm.WindowState.performShowLocked:155 com.android.server.wm.WindowStateAnimator.commitFinishDrawingLocked:73 com.android.server.wm.DisplayContent$$ExternalSyntheticLambda1.accept$com$android$server$wm$DisplayContent$$ExternalSyntheticLambda37:23 com.android.server.wm.DisplayContent$$ExternalSyntheticLambda1.accept:143 
01-04 09:59:46.285  2448  2538 D TaskOrganizerController: applyStartingWindowAnimation, window=Window{ee53ee2 u0 com.callmenot.app/com.callmenot.app.MainActivity}, caller=com.android.server.wm.TaskOrganizerController.removeStartingWindow:132 com.android.server.wm.StartingSurfaceController$StartingSurface.remove:23 com.android.server.wm.ActivityRecord.removeStartingWindowAnimation:171 
01-04 09:59:46.285  2448  2538 I WindowManager: Reparenting to leash, surface=Surface(name=ee53ee2 com.callmenot.app/com.callmenot.app.MainActivity)/@0xe86f7de, leashParent=Surface(name=ActivityRecord{221478779 u0 com.callmenot.app/.MainActivity t12035})/@0x2b15dbf
01-04 09:59:46.286  1640  2151 I SurfaceFlinger: id=11291 createSurf, flag=24000, Surface(name=ee53ee2 com.callmenot.app/com.callmenot.app.MainActivity)/@0xe86f7de - animation-leash of starting_reveal#11291
01-04 09:59:46.286  2448  2538 D WindowManager: makeSurface duration=1 leash=Surface(name=Surface(name=ee53ee2 com.callmenot.app/com.callmenot.app.MainActivity)/@0xe86f7de - animation-leash of starting_reveal)/@0xcf4c8c
01-04 09:59:46.287  2448  2538 V WindowManager: performShowLocked: mDrawState=HAS_DRAWN in Window{ee53ee2 u0 com.callmenot.app/com.callmenot.app.MainActivity}
01-04 09:59:46.287  2448  2538 D SurfaceComposerClient: setCornerRadius ## ee53ee2 com.callmenot.app/com.callmenot.app.MainActivity#11287 cornerRadius=0.000000
01-04 09:59:46.287  2448  2538 D SurfaceComposerClient: setCornerRadius ## 481ffa4 Splash Screen com.callmenot.app#11278 cornerRadius=0.000000
01-04 09:59:46.287  2448  2538 D SurfaceComposerClient: setCornerRadius ## ee53ee2 com.callmenot.app/com.callmenot.app.MainActivity#11287 cornerRadius=0.000000
01-04 09:59:46.288  2448  2538 D SurfaceComposerClient: setCornerRadius ## 481ffa4 Splash Screen com.callmenot.app#11278 cornerRadius=0.000000
01-04 09:59:46.288  2448  2538 D SurfaceComposerClient: setCornerRadius ## ee53ee2 com.callmenot.app/com.callmenot.app.MainActivity#11287 cornerRadius=0.000000
01-04 09:59:46.290  1640  1640 I SurfaceFlinger: [Surface(name=ee53ee2 com.callmenot.app/com.callmenot.app.MainActivity)/@0xe86f7de - animation-leash of starting_reveal#11291] attach to parent LayerHierarchy{RequestedLayerState{ActivityRecord{221478779 u0 com.callmenot.app/.MainActivity t12035}#11277 parentId=11276} 4 children}
01-04 09:59:46.293  2448  2534 I PkgPredictorService-SecIpmManagerServiceImpl: reportToNAP uid:10455 com.callmenot.app/com.callmenot.app.MainActivity thisTime:746
01-04 09:59:46.297  2448  2534 I ActivityTaskManager: Displayed com.callmenot.app/.MainActivity for user 0: +746ms
01-04 09:59:46.297  2448  2534 I Pageboost: Launch time gathered : pid 10929 com.callmenot.app 746
01-04 09:59:46.299  1640  1640 I SurfaceFlinger: RequestedLayer [com.callmenot.app/com.callmenot.app.MainActivity$_10929#11288] hidden!! flag  from(1) --> to(0)
01-04 09:59:46.299  1640  1640 I SurfaceFlinger: [LayerHierarchy{RequestedLayerState{ee53ee2 com.callmenot.app/com.callmenot.app.MainActivity#11287 parentId=11291} 1 children}] reparent to LayerHierarchy{RequestedLayerState{Surface(name=ee53ee2 com.callmenot.app/com.callmenot.app.MainActivity)/@0xe86f7de - animation-leash of starting_reveal#11291 parentId=11277} 1 children}
01-04 09:59:46.301  1640  1640 D SurfaceFlinger:        DEVICE |           46939697577987 | 00002102 | RGBA_8888    |    0.0    0.0 1080.0 2280.0 |    0   60 1080 2340 | com.callmenot.app/com.callmenot.app.MainActivity$_10929#11288 (1)
01-04 09:59:46.301  1640  1640 D SurfaceFlinger:        DEVICE |           13967233672133 | 00002100 | RGBA_8888    |    0.0    0.0 1080.0 2340.0 |    0    0 1080 2340 | Splash Screen com.callmenot.app$_3252#11279 (2)
01-04 09:59:46.301  2448  5223 D InputDispatcher: Focus entered window (0): ee53ee2 com.callmenot.app/com.callmenot.app.MainActivity
01-04 09:59:46.302  2448  2538 D SurfaceComposerClient: setCornerRadius ## 481ffa4 Splash Screen com.callmenot.app#11278 cornerRadius=0.000000
01-04 09:59:46.302  2448  2538 D SurfaceComposerClient: setCornerRadius ## ee53ee2 com.callmenot.app/com.callmenot.app.MainActivity#11287 cornerRadius=0.000000
01-04 09:59:46.304 10929 10929 I InsetsSourceConsumer: applyRequestedVisibilityToControl: visible=true, type=statusBars, host=com.callmenot.app/com.callmenot.app.MainActivity
01-04 09:59:46.305 10929 10929 I InsetsSourceConsumer: applyRequestedVisibilityToControl: visible=true, type=navigationBars, host=com.callmenot.app/com.callmenot.app.MainActivity
01-04 09:59:46.310  2448  2980 I ImeTracker: com.callmenot.app:92a52b10: onRequestHide at ORIGIN_SERVER reason HIDE_UNSPECIFIED_WINDOW fromUser false
01-04 09:59:46.312 10929 10929 I ImeTracker: com.callmenot.app:92a52b10: onCancelled at PHASE_CLIENT_ALREADY_HIDDEN
01-04 09:59:46.326  9900 10123 I SAMSUNGWALLET: [Hint_SimpleHintProcessMonitor] isHomePackageRunning topPkgName = com.callmenot.app, topClsName = com.callmenot.app.MainActivity, return false , se : false
01-04 09:59:46.327  2448  5223 D SurfaceComposerClient: setCornerRadius ## 481ffa4 Splash Screen com.callmenot.app#11278 cornerRadius=0.000000
01-04 09:59:46.327  2448  5223 D SurfaceComposerClient: setCornerRadius ## ee53ee2 com.callmenot.app/com.callmenot.app.MainActivity#11287 cornerRadius=0.000000
01-04 09:59:46.327  2448  5223 D SurfaceComposerClient: setCornerRadius ## 481ffa4 Splash Screen com.callmenot.app#11278 cornerRadius=0.000000
01-04 09:59:46.327  2448  5223 D SurfaceComposerClient: setCornerRadius ## ee53ee2 com.callmenot.app/com.callmenot.app.MainActivity#11287 cornerRadius=0.000000
01-04 09:59:46.327 13521 13521 I GoogleInputMethodService: GoogleInputMethodService.onStartInput():1349 onStartInput(EditorInfo{EditorInfo{packageName=com.callmenot.app, inputType=0, inputTypeString=NULL, enableLearning=false, autoCorrection=false, autoComplete=false, imeOptions=0, privateImeOptions=null, actionName=UNSPECIFIED, actionLabel=null, initialSelStart=-1, initialSelEnd=-1, initialCapsMode=0, label=null, fieldId=0, fieldName=null, extras=Bundle[{appShowRequested=false, isTextEditor=false, displayId=0}], hintText=null, hintLocales=[]}}, false)
01-04 09:59:46.329  2448  4839 W PackageConfigPersister: App-specific configuration not found for packageName: com.callmenot.app and userId: 0
01-04 09:59:46.330  2448  2491 D InsetsSourceProvider: updateControlForTarget: control=InsetsSourceControl: {3 mType=ime mSurfacePosition=Point(0, 81) mInsetsHint=Insets{left=0, top=0, right=0, bottom=1032}}, target=Window{ee53ee2 u0 com.callmenot.app/com.callmenot.app.MainActivity}, from=com.android.server.wm.ImeInsetsSourceProvider.updateControlForTarget:17 com.android.server.wm.InsetsStateController.onControlTargetChanged:83 com.android.server.wm.DisplayContent.updateImeControlTarget:21 com.android.server.wm.DisplayContent.updateImeInputAndControlTarget:156 com.android.server.wm.WindowManagerService$LocalService.updateInputMethodTargetWindow:64 
01-04 09:59:46.330  2448  2537 D SGM:FgCheckThread: getForegroundApp(), foregroundPkgName=com.callmenot.app
01-04 09:59:46.331  2448  2537 D SGM:FgCheckThread: noteStopComponent(), received pkgName: com.sec.android.app.myfiles, focusedPkgName: com.callmenot.app, userId: 0
01-04 09:59:46.333  2448  2535 D SGM:GameManager: identifyForegroundApp. com.callmenot.app, mCurrentUserId: 0, callerUserId: 0
01-04 09:59:46.333  2448  2535 D SGM:GameManager: identifyForegroundApp. com.callmenot.app, mCurrentUserId: 0, callerUserId: 0
01-04 09:59:46.337  2448  2538 D SurfaceComposerClient: setCornerRadius ## 481ffa4 Splash Screen com.callmenot.app#11278 cornerRadius=0.000000
01-04 09:59:46.337  2448  2538 D SurfaceComposerClient: setCornerRadius ## ee53ee2 com.callmenot.app/com.callmenot.app.MainActivity#11287 cornerRadius=0.000000
01-04 09:59:46.338  2448  2538 D SurfaceComposerClient: setCornerRadius ## 481ffa4 Splash Screen com.callmenot.app#11278 cornerRadius=0.000000
01-04 09:59:46.338  2448  2538 D SurfaceComposerClient: setCornerRadius ## ee53ee2 com.callmenot.app/com.callmenot.app.MainActivity#11287 cornerRadius=0.000000
01-04 09:59:46.340  9900 10123 I SAMSUNGWALLET: [Hint_SimpleHintProcessMonitor] isHomePackageRunning topPkgName = com.callmenot.app, topClsName = com.callmenot.app.MainActivity, return false , se : false
01-04 09:59:46.341  1640  1640 I SurfaceFlinger: [LayerHierarchy{RequestedLayerState{ImeContainer#15 parentId=11277 relativeParentId=11277 z=3} 1 children}] reparent to LayerHierarchy{RequestedLayerState{ActivityRecord{221478779 u0 com.callmenot.app/.MainActivity t12035}#11277 parentId=11276} 4 children}
01-04 09:59:46.343 10929 10936 I m.callmenot.app: Compiler allocated 5101KB to compile void android.view.ViewRootImpl.performTraversals()
01-04 09:59:46.345  2448  2537 D SGM:FgCheckThread: getForegroundApp(), foregroundPkgName=com.callmenot.app
01-04 09:59:46.346  2448  2537 D SGM:FgCheckThread: noteStopComponent(), received pkgName: com.google.android.packageinstaller, focusedPkgName: com.callmenot.app, userId: 0
01-04 09:59:46.347  2448  2491 D SurfaceComposerClient: setCornerRadius ## 481ffa4 Splash Screen com.callmenot.app#11278 cornerRadius=0.000000
01-04 09:59:46.347  2448  2491 D SurfaceComposerClient: setCornerRadius ## ee53ee2 com.callmenot.app/com.callmenot.app.MainActivity#11287 cornerRadius=0.000000
01-04 09:59:46.347  2448  2491 D SurfaceComposerClient: setCornerRadius ## 481ffa4 Splash Screen com.callmenot.app#11278 cornerRadius=0.000000
01-04 09:59:46.347  2448  2491 D SurfaceComposerClient: setCornerRadius ## ee53ee2 com.callmenot.app/com.callmenot.app.MainActivity#11287 cornerRadius=0.000000
01-04 09:59:46.348  2448  2491 D SurfaceComposerClient: setCornerRadius ## 481ffa4 Splash Screen com.callmenot.app#11278 cornerRadius=0.000000
01-04 09:59:46.348  2448  2491 D SurfaceComposerClient: setCornerRadius ## ee53ee2 com.callmenot.app/com.callmenot.app.MainActivity#11287 cornerRadius=0.000000
01-04 09:59:46.348  2448  2491 D SurfaceComposerClient: setCornerRadius ## 481ffa4 Splash Screen com.callmenot.app#11278 cornerRadius=0.000000
01-04 09:59:46.348  2448  2491 D SurfaceComposerClient: setCornerRadius ## ee53ee2 com.callmenot.app/com.callmenot.app.MainActivity#11287 cornerRadius=0.000000
01-04 09:59:46.353  2448  3098 I WindowManager: Relayout Window{481ffa4 u0 Splash Screen com.callmenot.app}: viewVisibility=8 req=1080x2340 ty=3 d0
01-04 09:59:46.353  2448  3098 D SurfaceComposerClient: setCornerRadius ## ee53ee2 com.callmenot.app/com.callmenot.app.MainActivity#11287 cornerRadius=0.000000
01-04 09:59:46.353  2448  3098 D SurfaceComposerClient: setCornerRadius ## 481ffa4 Splash Screen com.callmenot.app#11278 cornerRadius=0.000000
01-04 09:59:46.353  2448  3098 D SurfaceComposerClient: setCornerRadius ## ee53ee2 com.callmenot.app/com.callmenot.app.MainActivity#11287 cornerRadius=0.000000
01-04 09:59:46.356  2448  4839 D CoreBackPreview: Window{481ffa4 u0 Splash Screen com.callmenot.app}: Setting back callback null
01-04 09:59:46.356  2448  3468 D WindowManager: Starting window removed Window{481ffa4 u0 Splash Screen com.callmenot.app}
01-04 09:59:46.356  2448  3468 I WindowManager: Cancelling animation restarting=false, leash=Surface(name=Surface(name=ee53ee2 com.callmenot.app/com.callmenot.app.MainActivity)/@0xe86f7de - animation-leash of starting_reveal)/@0xcf4c8c
01-04 09:59:46.356  2448  3468 I WindowManager: Reparenting to original parent: Surface(name=ActivityRecord{221478779 u0 com.callmenot.app/.MainActivity t12035})/@0x2b15dbf, destroy=false, surface=Surface(name=ee53ee2 com.callmenot.app/com.callmenot.app.MainActivity)/@0xe86f7de
01-04 09:59:46.356  2448  3468 V WindowManager: Remove Window{481ffa4 u0 Splash Screen com.callmenot.app}: mSurfaceControl=Surface(name=Splash Screen com.callmenot.app$_3252)/@0x6a3f1ee mAnimatingExit=false mRemoveOnExit=false mHasSurface=true surfaceShowing=true animating=false app-animation=false callers=com.android.server.wm.Session.remove:16 android.view.IWindowSession$Stub.onTransact:804 com.android.server.wm.Session.onTransact:1 android.os.Binder.execTransactInternal:1457 android.os.Binder.execTransact:1401 <bottom of call stack> 
01-04 09:59:46.356  2448  3468 D SurfaceComposerClient: setCornerRadius ## ee53ee2 com.callmenot.app/com.callmenot.app.MainActivity#11287 cornerRadius=0.000000
01-04 09:59:46.357  2448  3468 D SurfaceComposerClient: setCornerRadius ## ee53ee2 com.callmenot.app/com.callmenot.app.MainActivity#11287 cornerRadius=0.000000
01-04 09:59:46.357  2448  2538 D SurfaceComposerClient: setCornerRadius ## ee53ee2 com.callmenot.app/com.callmenot.app.MainActivity#11287 cornerRadius=0.000000
01-04 09:59:46.359  2448  2538 D SurfaceComposerClient: setCornerRadius ## ee53ee2 com.callmenot.app/com.callmenot.app.MainActivity#11287 cornerRadius=0.000000
01-04 09:59:46.366  1640  1640 I SurfaceFlinger: [LayerHierarchy{RequestedLayerState{ImeContainer#15 parentId=11277 relativeParentId=11287 z=1} 1 children}] RelativeParent to LayerHierarchy{RequestedLayerState{ee53ee2 com.callmenot.app/com.callmenot.app.MainActivity#11287 parentId=11277} 2 children}
01-04 09:59:46.366  1640  1640 I SurfaceFlinger: [LayerHierarchy{RequestedLayerState{Splash Screen com.callmenot.app$_3252#11279} no children}] reparent to OffscreenRoot
01-04 09:59:46.366  1640  1640 I SurfaceFlinger: [LayerHierarchy{RequestedLayerState{Splash Screen com.callmenot.app$_3252#11279} no children}] RelativeParent to null
01-04 09:59:46.366  1640  1640 I SurfaceFlinger: [LayerHierarchy{RequestedLayerState{ee53ee2 com.callmenot.app/com.callmenot.app.MainActivity#11287 parentId=11277} 2 children}] reparent to LayerHierarchy{RequestedLayerState{ActivityRecord{221478779 u0 com.callmenot.app/.MainActivity t12035}#11277 parentId=11276} 5 children}
01-04 09:59:46.366  1640  1640 I SurfaceFlinger: [LayerHierarchy{RequestedLayerState{Surface(name=ee53ee2 com.callmenot.app/com.callmenot.app.MainActivity)/@0xe86f7de - animation-leash of starting_reveal#11291} no children}] reparent to OffscreenRoot
01-04 09:59:46.366  1640  1640 I SurfaceFlinger: [LayerHierarchy{RequestedLayerState{Surface(name=ee53ee2 com.callmenot.app/com.callmenot.app.MainActivity)/@0xe86f7de - animation-leash of starting_reveal#11291} no children}] RelativeParent to null
01-04 09:59:46.366  1640  1640 I SurfaceFlinger: [LayerHierarchy{RequestedLayerState{481ffa4 Splash Screen com.callmenot.app#11278 z=2147483647} no children}] reparent to OffscreenRoot
01-04 09:59:46.366  1640  1640 I SurfaceFlinger: [LayerHierarchy{RequestedLayerState{481ffa4 Splash Screen com.callmenot.app#11278 z=2147483647} no children}] RelativeParent to null
01-04 09:59:46.367  2448  2537 D SGM:FgCheckThread: getForegroundApp(), foregroundPkgName=com.callmenot.app
01-04 09:59:46.367  1640  1640 I SurfaceFlinger: id=11279 Removed Splash Screen com.callmenot.app$_3252#11279 (182)
01-04 09:59:46.367  1640  1640 I SurfaceFlinger: id=11278 Removed 481ffa4 Splash Screen com.callmenot.app#11278 (182)
01-04 09:59:46.368  2448  2535 D SGM:GameManager: identifyForegroundApp. com.callmenot.app, mCurrentUserId: 0, callerUserId: 0
01-04 09:59:46.369  1640  1640 D SurfaceFlinger:        DEVICE |           46939697577986 | 00002102 | RGBA_8888    |    0.0    0.0 1080.0 2340.0 |    0    0 1080 2340 | com.callmenot.app/com.callmenot.app.MainActivity$_10929#11288 (2)
01-04 09:59:46.369  2448  2537 D SGM:FgCheckThread: noteStopComponent(), received pkgName: com.google.android.packageinstaller, focusedPkgName: com.callmenot.app, userId: 0
01-04 09:59:46.370  2448  2535 D SGM:GameManager: identifyForegroundApp. com.callmenot.app, mCurrentUserId: 0, callerUserId: 0
01-04 09:59:46.373  2448  2538 D SurfaceComposerClient: setCornerRadius ## ee53ee2 com.callmenot.app/com.callmenot.app.MainActivity#11287 cornerRadius=0.000000
01-04 09:59:46.374  2448  2538 D SurfaceComposerClient: setCornerRadius ## ee53ee2 com.callmenot.app/com.callmenot.app.MainActivity#11287 cornerRadius=0.000000
01-04 09:59:46.374  1640  1640 I SurfaceFlinger: destroyed Splash Screen com.callmenot.app$_3252#11279 form LifecycleManager
01-04 09:59:46.374  1640  1640 I SurfaceFlinger: destroyed 481ffa4 Splash Screen com.callmenot.app#11278 form LifecycleManager
01-04 09:59:46.374  1640  1640 I SurfaceFlinger: id=11279 onLayerDestroyed from LayerHierarchyBuilder(RequestedLayerState{Splash Screen com.callmenot.app$_3252#11279 !handle})
01-04 09:59:46.374  1640  1640 I SurfaceFlinger: id=11278 onLayerDestroyed from LayerHierarchyBuilder(RequestedLayerState{481ffa4 Splash Screen com.callmenot.app#11278 !handle z=2147483647})
01-04 09:59:46.375  1640  1640 I Layer   : id=11279 Destroyed Splash Screen com.callmenot.app$_3252#11279
01-04 09:59:46.375  1640  1640 I Layer   : id=11278 Destroyed 481ffa4 Splash Screen com.callmenot.app#11278
01-04 09:59:46.379  9900 10123 I SAMSUNGWALLET: [Hint_SimpleHintProcessMonitor] isHomePackageRunning topPkgName = com.callmenot.app, topClsName = com.callmenot.app.MainActivity, return false , se : false
01-04 09:59:46.501  2448  3064 D MdnieScenarioControlService:  packageName : com.callmenot.app    className : com.callmenot.app.MainActivity
01-04 09:59:46.830  2448  2537 D SGM:GameManager: identifyForegroundApp. com.callmenot.app, mCurrentUserId: 0, callerUserId: 0
01-04 09:59:46.837  1640  1640 I LayerHistory: com.callmenot.app/com.callmenot.app.MainActivity$_10929#11288 Max (can't resolve refresh rate)
01-04 09:59:47.075 10791 10893 E Routine@Core[4.9.04.13]: WearNodeHelper: getConnectedNearlyNodes: ExecutionException - java.util.concurrent.ExecutionException: com.google.android.gms.common.api.ApiException: 17: API: Wearable.API is not available on this device. Connection failed with: ConnectionResult{statusCode=API_UNAVAILABLE, resolution=null, message=null}
01-04 09:59:47.092 10791 10893 E Routine@Core[4.9.04.13]: WearNodeManagerImpl: getNodeId: exception - com.google.android.gms.common.api.ApiException: 17: API: Wearable.API is not available on this device. Connection failed with: ConnectionResult{statusCode=API_UNAVAILABLE, resolution=null, message=null}
01-04 09:59:47.092 10791 10791 I Routine@Core[4.9.04.13]: MetadataLoaderJobService: metadataLoadingCompleted: collectPackageInBG - com.callmenot.app
01-04 09:59:47.124  1640  1640 I LayerHistory: com.callmenot.app/com.callmenot.app.MainActivity$_10929#11288 Max (can't resolve refresh rate)
01-04 09:59:47.135  1640  1640 I SurfaceFlinger: [com.callmenot.app/com.callmenot.app.MainActivity$_10929#11288] setFrameRateCategory: HighHint
01-04 09:59:47.633  6575 10890 E AiPrivacy::AppCategoryUtils: Exception in wait for SCS api completion
01-04 09:59:47.817  8152  8184 I AppClassifier: Category not present in BloomFilter, Checking in Manifest:- com.callmenot.app
01-04 09:59:47.817  8152  8162 I AppClassifier: Category not present in BloomFilter, Checking in Manifest:- com.callmenot.app
01-04 09:59:47.817  8152  8184 I AppClassifier: Category not found in BF and Manifest for pkg :- com.callmenot.app
01-04 09:59:47.822  8152  8162 I AppClassifier: Category not found in BF and Manifest for pkg :- com.callmenot.app
01-04 09:59:47.822  8152  8162 I AppCategoryExecutor: AppCategoryDetail is : AppCategoryDetail{mPackageName='com.callmenot.app', mCategoryString='', mCategoryId=-1}
01-04 09:59:47.822  8152  8162 I AppCategoryExecutor: Response is : [AppCategoryDetail{mPackageName='com.callmenot.app', mCategoryString='', mCategoryId=-1}]
01-04 09:59:47.830  8152  8184 I SCS@AiSearch user 0: (IndexManager) [UPDATE] index=com.samsung.android.apps, size=1, documents=[com.callmenot.app@0@com.callmenot.app.MainActivity]
01-04 09:59:48.302  1640  1640 I LayerHistory: com.callmenot.app/com.callmenot.app.MainActivity$_10929#11288 voted ExplicitCategory with category: HighHint
01-04 09:59:48.516  1640  1640 I LayerHistory: com.callmenot.app/com.callmenot.app.MainActivity$_10929#11288 voted ExplicitCategory with category: HighHint
01-04 09:59:48.768  1640  1640 I LayerHistory: com.callmenot.app/com.callmenot.app.MainActivity$_10929#11288 voted ExplicitCategory with category: HighHint
01-04 09:59:48.881  1640  1640 I LayerHistory: com.callmenot.app/com.callmenot.app.MainActivity$_10929#11288 voted ExplicitCategory with category: HighHint
01-04 09:59:48.950  2448  3468 D ActivityTaskManager: DesktopModeLaunchParamsModifier: task=Task{d1a9dd6 #12035 type=standard A=10455:com.callmenot.app} activity=ActivityRecord{113980294 u0 com.google.android.permissioncontroller/com.android.permissioncontroller.role.ui.RequestRoleActivity t-1} non-desktop, skipping
01-04 09:59:48.951  2448  3468 D ActivityTaskManager: TaskLaunchParamsModifier:task=Task{d1a9dd6 #12035 type=standard A=10455:com.callmenot.app} activity=ActivityRecord{113980294 u0 com.google.android.permissioncontroller/com.android.permissioncontroller.role.ui.RequestRoleActivity t-1} display-area-from-source=DefaultTaskDisplayArea_d0@244917965 display-id=0 task-display-area-windowing-mode=1 suggested-display-area=DefaultTaskDisplayArea_d0@244917965 inherit-from-source=fullscreen non-freeform-task-display-area display-area=DefaultTaskDisplayArea_d0@244917965 default-portrait freeform-size-mismatch=Rect(81, 553 - 999, 1723)
01-04 09:59:48.951  2448  3468 D ActivityTaskManager: DesktopModeLaunchParamsModifier: task=Task{d1a9dd6 #12035 type=standard A=10455:com.callmenot.app} activity=ActivityRecord{113980294 u0 com.google.android.permissioncontroller/com.android.permissioncontroller.role.ui.RequestRoleActivity t-1} non-desktop, skipping
01-04 09:59:48.951  2448  3468 D ActivityTaskManager: TaskLaunchParamsModifier:task=Task{d1a9dd6 #12035 type=standard A=10455:com.callmenot.app} activity=ActivityRecord{113980294 u0 com.google.android.permissioncontroller/com.android.permissioncontroller.role.ui.RequestRoleActivity t-1} display-area-from-source=DefaultTaskDisplayArea_d0@244917965 display-id=0 task-display-area-windowing-mode=1 suggested-display-area=DefaultTaskDisplayArea_d0@244917965 inherit-from-source=fullscreen non-freeform-task-display-area display-area=DefaultTaskDisplayArea_d0@244917965 default-portrait freeform-size-mismatch=Rect(81, 553 - 999, 1723)
