01-04 09:15:28.210  2448 18191 I Telecom : IncomingCallFilterGraph: Filter com.samsung.server.telecom.advancedcall.filtering.internationalcalllock.SamsungInternationalCallLockIncomingCallFiltering@6269c0a done, result: [Allow, logged, notified].: (...->CS.crCo->H.CS.crCo->H.CS.crCo.pICR)->CSW.hCCC->ICFG.sF->ICFG.sF->ICFG.sF->ICFG.sF(cap/cast)@E-E-Ccs
01-04 09:15:28.210  2448 18191 I Telecom : IncomingCallFilterGraph: Filter com.samsung.server.telecom.advancedcall.multinumber.SamsungTwoPhoneIncomingCallFiltering@bb7ac7b done, result: [Allow, logged, notified].: (...->CS.crCo->H.CS.crCo->H.CS.crCo.pICR)->CSW.hCCC->ICFG.sF->ICFG.sF->ICFG.sF->ICFG.sF(cap/cast)@E-E-Ccs
01-04 09:15:28.210  2448 18191 I Telecom : IncomingCallFilterGraph: Filter com.samsung.server.telecom.advancedcall.rtt.SamsungRttIncomingCallFiltering@5e41a98 done, result: [Allow, logged, notified].: (...->CS.crCo->H.CS.crCo->H.CS.crCo.pICR)->CSW.hCCC->ICFG.sF->ICFG.sF->ICFG.sF->ICFG.sF(cap/cast)@E-E-Ccs
01-04 09:15:28.210  2448 18191 I Telecom : IncomingCallFilterGraph: Filter com.samsung.server.telecom.advancedcall.secure.vipmode.SamsungVipModeIncomingCallFiltering@bc9d2f1 done, result: [Allow, logged, notified].: (...->CS.crCo->H.CS.crCo->H.CS.crCo.pICR)->CSW.hCCC->ICFG.sF->ICFG.sF->ICFG.sF->ICFG.sF(cap/cast)@E-E-Ccs
01-04 09:15:28.212  2448 18192 I Telecom : Event: RecordEntry TC@5: BLOCK_CHECK_FINISHED, not blocked [Allow, logged, notified, contact exists]: (...->CS.crCo->H.CS.crCo->H.CS.crCo.pICR)->CSW.hCCC->ICFG.sF->ICFG.sF->ICFG.sF->BCF.gBS->BCF.gBS(cap/cast)@E-E-Ccs
01-04 09:15:28.213  2448 18191 I Telecom : IncomingCallFilterGraph: Filter com.android.server.telecom.callfiltering.BlockCheckerFilter@8384003 done, result: [Allow, logged, notified, contact exists].: (...->CS.crCo->H.CS.crCo->H.CS.crCo.pICR)->CSW.hCCC->ICFG.sF->ICFG.sF->ICFG.sF->BCF.gBS->BCF.gBS->ICFG.sF(cap/cast)@E-E-Ccs
01-04 09:15:28.428  2448 18193 W Binder  : 	at com.samsung.server.telecom.model.callsettings.blocknumbers.SamsungBlockNumbersRepositoryImpl.getBlockingProviderNumber(SamsungBlockNumbersRepositoryImpl.kt:25)
01-04 09:15:28.428  2448 18193 W Binder  : 	at com.samsung.server.telecom.advancedcall.filtering.autoreject.SamsungAutoRejectIncomingCallFiltering.getBlockingProviderNumber(SamsungAutoRejectIncomingCallFiltering.kt:148)
01-04 09:15:28.428  2448 18193 W Binder  : 	at com.samsung.server.telecom.advancedcall.filtering.autoreject.SamsungAutoRejectIncomingCallFiltering.access$getBlockingProviderNumber(SamsungAutoRejectIncomingCallFiltering.kt:19)
01-04 09:15:28.428  2448 18193 W Binder  : 	at com.samsung.server.telecom.advancedcall.filtering.autoreject.SamsungAutoRejectIncomingCallFiltering$startFilter$1.get(SamsungAutoRejectIncomingCallFiltering.kt:48)
01-04 09:15:28.428  2448 18193 W Binder  : 	at com.samsung.server.telecom.advancedcall.filtering.autoreject.SamsungAutoRejectIncomingCallFiltering$startFilter$1.get(SamsungAutoRejectIncomingCallFiltering.kt:48)
01-04 09:15:28.457  2448 18193 I Telecom : SamsungAutoRejectIncomingCallFiltering : startFilterResult - isBlocked : false
01-04 09:15:28.457  2448 18191 I Telecom : IncomingCallFilterGraph: Filter com.samsung.server.telecom.advancedcall.filtering.autoreject.SamsungAutoRejectIncomingCallFiltering@7f5afac done, result: [Allow, logged, notified, contact exists].
01-04 09:15:28.457  2448 18193 I Telecom : Event: RecordEntry TC@5: INCOMING_FILTERING_FINISHED, SamsungAutoRejectIncomingCallFiltering, [Allow, logged, notified, contact exists]
01-04 09:15:28.457  2448 18191 I Telecom : IncomingCallFilterGraph: Filter com.android.server.telecom.callfiltering.CallScreeningServiceFilter@4599e0: null scheduled.
01-04 09:15:28.457  2448 18191 I Telecom : IncomingCallFilterGraph: Filter com.android.server.telecom.callfiltering.CallScreeningServiceFilter@4599e0: null done, result: [Allow, logged, notified, contact exists].
01-04 09:15:28.457  2448 18191 I Telecom : IncomingCallFilterGraph: Filter com.android.server.telecom.callfiltering.CallScreeningServiceFilter@5c4f499: com.callmenot.app scheduled.
01-04 09:15:28.487  2448  2448 I Telecom : SamsungCallScreeningServiceCallFilter : isPackageSystemApp - getApplicationInfo start
01-04 09:15:28.487  2448  2448 I Telecom : SamsungCallScreeningServiceCallFilter : isPackageSystemApp - getApplicationInfo end
01-04 09:15:28.487  2448  2448 I Telecom : Event: RecordEntry TC@5: SCREENING_BOUND, ComponentInfo{com.callmenot.app/com.callmenot.app.service.CallMeNotScreeningService}
01-04 09:15:28.487  2448  2448 I Telecom : CallScreeningServiceFilter$CallScreeningServiceConnection: Binding completed.
01-04 09:15:28.492 10021 10021 D CallMeNotScreening: Processing incoming call: +13212131262
01-04 09:15:28.545 10021 10021 D CallMeNotScreening: Building response: shouldAllow=true, reason=RECENT_OUTGOING
01-04 09:15:28.545 10021 10021 D CallMeNotScreening: ALLOWING call
01-04 09:15:28.546  2448  3468 I Telecom : Event: RecordEntry TC@5: SCREENING_COMPLETED, [Allow, logged, notified, contact exists, mCallScreeningAppName = CallMeNot, mCallScreeningComponentName = com.callmenot.app/com.callmenot.app.service.CallMeNotScreeningService, callScreeningResponse = callScreeningResponse=android.telecom.CallScreeningService$ParcelableCallResponse@c9f3609,callResponse=android.telecom.CallScreeningService$CallResponse@8994d0fe,shouldDisallowCall=false,shouldRejectCall=false,shouldSilenceCall=false,shouldSkipCallLog=false,shouldSkipNotification=false,shouldScreenCallViaAudioProcessing=false,callComposerAttachmentsToShow=-1]: NCSSF.aC@Cc8
01-04 09:15:28.547  2448 18191 I Telecom : IncomingCallFilterGraph: Filter com.android.server.telecom.callfiltering.CallScreeningServiceFilter@5c4f499: com.callmenot.app done, result: [Allow, logged, notified, contact exists, mCallScreeningAppName = CallMeNot, mCallScreeningComponentName = com.callmenot.app/com.callmenot.app.service.CallMeNotScreeningService, callScreeningResponse = callScreeningResponse=android.telecom.CallScreeningService$ParcelableCallResponse@c9f3609,callResponse=android.telecom.CallScreeningService$CallResponse@8994d0fe,shouldDisallowCall=false,shouldRejectCall=false,shouldSilenceCall=false,shouldSkipCallLog=false,shouldSkipNotification=false,shouldScreenCallViaAudioProcessing=false,callComposerAttachmentsToShow=-1].: NCSSF.aC->ICFG.sF@Cc8
01-04 09:15:28.547  2448 18191 I Telecom : IncomingCallFilterGraph: Filter com.android.server.telecom.callfiltering.CallFilter@636f00e scheduled.: NCSSF.aC->ICFG.sF@Cc8
01-04 09:15:28.547  2448 18191 I Telecom : IncomingCallFilterGraph: Filter com.android.server.telecom.callfiltering.CallFilter@636f00e done, result: [Allow, logged, notified, contact exists, mCallScreeningAppName = CallMeNot, mCallScreeningComponentName = com.callmenot.app/com.callmenot.app.service.CallMeNotScreeningService, callScreeningResponse = callScreeningResponse=android.telecom.CallScreeningService$ParcelableCallResponse@c9f3609,callResponse=android.telecom.CallScreeningService$CallResponse@8994d0fe,shouldDisallowCall=false,shouldRejectCall=false,shouldSilenceCall=false,shouldSkipCallLog=false,shouldSkipNotification=false,shouldScreenCallViaAudioProcessing=false,callComposerAttachmentsToShow=-1].: NCSSF.aC->ICFG.sF->ICFG.sF->ICFG.sF@Cc8
01-04 09:15:28.547  2448 18191 I Telecom : CallsManager: onCallFilteringComplete: NCSSF.aC->ICFG.sF->ICFG.sF->ICFG.sF@Cc8
01-04 09:15:28.547  2448 18191 I Telecom : ConnectionServiceWrapper: TC -> CS[cap]: onCallFilteringCompleted CallFilteringCompletionInfo{mIsBlocked=false, mIsInContacts=true, mCallResponse=android.telecom.CallScreeningService$CallResponse@8994d0fe, mCallScreeningPackageName='ComponentInfo{com.callmenot.app/com.callmenot.app.service.CallMeNotScreeningService}'}: NCSSF.aC->ICFG.sF->ICFG.sF->ICFG.sF@Cc8
01-04 09:15:28.547  2448 18191 I Telecom : Event: RecordEntry TC@5: BTS_BT_ICS, null, false, 2448, 18191: NCSSF.aC->ICFG.sF->ICFG.sF->ICFG.sF@Cc8
01-04 09:15:28.548  2448 18191 I Telecom : InCallController: bindToBtService, userToBind:UserHandle{0}  parent:null, successful incoming call: NCSSF.aC->ICFG.sF->ICFG.sF->ICFG.sF@Cc8
01-04 09:15:28.548  2448 18191 I Telecom : SamsungConnectionServiceCallEvent : sendCallEventInternal - callId : [Call id=TC@5, state=NEW, tpac=ComponentInfo{com.android.phone/com.android.services.telephony.TelephonyConnectionService}, 1, UserHandle{0}, cmgr=ComponentInfo{com.android.phone/com.android.services.telephony.TelephonyConnectionService}, 1, UserHandle{0}, handle=tel:************, vidst=A, childs(0), has_parent(false), cap=[ sup_hld mut !v2a spd_aud], prop=[ HD wifi]], voip=falsecaps=[Capabilities: CAPABILITY_SUPPORT_HOLD CAPABILITY_MUTE CAPABILITY_CANNOT_DOWNGRADE_VIDEO_TO_AUDIO CAPABILITY_SPEED_UP_MT_AUDIO], props=[Properties: PROPERTY_HIGH_DEF_AUDIO PROPERTY_WIFI], conf(false), had_child(false).id / event : com.samsung.telecom.CALL_EVENT_ADD_CALL / extras : null
01-04 09:15:28.548  2448 18191 I Telecom : Event: RecordEntry TC@5: CALL_EVENT, com.samsung.telecom.CALL_EVENT_ADD_CALL: NCSSF.aC->ICFG.sF->ICFG.sF->ICFG.sF@Cc8
01-04 09:15:28.548  2448 18191 I Telecom : ConnectionServiceWrapper: TC -> CS[cap]: sendCallEvent TC@5_1 com.samsung.telecom.CALL_EVENT_ADD_CALL: NCSSF.aC->ICFG.sF->ICFG.sF->ICFG.sF@Cc8
01-04 09:15:28.548  2448 18191 I Telecom : SamsungConnectionManager : getRequestConnectionService - targetPhoneAccountHandle : ComponentInfo{com.android.phone/com.android.services.telephony.TelephonyConnectionService}, 1, UserHandle{0} / connectionMgrAccountHandle : ComponentInfo{com.android.phone/com.android.services.telephony.TelephonyConnectionService}, 1, UserHandle{0}
01-04 09:15:28.548  2448 18191 I Telecom : InCallController: getComponents, pkgname: null comp: null userid: 0 requestedType: 6: NCSSF.aC->ICFG.sF->ICFG.sF->ICFG.sF@Cc8
01-04 09:15:28.549  2448 18191 I Telecom : InCallController: packageName:com.samsung.android.brightnessbackupservice INTERACT_ACROSS_USERS:true INTERACT_ACROSS_PROFILES:true INTERACT_ACROSS_PROFILES_APPOP:true: NCSSF.aC->ICFG.sF->ICFG.sF->ICFG.sF@Cc8
01-04 09:15:28.549  2448 18191 I Telecom : SamsungInCallDumpController : ComponentEnabledSetting - componentName : ComponentInfo{android/com.android.server.companion.datatransfer.contextsync.CallMetadataSyncInCallService} / userId : 0 / componentEnabledState : 0
01-04 09:15:28.549  2448 18191 I Telecom : InCallController: found:ComponentInfo{android/com.android.server.companion.datatransfer.contextsync.CallMetadataSyncInCallService} isRequestedtype:false isEnabled:false ignoreDisabled:true hasCrossProfilePerm:true: NCSSF.aC->ICFG.sF->ICFG.sF->ICFG.sF@Cc8
01-04 09:15:28.549  3221  3221 I TelecomFramework: TelephonyConnectionService: onCallFilteringCompleted(TC@5_1, CallFilteringCompletionInfo{mIsBlocked=false, mIsInContacts=true, mCallResponse=android.telecom.CallScreeningService$CallResponse@8994d0fe, mCallScreeningPackageName='ComponentInfo{com.callmenot.app/com.callmenot.app.service.CallMeNotScreeningService}'}): (NCSSF.aC->ICFG.sF->ICFG.sF->ICFG.sF)->CS.oCFC->H.CS.oCFC(cast)@E-Cc8
01-04 09:15:28.549  2448 18191 I Telecom : InCallController: packageName:com.samsung.android.brightnessbackupservice INTERACT_ACROSS_USERS:true INTERACT_ACROSS_PROFILES:true INTERACT_ACROSS_PROFILES_APPOP:true: NCSSF.aC->ICFG.sF->ICFG.sF->ICFG.sF@Cc8
01-04 09:15:28.549  2448 18191 I Telecom : SamsungInCallDumpController : ComponentEnabledSetting - componentName : ComponentInfo{android/com.android.ecm.EnhancedConfirmationCallTrackerService} / userId : 0 / componentEnabledState : 0
01-04 09:15:28.549  2448 18191 I Telecom : InCallController: found:ComponentInfo{android/com.android.ecm.EnhancedConfirmationCallTrackerService} isRequestedtype:false isEnabled:true ignoreDisabled:true hasCrossProfilePerm:true: NCSSF.aC->ICFG.sF->ICFG.sF->ICFG.sF@Cc8
01-04 09:15:28.550  2448 18191 I Telecom : InCallController: packageName:com.sec.android.app.bluetoothagent INTERACT_ACROSS_USERS:true INTERACT_ACROSS_PROFILES:false INTERACT_ACROSS_PROFILES_APPOP:false: NCSSF.aC->ICFG.sF->ICFG.sF->ICFG.sF@Cc8
01-04 09:15:28.550  2448 18191 I Telecom : SamsungInCallDumpController : ComponentEnabledSetting - componentName : ComponentInfo{com.android.bluetooth/com.android.bluetooth.telephony.BluetoothInCallService} / userId : 0 / componentEnabledState : 1
01-04 09:15:28.550  2448 18191 I Telecom : InCallController: found:ComponentInfo{com.android.bluetooth/com.android.bluetooth.telephony.BluetoothInCallService} isRequestedtype:true isEnabled:true ignoreDisabled:true hasCrossProfilePerm:true: NCSSF.aC->ICFG.sF->ICFG.sF->ICFG.sF@Cc8
01-04 09:15:28.550  2448 18191 I Telecom : InCallController: packageName:com.google.android.as INTERACT_ACROSS_USERS:false INTERACT_ACROSS_PROFILES:false INTERACT_ACROSS_PROFILES_APPOP:false: NCSSF.aC->ICFG.sF->ICFG.sF->ICFG.sF@Cc8
01-04 09:15:28.550  2448 18191 I Telecom : SamsungInCallDumpController : ComponentEnabledSetting - componentName : ComponentInfo{com.google.android.as/com.google.android.apps.miphone.aiai.captions.tulip.audiosource.impl.CIS} / userId : 0 / componentEnabledState : 1
01-04 09:15:28.550  2448 18191 I Telecom : InCallController: found:ComponentInfo{com.google.android.as/com.google.android.apps.miphone.aiai.captions.tulip.audiosource.impl.CIS} isRequestedtype:false isEnabled:true ignoreDisabled:true hasCrossProfilePerm:false: NCSSF.aC->ICFG.sF->ICFG.sF->ICFG.sF@Cc8
01-04 09:15:28.550  2448 18191 I Telecom : InCallController: packageName:com.google.android.gsf INTERACT_ACROSS_USERS:true INTERACT_ACROSS_PROFILES:false INTERACT_ACROSS_PROFILES_APPOP:false: NCSSF.aC->ICFG.sF->ICFG.sF->ICFG.sF@Cc8
01-04 09:15:28.550  2448 18191 I Telecom : SamsungInCallDumpController : ComponentEnabledSetting - componentName : ComponentInfo{com.google.android.gms/com.google.android.gms.bankscamwarning.services.BankScamCallDetectionService} / userId : 0 / componentEnabledState : 0
01-04 09:15:28.550  2448 18191 I Telecom : InCallController: found:ComponentInfo{com.google.android.gms/com.google.android.gms.bankscamwarning.services.BankScamCallDetectionService} isRequestedtype:false isEnabled:true ignoreDisabled:true hasCrossProfilePerm:true: NCSSF.aC->ICFG.sF->ICFG.sF->ICFG.sF@Cc8
01-04 09:15:28.550  2448 18191 I Telecom : InCallController: packageName:com.google.android.googlequicksearchbox INTERACT_ACROSS_USERS:false INTERACT_ACROSS_PROFILES:false INTERACT_ACROSS_PROFILES_APPOP:false: NCSSF.aC->ICFG.sF->ICFG.sF->ICFG.sF@Cc8
01-04 09:15:28.550  2448 18191 I Telecom : SamsungInCallDumpController : ComponentEnabledSetting - componentName : ComponentInfo{com.google.android.googlequicksearchbox/com.google.android.libraries.search.assistant.incallservice.IncomingCallInCallService} / userId : 0 / componentEnabledState : 1
01-04 09:15:28.550  2448 18191 I Telecom : InCallController: found:ComponentInfo{com.google.android.googlequicksearchbox/com.google.android.libraries.search.assistant.incallservice.IncomingCallInCallService} isRequestedtype:false isEnabled:true ignoreDisabled:true hasCrossProfilePerm:false: NCSSF.aC->ICFG.sF->ICFG.sF->ICFG.sF@Cc8
01-04 09:15:28.551  2448 18191 I Telecom : InCallController: packageName:com.google.android.googlequicksearchbox INTERACT_ACROSS_USERS:false INTERACT_ACROSS_PROFILES:false INTERACT_ACROSS_PROFILES_APPOP:false: NCSSF.aC->ICFG.sF->ICFG.sF->ICFG.sF@Cc8
01-04 09:15:28.551  2448 18191 I Telecom : SamsungInCallDumpController : ComponentEnabledSetting - componentName : ComponentInfo{com.google.android.googlequicksearchbox/com.google.android.libraries.search.assistant.performer.communication.IncomingCallInCallService} / userId : 0 / componentEnabledState : 2
01-04 09:15:28.551  2448 18191 I Telecom : InCallController: found:ComponentInfo{com.google.android.googlequicksearchbox/com.google.android.libraries.search.assistant.performer.communication.IncomingCallInCallService} isRequestedtype:false isEnabled:false ignoreDisabled:true hasCrossProfilePerm:false: NCSSF.aC->ICFG.sF->ICFG.sF->ICFG.sF@Cc8
01-04 09:15:28.551  3221  3221 I TelecomFramework: TelephonyConnectionService: sendCallEvent(TC@5_1, com.samsung.telecom.CALL_EVENT_ADD_CALL): (NCSSF.aC->ICFG.sF->ICFG.sF->ICFG.sF)->CS.sCE->H.CS.sCE(cast)@E-Cc8
01-04 09:15:28.551  2448 18191 I Telecom : InCallController: packageName:com.google.android.projection.gearhead INTERACT_ACROSS_USERS:false INTERACT_ACROSS_PROFILES:false INTERACT_ACROSS_PROFILES_APPOP:false: NCSSF.aC->ICFG.sF->ICFG.sF->ICFG.sF@Cc8
01-04 09:15:28.551  2448 18191 I Telecom : SamsungInCallDumpController : ComponentEnabledSetting - componentName : ComponentInfo{com.google.android.projection.gearhead/com.google.android.apps.auto.components.telecom.service.NonCarInCallServiceImpl} / userId : 0 / componentEnabledState : 2
01-04 09:15:28.551  2448 18191 I Telecom : InCallController: found:ComponentInfo{com.google.android.projection.gearhead/com.google.android.apps.auto.components.telecom.service.NonCarInCallServiceImpl} isRequestedtype:false isEnabled:false ignoreDisabled:true hasCrossProfilePerm:false: NCSSF.aC->ICFG.sF->ICFG.sF->ICFG.sF@Cc8
01-04 09:15:28.551  2448 18191 I Telecom : InCallController: packageName:com.google.android.projection.gearhead INTERACT_ACROSS_USERS:false INTERACT_ACROSS_PROFILES:false INTERACT_ACROSS_PROFILES_APPOP:false: NCSSF.aC->ICFG.sF->ICFG.sF->ICFG.sF@Cc8
01-04 09:15:28.551  2448 18191 I Telecom : SamsungInCallDumpController : ComponentEnabledSetting - componentName : ComponentInfo{com.google.android.projection.gearhead/com.google.android.apps.auto.components.telecom.service.CarProjectionInCallServiceImpl} / userId : 0 / componentEnabledState : 2
01-04 09:15:28.551  2448 18191 I Telecom : InCallController: found:ComponentInfo{com.google.android.projection.gearhead/com.google.android.apps.auto.components.telecom.service.CarProjectionInCallServiceImpl} isRequestedtype:false isEnabled:false ignoreDisabled:true hasCrossProfilePerm:false: NCSSF.aC->ICFG.sF->ICFG.sF->ICFG.sF@Cc8
01-04 09:15:28.551  3221  3221 I Telephony: SamsungTransferConnection: onCallEvent: com.samsung.telecom.CALL_EVENT_ADD_CALL
01-04 09:15:28.551  3221  3221 I Telephony: SamsungImsInterfaceConnection: SamsungTelephonyConnectionListener.onCallEvent: com.samsung.telecom.CALL_EVENT_ADD_CALL
01-04 09:15:28.551  2448 18191 I Telecom : InCallController: packageName:com.samsung.android.bixby.agent INTERACT_ACROSS_USERS:true INTERACT_ACROSS_PROFILES:false INTERACT_ACROSS_PROFILES_APPOP:false: NCSSF.aC->ICFG.sF->ICFG.sF->ICFG.sF@Cc8
01-04 09:15:28.551  2448 18191 I Telecom : SamsungInCallDumpController : ComponentEnabledSetting - componentName : ComponentInfo{com.samsung.android.bixby.agent/com.samsung.android.bixby.agent.appbridge.clientaction.incallservice.BixbyInCallService} / userId : 0 / componentEnabledState : 2
01-04 09:15:28.551  2448 18191 I Telecom : InCallController: found:ComponentInfo{com.samsung.android.bixby.agent/com.samsung.android.bixby.agent.appbridge.clientaction.incallservice.BixbyInCallService} isRequestedtype:false isEnabled:false ignoreDisabled:true hasCrossProfilePerm:true: NCSSF.aC->ICFG.sF->ICFG.sF->ICFG.sF@Cc8
01-04 09:15:28.551  2448 18191 I Telecom : InCallController: packageName:com.samsung.android.dialer INTERACT_ACROSS_USERS:true INTERACT_ACROSS_PROFILES:false INTERACT_ACROSS_PROFILES_APPOP:false: NCSSF.aC->ICFG.sF->ICFG.sF->ICFG.sF@Cc8
01-04 09:15:28.551  2448 18191 I Telecom : SamsungInCallDumpController : ComponentEnabledSetting - componentName : ComponentInfo{com.samsung.android.dialer/com.android.incallui.InCallServiceImpl} / userId : 0 / componentEnabledState : 0
01-04 09:15:28.551  2448 18191 I Telecom : InCallController: found:ComponentInfo{com.samsung.android.dialer/com.android.incallui.InCallServiceImpl} isRequestedtype:false isEnabled:true ignoreDisabled:true hasCrossProfilePerm:true: NCSSF.aC->ICFG.sF->ICFG.sF->ICFG.sF@Cc8
01-04 09:15:28.552  2448 18191 I Telecom : InCallController: packageName:com.samsung.android.brightnessbackupservice INTERACT_ACROSS_USERS:true INTERACT_ACROSS_PROFILES:true INTERACT_ACROSS_PROFILES_APPOP:true: NCSSF.aC->ICFG.sF->ICFG.sF->ICFG.sF@Cc8
01-04 09:15:28.552  2448 18191 I Telecom : SamsungInCallDumpController : ComponentEnabledSetting - componentName : ComponentInfo{com.samsung.android.emergency/com.samsung.android.emergency.InCallService.EmergencyInCallServiceImpl} / userId : 0 / componentEnabledState : 0
01-04 09:15:28.552  2448 18191 I Telecom : InCallController: found:ComponentInfo{com.samsung.android.emergency/com.samsung.android.emergency.InCallService.EmergencyInCallServiceImpl} isRequestedtype:false isEnabled:false ignoreDisabled:true hasCrossProfilePerm:true: NCSSF.aC->ICFG.sF->ICFG.sF->ICFG.sF@Cc8
01-04 09:15:28.552  2448 18191 I Telecom : InCallController: packageName:com.android.providers.telephony INTERACT_ACROSS_USERS:true INTERACT_ACROSS_PROFILES:false INTERACT_ACROSS_PROFILES_APPOP:false: NCSSF.aC->ICFG.sF->ICFG.sF->ICFG.sF@Cc8
01-04 09:15:28.552  2448 18191 I Telecom : SamsungInCallDumpController : ComponentEnabledSetting - componentName : ComponentInfo{com.samsung.android.incallui/com.android.incallui.InCallServiceImpl} / userId : 0 / componentEnabledState : 0
01-04 09:15:28.552  2448 18191 I Telecom : InCallController: found:ComponentInfo{com.samsung.android.incallui/com.android.incallui.InCallServiceImpl} isRequestedtype:false isEnabled:true ignoreDisabled:true hasCrossProfilePerm:true: NCSSF.aC->ICFG.sF->ICFG.sF->ICFG.sF@Cc8
01-04 09:15:28.552  2448 18191 I Telecom : InCallController: packageName:com.android.providers.telephony INTERACT_ACROSS_USERS:true INTERACT_ACROSS_PROFILES:false INTERACT_ACROSS_PROFILES_APPOP:false: NCSSF.aC->ICFG.sF->ICFG.sF->ICFG.sF@Cc8
01-04 09:15:28.552  2448 18191 I Telecom : SamsungInCallDumpController : ComponentEnabledSetting - componentName : ComponentInfo{com.samsung.android.incallui/com.android.incallui.NonUiServiceImpl} / userId : 0 / componentEnabledState : 0
01-04 09:15:28.552  2448 18191 I Telecom : InCallController: found:ComponentInfo{com.samsung.android.incallui/com.android.incallui.NonUiServiceImpl} isRequestedtype:false isEnabled:true ignoreDisabled:true hasCrossProfilePerm:true: NCSSF.aC->ICFG.sF->ICFG.sF->ICFG.sF@Cc8
01-04 09:15:28.552  2448 18191 I Telecom : InCallController: packageName:com.samsung.android.brightnessbackupservice INTERACT_ACROSS_USERS:true INTERACT_ACROSS_PROFILES:true INTERACT_ACROSS_PROFILES_APPOP:true: NCSSF.aC->ICFG.sF->ICFG.sF->ICFG.sF@Cc8
01-04 09:15:28.552  2448 18191 I Telecom : SamsungInCallDumpController : ComponentEnabledSetting - componentName : ComponentInfo{com.samsung.android.mdecservice/com.samsung.android.mdecservice.mdec.services.InCallServiceImpl} / userId : 0 / componentEnabledState : 0
01-04 09:15:28.552  2448 18191 I Telecom : InCallController: found:ComponentInfo{com.samsung.android.mdecservice/com.samsung.android.mdecservice.mdec.services.InCallServiceImpl} isRequestedtype:false isEnabled:false ignoreDisabled:true hasCrossProfilePerm:true: NCSSF.aC->ICFG.sF->ICFG.sF->ICFG.sF@Cc8
01-04 09:15:28.553  2448 18191 I Telecom : InCallController: packageName:com.samsung.android.app.routines INTERACT_ACROSS_USERS:true INTERACT_ACROSS_PROFILES:false INTERACT_ACROSS_PROFILES_APPOP:false: NCSSF.aC->ICFG.sF->ICFG.sF->ICFG.sF@Cc8
01-04 09:15:28.553  2448 18191 I Telecom : SamsungInCallDumpController : ComponentEnabledSetting - componentName : ComponentInfo{com.sec.android.cover.ledcover/com.sec.android.cover.manager.call.LedCoverCallService} / userId : 0 / componentEnabledState : 0
01-04 09:15:28.553  2448 18191 I Telecom : InCallController: found:ComponentInfo{com.sec.android.cover.ledcover/com.sec.android.cover.manager.call.LedCoverCallService} isRequestedtype:false isEnabled:false ignoreDisabled:true hasCrossProfilePerm:true: NCSSF.aC->ICFG.sF->ICFG.sF->ICFG.sF@Cc8
01-04 09:15:28.553  2448 18191 I Telecom : InCallController$InCallServiceBindingConnection: Attempting to bind to InCall [ComponentInfo{com.android.bluetooth/com.android.bluetooth.telephony.BluetoothInCallService} supportsExternal? false supportsSelfMg?true] { supportsAllowedSelfMg? false, 6, 0 }, with Intent { act=android.telecom.InCallService cmp=com.android.bluetooth/.telephony.BluetoothInCallService }: NCSSF.aC->ICFG.sF->ICFG.sF->ICFG.sF@Cc8
01-04 09:15:28.553  2448 18191 I Telecom : InCallController$InCallServiceBindingConnection: using user id: UserHandle{0} for binding. User from Call is: UserHandle{0}: NCSSF.aC->ICFG.sF->ICFG.sF->ICFG.sF@Cc8
01-04 09:15:28.553  2448 18191 I Telecom : Event: RecordEntry TC@5: BIND_ICS, [ComponentInfo{com.android.bluetooth/com.android.bluetooth.telephony.BluetoothInCallService} supportsExternal? false supportsSelfMg?true] { supportsAllowedSelfMg? false, 6, 0 }, UserHandle{0}, UserHandle{0}: NCSSF.aC->ICFG.sF->ICFG.sF->ICFG.sF@Cc8
01-04 09:15:28.555  2448 18191 I Telecom : InCallController$InCallServiceBindingConnection: mCall: [Call id=TC@5, state=NEW, tpac=ComponentInfo{com.android.phone/com.android.services.telephony.TelephonyConnectionService}, 1, UserHandle{0}, cmgr=ComponentInfo{com.android.phone/com.android.services.telephony.TelephonyConnectionService}, 1, UserHandle{0}, handle=tel:************, vidst=A, childs(0), has_parent(false), cap=[ sup_hld mut !v2a spd_aud], prop=[ HD wifi]], voip=falsecaps=[Capabilities: CAPABILITY_SUPPORT_HOLD CAPABILITY_MUTE CAPABILITY_CANNOT_DOWNGRADE_VIDEO_TO_AUDIO CAPABILITY_SPEED_UP_MT_AUDIO], props=[Properties: PROPERTY_HIGH_DEF_AUDIO PROPERTY_WIFI], conf(false), had_child(false), mIsConnected: true: NCSSF.aC->ICFG.sF->ICFG.sF->ICFG.sF@Cc8
01-04 09:15:28.555  2448 18191 I Telecom : CallsManager: setCallState NEW -> RINGING, call: [Call id=TC@5, state=NEW, tpac=ComponentInfo{com.android.phone/com.android.services.telephony.TelephonyConnectionService}, 1, UserHandle{0}, cmgr=ComponentInfo{com.android.phone/com.android.services.telephony.TelephonyConnectionService}, 1, UserHandle{0}, handle=tel:************, vidst=A, childs(0), has_parent(false), cap=[ sup_hld mut !v2a spd_aud], prop=[ HD wifi]], voip=falsecaps=[Capabilities: CAPABILITY_SUPPORT_HOLD CAPABILITY_MUTE CAPABILITY_CANNOT_DOWNGRADE_VIDEO_TO_AUDIO CAPABILITY_SPEED_UP_MT_AUDIO], props=[Properties: PROPERTY_HIGH_DEF_AUDIO PROPERTY_WIFI], conf(false), had_child(false): NCSSF.aC->ICFG.sF->ICFG.sF->ICFG.sF@Cc8
01-04 09:15:28.561  2448 18191 I Telecom : SamsungRespondViaSmsRepositoryImpl : isRespondViaSmsCapable - phoneNumber : +13******262 / presentation : 1 / hasRespondViaSmsCapable : false / isRespondViaSmsCapable : false / userHandle : UserHandle{0}
01-04 09:15:28.561  2448 18191 I Telecom : Event: RecordEntry TC@5: SET_RINGING, successful incoming call: NCSSF.aC->ICFG.sF->ICFG.sF->ICFG.sF@Cc8
01-04 09:15:28.561  2448 18191 I Telecom : CallsManager: onCallFilteringComplete: allow call.: NCSSF.aC->ICFG.sF->ICFG.sF->ICFG.sF@Cc8
01-04 09:15:28.562  2448 18191 I Telecom : CallsManager: addCall([Call id=TC@5, state=RINGING, tpac=ComponentInfo{com.android.phone/com.android.services.telephony.TelephonyConnectionService}, 1, UserHandle{0}, cmgr=ComponentInfo{com.android.phone/com.android.services.telephony.TelephonyConnectionService}, 1, UserHandle{0}, handle=tel:************, vidst=A, childs(0), has_parent(false), cap=[ sup_hld mut !v2a spd_aud], prop=[ HD wifi]], voip=falsecaps=[Capabilities: CAPABILITY_SUPPORT_HOLD CAPABILITY_MUTE CAPABILITY_CANNOT_DOWNGRADE_VIDEO_TO_AUDIO CAPABILITY_SPEED_UP_MT_AUDIO], props=[Properties: PROPERTY_HIGH_DEF_AUDIO PROPERTY_WIFI], conf(false), had_child(false)): NCSSF.aC->ICFG.sF->ICFG.sF->ICFG.sF@Cc8
01-04 09:15:28.562  2448 18191 I Telecom : SamsungCallsManager : call : [Call id=TC@5, state=RINGING, tpac=ComponentInfo{com.android.phone/com.android.services.telephony.TelephonyConnectionService}, 1, UserHandle{0}, cmgr=ComponentInfo{com.android.phone/com.android.services.telephony.TelephonyConnectionService}, 1, UserHandle{0}, handle=tel:************, vidst=A, childs(0), has_parent(false), cap=[ sup_hld mut !v2a spd_aud], prop=[ HD wifi]], voip=falsecaps=[Capabilities: CAPABILITY_SUPPORT_HOLD CAPABILITY_MUTE CAPABILITY_CANNOT_DOWNGRADE_VIDEO_TO_AUDIO CAPABILITY_SPEED_UP_MT_AUDIO], props=[Properties: PROPERTY_HIGH_DEF_AUDIO PROPERTY_WIFI], conf(false), had_child(false) / hasCall : false
01-04 09:15:28.562 21955 21955 I BluetoothInCallService: onBind. Intent: Intent { act=android.telecom.InCallService xflg=0x4 cmp=com.android.bluetooth/.telephony.BluetoothInCallService }
01-04 09:15:28.562  2448  3804 I Telecom : SamsungConnectionServiceFocusManager : handleAddedCall  - CallFocus : [CallFocus id=TC@5, state=RINGING, connectionService=ComponentInfo{com.android.phone/com.android.services.telephony.TelephonyConnectionService}, isFocusable=true]
01-04 09:15:28.564  2448 18191 I Telecom : SamsungPhoneStateIntentBroadcaster : Broadcasted state change: 1 - RINGING
01-04 09:15:28.564  2448 18191 I Telecom : Event: RecordEntry TC@5: ICS_CALL_ADDED, bound or connected to BT ICS, not bound or connected to other ICS: NCSSF.aC->ICFG.sF->ICFG.sF->ICFG.sF@Cc8
01-04 09:15:28.564  2448 18191 I Telecom : InCallController: onCallAdded: [Call id=TC@5, state=RINGING, tpac=ComponentInfo{com.android.phone/com.android.services.telephony.TelephonyConnectionService}, 1, UserHandle{0}, cmgr=ComponentInfo{com.android.phone/com.android.services.telephony.TelephonyConnectionService}, 1, UserHandle{0}, handle=tel:************, vidst=A, childs(0), has_parent(false), cap=[ sup_hld mut !v2a spd_aud], prop=[ HD wifi]], voip=falsecaps=[Capabilities: CAPABILITY_SUPPORT_HOLD CAPABILITY_MUTE CAPABILITY_CANNOT_DOWNGRADE_VIDEO_TO_AUDIO CAPABILITY_SPEED_UP_MT_AUDIO], props=[Properties: PROPERTY_HIGH_DEF_AUDIO PROPERTY_WIFI], conf(false), had_child(false): NCSSF.aC->ICFG.sF->ICFG.sF->ICFG.sF@Cc8
01-04 09:15:28.564  2448 18191 I Telecom : InCallController: onCallAdded: [Call id=TC@5, state=RINGING, tpac=ComponentInfo{com.android.phone/com.android.services.telephony.TelephonyConnectionService}, 1, UserHandle{0}, cmgr=ComponentInfo{com.android.phone/com.android.services.telephony.TelephonyConnectionService}, 1, UserHandle{0}, handle=tel:************, vidst=A, childs(0), has_parent(false), cap=[ sup_hld mut !v2a spd_aud], prop=[ HD wifi]], voip=falsecaps=[Capabilities: CAPABILITY_SUPPORT_HOLD CAPABILITY_MUTE CAPABILITY_CANNOT_DOWNGRADE_VIDEO_TO_AUDIO CAPABILITY_SPEED_UP_MT_AUDIO], props=[Properties: PROPERTY_HIGH_DEF_AUDIO PROPERTY_WIFI], conf(false), had_child(false); not bound or connected to other ICS.: NCSSF.aC->ICFG.sF->ICFG.sF->ICFG.sF@Cc8
01-04 09:15:28.564  2448 18191 I Telecom : InCallController: child:UserHandle{0}  parent:null: NCSSF.aC->ICFG.sF->ICFG.sF->ICFG.sF@Cc8
01-04 09:15:28.564  2448 18191 I Telecom : Event: RecordEntry TC@5: BTS_ICS, null, false, 2448, 18191: NCSSF.aC->ICFG.sF->ICFG.sF->ICFG.sF@Cc8
01-04 09:15:28.564  2448 18191 I Telecom : InCallController: getComponents, pkgname: com.samsung.android.incallui comp: null userid: 0 requestedType: 2: NCSSF.aC->ICFG.sF->ICFG.sF->ICFG.sF@Cc8
01-04 09:15:28.565  2448 18191 I Telecom : InCallController: packageName:com.android.providers.telephony INTERACT_ACROSS_USERS:true INTERACT_ACROSS_PROFILES:false INTERACT_ACROSS_PROFILES_APPOP:false: NCSSF.aC->ICFG.sF->ICFG.sF->ICFG.sF@Cc8
01-04 09:15:28.565  2448 18191 I Telecom : SamsungInCallDumpController : ComponentEnabledSetting - componentName : ComponentInfo{com.samsung.android.incallui/com.android.incallui.InCallServiceImpl} / userId : 0 / componentEnabledState : 0
01-04 09:15:28.565  2448 18191 I Telecom : InCallController: found:ComponentInfo{com.samsung.android.incallui/com.android.incallui.InCallServiceImpl} isRequestedtype:true isEnabled:true ignoreDisabled:true hasCrossProfilePerm:true: NCSSF.aC->ICFG.sF->ICFG.sF->ICFG.sF@Cc8
01-04 09:15:28.565  2448 18191 I Telecom : InCallController: packageName:com.android.providers.telephony INTERACT_ACROSS_USERS:true INTERACT_ACROSS_PROFILES:false INTERACT_ACROSS_PROFILES_APPOP:false: NCSSF.aC->ICFG.sF->ICFG.sF->ICFG.sF@Cc8
01-04 09:15:28.565  2448 18191 I Telecom : SamsungInCallDumpController : ComponentEnabledSetting - componentName : ComponentInfo{com.samsung.android.incallui/com.android.incallui.NonUiServiceImpl} / userId : 0 / componentEnabledState : 0
01-04 09:15:28.565  2448 18191 I Telecom : InCallController: found:ComponentInfo{com.samsung.android.incallui/com.android.incallui.NonUiServiceImpl} isRequestedtype:false isEnabled:true ignoreDisabled:true hasCrossProfilePerm:true: NCSSF.aC->ICFG.sF->ICFG.sF->ICFG.sF@Cc8
01-04 09:15:28.565  2448 18191 I Telecom : InCallController: defaultDialer: [ComponentInfo{com.samsung.android.incallui/com.android.incallui.InCallServiceImpl} supportsExternal? true supportsSelfMg?false] { supportsAllowedSelfMg? false, 2, 0 }: NCSSF.aC->ICFG.sF->ICFG.sF->ICFG.sF@Cc8
01-04 09:15:28.565  2448 18191 I Telecom : InCallController: defaultDialer: null: NCSSF.aC->ICFG.sF->ICFG.sF->ICFG.sF@Cc8
01-04 09:15:28.565  2448 18191 I Telecom : InCallController: getComponents, pkgname: null comp: ComponentInfo{com.samsung.android.incallui/com.android.incallui.InCallServiceImpl} userid: 0 requestedType: 2: NCSSF.aC->ICFG.sF->ICFG.sF->ICFG.sF@Cc8
01-04 09:15:28.565  2448 18191 I Telecom : InCallController: packageName:com.android.providers.telephony INTERACT_ACROSS_USERS:true INTERACT_ACROSS_PROFILES:false INTERACT_ACROSS_PROFILES_APPOP:false: NCSSF.aC->ICFG.sF->ICFG.sF->ICFG.sF@Cc8
01-04 09:15:28.565  2448 18191 I Telecom : SamsungInCallDumpController : ComponentEnabledSetting - componentName : ComponentInfo{com.samsung.android.incallui/com.android.incallui.InCallServiceImpl} / userId : 0 / componentEnabledState : 0
01-04 09:15:28.565  2448 18191 I Telecom : InCallController: found:ComponentInfo{com.samsung.android.incallui/com.android.incallui.InCallServiceImpl} isRequestedtype:true isEnabled:true ignoreDisabled:true hasCrossProfilePerm:true: NCSSF.aC->ICFG.sF->ICFG.sF->ICFG.sF@Cc8
01-04 09:15:28.566  2448 18191 I Telecom : SamsungCallControlPolicyManager : using values for mcc : 310
01-04 09:15:28.566  2448 18191 I Telecom : SamsungCallControlPolicyManager : callImmediately phoneNumber : +13******262 / countryCode :  / isSpecialNumber : false
01-04 09:15:28.566  2448 18191 I Telecom : SamsungCallsManager : wasEverInSpecialNumberForCallImmediately : false
01-04 09:15:28.566  2448 18191 I Telecom : InCallController: getComponents, pkgname: null comp: null userid: 0 requestedType: 3: NCSSF.aC->ICFG.sF->ICFG.sF->ICFG.sF@Cc8
01-04 09:15:28.566  2448 18191 I Telecom : InCallController: packageName:com.samsung.android.brightnessbackupservice INTERACT_ACROSS_USERS:true INTERACT_ACROSS_PROFILES:true INTERACT_ACROSS_PROFILES_APPOP:true: NCSSF.aC->ICFG.sF->ICFG.sF->ICFG.sF@Cc8
01-04 09:15:28.566  2448 18191 I Telecom : SamsungInCallDumpController : ComponentEnabledSetting - componentName : ComponentInfo{android/com.android.server.companion.datatransfer.contextsync.CallMetadataSyncInCallService} / userId : 0 / componentEnabledState : 0
01-04 09:15:28.566  2448 18191 I Telecom : InCallController: found:ComponentInfo{android/com.android.server.companion.datatransfer.contextsync.CallMetadataSyncInCallService} isRequestedtype:false isEnabled:false ignoreDisabled:true hasCrossProfilePerm:true: NCSSF.aC->ICFG.sF->ICFG.sF->ICFG.sF@Cc8
01-04 09:15:28.566  2448 18191 I Telecom : InCallController: packageName:com.samsung.android.brightnessbackupservice INTERACT_ACROSS_USERS:true INTERACT_ACROSS_PROFILES:true INTERACT_ACROSS_PROFILES_APPOP:true: NCSSF.aC->ICFG.sF->ICFG.sF->ICFG.sF@Cc8
01-04 09:15:28.566  2448 18191 I Telecom : SamsungInCallDumpController : ComponentEnabledSetting - componentName : ComponentInfo{android/com.android.ecm.EnhancedConfirmationCallTrackerService} / userId : 0 / componentEnabledState : 0
01-04 09:15:28.567  2448 18191 I Telecom : InCallController: found:ComponentInfo{android/com.android.ecm.EnhancedConfirmationCallTrackerService} isRequestedtype:false isEnabled:true ignoreDisabled:true hasCrossProfilePerm:true: NCSSF.aC->ICFG.sF->ICFG.sF->ICFG.sF@Cc8
01-04 09:15:28.567  2448 18191 I Telecom : InCallController: packageName:com.sec.android.app.bluetoothagent INTERACT_ACROSS_USERS:true INTERACT_ACROSS_PROFILES:false INTERACT_ACROSS_PROFILES_APPOP:false: NCSSF.aC->ICFG.sF->ICFG.sF->ICFG.sF@Cc8
01-04 09:15:28.567  2448 18191 I Telecom : SamsungInCallDumpController : ComponentEnabledSetting - componentName : ComponentInfo{com.android.bluetooth/com.android.bluetooth.telephony.BluetoothInCallService} / userId : 0 / componentEnabledState : 1
01-04 09:15:28.567  2448 18191 I Telecom : InCallController: found:ComponentInfo{com.android.bluetooth/com.android.bluetooth.telephony.BluetoothInCallService} isRequestedtype:false isEnabled:true ignoreDisabled:true hasCrossProfilePerm:true: NCSSF.aC->ICFG.sF->ICFG.sF->ICFG.sF@Cc8
01-04 09:15:28.567  2448 18191 I Telecom : InCallController: packageName:com.google.android.as INTERACT_ACROSS_USERS:false INTERACT_ACROSS_PROFILES:false INTERACT_ACROSS_PROFILES_APPOP:false: NCSSF.aC->ICFG.sF->ICFG.sF->ICFG.sF@Cc8
01-04 09:15:28.567  2448 18191 I Telecom : SamsungInCallDumpController : ComponentEnabledSetting - componentName : ComponentInfo{com.google.android.as/com.google.android.apps.miphone.aiai.captions.tulip.audiosource.impl.CIS} / userId : 0 / componentEnabledState : 1
01-04 09:15:28.567  2448 18191 I Telecom : InCallController: found:ComponentInfo{com.google.android.as/com.google.android.apps.miphone.aiai.captions.tulip.audiosource.impl.CIS} isRequestedtype:false isEnabled:true ignoreDisabled:true hasCrossProfilePerm:false: NCSSF.aC->ICFG.sF->ICFG.sF->ICFG.sF@Cc8
01-04 09:15:28.567  2448 18191 I Telecom : InCallController: packageName:com.google.android.gsf INTERACT_ACROSS_USERS:true INTERACT_ACROSS_PROFILES:false INTERACT_ACROSS_PROFILES_APPOP:false: NCSSF.aC->ICFG.sF->ICFG.sF->ICFG.sF@Cc8
01-04 09:15:28.567  2448 18191 I Telecom : SamsungInCallDumpController : ComponentEnabledSetting - componentName : ComponentInfo{com.google.android.gms/com.google.android.gms.bankscamwarning.services.BankScamCallDetectionService} / userId : 0 / componentEnabledState : 0
01-04 09:15:28.567  2448 18191 I Telecom : InCallController: found:ComponentInfo{com.google.android.gms/com.google.android.gms.bankscamwarning.services.BankScamCallDetectionService} isRequestedtype:false isEnabled:true ignoreDisabled:true hasCrossProfilePerm:true: NCSSF.aC->ICFG.sF->ICFG.sF->ICFG.sF@Cc8
01-04 09:15:28.567  2448 18191 I Telecom : InCallController: packageName:com.google.android.googlequicksearchbox INTERACT_ACROSS_USERS:false INTERACT_ACROSS_PROFILES:false INTERACT_ACROSS_PROFILES_APPOP:false: NCSSF.aC->ICFG.sF->ICFG.sF->ICFG.sF@Cc8
01-04 09:15:28.567  2448 18191 I Telecom : SamsungInCallDumpController : ComponentEnabledSetting - componentName : ComponentInfo{com.google.android.googlequicksearchbox/com.google.android.libraries.search.assistant.incallservice.IncomingCallInCallService} / userId : 0 / componentEnabledState : 1
01-04 09:15:28.567  2448 18191 I Telecom : InCallController: found:ComponentInfo{com.google.android.googlequicksearchbox/com.google.android.libraries.search.assistant.incallservice.IncomingCallInCallService} isRequestedtype:false isEnabled:true ignoreDisabled:true hasCrossProfilePerm:false: NCSSF.aC->ICFG.sF->ICFG.sF->ICFG.sF@Cc8
01-04 09:15:28.567  2448 18191 I Telecom : InCallController: packageName:com.google.android.googlequicksearchbox INTERACT_ACROSS_USERS:false INTERACT_ACROSS_PROFILES:false INTERACT_ACROSS_PROFILES_APPOP:false: NCSSF.aC->ICFG.sF->ICFG.sF->ICFG.sF@Cc8
01-04 09:15:28.567  2448 18191 I Telecom : SamsungInCallDumpController : ComponentEnabledSetting - componentName : ComponentInfo{com.google.android.googlequicksearchbox/com.google.android.libraries.search.assistant.performer.communication.IncomingCallInCallService} / userId : 0 / componentEnabledState : 2
01-04 09:15:28.568  2448 18191 I Telecom : InCallController: found:ComponentInfo{com.google.android.googlequicksearchbox/com.google.android.libraries.search.assistant.performer.communication.IncomingCallInCallService} isRequestedtype:false isEnabled:false ignoreDisabled:true hasCrossProfilePerm:false: NCSSF.aC->ICFG.sF->ICFG.sF->ICFG.sF@Cc8
01-04 09:15:28.568  2448 18191 I Telecom : InCallController: packageName:com.google.android.projection.gearhead INTERACT_ACROSS_USERS:false INTERACT_ACROSS_PROFILES:false INTERACT_ACROSS_PROFILES_APPOP:false: NCSSF.aC->ICFG.sF->ICFG.sF->ICFG.sF@Cc8
01-04 09:15:28.568  2448 18191 I Telecom : SamsungInCallDumpController : ComponentEnabledSetting - componentName : ComponentInfo{com.google.android.projection.gearhead/com.google.android.apps.auto.components.telecom.service.NonCarInCallServiceImpl} / userId : 0 / componentEnabledState : 2
01-04 09:15:28.568  2448 18191 I Telecom : InCallController: found:ComponentInfo{com.google.android.projection.gearhead/com.google.android.apps.auto.components.telecom.service.NonCarInCallServiceImpl} isRequestedtype:false isEnabled:false ignoreDisabled:true hasCrossProfilePerm:false: NCSSF.aC->ICFG.sF->ICFG.sF->ICFG.sF@Cc8
01-04 09:15:28.568  2448 18191 I Telecom : InCallController: packageName:com.google.android.projection.gearhead INTERACT_ACROSS_USERS:false INTERACT_ACROSS_PROFILES:false INTERACT_ACROSS_PROFILES_APPOP:false: NCSSF.aC->ICFG.sF->ICFG.sF->ICFG.sF@Cc8
01-04 09:15:28.568  2448 18191 I Telecom : SamsungInCallDumpController : ComponentEnabledSetting - componentName : ComponentInfo{com.google.android.projection.gearhead/com.google.android.apps.auto.components.telecom.service.CarProjectionInCallServiceImpl} / userId : 0 / componentEnabledState : 2
01-04 09:15:28.568  2448 18191 I Telecom : InCallController: found:ComponentInfo{com.google.android.projection.gearhead/com.google.android.apps.auto.components.telecom.service.CarProjectionInCallServiceImpl} isRequestedtype:true isEnabled:false ignoreDisabled:true hasCrossProfilePerm:false: NCSSF.aC->ICFG.sF->ICFG.sF->ICFG.sF@Cc8
01-04 09:15:28.568  2448 18191 I Telecom : InCallController: packageName:com.samsung.android.bixby.agent INTERACT_ACROSS_USERS:true INTERACT_ACROSS_PROFILES:false INTERACT_ACROSS_PROFILES_APPOP:false: NCSSF.aC->ICFG.sF->ICFG.sF->ICFG.sF@Cc8
01-04 09:15:28.568  2448 18191 I Telecom : SamsungInCallDumpController : ComponentEnabledSetting - componentName : ComponentInfo{com.samsung.android.bixby.agent/com.samsung.android.bixby.agent.appbridge.clientaction.incallservice.BixbyInCallService} / userId : 0 / componentEnabledState : 2
01-04 09:15:28.568  2448 18191 I Telecom : InCallController: found:ComponentInfo{com.samsung.android.bixby.agent/com.samsung.android.bixby.agent.appbridge.clientaction.incallservice.BixbyInCallService} isRequestedtype:false isEnabled:false ignoreDisabled:true hasCrossProfilePerm:true: NCSSF.aC->ICFG.sF->ICFG.sF->ICFG.sF@Cc8
01-04 09:15:28.568  2448 18191 I Telecom : InCallController: packageName:com.samsung.android.dialer INTERACT_ACROSS_USERS:true INTERACT_ACROSS_PROFILES:false INTERACT_ACROSS_PROFILES_APPOP:false: NCSSF.aC->ICFG.sF->ICFG.sF->ICFG.sF@Cc8
01-04 09:15:28.568  2448 18191 I Telecom : SamsungInCallDumpController : ComponentEnabledSetting - componentName : ComponentInfo{com.samsung.android.dialer/com.android.incallui.InCallServiceImpl} / userId : 0 / componentEnabledState : 0
01-04 09:15:28.568  2448 18191 I Telecom : InCallController: found:ComponentInfo{com.samsung.android.dialer/com.android.incallui.InCallServiceImpl} isRequestedtype:false isEnabled:true ignoreDisabled:true hasCrossProfilePerm:true: NCSSF.aC->ICFG.sF->ICFG.sF->ICFG.sF@Cc8
01-04 09:15:28.568  2448 18191 I Telecom : InCallController: packageName:com.samsung.android.brightnessbackupservice INTERACT_ACROSS_USERS:true INTERACT_ACROSS_PROFILES:true INTERACT_ACROSS_PROFILES_APPOP:true: NCSSF.aC->ICFG.sF->ICFG.sF->ICFG.sF@Cc8
01-04 09:15:28.568  2448 18191 I Telecom : SamsungInCallDumpController : ComponentEnabledSetting - componentName : ComponentInfo{com.samsung.android.emergency/com.samsung.android.emergency.InCallService.EmergencyInCallServiceImpl} / userId : 0 / componentEnabledState : 0
01-04 09:15:28.568  2448 18191 I Telecom : InCallController: found:ComponentInfo{com.samsung.android.emergency/com.samsung.android.emergency.InCallService.EmergencyInCallServiceImpl} isRequestedtype:false isEnabled:false ignoreDisabled:true hasCrossProfilePerm:true: NCSSF.aC->ICFG.sF->ICFG.sF->ICFG.sF@Cc8
01-04 09:15:28.569  2448 18191 I Telecom : InCallController: packageName:com.android.providers.telephony INTERACT_ACROSS_USERS:true INTERACT_ACROSS_PROFILES:false INTERACT_ACROSS_PROFILES_APPOP:false: NCSSF.aC->ICFG.sF->ICFG.sF->ICFG.sF@Cc8
01-04 09:15:28.569  2448 18191 I Telecom : SamsungInCallDumpController : ComponentEnabledSetting - componentName : ComponentInfo{com.samsung.android.incallui/com.android.incallui.InCallServiceImpl} / userId : 0 / componentEnabledState : 0
01-04 09:15:28.569  2448 18191 I Telecom : InCallController: found:ComponentInfo{com.samsung.android.incallui/com.android.incallui.InCallServiceImpl} isRequestedtype:false isEnabled:true ignoreDisabled:true hasCrossProfilePerm:true: NCSSF.aC->ICFG.sF->ICFG.sF->ICFG.sF@Cc8
01-04 09:15:28.569  2448 18191 I Telecom : InCallController: packageName:com.android.providers.telephony INTERACT_ACROSS_USERS:true INTERACT_ACROSS_PROFILES:false INTERACT_ACROSS_PROFILES_APPOP:false: NCSSF.aC->ICFG.sF->ICFG.sF->ICFG.sF@Cc8
01-04 09:15:28.569  2448 18191 I Telecom : SamsungInCallDumpController : ComponentEnabledSetting - componentName : ComponentInfo{com.samsung.android.incallui/com.android.incallui.NonUiServiceImpl} / userId : 0 / componentEnabledState : 0
01-04 09:15:28.569  2448 18191 I Telecom : InCallController: found:ComponentInfo{com.samsung.android.incallui/com.android.incallui.NonUiServiceImpl} isRequestedtype:false isEnabled:true ignoreDisabled:true hasCrossProfilePerm:true: NCSSF.aC->ICFG.sF->ICFG.sF->ICFG.sF@Cc8
01-04 09:15:28.569  2448 18191 I Telecom : InCallController: packageName:com.samsung.android.brightnessbackupservice INTERACT_ACROSS_USERS:true INTERACT_ACROSS_PROFILES:true INTERACT_ACROSS_PROFILES_APPOP:true: NCSSF.aC->ICFG.sF->ICFG.sF->ICFG.sF@Cc8
01-04 09:15:28.569  2448 18191 I Telecom : SamsungInCallDumpController : ComponentEnabledSetting - componentName : ComponentInfo{com.samsung.android.mdecservice/com.samsung.android.mdecservice.mdec.services.InCallServiceImpl} / userId : 0 / componentEnabledState : 0
01-04 09:15:28.569  2448 18191 I Telecom : InCallController: found:ComponentInfo{com.samsung.android.mdecservice/com.samsung.android.mdecservice.mdec.services.InCallServiceImpl} isRequestedtype:false isEnabled:false ignoreDisabled:true hasCrossProfilePerm:true: NCSSF.aC->ICFG.sF->ICFG.sF->ICFG.sF@Cc8
01-04 09:15:28.569  2448 18191 I Telecom : InCallController: packageName:com.samsung.android.app.routines INTERACT_ACROSS_USERS:true INTERACT_ACROSS_PROFILES:false INTERACT_ACROSS_PROFILES_APPOP:false: NCSSF.aC->ICFG.sF->ICFG.sF->ICFG.sF@Cc8
01-04 09:15:28.569  2448 18191 I Telecom : SamsungInCallDumpController : ComponentEnabledSetting - componentName : ComponentInfo{com.sec.android.cover.ledcover/com.sec.android.cover.manager.call.LedCoverCallService} / userId : 0 / componentEnabledState : 0
01-04 09:15:28.569  2448 18191 I Telecom : InCallController: found:ComponentInfo{com.sec.android.cover.ledcover/com.sec.android.cover.manager.call.LedCoverCallService} isRequestedtype:false isEnabled:false ignoreDisabled:true hasCrossProfilePerm:true: NCSSF.aC->ICFG.sF->ICFG.sF->ICFG.sF@Cc8
01-04 09:15:28.569  2448 18191 I Telecom : Event: RecordEntry TC@5: NEW_ICSC, [ComponentInfo{com.samsung.android.incallui/com.android.incallui.InCallServiceImpl} supportsExternal? true supportsSelfMg?false] { supportsAllowedSelfMg? false, 2, 0 }, null, [ComponentInfo{com.samsung.android.incallui/com.android.incallui.InCallServiceImpl} supportsExternal? true supportsSelfMg?false] { supportsAllowedSelfMg? false, 2, 0 }, null: NCSSF.aC->ICFG.sF->ICFG.sF->ICFG.sF@Cc8
01-04 09:15:28.570  2448 18191 I Telecom : Event: RecordEntry TC@5: NEW_ICS_INFO, [ComponentInfo{com.samsung.android.incallui/com.android.incallui.InCallServiceImpl} supportsExternal? true supportsSelfMg?false] { supportsAllowedSelfMg? false, 2, 0 }, [ComponentInfo{com.samsung.android.incallui/com.android.incallui.InCallServiceImpl} supportsExternal? true supportsSelfMg?false] { supportsAllowedSelfMg? false, 2, 0 }, null, false, false: NCSSF.aC->ICFG.sF->ICFG.sF->ICFG.sF@Cc8
01-04 09:15:28.570  2448 18191 I Telecom : InCallController$CarSwappingInCallServiceConnection: chooseInitialInCallService: false => false: NCSSF.aC->ICFG.sF->ICFG.sF->ICFG.sF@Cc8
01-04 09:15:28.570  2448 18191 I Telecom : EmergencyCallHelper: ShouldGrantTemporaryLocationPermission, not emergency: NCSSF.aC->ICFG.sF->ICFG.sF->ICFG.sF@Cc8
01-04 09:15:28.570  2448 18191 I Telecom : InCallController$EmergencyInCallServiceConnection: Attempting to bind to InCall [ComponentInfo{com.samsung.android.incallui/com.android.incallui.InCallServiceImpl} supportsExternal? true supportsSelfMg?false] { supportsAllowedSelfMg? false, 2, 0 }, with Intent { act=android.telecom.InCallService cmp=com.samsung.android.incallui/com.android.incallui.InCallServiceImpl }: NCSSF.aC->ICFG.sF->ICFG.sF->ICFG.sF@Cc8
01-04 09:15:28.570  2448 18191 I Telecom : InCallController$EmergencyInCallServiceConnection: using user id: UserHandle{-2} for binding. User from Call is: UserHandle{0}: NCSSF.aC->ICFG.sF->ICFG.sF->ICFG.sF@Cc8
01-04 09:15:28.570  2448 18191 I Telecom : Event: RecordEntry TC@5: BIND_ICS, [ComponentInfo{com.samsung.android.incallui/com.android.incallui.InCallServiceImpl} supportsExternal? true supportsSelfMg?false] { supportsAllowedSelfMg? false, 2, 0 }, UserHandle{-2}, UserHandle{0}: NCSSF.aC->ICFG.sF->ICFG.sF->ICFG.sF@Cc8
