01-04 09:15:28.572  2448 18191 I Telecom : InCallController$EmergencyInCallServiceConnection: mCall: [Call id=TC@5, state=RINGING, tpac=ComponentInfo{com.android.phone/com.android.services.telephony.TelephonyConnectionService}, 1, UserHandle{0}, cmgr=ComponentInfo{com.android.phone/com.android.services.telephony.TelephonyConnectionService}, 1, UserHandle{0}, handle=tel:************, vidst=A, childs(0), has_parent(false), cap=[ sup_hld mut !v2a spd_aud], prop=[ HD wifi]], voip=falsecaps=[Capabilities: CAPABILITY_SUPPORT_HOLD CAPABILITY_MUTE CAPABILITY_CANNOT_DOWNGRADE_VIDEO_TO_AUDIO CAPABILITY_SPEED_UP_MT_AUDIO], props=[Properties: PROPERTY_HIGH_DEF_AUDIO PROPERTY_WIFI], conf(false), had_child(false), mIsConnected: true: NCSSF.aC->ICFG.sF->ICFG.sF->ICFG.sF@Cc8
01-04 09:15:28.572  2448 18191 I Telecom : InCallController: getComponents, pkgname: null comp: null userid: 0 requestedType: 4: NCSSF.aC->ICFG.sF->ICFG.sF->ICFG.sF@Cc8
01-04 09:15:28.573  2448 18191 I Telecom : InCallController: packageName:com.samsung.android.brightnessbackupservice INTERACT_ACROSS_USERS:true INTERACT_ACROSS_PROFILES:true INTERACT_ACROSS_PROFILES_APPOP:true: NCSSF.aC->ICFG.sF->ICFG.sF->ICFG.sF@Cc8
01-04 09:15:28.573  2448 18191 I Telecom : SamsungInCallDumpController : ComponentEnabledSetting - componentName : ComponentInfo{android/com.android.server.companion.datatransfer.contextsync.CallMetadataSyncInCallService} / userId : 0 / componentEnabledState : 0
01-04 09:15:28.573  2448 18191 I Telecom : InCallController: found:ComponentInfo{android/com.android.server.companion.datatransfer.contextsync.CallMetadataSyncInCallService} isRequestedtype:true isEnabled:false ignoreDisabled:true hasCrossProfilePerm:true: NCSSF.aC->ICFG.sF->ICFG.sF->ICFG.sF@Cc8
01-04 09:15:28.573  2448 18216 I Telecom : SamsungQuickResponsesRepositoryImpl : loadCannedTextMessages - count : 3
01-04 09:15:28.573  2448 18191 I Telecom : InCallController: packageName:com.samsung.android.brightnessbackupservice INTERACT_ACROSS_USERS:true INTERACT_ACROSS_PROFILES:true INTERACT_ACROSS_PROFILES_APPOP:true: NCSSF.aC->ICFG.sF->ICFG.sF->ICFG.sF@Cc8
01-04 09:15:28.573  2448 18191 I Telecom : SamsungInCallDumpController : ComponentEnabledSetting - componentName : ComponentInfo{android/com.android.ecm.EnhancedConfirmationCallTrackerService} / userId : 0 / componentEnabledState : 0
01-04 09:15:28.573  2448 18191 I Telecom : InCallController: found:ComponentInfo{android/com.android.ecm.EnhancedConfirmationCallTrackerService} isRequestedtype:true isEnabled:true ignoreDisabled:true hasCrossProfilePerm:true: NCSSF.aC->ICFG.sF->ICFG.sF->ICFG.sF@Cc8
01-04 09:15:28.573  2448 18191 I Telecom : InCallController: packageName:com.sec.android.app.bluetoothagent INTERACT_ACROSS_USERS:true INTERACT_ACROSS_PROFILES:false INTERACT_ACROSS_PROFILES_APPOP:false: NCSSF.aC->ICFG.sF->ICFG.sF->ICFG.sF@Cc8
01-04 09:15:28.573  2448 18191 I Telecom : SamsungInCallDumpController : ComponentEnabledSetting - componentName : ComponentInfo{com.android.bluetooth/com.android.bluetooth.telephony.BluetoothInCallService} / userId : 0 / componentEnabledState : 1
01-04 09:15:28.574  2448 18191 I Telecom : InCallController: found:ComponentInfo{com.android.bluetooth/com.android.bluetooth.telephony.BluetoothInCallService} isRequestedtype:false isEnabled:true ignoreDisabled:true hasCrossProfilePerm:true: NCSSF.aC->ICFG.sF->ICFG.sF->ICFG.sF@Cc8
01-04 09:15:28.574  2448 18191 I Telecom : InCallController: packageName:com.google.android.as INTERACT_ACROSS_USERS:false INTERACT_ACROSS_PROFILES:false INTERACT_ACROSS_PROFILES_APPOP:false: NCSSF.aC->ICFG.sF->ICFG.sF->ICFG.sF@Cc8
01-04 09:15:28.574  2448 18191 I Telecom : SamsungInCallDumpController : ComponentEnabledSetting - componentName : ComponentInfo{com.google.android.as/com.google.android.apps.miphone.aiai.captions.tulip.audiosource.impl.CIS} / userId : 0 / componentEnabledState : 1
01-04 09:15:28.574  2448 18191 I Telecom : InCallController: found:ComponentInfo{com.google.android.as/com.google.android.apps.miphone.aiai.captions.tulip.audiosource.impl.CIS} isRequestedtype:true isEnabled:true ignoreDisabled:true hasCrossProfilePerm:false: NCSSF.aC->ICFG.sF->ICFG.sF->ICFG.sF@Cc8
01-04 09:15:28.574  2448 18191 I Telecom : InCallController: packageName:com.google.android.gsf INTERACT_ACROSS_USERS:true INTERACT_ACROSS_PROFILES:false INTERACT_ACROSS_PROFILES_APPOP:false: NCSSF.aC->ICFG.sF->ICFG.sF->ICFG.sF@Cc8
01-04 09:15:28.574  2448 18191 I Telecom : SamsungInCallDumpController : ComponentEnabledSetting - componentName : ComponentInfo{com.google.android.gms/com.google.android.gms.bankscamwarning.services.BankScamCallDetectionService} / userId : 0 / componentEnabledState : 0
01-04 09:15:28.574  2448 18191 I Telecom : InCallController: found:ComponentInfo{com.google.android.gms/com.google.android.gms.bankscamwarning.services.BankScamCallDetectionService} isRequestedtype:true isEnabled:true ignoreDisabled:true hasCrossProfilePerm:true: NCSSF.aC->ICFG.sF->ICFG.sF->ICFG.sF@Cc8
01-04 09:15:28.574  2448 18191 I Telecom : InCallController: packageName:com.google.android.googlequicksearchbox INTERACT_ACROSS_USERS:false INTERACT_ACROSS_PROFILES:false INTERACT_ACROSS_PROFILES_APPOP:false: NCSSF.aC->ICFG.sF->ICFG.sF->ICFG.sF@Cc8
01-04 09:15:28.574  2448 18191 I Telecom : SamsungInCallDumpController : ComponentEnabledSetting - componentName : ComponentInfo{com.google.android.googlequicksearchbox/com.google.android.libraries.search.assistant.incallservice.IncomingCallInCallService} / userId : 0 / componentEnabledState : 1
01-04 09:15:28.574  2448 18191 I Telecom : InCallController: found:ComponentInfo{com.google.android.googlequicksearchbox/com.google.android.libraries.search.assistant.incallservice.IncomingCallInCallService} isRequestedtype:true isEnabled:true ignoreDisabled:true hasCrossProfilePerm:false: NCSSF.aC->ICFG.sF->ICFG.sF->ICFG.sF@Cc8
01-04 09:15:28.574  2448 18191 I Telecom : InCallController: packageName:com.google.android.googlequicksearchbox INTERACT_ACROSS_USERS:false INTERACT_ACROSS_PROFILES:false INTERACT_ACROSS_PROFILES_APPOP:false: NCSSF.aC->ICFG.sF->ICFG.sF->ICFG.sF@Cc8
01-04 09:15:28.574  2448 18191 I Telecom : SamsungInCallDumpController : ComponentEnabledSetting - componentName : ComponentInfo{com.google.android.googlequicksearchbox/com.google.android.libraries.search.assistant.performer.communication.IncomingCallInCallService} / userId : 0 / componentEnabledState : 2
01-04 09:15:28.574  2448 18191 I Telecom : InCallController: found:ComponentInfo{com.google.android.googlequicksearchbox/com.google.android.libraries.search.assistant.performer.communication.IncomingCallInCallService} isRequestedtype:true isEnabled:false ignoreDisabled:true hasCrossProfilePerm:false: NCSSF.aC->ICFG.sF->ICFG.sF->ICFG.sF@Cc8
01-04 09:15:28.574  2448 18191 I Telecom : InCallController: packageName:com.google.android.projection.gearhead INTERACT_ACROSS_USERS:false INTERACT_ACROSS_PROFILES:false INTERACT_ACROSS_PROFILES_APPOP:false: NCSSF.aC->ICFG.sF->ICFG.sF->ICFG.sF@Cc8
01-04 09:15:28.574  2448 18191 I Telecom : SamsungInCallDumpController : ComponentEnabledSetting - componentName : ComponentInfo{com.google.android.projection.gearhead/com.google.android.apps.auto.components.telecom.service.NonCarInCallServiceImpl} / userId : 0 / componentEnabledState : 2
01-04 09:15:28.575  2448 18191 I Telecom : InCallController: found:ComponentInfo{com.google.android.projection.gearhead/com.google.android.apps.auto.components.telecom.service.NonCarInCallServiceImpl} isRequestedtype:true isEnabled:false ignoreDisabled:true hasCrossProfilePerm:false: NCSSF.aC->ICFG.sF->ICFG.sF->ICFG.sF@Cc8
01-04 09:15:28.575  2448 18191 I Telecom : InCallController: packageName:com.google.android.projection.gearhead INTERACT_ACROSS_USERS:false INTERACT_ACROSS_PROFILES:false INTERACT_ACROSS_PROFILES_APPOP:false: NCSSF.aC->ICFG.sF->ICFG.sF->ICFG.sF@Cc8
01-04 09:15:28.575  2448 18191 I Telecom : SamsungInCallDumpController : ComponentEnabledSetting - componentName : ComponentInfo{com.google.android.projection.gearhead/com.google.android.apps.auto.components.telecom.service.CarProjectionInCallServiceImpl} / userId : 0 / componentEnabledState : 2
01-04 09:15:28.575  2448 18191 I Telecom : InCallController: found:ComponentInfo{com.google.android.projection.gearhead/com.google.android.apps.auto.components.telecom.service.CarProjectionInCallServiceImpl} isRequestedtype:false isEnabled:false ignoreDisabled:true hasCrossProfilePerm:false: NCSSF.aC->ICFG.sF->ICFG.sF->ICFG.sF@Cc8
01-04 09:15:28.575  2448 18191 I Telecom : InCallController: packageName:com.samsung.android.bixby.agent INTERACT_ACROSS_USERS:true INTERACT_ACROSS_PROFILES:false INTERACT_ACROSS_PROFILES_APPOP:false: NCSSF.aC->ICFG.sF->ICFG.sF->ICFG.sF@Cc8
01-04 09:15:28.575  2448 18191 I Telecom : SamsungInCallDumpController : ComponentEnabledSetting - componentName : ComponentInfo{com.samsung.android.bixby.agent/com.samsung.android.bixby.agent.appbridge.clientaction.incallservice.BixbyInCallService} / userId : 0 / componentEnabledState : 2
01-04 09:15:28.575  2448 18191 I Telecom : InCallController: found:ComponentInfo{com.samsung.android.bixby.agent/com.samsung.android.bixby.agent.appbridge.clientaction.incallservice.BixbyInCallService} isRequestedtype:true isEnabled:false ignoreDisabled:true hasCrossProfilePerm:true: NCSSF.aC->ICFG.sF->ICFG.sF->ICFG.sF@Cc8
01-04 09:15:28.575  2448 18191 I Telecom : InCallController: packageName:com.samsung.android.dialer INTERACT_ACROSS_USERS:true INTERACT_ACROSS_PROFILES:false INTERACT_ACROSS_PROFILES_APPOP:false: NCSSF.aC->ICFG.sF->ICFG.sF->ICFG.sF@Cc8
01-04 09:15:28.575  2448 18191 I Telecom : SamsungInCallDumpController : ComponentEnabledSetting - componentName : ComponentInfo{com.samsung.android.dialer/com.android.incallui.InCallServiceImpl} / userId : 0 / componentEnabledState : 0
01-04 09:15:28.575  2448 18191 I Telecom : InCallController: found:ComponentInfo{com.samsung.android.dialer/com.android.incallui.InCallServiceImpl} isRequestedtype:false isEnabled:true ignoreDisabled:true hasCrossProfilePerm:true: NCSSF.aC->ICFG.sF->ICFG.sF->ICFG.sF@Cc8
01-04 09:15:28.575  2448 18191 I Telecom : InCallController: packageName:com.samsung.android.brightnessbackupservice INTERACT_ACROSS_USERS:true INTERACT_ACROSS_PROFILES:true INTERACT_ACROSS_PROFILES_APPOP:true: NCSSF.aC->ICFG.sF->ICFG.sF->ICFG.sF@Cc8
01-04 09:15:28.575  2448 18191 I Telecom : SamsungInCallDumpController : ComponentEnabledSetting - componentName : ComponentInfo{com.samsung.android.emergency/com.samsung.android.emergency.InCallService.EmergencyInCallServiceImpl} / userId : 0 / componentEnabledState : 0
01-04 09:15:28.575  2448 18191 I Telecom : InCallController: found:ComponentInfo{com.samsung.android.emergency/com.samsung.android.emergency.InCallService.EmergencyInCallServiceImpl} isRequestedtype:true isEnabled:false ignoreDisabled:true hasCrossProfilePerm:true: NCSSF.aC->ICFG.sF->ICFG.sF->ICFG.sF@Cc8
01-04 09:15:28.575  2448 18191 I Telecom : InCallController: packageName:com.android.providers.telephony INTERACT_ACROSS_USERS:true INTERACT_ACROSS_PROFILES:false INTERACT_ACROSS_PROFILES_APPOP:false: NCSSF.aC->ICFG.sF->ICFG.sF->ICFG.sF@Cc8
01-04 09:15:28.576  2448 18191 I Telecom : SamsungInCallDumpController : ComponentEnabledSetting - componentName : ComponentInfo{com.samsung.android.incallui/com.android.incallui.InCallServiceImpl} / userId : 0 / componentEnabledState : 0
01-04 09:15:28.576  2448 18191 I Telecom : InCallController: found:ComponentInfo{com.samsung.android.incallui/com.android.incallui.InCallServiceImpl} isRequestedtype:false isEnabled:true ignoreDisabled:true hasCrossProfilePerm:true: NCSSF.aC->ICFG.sF->ICFG.sF->ICFG.sF@Cc8
01-04 09:15:28.576  2448 18191 I Telecom : InCallController: packageName:com.android.providers.telephony INTERACT_ACROSS_USERS:true INTERACT_ACROSS_PROFILES:false INTERACT_ACROSS_PROFILES_APPOP:false: NCSSF.aC->ICFG.sF->ICFG.sF->ICFG.sF@Cc8
01-04 09:15:28.576  2448 18191 I Telecom : SamsungInCallDumpController : ComponentEnabledSetting - componentName : ComponentInfo{com.samsung.android.incallui/com.android.incallui.NonUiServiceImpl} / userId : 0 / componentEnabledState : 0
01-04 09:15:28.576  2448 18191 I Telecom : InCallController: found:ComponentInfo{com.samsung.android.incallui/com.android.incallui.NonUiServiceImpl} isRequestedtype:true isEnabled:true ignoreDisabled:true hasCrossProfilePerm:true: NCSSF.aC->ICFG.sF->ICFG.sF->ICFG.sF@Cc8
01-04 09:15:28.576  2448 18191 I Telecom : InCallController: packageName:com.samsung.android.brightnessbackupservice INTERACT_ACROSS_USERS:true INTERACT_ACROSS_PROFILES:true INTERACT_ACROSS_PROFILES_APPOP:true: NCSSF.aC->ICFG.sF->ICFG.sF->ICFG.sF@Cc8
01-04 09:15:28.576  2448 18191 I Telecom : SamsungInCallDumpController : ComponentEnabledSetting - componentName : ComponentInfo{com.samsung.android.mdecservice/com.samsung.android.mdecservice.mdec.services.InCallServiceImpl} / userId : 0 / componentEnabledState : 0
01-04 09:15:28.576  2448 18191 I Telecom : InCallController: found:ComponentInfo{com.samsung.android.mdecservice/com.samsung.android.mdecservice.mdec.services.InCallServiceImpl} isRequestedtype:true isEnabled:false ignoreDisabled:true hasCrossProfilePerm:true: NCSSF.aC->ICFG.sF->ICFG.sF->ICFG.sF@Cc8
01-04 09:15:28.576  2448 18191 I Telecom : InCallController: packageName:com.samsung.android.app.routines INTERACT_ACROSS_USERS:true INTERACT_ACROSS_PROFILES:false INTERACT_ACROSS_PROFILES_APPOP:false: NCSSF.aC->ICFG.sF->ICFG.sF->ICFG.sF@Cc8
01-04 09:15:28.576  2448 18191 I Telecom : SamsungInCallDumpController : ComponentEnabledSetting - componentName : ComponentInfo{com.sec.android.cover.ledcover/com.sec.android.cover.manager.call.LedCoverCallService} / userId : 0 / componentEnabledState : 0
01-04 09:15:28.576  2448 18191 I Telecom : InCallController: found:ComponentInfo{com.sec.android.cover.ledcover/com.sec.android.cover.manager.call.LedCoverCallService} isRequestedtype:true isEnabled:false ignoreDisabled:true hasCrossProfilePerm:true: NCSSF.aC->ICFG.sF->ICFG.sF->ICFG.sF@Cc8
01-04 09:15:28.576  2448 18191 I Telecom : InCallController$InCallServiceBindingConnection: Attempting to bind to InCall [ComponentInfo{android/com.android.ecm.EnhancedConfirmationCallTrackerService} supportsExternal? false supportsSelfMg?true] { supportsAllowedSelfMg? false, 4, 0 }, with Intent { act=android.telecom.InCallService cmp=android/com.android.ecm.EnhancedConfirmationCallTrackerService }: NCSSF.aC->ICFG.sF->ICFG.sF->ICFG.sF@Cc8
01-04 09:15:28.577  2448 18191 I Telecom : InCallController$InCallServiceBindingConnection: using user id: UserHandle{-2} for binding. User from Call is: UserHandle{0}: NCSSF.aC->ICFG.sF->ICFG.sF->ICFG.sF@Cc8
01-04 09:15:28.577  2448 18191 I Telecom : Event: RecordEntry TC@5: BIND_ICS, [ComponentInfo{android/com.android.ecm.EnhancedConfirmationCallTrackerService} supportsExternal? false supportsSelfMg?true] { supportsAllowedSelfMg? false, 4, 0 }, UserHandle{-2}, UserHandle{0}: NCSSF.aC->ICFG.sF->ICFG.sF->ICFG.sF@Cc8
01-04 09:15:28.578  2448 18191 I Telecom : InCallController$InCallServiceBindingConnection: mCall: [Call id=TC@5, state=RINGING, tpac=ComponentInfo{com.android.phone/com.android.services.telephony.TelephonyConnectionService}, 1, UserHandle{0}, cmgr=ComponentInfo{com.android.phone/com.android.services.telephony.TelephonyConnectionService}, 1, UserHandle{0}, handle=tel:************, vidst=A, childs(0), has_parent(false), cap=[ sup_hld mut !v2a spd_aud], prop=[ HD wifi]], voip=falsecaps=[Capabilities: CAPABILITY_SUPPORT_HOLD CAPABILITY_MUTE CAPABILITY_CANNOT_DOWNGRADE_VIDEO_TO_AUDIO CAPABILITY_SPEED_UP_MT_AUDIO], props=[Properties: PROPERTY_HIGH_DEF_AUDIO PROPERTY_WIFI], conf(false), had_child(false), mIsConnected: true: NCSSF.aC->ICFG.sF->ICFG.sF->ICFG.sF@Cc8
01-04 09:15:28.578  2448 18191 I Telecom : InCallController$InCallServiceBindingConnection: Attempting to bind to InCall [ComponentInfo{com.google.android.as/com.google.android.apps.miphone.aiai.captions.tulip.audiosource.impl.CIS} supportsExternal? false supportsSelfMg?false] { supportsAllowedSelfMg? false, 4, 0 }, with Intent { act=android.telecom.InCallService cmp=com.google.android.as/com.google.android.apps.miphone.aiai.captions.tulip.audiosource.impl.CIS }: NCSSF.aC->ICFG.sF->ICFG.sF->ICFG.sF@Cc8
01-04 09:15:28.578  2448 18191 I Telecom : InCallController$InCallServiceBindingConnection: using user id: UserHandle{-2} for binding. User from Call is: UserHandle{0}: NCSSF.aC->ICFG.sF->ICFG.sF->ICFG.sF@Cc8
01-04 09:15:28.578  2448 18191 I Telecom : Event: RecordEntry TC@5: BIND_ICS, [ComponentInfo{com.google.android.as/com.google.android.apps.miphone.aiai.captions.tulip.audiosource.impl.CIS} supportsExternal? false supportsSelfMg?false] { supportsAllowedSelfMg? false, 4, 0 }, UserHandle{-2}, UserHandle{0}: NCSSF.aC->ICFG.sF->ICFG.sF->ICFG.sF@Cc8
01-04 09:15:28.579  2448 18191 I Telecom : InCallController$InCallServiceBindingConnection: mCall: [Call id=TC@5, state=RINGING, tpac=ComponentInfo{com.android.phone/com.android.services.telephony.TelephonyConnectionService}, 1, UserHandle{0}, cmgr=ComponentInfo{com.android.phone/com.android.services.telephony.TelephonyConnectionService}, 1, UserHandle{0}, handle=tel:************, vidst=A, childs(0), has_parent(false), cap=[ sup_hld mut !v2a spd_aud], prop=[ HD wifi]], voip=falsecaps=[Capabilities: CAPABILITY_SUPPORT_HOLD CAPABILITY_MUTE CAPABILITY_CANNOT_DOWNGRADE_VIDEO_TO_AUDIO CAPABILITY_SPEED_UP_MT_AUDIO], props=[Properties: PROPERTY_HIGH_DEF_AUDIO PROPERTY_WIFI], conf(false), had_child(false), mIsConnected: true: NCSSF.aC->ICFG.sF->ICFG.sF->ICFG.sF@Cc8
01-04 09:15:28.579  2448 18191 I Telecom : InCallController$InCallServiceBindingConnection: Attempting to bind to InCall [ComponentInfo{com.google.android.gms/com.google.android.gms.bankscamwarning.services.BankScamCallDetectionService} supportsExternal? false supportsSelfMg?false] { supportsAllowedSelfMg? false, 4, 0 }, with Intent { act=android.telecom.InCallService cmp=com.google.android.gms/.bankscamwarning.services.BankScamCallDetectionService }: NCSSF.aC->ICFG.sF->ICFG.sF->ICFG.sF@Cc8
01-04 09:15:28.579  2448 18191 I Telecom : InCallController$InCallServiceBindingConnection: using user id: UserHandle{-2} for binding. User from Call is: UserHandle{0}: NCSSF.aC->ICFG.sF->ICFG.sF->ICFG.sF@Cc8
01-04 09:15:28.579  2448 18191 I Telecom : Event: RecordEntry TC@5: BIND_ICS, [ComponentInfo{com.google.android.gms/com.google.android.gms.bankscamwarning.services.BankScamCallDetectionService} supportsExternal? false supportsSelfMg?false] { supportsAllowedSelfMg? false, 4, 0 }, UserHandle{-2}, UserHandle{0}: NCSSF.aC->ICFG.sF->ICFG.sF->ICFG.sF@Cc8
01-04 09:15:28.580  2448 18191 I Telecom : InCallController$InCallServiceBindingConnection: mCall: [Call id=TC@5, state=RINGING, tpac=ComponentInfo{com.android.phone/com.android.services.telephony.TelephonyConnectionService}, 1, UserHandle{0}, cmgr=ComponentInfo{com.android.phone/com.android.services.telephony.TelephonyConnectionService}, 1, UserHandle{0}, handle=tel:************, vidst=A, childs(0), has_parent(false), cap=[ sup_hld mut !v2a spd_aud], prop=[ HD wifi]], voip=falsecaps=[Capabilities: CAPABILITY_SUPPORT_HOLD CAPABILITY_MUTE CAPABILITY_CANNOT_DOWNGRADE_VIDEO_TO_AUDIO CAPABILITY_SPEED_UP_MT_AUDIO], props=[Properties: PROPERTY_HIGH_DEF_AUDIO PROPERTY_WIFI], conf(false), had_child(false), mIsConnected: true: NCSSF.aC->ICFG.sF->ICFG.sF->ICFG.sF@Cc8
01-04 09:15:28.580  2448 18191 I Telecom : InCallController$InCallServiceBindingConnection: Attempting to bind to InCall [ComponentInfo{com.google.android.googlequicksearchbox/com.google.android.libraries.search.assistant.incallservice.IncomingCallInCallService} supportsExternal? false supportsSelfMg?false] { supportsAllowedSelfMg? false, 4, 0 }, with Intent { act=android.telecom.InCallService cmp=com.google.android.googlequicksearchbox/com.google.android.libraries.search.assistant.incallservice.IncomingCallInCallService }: NCSSF.aC->ICFG.sF->ICFG.sF->ICFG.sF@Cc8
01-04 09:15:28.580  2448 18191 I Telecom : InCallController$InCallServiceBindingConnection: using user id: UserHandle{-2} for binding. User from Call is: UserHandle{0}: NCSSF.aC->ICFG.sF->ICFG.sF->ICFG.sF@Cc8
01-04 09:15:28.580  2448 18191 I Telecom : Event: RecordEntry TC@5: BIND_ICS, [ComponentInfo{com.google.android.googlequicksearchbox/com.google.android.libraries.search.assistant.incallservice.IncomingCallInCallService} supportsExternal? false supportsSelfMg?false] { supportsAllowedSelfMg? false, 4, 0 }, UserHandle{-2}, UserHandle{0}: NCSSF.aC->ICFG.sF->ICFG.sF->ICFG.sF@Cc8
01-04 09:15:28.582  2448 18191 I Telecom : InCallController$InCallServiceBindingConnection: mCall: [Call id=TC@5, state=RINGING, tpac=ComponentInfo{com.android.phone/com.android.services.telephony.TelephonyConnectionService}, 1, UserHandle{0}, cmgr=ComponentInfo{com.android.phone/com.android.services.telephony.TelephonyConnectionService}, 1, UserHandle{0}, handle=tel:************, vidst=A, childs(0), has_parent(false), cap=[ sup_hld mut !v2a spd_aud], prop=[ HD wifi]], voip=falsecaps=[Capabilities: CAPABILITY_SUPPORT_HOLD CAPABILITY_MUTE CAPABILITY_CANNOT_DOWNGRADE_VIDEO_TO_AUDIO CAPABILITY_SPEED_UP_MT_AUDIO], props=[Properties: PROPERTY_HIGH_DEF_AUDIO PROPERTY_WIFI], conf(false), had_child(false), mIsConnected: true: NCSSF.aC->ICFG.sF->ICFG.sF->ICFG.sF@Cc8
01-04 09:15:28.582  2448 18191 I Telecom : InCallController$InCallServiceBindingConnection: Attempting to bind to InCall [ComponentInfo{com.samsung.android.incallui/com.android.incallui.NonUiServiceImpl} supportsExternal? false supportsSelfMg?true] { supportsAllowedSelfMg? false, 4, 0 }, with Intent { act=android.telecom.InCallService cmp=com.samsung.android.incallui/com.android.incallui.NonUiServiceImpl }: NCSSF.aC->ICFG.sF->ICFG.sF->ICFG.sF@Cc8
01-04 09:15:28.582  2448 18191 I Telecom : InCallController$InCallServiceBindingConnection: using user id: UserHandle{-2} for binding. User from Call is: UserHandle{0}: NCSSF.aC->ICFG.sF->ICFG.sF->ICFG.sF@Cc8
01-04 09:15:28.582  2448 18191 I Telecom : Event: RecordEntry TC@5: BIND_ICS, [ComponentInfo{com.samsung.android.incallui/com.android.incallui.NonUiServiceImpl} supportsExternal? false supportsSelfMg?true] { supportsAllowedSelfMg? false, 4, 0 }, UserHandle{-2}, UserHandle{0}: NCSSF.aC->ICFG.sF->ICFG.sF->ICFG.sF@Cc8
01-04 09:15:28.582  2448 18191 I Telecom : InCallController$InCallServiceBindingConnection: mCall: [Call id=TC@5, state=RINGING, tpac=ComponentInfo{com.android.phone/com.android.services.telephony.TelephonyConnectionService}, 1, UserHandle{0}, cmgr=ComponentInfo{com.android.phone/com.android.services.telephony.TelephonyConnectionService}, 1, UserHandle{0}, handle=tel:************, vidst=A, childs(0), has_parent(false), cap=[ sup_hld mut !v2a spd_aud], prop=[ HD wifi]], voip=falsecaps=[Capabilities: CAPABILITY_SUPPORT_HOLD CAPABILITY_MUTE CAPABILITY_CANNOT_DOWNGRADE_VIDEO_TO_AUDIO CAPABILITY_SPEED_UP_MT_AUDIO], props=[Properties: PROPERTY_HIGH_DEF_AUDIO PROPERTY_WIFI], conf(false), had_child(false), mIsConnected: true: NCSSF.aC->ICFG.sF->ICFG.sF->ICFG.sF@Cc8
01-04 09:15:28.583  2448 18191 I Telecom : SamsungCallControlPolicyManager : using values for mcc : 310
01-04 09:15:28.583  2448 18191 I Telecom : SamsungCallControlPolicyManager : callImmediately phoneNumber : +13******262 / countryCode :  / isSpecialNumber : false
01-04 09:15:28.583  2448 18191 I Telecom : SamsungCallsManager : wasEverInSpecialNumberForCallImmediately : false
01-04 09:15:28.583  2448 18191 I Telecom : EmergencyCallHelper: ShouldGrantTemporaryLocationPermission, not emergency: NCSSF.aC->ICFG.sF->ICFG.sF->ICFG.sF@Cc8
01-04 09:15:28.583  2448 18191 I Telecom : InCallController: mInCallServiceConnection isConnected=true: NCSSF.aC->ICFG.sF->ICFG.sF->ICFG.sF@Cc8
01-04 09:15:28.583  2448 18191 I Telecom : TelecomWakeLock: Acquiring WakeLock with id: 26: NCSSF.aC->ICFG.sF->ICFG.sF->ICFG.sF@Cc8
01-04 09:15:28.583  2448 18191 I Telecom : InCallWakeLockController: Acquiring full wake lock: NCSSF.aC->ICFG.sF->ICFG.sF->ICFG.sF@Cc8
01-04 09:15:28.583  2448 18191 I Telecom : CallDiagnosticServiceController: bindCallDiagnosticService: no package; skip binding.: NCSSF.aC->ICFG.sF->ICFG.sF->ICFG.sF@Cc8
01-04 09:15:28.583  2448 18191 I Telecom : CallAudioManager: updateForegroundCall; oldFg=none, newFg=TC@5, aDC=, ring=TC@5, hold=: NCSSF.aC->ICFG.sF->ICFG.sF->ICFG.sF@Cc8
01-04 09:15:28.583  2448 18191 I Telecom : CallAudioRouteController: sendMessage UPDATE_SYSTEM_AUDIO_ROUTE 0 0: NCSSF.aC->ICFG.sF->ICFG.sF->ICFG.sF@Cc8
01-04 09:15:28.583  2448 18191 I Telecom : SamsungCallAudioManager : send message to CallAudioModeStateMachine - 17
01-04 09:15:28.583  2448  3796 I Telecom : CallAudioRouteController: Message received: UPDATE_SYSTEM_AUDIO_ROUTE=1201, arg1=0: NCSSF.aC->ICFG.sF->ICFG.sF->ICFG.sF->CARC.pM_UPDATE_SYSTEM_AUDIO_ROUTE@Cc8
01-04 09:15:28.584  2448 18191 I Telecom : SamsungBluetoothDeviceAdapter : setIsExistForegroundCall : true
01-04 09:15:28.584  2448  3800 I Telecom : CallAudioModeStateMachine: Message received: FOREGROUND_VOIP_MODE_CHANGE.: NCSSF.aC->ICFG.sF->ICFG.sF->ICFG.sF->CAMSM.pM_4001@Cc8
01-04 09:15:28.584  2448 18191 I Telecom : CallAudioManager: onCallEnteringRinging: mFeatureFlags.separatelyBindToBtIncallService() ? true: NCSSF.aC->ICFG.sF->ICFG.sF->ICFG.sF@Cc8
01-04 09:15:28.584  2448 18191 I Telecom : CallAudioManager: onCallEnteringRinging: mRingingCalls.getFirst().getBtIcsFuture() = java.util.concurrent.CompletableFuture@af40fc[Not completed, 1 dependents]: NCSSF.aC->ICFG.sF->ICFG.sF->ICFG.sF@Cc8
01-04 09:15:28.584  2448  3800 I Telecom : SamsungCallAudioModeStateMachine : get message for CallAudioModeStateMachine - 17
01-04 09:15:28.584  2448 18191 I Telecom : CallAnomalyWatchdog: maybePostCleanupTask; callId=TC@5, state=RINGING, createConnComplete=true: NCSSF.aC->ICFG.sF->ICFG.sF->ICFG.sF@Cc8
01-04 09:15:28.589  2448 18191 I Telecom : PhoneStateBroadcaster: Broadcasted state change: 1: NCSSF.aC->ICFG.sF->ICFG.sF->ICFG.sF@Cc8
01-04 09:15:28.589  2448 18191 I Telecom : PhoneStateBroadcaster : It takes 5 ms for broadcasting
01-04 09:15:28.589  2448 18191 I Telecom : IncomingCallNotifier: updateIncomingCall: foundIncomingcall = null: NCSSF.aC->ICFG.sF->ICFG.sF->ICFG.sF@Cc8
01-04 09:15:28.589  2448 18191 I Telecom : SamsungCallConnectTonePlayer : onCallAdded : [Call id=TC@5, state=RINGING, tpac=ComponentInfo{com.android.phone/com.android.services.telephony.TelephonyConnectionService}, 1, UserHandle{0}, cmgr=ComponentInfo{com.android.phone/com.android.services.telephony.TelephonyConnectionService}, 1, UserHandle{0}, handle=tel:************, vidst=A, childs(0), has_parent(false), cap=[ sup_hld mut !v2a spd_aud], prop=[ HD wifi]], voip=falsecaps=[Capabilities: CAPABILITY_SUPPORT_HOLD CAPABILITY_MUTE CAPABILITY_CANNOT_DOWNGRADE_VIDEO_TO_AUDIO CAPABILITY_SPEED_UP_MT_AUDIO], props=[Properties: PROPERTY_HIGH_DEF_AUDIO PROPERTY_WIFI], conf(false), had_child(false)
01-04 09:15:28.589  2448 18191 I Telecom : SamsungAutoAnswerCallsManagerListener : onCallAdded : [Call id=TC@5, state=RINGING, tpac=ComponentInfo{com.android.phone/com.android.services.telephony.TelephonyConnectionService}, 1, UserHandle{0}, cmgr=ComponentInfo{com.android.phone/com.android.services.telephony.TelephonyConnectionService}, 1, UserHandle{0}, handle=tel:************, vidst=A, childs(0), has_parent(false), cap=[ sup_hld mut !v2a spd_aud], prop=[ HD wifi]], voip=falsecaps=[Capabilities: CAPABILITY_SUPPORT_HOLD CAPABILITY_MUTE CAPABILITY_CANNOT_DOWNGRADE_VIDEO_TO_AUDIO CAPABILITY_SPEED_UP_MT_AUDIO], props=[Properties: PROPERTY_HIGH_DEF_AUDIO PROPERTY_WIFI], conf(false), had_child(false)
01-04 09:15:28.589  2448 18191 I Telecom : SamsungAutoAnswer : checkAutoAnsweringMode
01-04 09:15:28.590  2448 18191 I Telecom : SamsungCallSettingsRepositoryImpl : isAutoAnsweringModeOn : false
01-04 09:15:28.590  2448 18191 I Telecom : SamsungFolderAngleRegistrar : registerListenerToSensorManager failed :NOT_SUPPORTED
01-04 09:15:28.590  2448 18191 I Telecom : SamsungGearCommandManagerAdapterImpl : sendLiveTranslationState - bluetoothHeadset : null / connectedDevices : 0 / command : 0
01-04 09:15:28.590  2448 18191 I Telecom : SamsungMultiSimCallsManagerListener : onCallAdded - disconnectDialingCall : [Call id=TC@5, state=RINGING, tpac=ComponentInfo{com.android.phone/com.android.services.telephony.TelephonyConnectionService}, 1, UserHandle{0}, cmgr=ComponentInfo{com.android.phone/com.android.services.telephony.TelephonyConnectionService}, 1, UserHandle{0}, handle=tel:************, vidst=A, childs(0), has_parent(false), cap=[ sup_hld mut !v2a spd_aud], prop=[ HD wifi]], voip=falsecaps=[Capabilities: CAPABILITY_SUPPORT_HOLD CAPABILITY_MUTE CAPABILITY_CANNOT_DOWNGRADE_VIDEO_TO_AUDIO CAPABILITY_SPEED_UP_MT_AUDIO], props=[Properties: PROPERTY_HIGH_DEF_AUDIO PROPERTY_WIFI], conf(false), had_child(false)
01-04 09:15:28.590  2448 18191 I Telecom : SamsungEnterpriseDeviceManagerAdapterImpl : isCallerIDDisplayAllowed : true
01-04 09:15:28.590  2448 18191 I Telecom : SamsungRequestAddCallLogManager : setStartCallWithVideoState : Audio Only
01-04 09:15:28.590  2448 18191 I Telecom : SamsungIncomingCallReader : onCallAdded
01-04 09:15:28.590  2448 18191 I Telecom : SamsungIncomingCallReader : initialize
01-04 09:15:28.590  2448 18191 D Telecom : SamsungRingingTimeCallAddedTimeMarker :  callAddedElapsedTime : 51887449
01-04 09:15:28.590  2448 18191 I Telecom : Event: RecordEntry TC@5: FILTERING_COMPLETED, [Allow, logged, notified, contact exists, mCallScreeningAppName = CallMeNot, mCallScreeningComponentName = com.callmenot.app/com.callmenot.app.service.CallMeNotScreeningService, callScreeningResponse = callScreeningResponse=android.telecom.CallScreeningService$ParcelableCallResponse@c9f3609,callResponse=android.telecom.CallScreeningService$CallResponse@8994d0fe,shouldDisallowCall=false,shouldRejectCall=false,shouldSilenceCall=false,shouldSkipCallLog=false,shouldSkipNotification=false,shouldScreenCallViaAudioProcessing=false,callComposerAttachmentsToShow=-1]: NCSSF.aC->ICFG.sF->ICFG.sF->ICFG.sF@Cc8
01-04 09:15:28.593  2448  2448 I Telecom : Event: RecordEntry TC@5: ICS_SERVICE_CONNECTED, com.android.bluetooth/.telephony.BluetoothInCallService, android.os.BinderProxy@adcb394, false, true, false, 6: ICSBC.oSC(cab)@CdE
01-04 09:15:28.593  2448  2448 I Telecom : InCallController: onConnected to ComponentInfo{com.android.bluetooth/com.android.bluetooth.telephony.BluetoothInCallService}: ICSBC.oSC(cab)@CdE
01-04 09:15:28.596  2448  2448 I Telecom : InCallController: Adding 1 calls to InCallService after onConnected: ComponentInfo{com.android.bluetooth/com.android.bluetooth.telephony.BluetoothInCallService}, including external calls: ICSBC.oSC(cab)@CdE
01-04 09:15:28.611  2448 14564 I Telecom : SamsungDTMFToneGeneratorProxy : startLocalToneIfNeeded toneVolume = 1.0
01-04 09:15:28.620  2448  2448 I Telecom : SamsungRespondViaSmsRepositoryImpl : isRespondViaSmsCapable - phoneNumber : +13******262 / presentation : 1 / hasRespondViaSmsCapable : false / isRespondViaSmsCapable : false / userHandle : UserHandle{0}
01-04 09:15:28.621  2448  2448 I Telecom : ConnectionServiceWrapper: TC -> CS[cap]: onTrackedByNonUiService true: ICSBC.oSC(cab)@CdE
01-04 09:15:28.621  2448  2448 I Telecom : Event: RecordEntry TC@5: ICS_ADD_CALL, onConnected - [ComponentInfo{com.android.bluetooth/com.android.bluetooth.telephony.BluetoothInCallService} supportsExternal? false supportsSelfMg?true] { supportsAllowedSelfMg? false, 6, 0 }: ICSBC.oSC(cab)@CdE
01-04 09:15:28.621  2448  2448 I Telecom : InCallController: 1 calls sent to InCallService.: ICSBC.oSC(cab)@CdE
01-04 09:15:28.621  2448 18216 I Telecom : InCallController: Sending updateCall [Call id=TC@5, state=RINGING, tpac=ComponentInfo{com.android.phone/com.android.services.telephony.TelephonyConnectionService}, 1, UserHandle{0}, cmgr=ComponentInfo{com.android.phone/com.android.services.telephony.TelephonyConnectionService}, 1, UserHandle{0}, handle=tel:************, vidst=A, childs(0), has_parent(false), cap=[ sup_hld mut !v2a spd_aud], prop=[ HD wifi]], voip=falsecaps=[Capabilities: CAPABILITY_SUPPORT_HOLD CAPABILITY_MUTE CAPABILITY_CANNOT_DOWNGRADE_VIDEO_TO_AUDIO CAPABILITY_SPEED_UP_MT_AUDIO], props=[Properties: PROPERTY_HIGH_DEF_AUDIO PROPERTY_WIFI], conf(false), had_child(false)
01-04 09:15:28.622  3221  3221 I TelecomFramework: TelephonyConnectionService: onTrackedByNonUiService TC@5_1 true: (ICSBC.oSC)->CS.tBNUS->H.CS.tBNUS(cab/cast)@E-CdE
01-04 09:15:28.628  2448 18216 I Telecom : SamsungRespondViaSmsRepositoryImpl : isRespondViaSmsCapable - phoneNumber : +13******262 / presentation : 1 / hasRespondViaSmsCapable : false / isRespondViaSmsCapable : false / userHandle : UserHandle{0}
01-04 09:15:28.628  2448 18216 I Telecom : InCallController: Components updated: [ComponentInfo{com.android.bluetooth/com.android.bluetooth.telephony.BluetoothInCallService}]
01-04 09:15:28.629  2448  3796 I Telecom : CallAudioRouteController: updateCallAudioState: updating call audio state to [AudioState isMuted: false, route: EARPIECE, supportedRouteMask: EARPIECE, SPEAKER, activeBluetoothDevice: [null], supportedBluetoothDevices: []], UPDATE_SYSTEM_AUDIO_ROUTE - updateForegroundCall: NCSSF.aC->ICFG.sF->ICFG.sF->ICFG.sF->CARC.pM_UPDATE_SYSTEM_AUDIO_ROUTE@Cc8
01-04 09:15:28.629  2448  3796 I Telecom : InCallController: Calling onAudioStateChanged, audioState: [AudioState isMuted: false, route: EARPIECE, supportedRouteMask: EARPIECE, SPEAKER, activeBluetoothDevice: [null], supportedBluetoothDevices: []] -> [AudioState isMuted: false, route: EARPIECE, supportedRouteMask: EARPIECE, SPEAKER, activeBluetoothDevice: [null], supportedBluetoothDevices: []]: NCSSF.aC->ICFG.sF->ICFG.sF->ICFG.sF->CARC.pM_UPDATE_SYSTEM_AUDIO_ROUTE@Cc8
01-04 09:15:28.629  2448  3796 I Telecom : CallEndpointController: onCallAudioStateChanged, audioState: [AudioState isMuted: false, route: EARPIECE, supportedRouteMask: EARPIECE, SPEAKER, activeBluetoothDevice: [null], supportedBluetoothDevices: []] -> [AudioState isMuted: false, route: EARPIECE, supportedRouteMask: EARPIECE, SPEAKER, activeBluetoothDevice: [null], supportedBluetoothDevices: []]: NCSSF.aC->ICFG.sF->ICFG.sF->ICFG.sF->CARC.pM_UPDATE_SYSTEM_AUDIO_ROUTE@Cc8
01-04 09:15:28.629  2448  3796 I Telecom : InCallController: Calling onAvailableCallEndpointsChanged: NCSSF.aC->ICFG.sF->ICFG.sF->ICFG.sF->CARC.pM_UPDATE_SYSTEM_AUDIO_ROUTE@Cc8
01-04 09:15:28.629  2448  3796 I Telecom : ConnectionServiceWrapper: TC -> CS[cap]: onAvailableCallEndpointsChanged TC@5_1: NCSSF.aC->ICFG.sF->ICFG.sF->ICFG.sF->CARC.pM_UPDATE_SYSTEM_AUDIO_ROUTE@Cc8
01-04 09:15:28.630  2448  3796 I Telecom : InCallController: Calling onCallEndpointChanged: NCSSF.aC->ICFG.sF->ICFG.sF->ICFG.sF->CARC.pM_UPDATE_SYSTEM_AUDIO_ROUTE@Cc8
01-04 09:15:28.630  2448  3796 I Telecom : ConnectionServiceWrapper: TC -> CS[cap]: onCallEndpointChanged TC@5_1 [CallEndpoint Name: Earpiece, Type: EARPIECE, Identifier: e6e1fa2b-0164-4f84-8235-135e41d02979]: NCSSF.aC->ICFG.sF->ICFG.sF->ICFG.sF->CARC.pM_UPDATE_SYSTEM_AUDIO_ROUTE@Cc8
01-04 09:15:28.630  2448  3796 I Telecom : InCallController: Calling onMuteStateChanged: NCSSF.aC->ICFG.sF->ICFG.sF->ICFG.sF->CARC.pM_UPDATE_SYSTEM_AUDIO_ROUTE@Cc8
01-04 09:15:28.630  2448  3796 I Telecom : ConnectionServiceWrapper: TC -> CS[cap]: onMuteStateChanged TC@5_1 false: NCSSF.aC->ICFG.sF->ICFG.sF->ICFG.sF->CARC.pM_UPDATE_SYSTEM_AUDIO_ROUTE@Cc8
01-04 09:15:28.630  2448  3796 I Telecom : ConnectionServiceWrapper: TC -> CS[cap]: onCallAudioStateChanged TC@5_1 [AudioState isMuted: false, route: EARPIECE, supportedRouteMask: EARPIECE, SPEAKER, activeBluetoothDevice: [null], supportedBluetoothDevices: []]: NCSSF.aC->ICFG.sF->ICFG.sF->ICFG.sF->CARC.pM_UPDATE_SYSTEM_AUDIO_ROUTE@Cc8
01-04 09:15:28.631  2448  3802 I Telecom : SamsungCallAudioManager : send message to CallAudioModeStateMachine - 18
01-04 09:15:28.631  2448  3468 I Telecom : SamsungTelecomServiceImpl : isInCall - callingPackage : android / callingUser : UserHandle{0} / hasCrossUserAccess : true
01-04 09:15:28.631  2448  3800 I Telecom : CallAudioModeStateMachine: Message received: NEW_RINGING_CALL.: ICSBC.oSC->CAM.oCER->CAMSM.pM_2002(cab)@CdE
01-04 09:15:28.631  2448  3800 I Telecom : SamsungCallAudioModeStateMachine : get message for CallAudioModeStateMachine - 18
01-04 09:15:28.631  2448  3800 I Telecom : SamsungCallAudioModeStateMachine : samsungMessageArg: SamsungMessageArgs{ messageNumber =18, foregroundCallPhoneId =1, foregroundCallIsCs =false, foregroundCallIsVideo =false, mUseIWLAN =true, foregroundCallIsCmcSdCall =false, foregroundCallIsVoip =false, satelliteCall =false, mMuteFirstRing =false, phoneAccountHandle =ComponentInfo{com.android.phone/com.android.services.telephony.TelephonyConnectionService}, 1, UserHandle{0}, reason =internal}, targetMode : 3
01-04 09:15:28.631  2448  3800 I Telecom : CallAudioModeStateMachine: Audio focus entering RINGING state: ICSBC.oSC->CAM.oCER->CAMSM.pM_2002(cab)@CdE
01-04 09:15:28.631  3221  3221 I TelecomFramework: TelephonyConnectionService: onAvailableCallEndpointsChanged TC@5_1: (NCSSF.aC->ICFG.sF->ICFG.sF->ICFG.sF->CARC.pM_UPDATE_SYSTEM_AUDIO_ROUTE)->CS.oACEC->H.CS.cASC(cast)@E-Cc8
01-04 09:15:28.631  2448  3800 I Telecom : CallAudioModeStateMachine: checkDelayThenTryStartRinging false DelayedRinger: false,  delay: 0: ICSBC.oSC->CAM.oCER->CAMSM.pM_2002(cab)@CdE
01-04 09:15:28.631  2448  2448 I Telecom : Event: RecordEntry TC@5: ICS_SERVICE_CONNECTED, com.google.android.as/com.google.android.apps.miphone.aiai.captions.tulip.audiosource.impl.CIS, android.os.BinderProxy@ea5abfb, false, true, false, 4: ICSBC.oSC(cgaa)@CdM
01-04 09:15:28.631  2448  2448 I Telecom : InCallController: onConnected to ComponentInfo{com.google.android.as/com.google.android.apps.miphone.aiai.captions.tulip.audiosource.impl.CIS}: ICSBC.oSC(cgaa)@CdM
01-04 09:15:28.632  2448  2448 I Telecom : InCallController: Adding 1 calls to InCallService after onConnected: ComponentInfo{com.google.android.as/com.google.android.apps.miphone.aiai.captions.tulip.audiosource.impl.CIS}, including external calls: ICSBC.oSC(cgaa)@CdM
01-04 09:15:28.633  3221  3221 I TelecomFramework: TelephonyConnectionService: onCallEndpointChanged TC@5_1 [CallEndpoint Name: Earpiece, Type: EARPIECE, Identifier: e6e1fa2b-0164-4f84-8235-135e41d02979]: (NCSSF.aC->ICFG.sF->ICFG.sF->ICFG.sF->CARC.pM_UPDATE_SYSTEM_AUDIO_ROUTE)->CS.oCEC->H.CS.cASC(cast)@E-Cc8
01-04 09:15:28.633  3221  3221 I TelecomFramework: TelephonyConnectionService: onMuteStateChanged TC@5_1 false: (NCSSF.aC->ICFG.sF->ICFG.sF->ICFG.sF->CARC.pM_UPDATE_SYSTEM_AUDIO_ROUTE)->CS.oMSC->H.CS.cASC(cast)@E-Cc8
01-04 09:15:28.633  3221  3221 I TelecomFramework: TelephonyConnectionService: onAudioStateChanged TC@5_1 [AudioState isMuted: false, route: EARPIECE, supportedRouteMask: EARPIECE, SPEAKER, activeBluetoothDevice: [null], supportedBluetoothDevices: []]: (NCSSF.aC->ICFG.sF->ICFG.sF->ICFG.sF->CARC.pM_UPDATE_SYSTEM_AUDIO_ROUTE)->CS.cASC->H.CS.cASC(cast)@E-Cc8
01-04 09:15:28.637  2448  3800 I Telecom : SamsungCameraChecker : Video recording is  : false
01-04 09:15:28.639  2448  2448 I Telecom : SamsungRespondViaSmsRepositoryImpl : isRespondViaSmsCapable - phoneNumber : +13******262 / presentation : 1 / hasRespondViaSmsCapable : false / isRespondViaSmsCapable : false / userHandle : UserHandle{0}
01-04 09:15:28.639  2448  2448 I Telecom : ConnectionServiceWrapper: TC -> CS[cap]: onTrackedByNonUiService true: ICSBC.oSC(cgaa)@CdM
01-04 09:15:28.639  2448  2448 I Telecom : Event: RecordEntry TC@5: ICS_ADD_CALL, onConnected - [ComponentInfo{com.google.android.as/com.google.android.apps.miphone.aiai.captions.tulip.audiosource.impl.CIS} supportsExternal? false supportsSelfMg?false] { supportsAllowedSelfMg? false, 4, 0 }: ICSBC.oSC(cgaa)@CdM
01-04 09:15:28.640  2448  2448 I Telecom : InCallController: 1 calls sent to InCallService.: ICSBC.oSC(cgaa)@CdM
01-04 09:15:28.640  3221  3221 I TelecomFramework: TelephonyConnectionService: onTrackedByNonUiService TC@5_1 true: (ICSBC.oSC)->CS.tBNUS->H.CS.tBNUS(cgaa/cast)@E-CdM
01-04 09:15:28.640  2448  3468 I Telecom : SamsungTelecomServiceImpl : isInCall - callingPackage : android / callingUser : UserHandle{0} / hasCrossUserAccess : true
01-04 09:15:28.640  2448  2448 D MediaSessionService: Global priority session updated - user id=0 package=com.android.server.telecom active=true
01-04 09:15:28.640  2448  3800 I Telecom : SamsungRinger : isAlwaysRing - null
01-04 09:15:28.641  2448 14581 I Telecom : SamsungRinger : isAlwaysRing - null
01-04 09:15:28.641  2448  2448 D MediaSessionService: onSessionActiveStateChanged: record=com.android.server.telecom/HeadsetMediaButton/1 (userId=0) playbackState=null
01-04 09:15:28.642  2448 14581 I Telecom : Ringer: shouldRingForContact: returning computation from DndCallFilter.: ICSBC.oSC->CAM.oCER->CAMSM.pM_2002->R.sR(cab)@CdE
01-04 09:15:28.642  2448 14581 I Telecom : RingtoneFactory : isWorkContact= false contactCallerInfo= android.telecom.CallerInfo@a73685a { name non-null, phoneNumber non-null }
01-04 09:15:28.642  2448 14581 I Telecom : SamsungRingtoneHelper : getSamsungRingTone - ringtoneUri: null
01-04 09:15:28.642  2448 14581 I Telecom : SamsungRingerInfo : mGroupRingtoneUriForKnoxContact = null
01-04 09:15:28.642  2448 14581 I Telecom : SamsungRingerInfo : mGroupRingtoneUri = null
01-04 09:15:28.642  2448 14581 I Telecom : SamsungRingerInfo : getActualGroupRingtoneUri uri = 
01-04 09:15:28.642  2448 14581 I Telecom : SamsungRingtoneHelper : getSamsungRingTone - groupRingtoneUri: 
01-04 09:15:28.643  2448 14581 I Telecom : SamsungRingtoneHelper : getSamsungFeatureRingtoneUri Uri.EMPTY
01-04 09:15:28.643  2448 14581 I Telecom : SamsungRingtoneHelper : getSamsungRingTone - specialUri: 
01-04 09:15:28.643  2448 14581 I Telecom : SamsungRingtoneHelper : getSamsungRingTone - ringtone: null
01-04 09:15:28.643  2448 14581 I Telecom : SamsungRingtoneFactoryManager : getRingtone - ringtone : null / context : UserHandle{0}
01-04 09:15:28.643  2448 14581 I Telecom : SamsungRingtoneHelper : isDefaultRingtoneSetBefore - syncParentSound : 1
01-04 09:15:28.643  2448 14581 I Telecom : RingtoneFactory : defaultRingtoneUri: content://media/internal/audio/media/100?title=Atomic%20Bell&canonical=1
01-04 09:15:28.687  2448 14581 I Telecom : SamsungRingerInfo : syncVibGlobal : false, vibrationType : -1, isCurrentHapticPlaybackSupported : true, shouldRingByInCallUI : false
01-04 09:15:28.687  2448 14581 I Telecom : SamsungRingtoneHelper : updateHapticAttributes - hasHaptics: false, isMusicRingtone : false
01-04 09:15:28.714 18217 18217 I SCallUI : TelecomAdapter - setUp
01-04 09:15:28.716 18217 18217 I SCallUI : InCallServiceImpl@108756209 - CallUIPerf_S: onBind, {startBixby2(0ms), TelecomAdapter.setUp(0ms), setUpCarConnection(2ms), Total : 2ms}
01-04 09:15:28.772  2448 14581 I Telecom : SamsungAudioRecordingChecker : isAudioRecording false
01-04 09:15:28.772  2448 14581 I Telecom : SamsungRingerHelperImpl : isTPhoneRelaxMode : false
01-04 09:15:28.772  2448 14581 I Telecom : SamsungCameraChecker : Video recording is  : false
01-04 09:15:28.773  2448 14581 I Telecom : Ringer: startRinging timings: isRingerAudible: 0, isSilentRingRequested: 0, endEarlySamsung: 0, isSelfManaged: 0, isTheaterModeOn: 0, letDialerHandleRinging: 0, isVolumeOverZero: 2, hasExternalRinger: 0, letDialerHandleCallBackground: 0, isRecordingBySamsungApps: 1, getRingtone: 129, isWorkProfileInQuietMode: 0, shouldRingForContact: 0, : ICSBC.oSC->CAM.oCER->CAMSM.pM_2002->R.sR(cab)@CdE
01-04 09:15:28.773  2448 14581 I Telecom : Event: RecordEntry TC@5: RINGER_INFO, startRinging timings: isRingerAudible: 0, isSilentRingRequested: 0, endEarlySamsung: 0, isSelfManaged: 0, isTheaterModeOn: 0, letDialerHandleRinging: 0, isVolumeOverZero: 2, hasExternalRinger: 0, letDialerHandleCallBackground: 0, isRecordingBySamsungApps: 1, getRingtone: 129, isWorkProfileInQuietMode: 0, shouldRingForContact: 0, : ICSBC.oSC->CAM.oCER->CAMSM.pM_2002->R.sR(cab)@CdE
01-04 09:15:28.773  2448 14581 I Telecom : Event: RecordEntry TC@5: RINGER_INFO, RawContactId=88, uri=content://com.android.contacts/contacts/lookup/3300i3a19ee700efb29c7.1782r1351-4D332D332F2F2B374D333345574747313B2F33/88: ICSBC.oSC->CAM.oCER->CAMSM.pM_2002->R.sR(cab)@CdE
01-04 09:15:28.773  2448 14581 I Telecom : Event: RecordEntry TC@5: RINGER_INFO, contactIdOrZero=88, userType=0, contactRingtoneUri=null: ICSBC.oSC->CAM.oCER->CAMSM.pM_2002->R.sR(cab)@CdE
01-04 09:15:28.773  2448 14581 I Telecom : SamsungRingerInfo : setShouldRingForContact : true
01-04 09:15:28.773  2448 14581 I Telecom : SamsungRingerInfo : setLetDialerHandleCallBackground : true
01-04 09:15:28.773  2448 14581 I Telecom : Event: RecordEntry TC@5: RINGER_INFO, isRingerAudible=false, isVolumeOverZero=false, shouldRingForContact=true, endEarlySamsung=0, isHfpDeviceAttached=false, isRecordingBySamsungApps= false, getDevicesForStream=2: ICSBC.oSC->CAM.oCER->CAMSM.pM_2002->R.sR(cab)@CdE
01-04 09:15:28.773  2448 14581 I Telecom : Event: RecordEntry TC@5: RINGER_INFO, endEarly=false, endEarly2=false, isTheaterModeOn=false, letDialerHandleRinging=false, isSelfManaged=false, hasExternalRinger=false, letDialerHandleCallBackground=true: ICSBC.oSC->CAM.oCER->CAMSM.pM_2002->R.sR(cab)@CdE
01-04 09:15:28.773  2448  3800 I Telecom : SamsungRinger : Ending early -- isTheaterModeOn=false, letDialerHandleRinging=false, isSelfManaged=false, hasExternalRinger=false, silentRingingRequested=false, endEarlySamsung=0
01-04 09:15:28.774  2448  3800 I Telecom : Event: RecordEntry TC@5: FLASH_NOTIFICATION_START, null: ICSBC.oSC->CAM.oCER->CAMSM.pM_2002(cab)@CdE
01-04 09:15:28.774  2448  3817 I Telecom : SamsungMotionGroup : start
01-04 09:15:28.774  2448  3817 I Telecom : SamsungMotionPalm : checkRun by start : true false
01-04 09:15:28.774  2448  3817 I Telecom : SamsungMotionPalm : checkRunStop - isRegistered: false
01-04 09:15:28.774  2448  3817 I Telecom : SamsungMotionTurnOver : checkRun by start : true false
01-04 09:15:28.774  2448  3817 I MotionRecognitionManager:   .unregisterListener : / listener count = 0->0, name :com.samsung.server.telecom.model.motion.SamsungMotionRecognitionManagerAdapterImpl@851b128
01-04 09:15:28.774  2448  3817 I Telecom : SamsungIncomingCallReader : startTtsIfPossible - result is  : -3
01-04 09:15:28.774  2448 14581 I FlashNotifController: startFlashNotification: type=2, tag=com.android.server.telecom
01-04 09:15:28.775  2448  3800 I Telecom : SamsungRinger : hasVibrator=true, shouldVibrate=false, isRingVibrationEnabled=true, canVibrateWhenRinging=false
01-04 09:15:28.775  2448  3800 I Telecom : Event: RecordEntry TC@5: SKIP_RINGING, Inaudible: isVolumeOverZero=false, shouldRingForContact=true, isRingtonePresent=true isVibratorEnabled=false: ICSBC.oSC->CAM.oCER->CAMSM.pM_2002(cab)@CdE
01-04 09:15:28.775  2448  3800 I Telecom : SamsungAudioRecordingChecker : isAudioRecording false
01-04 09:15:28.775  2448  3800 I Telecom : SamsungHeadsetRinger : canPlayLE : false
01-04 09:15:28.775  2448  3800 I Telecom : SamsungHeadsetRinger : canPlaySCO : false
01-04 09:15:28.775  2448  3800 I Telecom : SamsungBluetoothDeviceAdapter : there is no hearing aid device
01-04 09:15:28.775  2448  3800 I Telecom : SamsungHeadsetRinger : canPlayHeadsetRingtone : false
01-04 09:15:28.775  2448  3800 I Telecom : SamsungHeadsetRinger : canStartHeadsetRingtone : false
01-04 09:15:28.775  2448  3800 I Telecom : Ringer: ringer & haptics are off, user missed alerts for call: ICSBC.oSC->CAM.oCER->CAMSM.pM_2002(cab)@CdE
01-04 09:15:28.775  2448  3800 I Telecom : Event: RecordEntry TC@5: SKIP_VIBRATION, hasVibrator=true, userRequestsVibrate=true, ringerMode=0, isVibratorEnabled=false: ICSBC.oSC->CAM.oCER->CAMSM.pM_2002(cab)@CdE
01-04 09:15:28.775  2448  3800 I Telecom : CallAudioModeStateMachine: RINGING state, try start ringing but not acquiring audio focus: ICSBC.oSC->CAM.oCER->CAMSM.pM_2002(cab)@CdE
01-04 09:15:28.775  2448  3800 I Telecom : SamsungCallAudioModeStateMachine : unMarkShouldControlEngine
01-04 09:15:28.776  2448  2448 W system_server: Long monitor contention with owner CallAudioModeStateMachine (3800) at boolean com.android.server.telecom.CallAudioManager.startRinging()(CallAudioManager.java:620) waiters=0 in boolean com.android.server.telecom.TelecomServiceImpl$1.isInCall(java.lang.String, java.lang.String) for 133ms
01-04 09:15:28.778  2448  2448 I Telecom : SamsungTelecomServiceImpl : isInCall - callingPackage : android / callingUser : UserHandle{0} / hasCrossUserAccess : true
01-04 09:15:28.778  2448  3621 I Telecom : SamsungTelecomServiceImpl : getCallCapablePhoneAccounts - includeDisabledAccounts : false / callingPackage : com.samsung.android.incallui / callingUser : UserHandle{0} / hasCrossUserAccess : true
01-04 09:15:28.779  2448  2448 I Telecom : Event: RecordEntry TC@5: ICS_SERVICE_CONNECTED, com.google.android.googlequicksearchbox/com.google.android.libraries.search.assistant.incallservice.IncomingCallInCallService, android.os.BinderProxy@56858e, false, true, false, 4: ICSBC.oSC(cgag)@Cdc
01-04 09:15:28.779  2448  2448 I Telecom : InCallController: onConnected to ComponentInfo{com.google.android.googlequicksearchbox/com.google.android.libraries.search.assistant.incallservice.IncomingCallInCallService}: ICSBC.oSC(cgag)@Cdc
01-04 09:15:28.780  2448  2448 I Telecom : InCallController: Adding 1 calls to InCallService after onConnected: ComponentInfo{com.google.android.googlequicksearchbox/com.google.android.libraries.search.assistant.incallservice.IncomingCallInCallService}, including external calls: ICSBC.oSC(cgag)@Cdc
01-04 09:15:28.790  2448  2448 I Telecom : SamsungRespondViaSmsRepositoryImpl : isRespondViaSmsCapable - phoneNumber : +13******262 / presentation : 1 / hasRespondViaSmsCapable : false / isRespondViaSmsCapable : false / userHandle : UserHandle{0}
