01-04 09:42:18.576  2448  2534 V WindowManager: Sent Transition (#1029) createdAt=01-04 09:42:18.381 via request=TransitionRequestInfo { type = CLOSE, triggerTask = TaskInfo{userId=0 taskId=12029 effectiveUid=10454 displayId=0 isRunning=true baseIntent=Intent { act=android.intent.action.MAIN cat=[android.intent.category.LAUNCHER] flg=0x34000000 pkg=com.callmenot.app cmp=com.callmenot.app/.MainActivity } baseActivity=ComponentInfo{com.callmenot.app/com.callmenot.app.MainActivity} topActivity=ComponentInfo{com.callmenot.app/com.callmenot.app.MainActivity} origActivity=null realActivity=ComponentInfo{com.callmenot.app/com.callmenot.app.MainActivity} numActivities=1 lastActiveTime=53491984 supportsMultiWindow=true resizeMode=1 isResizeable=true minWidth=-1 minHeight=-1 maxWidth=-1 maxHeight=-1 defaultMinSize=220 desktopDefaultMinSize=304 token=WCT{RemoteToken{4f5408f Task{cdeaccf #12029 type=standard A=10454:com.callmenot.app}}} topActivityType=1 pictureInPictureParams=null shouldDockBigOverlays=false launchIntoPipHostTaskId=-1 lastParentTaskIdBeforePip=-1 displayCutoutSafeInsets=Rect(0, 0 - 0, 0) topActivityInfo=ActivityInfo{9a6d0fa com.callmenot.app.MainActivity} launchCookies=[] positionInParent=Point(0, 0) parentTaskId=-1 isFocused=true isVisible=true isVisibleRequested=true isTopActivityNoDisplay=false isSleeping=false locusId=null displayAreaFeatureId=1 isTopActivityTransparent=false isActivityStackTransparent=false lastNonFullscreenBounds=Rect(81, 553 - 999, 1723) capturedLink=null capturedLinkTimestamp=0 requestedVisibleTypes=-9 topActivityRequestOpenInBrowserEducationTimestamp=0 appCompatTaskInfo=AppCompatTaskInfo { topActivityInSizeCompat=false eligibleForLetterboxEducation= false isLetterboxEducationEnabled= false isLetterboxDoubleTapEnabled= false eligibleForUserAspectRatioButton= false topActivityBoundsLetterboxed= false isFromLetterboxDoubleTap= false topActivityLetterboxVerticalPosition= -1 topActivityLetterboxHorizontalPosition= -1 topActivityLetterboxWidth=-1 topActivityLetterboxHeight=-1 topActivityAppBounds=Rect(0, 81 - 1080, 2196) isUserFullscreenOverrideEnabled=false isSystemFullscreenOverrideEnabled=false hasMinAspectRatioOverride=false topActivityLetterboxBounds=null cameraCompatTaskInfo=CameraCompatTaskInfo { freeformCameraCompatMode=inactive} topActivityBounds=null topActivityInDisplayCompat=false singleTapFromLetterbox=false} topActivityMainWindowFrame=null originallySupportedMultiWindow=true hasWallpaper=false rootAffinity=10454:com.callmenot.app isTopTaskInStage=false CoverLauncherWidgetTask=false LaunchedFromAppsCoverLauncherTask=false LaunchedFromMultistarCoverLauncherTask=false isAllowedSeamlessRotation=false isTopTransparentActivity=false isAliasManaged=false hasConfigChanged=false snappingGuideBounds=null isAiKeyRemoveAppTask=false lastDesktopWindowingBounds=null lastExternalDesktopWindowingBounds=null safeCutoutInsets=null}, pipChange = null, remoteTransition = null, displayChange = null, flags = 16, debugId = 1029 }
01-04 09:42:18.577  2448  2534 V WindowManager:         {WCT{RemoteToken{4f5408f Task{cdeaccf #12029 type=standard A=10454:com.callmenot.app}}} m=CLOSE f=NONE leash=Surface(name=Task=12029)/@0xefc8d69 sb=Rect(0, 0 - 1080, 2340) eb=Rect(0, 0 - 1080, 2340) epz=Point(1080, 2340) d=0 taskParent=-1 inset=Rect(0, 0 - 0, 0) dim=true}
01-04 09:42:18.596  1640  1640 D SurfaceFlinger:        DEVICE |            8963596746752 | 00002102 | RGBA_8888    |    0.0    0.0 1045.0 2340.0 |   35    0 1080 2340 | com.callmenot.app/com.callmenot.app.MainActivity$_2087#10746 (268)
01-04 09:42:18.739  1640  1640 D SurfaceFlinger:        DEVICE |            8963596746752 | 00002102 | RGBA_8888    |    0.0    0.0  189.0 2340.0 |  891    0 1080 2340 | com.callmenot.app/com.callmenot.app.MainActivity$_2087#10746 (268)
01-04 09:42:18.886  2448  2537 W ActivityTaskManager: Activity top resumed state loss timeout for ActivityRecord{95647536 u0 com.callmenot.app/.MainActivity t12029 f} isExiting}
01-04 09:42:18.985  2448  5228 V WindowManager:    ChangeInfo{e6e6d2b container=ActivityRecord{95647536 u0 com.callmenot.app/.MainActivity t12029 f} isExiting} flags=0x0}
01-04 09:42:18.985  2448  5228 V WindowManager:    ChangeInfo{141eb46 container=Task{cdeaccf #12029 type=standard A=10454:com.callmenot.app} flags=0x10}
01-04 09:42:18.986  2448  5228 V WindowManager: Setting visibility of Window{4324b29 u0 com.callmenot.app/com.callmenot.app.MainActivity EXITING}: false, caller=com.android.server.wm.WindowContainer.sendAppVisibilityToClients:19 com.android.server.wm.WindowToken.setClientVisible:48 com.android.server.wm.ActivityRecord.commitVisibility:186 com.android.server.wm.TransitionController.finishTransition:846 com.android.server.wm.WindowOrganizerController.finishTransitionInner:31 
01-04 09:42:18.989  2448  5228 W WindowManager: Exception thrown during dispatchAppVisibility Window{4324b29 u0 com.callmenot.app/com.callmenot.app.MainActivity EXITING}
01-04 09:42:18.990  2448  5228 V WindowManager: Remove Window{4324b29 u0 com.callmenot.app/com.callmenot.app.MainActivity EXITING}: mSurfaceControl=Surface(name=com.callmenot.app/com.callmenot.app.MainActivity$_2087)/@0xb29b5bd mAnimatingExit=true mRemoveOnExit=true mHasSurface=true surfaceShowing=true animating=false app-animation=false callers=com.android.server.wm.WindowToken.removeAllWindowsIfPossible:45 com.android.server.wm.WindowToken.removeIfPossible:16 com.android.server.wm.WindowToken.handleCompleteDeferredRemoval:5 com.android.server.wm.WindowContainer.handleCompleteDeferredRemoval:21 com.android.server.wm.TaskFragment.handleCompleteDeferredRemoval:17 com.android.server.wm.WindowContainer.handleCompleteDeferredRemoval:21 
01-04 09:42:18.992  2448  5228 V WindowManager: Remove Window{4324b29 u0 com.callmenot.app/com.callmenot.app.MainActivity EXITING}: mSurfaceControl=Surface(name=com.callmenot.app/com.callmenot.app.MainActivity$_2087)/@0xb29b5bd mAnimatingExit=true mRemoveOnExit=true mHasSurface=true surfaceShowing=true animating=false app-animation=false callers=com.android.server.wm.WindowToken.removeAllWindowsIfPossible:45 com.android.server.wm.WindowToken.removeIfPossible:16 com.android.server.wm.ActivityRecord.onRemovedFromDisplay:407 com.android.server.wm.ActivityRecord.removeImmediately:46 com.android.server.wm.WindowToken.removeIfPossible:19 com.android.server.wm.WindowToken.handleCompleteDeferredRemoval:5 
01-04 09:42:18.993  1640  2151 I SurfaceFlinger: id=10741 Removed df090e2 ActivityRecordInputSink com.callmenot.app/.MainActivity#10741 (190)
01-04 09:42:18.997  2448  5228 D ChangeTransitionController:    ChangeInfo{e6e6d2b container=ActivityRecord{95647536 u0 com.callmenot.app/.MainActivity t-1 f}} flags=0x0}
01-04 09:42:18.997  2448  5228 D ChangeTransitionController:    ChangeInfo{141eb46 container=Task{cdeaccf #12029 type=standard A=10454:com.callmenot.app} flags=0x10}
01-04 09:42:19.004  1640  1640 I SurfaceFlinger: [LayerHierarchy{RequestedLayerState{ActivityRecord{95647536 u0 com.callmenot.app/.MainActivity t12029}#10737} 2 children}] reparent to OffscreenRoot
01-04 09:42:19.004  1640  1640 I SurfaceFlinger: [LayerHierarchy{RequestedLayerState{ActivityRecord{95647536 u0 com.callmenot.app/.MainActivity t12029}#10737} 2 children}] RelativeParent to null
01-04 09:42:19.004  1640  1640 I SurfaceFlinger: [LayerHierarchy{RequestedLayerState{4324b29 com.callmenot.app/com.callmenot.app.MainActivity#10745} 1 children}] reparent to OffscreenRoot
01-04 09:42:19.004  1640  1640 I SurfaceFlinger: [LayerHierarchy{RequestedLayerState{4324b29 com.callmenot.app/com.callmenot.app.MainActivity#10745} 1 children}] RelativeParent to null
01-04 09:42:19.004  1640  1640 I SurfaceFlinger: [LayerHierarchy{RequestedLayerState{com.callmenot.app/com.callmenot.app.MainActivity$_2087#10746} no children}] reparent to OffscreenRoot
01-04 09:42:19.004  1640  1640 I SurfaceFlinger: [LayerHierarchy{RequestedLayerState{com.callmenot.app/com.callmenot.app.MainActivity$_2087#10746} no children}] RelativeParent to null
01-04 09:42:19.004  1640  1640 I SurfaceFlinger: id=10737 Removed ActivityRecord{95647536 u0 com.callmenot.app/.MainActivity t12029}#10737 (189)
01-04 09:42:19.005  1640  1640 I SurfaceFlinger: id=10745 Removed 4324b29 com.callmenot.app/com.callmenot.app.MainActivity#10745 (189)
01-04 09:42:19.005  1640  1640 I SurfaceFlinger: id=10746 Removed com.callmenot.app/com.callmenot.app.MainActivity$_2087#10746 (189)
01-04 09:42:19.012  1640  1640 I SurfaceFlinger: destroyed df090e2 ActivityRecordInputSink com.callmenot.app/.MainActivity#10741 form LifecycleManager
01-04 09:42:19.012  1640  1640 I SurfaceFlinger: destroyed ActivityRecord{95647536 u0 com.callmenot.app/.MainActivity t12029}#10737 form LifecycleManager
01-04 09:42:19.012  1640  1640 I SurfaceFlinger: destroyed 4324b29 com.callmenot.app/com.callmenot.app.MainActivity#10745 form LifecycleManager
01-04 09:42:19.012  1640  1640 I SurfaceFlinger: destroyed com.callmenot.app/com.callmenot.app.MainActivity$_2087#10746 form LifecycleManager
01-04 09:42:19.013  1640  1640 I SurfaceFlinger: id=10741 onLayerDestroyed from LayerHierarchyBuilder(RequestedLayerState{df090e2 ActivityRecordInputSink com.callmenot.app/.MainActivity#10741 !handle z=-2147483648})
01-04 09:42:19.013  1640  1640 I SurfaceFlinger: id=10737 onLayerDestroyed from LayerHierarchyBuilder(RequestedLayerState{ActivityRecord{95647536 u0 com.callmenot.app/.MainActivity t12029}#10737 !handle})
01-04 09:42:19.013  1640  1640 I SurfaceFlinger: id=10745 onLayerDestroyed from LayerHierarchyBuilder(RequestedLayerState{4324b29 com.callmenot.app/com.callmenot.app.MainActivity#10745 !handle})
01-04 09:42:19.013  1640  1640 I SurfaceFlinger: id=10746 onLayerDestroyed from LayerHierarchyBuilder(RequestedLayerState{com.callmenot.app/com.callmenot.app.MainActivity$_2087#10746 !handle})
01-04 09:42:19.014  1640  1640 I Layer   : id=10741 Destroyed df090e2 ActivityRecordInputSink com.callmenot.app/.MainActivity#10741
01-04 09:42:19.014  1640  1640 I Layer   : id=10737 Destroyed ActivityRecord{95647536 u0 com.callmenot.app/.MainActivity t12029}#10737
01-04 09:42:19.014  1640  1640 I Layer   : id=10745 Destroyed 4324b29 com.callmenot.app/com.callmenot.app.MainActivity#10745
01-04 09:42:19.015  1640  1640 I Layer   : id=10746 Destroyed com.callmenot.app/com.callmenot.app.MainActivity$_2087#10746
01-04 09:42:19.467  2448  2544 I ActivityManager: Start proc 2330:com.callmenot.app/u0a454 for service {com.callmenot.app/com.callmenot.app.service.SamsungCallBlockerService}
01-04 09:42:19.491  2330  2330 I m.callmenot.app: Late-enabling -Xcheck:jni
01-04 09:42:19.515  1121  1121 D io_stats: !@ Write_top(KB): system_server(2448) 244 f2fs_ckpt-254:5(1212) 152 m.callmenot.app(2087) 120
01-04 09:42:19.522  2330  2330 I m.callmenot.app: Using CollectorTypeCMC GC.
01-04 09:42:19.736  2330  2330 D nativeloader: Configuring clns-9 for other apk /data/app/~~99jXfQwzxeWfHa7pcVIFLw==/com.callmenot.app-phSJjGjnMy6vVOvNiAp8rg==/base.apk. target_sdk_version=34, uses_libraries=, library_path=/data/app/~~99jXfQwzxeWfHa7pcVIFLw==/com.callmenot.app-phSJjGjnMy6vVOvNiAp8rg==/lib/arm64, permitted_path=/data:/mnt/expand:/data/user/0/com.callmenot.app
01-04 09:42:19.740  2330  2330 V GraphicsEnvironment: com.callmenot.app is not listed in per-application setting
01-04 09:42:19.740  2330  2330 V GraphicsEnvironment: com.callmenot.app is not listed in ANGLE allowlist or settings, returning default
01-04 09:42:19.764  2330  2330 D CallMeNotApp: CallMeNotApp initialized
01-04 09:42:19.862  2330  2330 D SamsungCallBlocker: Service created
01-04 09:42:19.866  2330  2330 W SamsungCallBlocker: READ_PHONE_STATE permission not granted
01-04 09:42:19.867  2330  2330 D SamsungCallBlocker: Service started
01-04 09:42:19.887  2330  2330 E AndroidRuntime: Process: com.callmenot.app, PID: 2330
01-04 09:42:19.887  2330  2330 E AndroidRuntime: java.lang.RuntimeException: Unable to create service com.callmenot.app.service.ProtectionNotificationService: java.lang.SecurityException: Starting FGS with type phoneCall callerApp=ProcessRecord{af84532 2330:com.callmenot.app/u0a454} targetSDK=34 requires permissions: all of the permissions allOf=true [android.permission.FOREGROUND_SERVICE_PHONE_CALL] any of the permissions allOf=false [android.permission.MANAGE_OWN_CALLS, android.app.role.DIALER] 
01-04 09:42:19.887  2330  2330 E AndroidRuntime: Caused by: java.lang.SecurityException: Starting FGS with type phoneCall callerApp=ProcessRecord{af84532 2330:com.callmenot.app/u0a454} targetSDK=34 requires permissions: all of the permissions allOf=true [android.permission.FOREGROUND_SERVICE_PHONE_CALL] any of the permissions allOf=false [android.permission.MANAGE_OWN_CALLS, android.app.role.DIALER] 
01-04 09:42:19.887  2330  2330 E AndroidRuntime: 	at com.callmenot.app.service.ProtectionNotificationService.onCreate(ProtectionNotificationService.kt:42)
01-04 09:42:19.897  2448  2350 W ActivityManager: crash : com.callmenot.app,10454
01-04 09:42:19.897  2448  2535 I ActivityManager: Showing crash dialog for package com.callmenot.app u0
01-04 09:42:19.919  5026  5026 I SDHMS:PowerAnomaly:Gatherer:AppError: update AppError : uid=10454, pkg=com.callmenot.app, errorType=crash
01-04 09:42:19.924  5026  5026 I SDHMS:PowerAnomaly:Analyzer:AppError: analyze app error : uid=10454, pkg=com.callmenot.app, appErrorCount=2
01-04 09:42:19.933  1640  1777 I SurfaceFlinger: id=10791 createSurf, flag=84004, 33f7203 Application Error: com.callmenot.app#10791
01-04 09:42:19.934  2448  2535 D WindowManager: Changing focus from Window{5bc8e20 u0 com.sec.android.app.myfiles/com.sec.android.app.myfiles.ui.MainActivity} to Window{33f7203 u0 Application Error: com.callmenot.app} displayId=0 Callers=com.android.server.wm.WindowManagerService.addWindowInner:565 com.android.server.wm.WindowManagerService.addWindow:1842 com.android.server.wm.Session.addToDisplayAsUser:24 android.view.ViewRootImpl.setView:1974 
01-04 09:42:19.936  2448  2535 D InsetsSourceProvider: updateControlForTarget: control=InsetsSourceControl: {26b60000 mType=statusBars initiallyVisible mSurfacePosition=Point(0, 0) mInsetsHint=Insets{left=0, top=81, right=0, bottom=0}}, target=Window{33f7203 u0 Application Error: com.callmenot.app}, from=com.android.server.wm.InsetsStateController.onControlTargetChanged:83 com.android.server.wm.InsetsPolicy.updateBarControlTarget:212 com.android.server.wm.DisplayPolicy.updateSystemBarAttributes:262 com.android.server.wm.WindowManagerService.updateFocusedWindowLocked:372 com.android.server.wm.WindowManagerService.addWindowInner:565 
01-04 09:42:19.936  2448  2535 D InsetsSourceProvider: updateControlForTarget: control=InsetsSourceControl: {872b0001 mType=navigationBars initiallyVisible mSurfacePosition=Point(0, 2196) mInsetsHint=Insets{left=0, top=0, right=0, bottom=144}}, target=Window{33f7203 u0 Application Error: com.callmenot.app}, from=com.android.server.wm.InsetsStateController.onControlTargetChanged:83 com.android.server.wm.InsetsPolicy.updateBarControlTarget:225 com.android.server.wm.DisplayPolicy.updateSystemBarAttributes:262 com.android.server.wm.WindowManagerService.updateFocusedWindowLocked:372 com.android.server.wm.WindowManagerService.addWindowInner:565 
01-04 09:42:19.937  2448  2535 D WindowManager: updateSystemBarAttributes: displayId=0, focusedCanBeNavColorWin=false, win=Window{33f7203 u0 Application Error: com.callmenot.app}, navColorWin=Window{5bc8e20 u0 com.sec.android.app.myfiles/com.sec.android.app.myfiles.ui.MainActivity}, caller=com.android.server.wm.WindowManagerService.updateFocusedWindowLocked:372 com.android.server.wm.WindowManagerService.addWindowInner:565 com.android.server.wm.WindowManagerService.addWindow:1842 
01-04 09:42:19.937  2448  2535 V SystemKeyManager: updateFocusedWindow() is called, Application Error: com.callmenot.app
01-04 09:42:19.937  2448  2535 I SystemKeyManager: requested systemKeyInfo size=1 focusedWindow=Application Error: com.callmenot.app
01-04 09:42:19.937  2448  2535 I SystemKeyManager: requested systemKeyInfo size=1 focusedWindow=Application Error: com.callmenot.app
01-04 09:42:19.938  2448  2535 I InsetsController: onStateChanged: host=Application Error: com.callmenot.app, from=android.view.ViewRootImpl.onInsetsStateChanged:3026, state=InsetsState: {mDisplayFrame=Rect(0, 0 - 1080, 2340), mDisplayCutout=DisplayCutout{insets=Rect(0, 81 - 0, 0) waterfall=Insets{left=0, top=0, right=0, bottom=0} boundingRect={Bounds=[Rect(0, 0 - 0, 0), Rect(512, 0 - 568, 81), Rect(0, 0 - 0, 0), Rect(0, 0 - 0, 0)]} cutoutPathParserInfo={CutoutPathParserInfo{displayWidth=1080 displayHeight=2340 physicalDisplayWidth=1080 physicalDisplayHeight=2340 density={3.0} cutoutSpec={M 0,0 H -9.333333333333333 V 27 H 9.333333333333333 V 0 H 0 Z @dp} rotation={0} scale={1.0} physicalPixelDisplaySizeRatio={1.0}}} sideOverrides={}}, mRoundedCorners=RoundedCorners{[RoundedCorner{position=TopLeft, radius=102, center=Point(102, 102)}, RoundedCorner{position=TopRight, radius=102, center=Point(978, 102)}, RoundedCorner{position=BottomRight, radius=102, center=Point(978, 2238)}, RoundedCorner{position=BottomLeft, radius=102, center=Point(102, 2238)}]}  mRoundedCornerFrame=Rect(0, 0 - 0, 0), mPrivacyIndicatorBounds=PrivacyIndicatorBounds {static bounds=Rect(948, 0 - 1080, 81) rotation=0}, mDisplayShape=DisplayShape{ spec=-311912193 displayWidth=1080 displayHeight=2340 physicalPixelDisplaySizeRatio=1.0 rotation=0 offsetX=0 offsetY=0 scale=1.0}, mSources= { InsetsSource: {872b0001 mType=navigationBars mFrame=[0,2196][1080,2340] mVisible=true mFlags= mSideHint=BOTTOM mBoundingRects=null}, InsetsSource: {872b0004 mType=systemGestures mFrame=[0,0][0,0] mVisible=true mFlags= mSideHint=NONE mBoundingRects=null}, InsetsSource: {872b0005 mType=mandatorySystemGestures mFrame=[0,2196][1080,2340] mVisible=true mFlags= mSideHint=BOTTOM mBoundingRects=null}, InsetsSource: {872b0006 mType=tappableElement mFrame=[0,2196][1080,2340] mVisible=true mFlags= mSideHint=BOTTOM mBoundingRects=null}, InsetsSource: {872b0024 mType=systemGestures mFrame=[0,0][0,0] mVisible=true mFlags= mSideHint=NONE mBoundingRects=null}, InsetsSource: {27 mType=displayCutout mFrame=[0,0][1080,81] mVisible=true mFlags= mSideHint=TOP mBoundingRects=null}, InsetsSource: {26b60000 mType=statusBars mFrame=[0,0][1080,81] mVisible=true mFlags= mSideHint=TOP mBoundingRects=null}, InsetsSource: {26b60005 mType=mandatorySystemGestures mFrame=[0,0][1080,117] mVisible=true mFlags= mSideHint=TOP mBoundingRects=null}, InsetsSource: {26b60006 mType=tappableElement mFrame=[0,0][1080,81] mVisible=true mFlags= mSideHint=TOP mBoundingRects=null} }
01-04 09:42:19.949  2448  2535 D CoreBackPreview: Window{33f7203 u0 Application Error: com.callmenot.app}: Setting back callback OnBackInvokedCallbackInfo{mCallback=android.window.WindowOnBackInvokedDispatcher$OnBackInvokedCallbackWrapper@707791a, mPriority=-1, mIsAnimationCallback=false, mOverrideBehavior=0}
01-04 09:42:19.951  2448  2535 I WindowManager: Relayout Window{33f7203 u0 Application Error: com.callmenot.app}: viewVisibility=0 req=1080x679 ty=2003 d0
01-04 09:42:19.951  1640  3759 I SurfaceFlinger: id=10794 createSurf, flag=44004, Application Error: com.callmenot.app#10794
01-04 09:42:19.952  2448  2535 D WindowManager: makeSurface duration=1 name=Application Error: com.callmenot.app
01-04 09:42:19.958  1640  1640 I SurfaceFlinger: RequestedLayer [33f7203 Application Error: com.callmenot.app#10791] hidden!! flag  from(1) --> to(0)
01-04 09:42:19.958  1640  1640 I SurfaceFlinger: [33f7203 Application Error: com.callmenot.app#10791] attach to parent LayerHierarchy{RequestedLayerState{WindowToken{691d97c type=2003 android.view.ViewRootImpl$W@e7fb502}#10790 parentId=13 z=1} 1 children}
01-04 09:42:19.958  1640  1640 I SurfaceFlinger: [Application Error: com.callmenot.app#10794] attach to parent LayerHierarchy{RequestedLayerState{33f7203 Application Error: com.callmenot.app#10791 parentId=10790} 1 children}
01-04 09:42:19.961  2448 26202 D SurfaceComposerClient: [SEC_SF_EFFECTS] setBlurRegions Application Error: com.callmenot.app#10794 ## {radius=300, cornerRadii=[78.000, 78.000, 78.000, 78.000], alpha=1.000, rect=[78, 96, 1098, 679], clipRect=[0, 0, 2147483647, 2147483647], colorCurve=[15.000000, 208.100006, 235.000000, 246.300003], curveBias=25.000000, saturation=0.750000, vibrance=[0.000000, (0.000000, 1.000000)], pathData size=0, BlurTint=[(0.000000 0.000000 0.000000) 0.000000, DISABLED]
01-04 09:42:19.969  1640  1925 D SurfaceFlinger: [input] setFocusedWindow: 33f7203 Application Error: com.callmenot.app
01-04 09:42:19.969  2448  5228 D InputDispatcher: Once focus requested (0): 33f7203 Application Error: com.callmenot.app
01-04 09:42:19.969  2448  5228 D InputDispatcher: Focus request (0): 33f7203 Application Error: com.callmenot.app but waiting because NO_WINDOW
01-04 09:42:19.973  1640  1779 I SurfaceFlinger: [Application Error: com.callmenot.app#10794] setTransactionState with the first frame. bufferData(ID: 10514079942067, frameNumber: 1)
01-04 09:42:19.973  2448  2535 D WindowManager: finishDrawingWindow: Window{33f7203 u0 Application Error: com.callmenot.app} mDrawState=DRAW_PENDING seqId=0
01-04 09:42:19.974  2448  2535 I InsetsSourceConsumer: applyRequestedVisibilityToControl: visible=true, type=statusBars, host=Application Error: com.callmenot.app
01-04 09:42:19.974  2448  2535 I InsetsSourceConsumer: applyRequestedVisibilityToControl: visible=true, type=navigationBars, host=Application Error: com.callmenot.app
01-04 09:42:19.978  2448  2538 I WindowManager: Reparenting to leash, surface=Surface(name=33f7203 Application Error: com.callmenot.app)/@0x729d240, leashParent=Surface(name=WindowToken{691d97c type=2003 android.view.ViewRootImpl$W@e7fb502})/@0x85e3579
01-04 09:42:19.978  1640  1777 I SurfaceFlinger: id=10795 createSurf, flag=24004, Surface(name=33f7203 Application Error: com.callmenot.app)/@0x729d240 - animation-leash of window_animation#10795
01-04 09:42:19.979  2448  2538 D WindowManager: makeSurface duration=2 leash=Surface(name=Surface(name=33f7203 Application Error: com.callmenot.app)/@0x729d240 - animation-leash of window_animation)/@0x8fdd2be
01-04 09:42:19.979  2448  2538 V WindowManager: performShowLocked: mDrawState=HAS_DRAWN in Window{33f7203 u0 Application Error: com.callmenot.app}
01-04 09:42:19.982  1640  1640 I SurfaceFlinger: [Surface(name=33f7203 Application Error: com.callmenot.app)/@0x729d240 - animation-leash of window_animation#10795] attach to parent LayerHierarchy{RequestedLayerState{WindowToken{691d97c type=2003 android.view.ViewRootImpl$W@e7fb502}#10790 parentId=13 z=1} 2 children}
01-04 09:42:19.982  2448 26202 D SurfaceComposerClient: [SEC_SF_EFFECTS] setBlurRegions Application Error: com.callmenot.app#10794 ## {radius=300, cornerRadii=[78.000, 78.000, 78.000, 78.000], alpha=1.000, rect=[78, 96, 1098, 679], clipRect=[0, 0, 2147483647, 2147483647], colorCurve=[15.000000, 208.100006, 235.000000, 246.300003], curveBias=25.000000, saturation=0.750000, vibrance=[0.000000, (0.000000, 1.000000)], pathData size=0, BlurTint=[(0.000000 0.000000 0.000000) 0.000000, DISABLED]
01-04 09:42:20.007  1640  1640 E SurfaceFlinger: alpha changed 1.000 -> 0.000 - Surface(name=33f7203 Application Error: com.callmenot.app)/@0x729d240 - animation-leash of window_animation#10795
01-04 09:42:20.007  1640  1640 E SurfaceFlinger: alpha changed 0.000 -> 0.000 - Surface(name=33f7203 Application Error: com.callmenot.app)/@0x729d240 - animation-leash of window_animation#10795
01-04 09:42:20.007  1640  1640 I SurfaceFlinger: RequestedLayer [Application Error: com.callmenot.app#10794] hidden!! flag  from(1) --> to(0)
01-04 09:42:20.007  1640  1640 I SurfaceFlinger: [LayerHierarchy{RequestedLayerState{33f7203 Application Error: com.callmenot.app#10791 parentId=10795} 1 children}] reparent to LayerHierarchy{RequestedLayerState{Surface(name=33f7203 Application Error: com.callmenot.app)/@0x729d240 - animation-leash of window_animation#10795 parentId=10790} 1 children}
01-04 09:42:20.015  2448  2538 D WindowManager: updateSystemBarAttributes: displayId=0, focusedCanBeNavColorWin=false, win=Window{33f7203 u0 Application Error: com.callmenot.app}, navColorWin=Window{33f7203 u0 Application Error: com.callmenot.app}, caller=com.android.server.wm.DisplayPolicy.finishPostLayoutPolicyLw:17 com.android.server.wm.RootWindowContainer.applySurfaceChangesTransaction$1:195 com.android.server.wm.RootWindowContainer.performSurfacePlacementNoTrace:59 
01-04 09:42:20.016  1640  1640 D SurfaceFlinger:        DEVICE |           10514079942066 | 00002100 | RGBA_8888    |   48.0    0.0 1128.0  771.0 |    0 1569 1080 2340 | Application Error: com.callmenot.app#10794 (blurRegions) (2)
01-04 09:42:20.016  1640  1640 E SurfaceFlinger: alpha changed 0.000 -> 0.081 - Surface(name=33f7203 Application Error: com.callmenot.app)/@0x729d240 - animation-leash of window_animation#10795
01-04 09:42:20.021  2448  5228 D InputDispatcher: Focus entered window (0): 33f7203 Application Error: com.callmenot.app
01-04 09:42:20.028  1640  1640 D SurfaceFlinger:        DEVICE |           10514079942066 | 00002100 | RGBA_8888    |   48.0    0.0 1128.0  775.0 |    0 1560 1080 2335 | Application Error: com.callmenot.app#10794 (blurRegions) (2)
01-04 09:42:20.301  2448  2538 I WindowManager: Reparenting to original parent: Surface(name=WindowToken{691d97c type=2003 android.view.ViewRootImpl$W@e7fb502})/@0x85e3579, destroy=true, surface=Surface(name=33f7203 Application Error: com.callmenot.app)/@0x729d240
01-04 09:42:20.317  1640  1640 I SurfaceFlinger: [LayerHierarchy{RequestedLayerState{33f7203 Application Error: com.callmenot.app#10791 parentId=10790} 2 children}] reparent to LayerHierarchy{RequestedLayerState{WindowToken{691d97c type=2003 android.view.ViewRootImpl$W@e7fb502}#10790 parentId=13 z=1} 2 children}
01-04 09:42:20.317  1640  1640 I SurfaceFlinger: [LayerHierarchy{RequestedLayerState{Surface(name=33f7203 Application Error: com.callmenot.app)/@0x729d240 - animation-leash of window_animation#10795} no children}] reparent to OffscreenRoot
01-04 09:42:20.317  1640  1640 I SurfaceFlinger: [LayerHierarchy{RequestedLayerState{Surface(name=33f7203 Application Error: com.callmenot.app)/@0x729d240 - animation-leash of window_animation#10795} no children}] RelativeParent to null
01-04 09:42:20.318  1640  1640 I SurfaceFlinger: id=10795 Removed Surface(name=33f7203 Application Error: com.callmenot.app)/@0x729d240 - animation-leash of window_animation#10795 (187)
01-04 09:42:20.325  1640  1640 I SurfaceFlinger: destroyed Surface(name=33f7203 Application Error: com.callmenot.app)/@0x729d240 - animation-leash of window_animation#10795 form LifecycleManager
01-04 09:42:20.325  1640  1640 I SurfaceFlinger: id=10795 onLayerDestroyed from LayerHierarchyBuilder(RequestedLayerState{Surface(name=33f7203 Application Error: com.callmenot.app)/@0x729d240 - animation-leash of window_animation#10795 !handle})
01-04 09:42:20.326  1640  1640 I Layer   : id=10795 Destroyed Surface(name=33f7203 Application Error: com.callmenot.app)/@0x729d240 - animation-leash of window_animation#10795
01-04 09:42:20.586  1640  1640 I LayerHistory: Application Error: com.callmenot.app#10794 Max (can't resolve refresh rate)
01-04 09:42:23.517  1121  1121 D io_stats: !@ Read_top(KB): system_server(2448) 336 m.callmenot.app(2330) 64 gearhead:shared(31862) 52
01-04 09:42:29.424  1640  1640 I SurfaceFlinger: [Application Error: com.callmenot.app#10794] setFrameRateCategory: HighHint
01-04 09:42:29.485  2448  2535 D CoreBackPreview: Window{33f7203 u0 Application Error: com.callmenot.app}: Setting back callback null
01-04 09:42:29.505  2448  2535 V WindowManager: Remove Window{33f7203 u0 Application Error: com.callmenot.app}: mSurfaceControl=Surface(name=Application Error: com.callmenot.app)/@0x692745b mAnimatingExit=false mRemoveOnExit=false mHasSurface=true surfaceShowing=true animating=false app-animation=false callers=com.android.server.wm.Session.remove:16 android.view.ViewRootImpl.dispatchDetachedFromWindow:7915 android.view.ViewRootImpl.doDie:12278 android.view.ViewRootImpl.die:12237 android.view.WindowManagerGlobal.removeViewLocked:723 android.view.WindowManagerGlobal.removeView:654 
01-04 09:42:29.506  2448  2535 I WindowManager: Reparenting to leash, surface=Surface(name=33f7203 Application Error: com.callmenot.app)/@0x729d240, leashParent=Surface(name=WindowToken{691d97c type=2003 android.view.ViewRootImpl$W@e7fb502})/@0x85e3579
01-04 09:42:29.507  1640  1777 I SurfaceFlinger: id=10799 createSurf, flag=24000, Surface(name=33f7203 Application Error: com.callmenot.app)/@0x729d240 - animation-leash of window_animation#10799
01-04 09:42:29.508  2448  2535 D WindowManager: makeSurface duration=2 leash=Surface(name=Surface(name=33f7203 Application Error: com.callmenot.app)/@0x729d240 - animation-leash of window_animation)/@0x7828dd1
01-04 09:42:29.509  2448  2535 D WindowManager: Changing focus from Window{33f7203 u0 Application Error: com.callmenot.app EXITING} to Window{5bc8e20 u0 com.sec.android.app.myfiles/com.sec.android.app.myfiles.ui.MainActivity} displayId=0 Callers=com.android.server.wm.WindowState.removeIfPossible:602 com.android.server.wm.Session.remove:16 android.view.ViewRootImpl.dispatchDetachedFromWindow:7915 android.view.ViewRootImpl.doDie:12278 
01-04 09:42:29.514  2448  2535 D WindowManager: updateSystemBarAttributes: displayId=0, focusedCanBeNavColorWin=false, win=Window{5bc8e20 u0 com.sec.android.app.myfiles/com.sec.android.app.myfiles.ui.MainActivity}, navColorWin=Window{33f7203 u0 Application Error: com.callmenot.app EXITING}, caller=com.android.server.wm.WindowManagerService.updateFocusedWindowLocked:372 com.android.server.wm.WindowState.removeIfPossible:602 com.android.server.wm.Session.remove:16 
01-04 09:42:29.521  1640  1640 I SurfaceFlinger: [LayerHierarchy{RequestedLayerState{33f7203 Application Error: com.callmenot.app#10791 parentId=10799} 2 children}] reparent to LayerHierarchy{RequestedLayerState{Surface(name=33f7203 Application Error: com.callmenot.app)/@0x729d240 - animation-leash of window_animation#10799 parentId=10790} 1 children}
01-04 09:42:29.521  1640  1640 I SurfaceFlinger: [Surface(name=33f7203 Application Error: com.callmenot.app)/@0x729d240 - animation-leash of window_animation#10799] attach to parent LayerHierarchy{RequestedLayerState{WindowToken{691d97c type=2003 android.view.ViewRootImpl$W@e7fb502}#10790 parentId=13 z=1} 1 children}
01-04 09:42:29.524  2448  5212 D InputDispatcher: Focus left window (0): 33f7203 Application Error: com.callmenot.app
01-04 09:42:29.555  2448  3469 I ActivityManager: Process com.callmenot.app (pid 2330) has died: fg  SVC (375,2601)
01-04 09:42:29.559  2448  3469 W ActivityManager: Scheduling restart of crashed service com.callmenot.app/.service.SamsungCallBlockerService in 1800000ms for start-requested
01-04 09:42:29.559  2448  3469 W ActivityManager: Scheduling restart of crashed service com.callmenot.app/.service.ProtectionNotificationService in 1809999ms for start-requested
01-04 09:42:29.599  1640  1640 D SurfaceFlinger:        DEVICE |           10514079942065 | 00002100 | RGBA_8888    |   48.0    0.0 1128.0  775.0 |    0 1523 1080 2298 | Application Error: com.callmenot.app#10794 (blurRegions) (7)
01-04 09:42:29.621  1640  1640 E SurfaceFlinger: alpha changed 0.016 -> 0.000 - Surface(name=33f7203 Application Error: com.callmenot.app)/@0x729d240 - animation-leash of window_animation#10799
01-04 09:42:29.796  2448  3468 I Role    : com.callmenot.app not qualified for android.app.role.HOME due to missing RequiredComponent{mIntentFilterData=IntentFilterData{mAction='android.intent.action.MAIN', mCategories='[android.intent.category.HOME]', mDataScheme='null', mDataType='null'}, mMinTargetSdkVersion=1, mFlags='0', mPermission='null', mQueryFlags=0, mMetaData=[]}
01-04 09:42:29.800  2448  3468 I Role    : com.callmenot.app not qualified for android.app.role.DIALER due to missing RequiredComponent{mIntentFilterData=IntentFilterData{mAction='android.intent.action.DIAL', mCategories='[]', mDataScheme='null', mDataType='null'}, mMinTargetSdkVersion=1, mFlags='0', mPermission='null', mQueryFlags=0, mMetaData=[]}
01-04 09:42:29.800  2448  5311 I Role    : com.callmenot.app not qualified for android.app.role.SMS due to missing RequiredComponent{mIntentFilterData=IntentFilterData{mAction='android.provider.Telephony.SMS_DELIVER', mCategories='[]', mDataScheme='null', mDataType='null'}, mMinTargetSdkVersion=1, mFlags='0', mPermission='android.permission.BROADCAST_SMS', mQueryFlags=0, mMetaData=[]}
01-04 09:42:29.801  2448  5212 I Role    : com.callmenot.app not qualified for android.app.role.HOME due to missing RequiredComponent{mIntentFilterData=IntentFilterData{mAction='android.intent.action.MAIN', mCategories='[android.intent.category.HOME]', mDataScheme='null', mDataType='null'}, mMinTargetSdkVersion=1, mFlags='0', mPermission='null', mQueryFlags=0, mMetaData=[]}
01-04 09:42:29.814  2448  2538 I WindowManager: Reparenting to original parent: Surface(name=WindowToken{691d97c type=2003 android.view.ViewRootImpl$W@e7fb502})/@0x85e3579, destroy=true, surface=Surface(name=33f7203 Application Error: com.callmenot.app)/@0x729d240
01-04 09:42:29.833  1640  1640 I SurfaceFlinger: RequestedLayer [Application Error: com.callmenot.app#10794] hidden!! flag  from(0) --> to(1)
01-04 09:42:29.833  1640  1640 I SurfaceFlinger: [LayerHierarchy{RequestedLayerState{Application Error: com.callmenot.app#10794} no children}] reparent to OffscreenRoot
01-04 09:42:29.833  1640  1640 I SurfaceFlinger: [LayerHierarchy{RequestedLayerState{Application Error: com.callmenot.app#10794} no children}] RelativeParent to null
01-04 09:42:29.833  1640  1640 I SurfaceFlinger: [LayerHierarchy{RequestedLayerState{33f7203 Application Error: com.callmenot.app#10791} 1 children}] reparent to OffscreenRoot
01-04 09:42:29.833  1640  1640 I SurfaceFlinger: [LayerHierarchy{RequestedLayerState{33f7203 Application Error: com.callmenot.app#10791} 1 children}] RelativeParent to null
01-04 09:42:29.833  1640  1640 I SurfaceFlinger: [LayerHierarchy{RequestedLayerState{Surface(name=33f7203 Application Error: com.callmenot.app)/@0x729d240 - animation-leash of window_animation#10799} no children}] reparent to OffscreenRoot
01-04 09:42:29.833  1640  1640 I SurfaceFlinger: [LayerHierarchy{RequestedLayerState{Surface(name=33f7203 Application Error: com.callmenot.app)/@0x729d240 - animation-leash of window_animation#10799} no children}] RelativeParent to null
01-04 09:42:29.834  1640  1640 I SurfaceFlinger: id=10794 Removed Application Error: com.callmenot.app#10794 (200)
01-04 09:42:29.834  1640  1640 I SurfaceFlinger: id=10799 Removed Surface(name=33f7203 Application Error: com.callmenot.app)/@0x729d240 - animation-leash of window_animation#10799 (200)
01-04 09:42:29.834  1640  1640 I SurfaceFlinger: id=10791 Removed 33f7203 Application Error: com.callmenot.app#10791 (200)
01-04 09:42:29.838  1640  1640 I SurfaceFlinger: destroyed Application Error: com.callmenot.app#10794 form LifecycleManager
01-04 09:42:29.838  1640  1640 I SurfaceFlinger: destroyed 33f7203 Application Error: com.callmenot.app#10791 form LifecycleManager
01-04 09:42:29.838  1640  1640 I SurfaceFlinger: destroyed Surface(name=33f7203 Application Error: com.callmenot.app)/@0x729d240 - animation-leash of window_animation#10799 form LifecycleManager
01-04 09:42:29.838  1640  1640 I SurfaceFlinger: id=10794 onLayerDestroyed from LayerHierarchyBuilder(RequestedLayerState{Application Error: com.callmenot.app#10794 !handle})
01-04 09:42:29.838  1640  1640 I SurfaceFlinger: id=10791 onLayerDestroyed from LayerHierarchyBuilder(RequestedLayerState{33f7203 Application Error: com.callmenot.app#10791 !handle})
01-04 09:42:29.838  1640  1640 I SurfaceFlinger: id=10799 onLayerDestroyed from LayerHierarchyBuilder(RequestedLayerState{Surface(name=33f7203 Application Error: com.callmenot.app)/@0x729d240 - animation-leash of window_animation#10799 !handle})
01-04 09:42:29.839  1640  1640 I Layer   : id=10794 Destroyed Application Error: com.callmenot.app#10794
01-04 09:42:29.839  1640  1640 I Layer   : id=10791 Destroyed 33f7203 Application Error: com.callmenot.app#10791
01-04 09:42:29.839  1640  1640 I Layer   : id=10799 Destroyed Surface(name=33f7203 Application Error: com.callmenot.app)/@0x729d240 - animation-leash of window_animation#10799
01-04 09:42:29.892 29612 29612 D AppButtonsPrefCtl: This app(com.callmenot.app) is not app archivable
01-04 09:42:29.896 29612 29612 I AppButtonsPrefCtl: AppButton refreshUI for Pkg : com.callmenot.app
01-04 09:42:29.903 29612 29612 D AppButtonsPrefCtl: This app(com.callmenot.app) is not app archivable
01-04 09:42:29.973 29612 29650 I AppIconSolution: return adaptive icon for com.callmenot.app, isNight = false
01-04 09:42:30.015 29612 29612 I ApplicationsState: com.callmenot.app updated recently
01-04 09:42:30.015 29612 29612 I ApplicationsState: mNewAppListForAppLabelCache.add : com.callmenot.app
01-04 09:42:30.018 29612 29612 I AppIconSolution: return adaptive icon for com.callmenot.app, isNight = false
01-04 09:42:30.021 29612 29652 I AppIconSolution: return adaptive icon for com.callmenot.app, isNight = false
01-04 09:42:30.026  2448  5311 W PackageConfigPersister: App-specific configuration not found for packageName: com.callmenot.app and userId: 0
01-04 09:42:30.028 29612 29612 I AppButtonsPrefCtl: AppButton refreshUI for Pkg : com.callmenot.app
01-04 09:42:30.034 29612 29612 D AppButtonsPrefCtl: This app(com.callmenot.app) is not app archivable
01-04 09:42:30.429 29612 29612 I AppIconSolution: return adaptive icon for com.callmenot.app, isNight = false
01-04 09:42:30.434 29612 29651 I AppIconSolution: return adaptive icon for com.callmenot.app, isNight = false
01-04 09:42:30.440  2448  4833 W PackageConfigPersister: App-specific configuration not found for packageName: com.callmenot.app and userId: 0
01-04 09:42:30.440 29612 29612 I AppButtonsPrefCtl: AppButton refreshUI for Pkg : com.callmenot.app
01-04 09:42:30.450 29612 29612 D AppButtonsPrefCtl: This app(com.callmenot.app) is not app archivable
01-04 09:42:30.664 29612 29612 D AppButtonsPrefCtl: This app(com.callmenot.app) is not app archivable
01-04 09:42:30.664 29612 29612 D AppButtonsPrefCtl: This app(com.callmenot.app) is not app archivable
01-04 09:42:30.664 29612 29612 D AppButtonsPrefCtl: This app(com.callmenot.app) is not app archivable

