todd@todd-Latitude-5400:~$ ^[[200~adb logcat -c && adb logcat | grep -i "telecom\|screening"~
adb: command not found
todd@todd-Latitude-5400:~$ adb logcat -c && adb logcat | grep -i "telecom\|screening"
01-04 09:11:53.483  2448  5188 I Telecom : TelecomServiceImpl$1: Adding new incoming call with phoneAccountHandle ComponentInfo{com.android.phone/com.android.services.telephony.TelephonyConnectionService}, 1, UserHandle{0}: TSI.aNIC(cap)@CWM
01-04 09:11:53.487  2448  5188 I Telecom : PhoneAccountRegistrar: getSimCallManager: SimCallManager for subId 1 queried, returning: null: TSI.aNIC(cap)@CWM
01-04 09:11:53.487  2448  5188 I Telecom : SamsungTelecomServiceImpl : boostCpu
01-04 09:11:53.487  2448  5188 I Telecom : SamsungDvfsManagerAdapterImpl : boostCpu - acquire : true
01-04 09:11:53.487  2448  5188 I SemDvfsHyPerManager: acquire hyper - TELECOM_BOOST/2448@13, type = -999
01-04 09:11:53.488  1528  1560 I HYPER-HAL: [RequestManager.cpp]acquire(): Acquired ID : 3029504  [2448 / 13]    HINT : TELECOM_BOOST    list : 
01-04 09:11:53.489  2448  5188 I Telecom : SamsungPhoneAccountInfo : setTargetPhoneAccount : ComponentInfo{com.android.phone/com.android.services.telephony.TelephonyConnectionService}, 1, UserHandle{0}
01-04 09:11:53.489  2448  5188 I Telecom : SamsungPhoneAccountInfo : setTargetPhoneAccount : null -> ComponentInfo{com.android.phone/com.android.services.telephony.TelephonyConnectionService}, 1, UserHandle{0}, call : [Call id=TC@4, state=NEW, tpac=null, cmgr=null, handle=null, vidst=A, childs(0), has_parent(false), cap=[], prop=[]], voip=falsecaps=[Capabilities:], props=[Properties:], conf(false), had_child(false)
01-04 09:11:53.489  2448  5188 I Telecom : Event: RecordEntry TC@4: TARGET_PHONE_ACCOUNT, accountHandle=ComponentInfo{com.android.phone/com.android.services.telephony.TelephonyConnectionService}, 1, UserHandle{0}: TSI.aNIC(cap)@CWM
01-04 09:11:53.489  2448  5188 I Telecom : SamsungTelephonyManagerAdapterImpl : getSubIdForPhoneAccount : 1
01-04 09:11:53.490  2448  5188 I Telecom : SamsungTelephonyManagerAdapterImpl : getSubIdForPhoneAccount : 1
01-04 09:11:53.490  2448  5188 I Telecom : SamsungSubscriptionManagerAdapterImpl : getPhoneId : subscriptionId = 1 --> phoneId = 1
01-04 09:11:53.490  2448  5188 I Telecom : SamsungPhoneAccountInfo : updateIds : phoneId = 1, subscriptionId = 1
01-04 09:11:53.490  2448  5188 I Telecom : Call: Setting associated user for call: UserHandle{0}: TSI.aNIC(cap)@CWM
01-04 09:11:53.491  2448  5188 I Telecom : Event: RecordEntry TC@4: ASSOCIATED_USER, associatedUser=UserHandle{0}, currentUser=UserHandle{0}: TSI.aNIC(cap)@CWM
01-04 09:11:53.491  2448  5188 I Telecom : SamsungCallHelper : setAssociatedUser - associatedUser : UserHandle{0} / currentUser : UserHandle{0}
01-04 09:11:53.493  2448  5188 I Telecom : Event: RecordEntry TC@4: CALL_HANDLE, tel:+13******262, Allowed, +13******262, null: TSI.aNIC(cap)@CWM
01-04 09:11:53.493  2448  2448 I Telecom : TelecomSystem: CallerInfoAsyncQuery.startQuery number=*** cookie=TSI.aNIC->CILH.sL->CILH.sL(cap)@CWM: TSI.aNIC->CILH.sL(cap)@CWM
01-04 09:11:53.493  2448  2448 I Telecom : SamsungCallerInfoQueryCompleteListener : SamsungCallerInfoQueryCompleteListener - create
01-04 09:11:53.494  2448  5188 I Telecom : SamsungEnterpriseDeviceManagerAdapterImpl : isCallerIDDisplayAllowed : true
01-04 09:11:53.494  2448  5188 I Telecom : SamsungCallsManager : getProcessCallIntentPresentation : 1
01-04 09:11:53.495  2448  5188 I Telecom : SamsungCallHelper : setIsSelfManaged : false
01-04 09:11:53.499  2448  5188 I Telecom : TelecomAnalytics: Starting analytics for call TC@4: TSI.aNIC(cap)@CWM
01-04 09:11:53.499  2448  5188 I Telecom : Event: RecordEntry TC@4: CREATED, com.android.phone;null, INCOMING, false: TSI.aNIC(cap)@CWM
01-04 09:11:53.500  2448  5188 I Telecom : CallAnomalyWatchdog: maybePostCleanupTask; callId=TC@4, state=NEW, createConnComplete=false: TSI.aNIC(cap)@CWM
01-04 09:11:53.503  2448  5188 I Telecom : PhoneAccountRegistrar: getSimCallManager: SimCallManager for subId 1 queried, returning: null: TSI.aNIC(cap)@CWM
01-04 09:11:53.504  2448  5188 I Telecom : CreateConnectionProcessor: Trying attempt CallAttemptRecord(ComponentInfo{com.android.phone/com.android.services.telephony.TelephonyConnectionService}, 1, UserHandle{0},ComponentInfo{com.android.phone/com.android.services.telephony.TelephonyConnectionService}, 1, UserHandle{0}): TSI.aNIC(cap)@CWM
01-04 09:11:53.504  2448  5188 I Telecom : SamsungPhoneAccountInfo : setConnectionManagerPhoneAccount : ComponentInfo{com.android.phone/com.android.services.telephony.TelephonyConnectionService}, 1, UserHandle{0}
01-04 09:11:53.504  2448  5188 I Telecom : SamsungPhoneAccountInfo : setConnectionManagerPhoneAccount : null -> ComponentInfo{com.android.phone/com.android.services.telephony.TelephonyConnectionService}, 1, UserHandle{0}, call : [Call id=TC@4, state=NEW, tpac=ComponentInfo{com.android.phone/com.android.services.telephony.TelephonyConnectionService}, 1, UserHandle{0}, cmgr=null, handle=tel:************, vidst=A, childs(0), has_parent(false), cap=[], prop=[]], voip=falsecaps=[Capabilities:], props=[Properties:], conf(false), had_child(false)
01-04 09:11:53.504  2448  5188 I Telecom : Event: RecordEntry TC@4: CONNECTION_MANAGER_PHONE_ACCOUNT, accountHandle=ComponentInfo{com.android.phone/com.android.services.telephony.TelephonyConnectionService}, 1, UserHandle{0}: TSI.aNIC(cap)@CWM
01-04 09:11:53.505  2448  5188 I Telecom : SamsungPhoneAccountInfo : setTargetPhoneAccount : ComponentInfo{com.android.phone/com.android.services.telephony.TelephonyConnectionService}, 1, UserHandle{0}
01-04 09:11:53.505  2448  5188 I Telecom : Call: setConnectionService: service=[[ConnectionServiceWrapper componentName=ComponentInfo{com.android.phone/com.android.services.telephony.TelephonyConnectionService}]]: TSI.aNIC(cap)@CWM
01-04 09:11:53.505  2448  5188 I Telecom : ConnectionServiceWrapper: createConnection([Call id=TC@4, state=NEW, tpac=ComponentInfo{com.android.phone/com.android.services.telephony.TelephonyConnectionService}, 1, UserHandle{0}, cmgr=ComponentInfo{com.android.phone/com.android.services.telephony.TelephonyConnectionService}, 1, UserHandle{0}, handle=tel:************, vidst=A, childs(0), has_parent(false), cap=[], prop=[]], voip=falsecaps=[Capabilities:], props=[Properties:], conf(false), had_child(false)) via ComponentInfo{com.android.phone/com.android.services.telephony.TelephonyConnectionService}.: TSI.aNIC(cap)@CWM
01-04 09:11:53.505  2448  5188 I Telecom : Event: RecordEntry TC@4: BIND_CS, ComponentInfo{com.android.phone/com.android.services.telephony.TelephonyConnectionService}: TSI.aNIC(cap)@CWM
01-04 09:11:53.510  3221  3221 V RcsCallTracker: analizeAndSendEvents - Connection state: [ImsPhoneConnection objId: 6396640 telecomCallID: null address: [****] isAdhocConf: N state: INCOMING videoState: 0 callRadioTech: 18 audioQuality: 2 phoneType: 5 ImsCall: [ImsCall objId:233363613 onHold:N mute:N mCallProfile:{ serviceType=1, callType=2, restrictCause=0, mediaProfile={ audioQuality=18, audioDirection=3, audioCodecAttribute=null, videoQuality=0, videoDirection=3, rttMode=0, hasRttAudioSpeech=false }, emergencyServiceCategories=0, emergencyUrns=[], emergencyCallRouting=0, emergencyCallTesting=false, hasKnownUserIntentEmergency=false, mRestrictCause=0, mCallerNumberVerstat= 0, mAcceptedRtpHeaderExtensions= [] } networkType:18 updateRequest:NONE merging:N merge action pending:N merged:N multiParty:N confHost:N buried term:N isVideo: N wasVideo: N isWifi: Y session:[ImsCallSession objId:128072564 callId:4] transientSession:null]]
01-04 09:11:53.520  2448  2448 I Telecom : ServiceBinder$ServiceBinderConnection: Service bound ComponentInfo{com.android.phone/com.android.services.telephony.TelephonyConnectionService}: SBC.oSC(cap)@CWQ
01-04 09:11:53.521  2448  2448 I Telecom : Event: RecordEntry TC@4: CS_BOUND, ComponentInfo{com.android.phone/com.android.services.telephony.TelephonyConnectionService}: SBC.oSC(cap)@CWQ
01-04 09:11:53.521  2448  2448 I Telecom : ConnectionServiceWrapper: TC -> CS[cap]: addConnectionServiceAdapter com.android.server.telecom.ConnectionServiceWrapper$Adapter@fc1bcd0: SBC.oSC(cap)@CWQ
01-04 09:11:53.522  2448  2448 I Telecom : Event: RecordEntry TC@4: START_CONNECTION, tel:************ via:com.android.phone: SBC.oSC(cap)@CWQ
01-04 09:11:53.524  2448  5188 I Telecom : ConnectionServiceWrapper: CS -> TC[cap]: queryRemoteConnectionServices callingPackage=com.android.phone: (...->CS.aCSA->H.CS.aCSA)->CSW.qRCS(cap)@E-E-CWQ
01-04 09:11:53.525  2448  5188 I Telecom : PhoneAccountRegistrar: getSimCallManager: SimCallManager for subId 1 queried, returning: null: (...->CS.aCSA->H.CS.aCSA)->CSW.qRCS(cap)@E-E-CWQ
01-04 09:11:53.525  2448  5188 W Telecom : ConnectionServiceWrapper: call provider also detected as SIM call manager: [ConnectionServiceWrapper componentName=ComponentInfo{com.android.phone/com.android.services.telephony.TelephonyConnectionService}]: (...->CS.aCSA->H.CS.aCSA)->CSW.qRCS(cap)@E-E-CWQ
01-04 09:11:53.525  2448  5188 I Telecom : ConnectionServiceWrapper: queryRemoteConnectionServices, simServices = []: (...->CS.aCSA->H.CS.aCSA)->CSW.qRCS(cap)@E-E-CWQ
01-04 09:11:53.525  3221  3221 I TelecomFramework: TelephonyConnectionService: createConnection, callManagerAccount: ComponentInfo{com.android.phone/com.android.services.telephony.TelephonyConnectionService}, 1, UserHandle{0}, callId: TC@4_1, request: ConnectionRequest xxxxxxxxxxxxxxxxxx <MASKED> isAdhocConf: N, isIncoming: true, isUnknown: false, isLegacyHandover: false, isHandover: false,  addSelfManaged: true: (SBC.oSC)->CS.crCo->H.CS.crCo->H.CS.crCo.pICR(cap/cast)@E-CWQ
01-04 09:11:53.526  3221  3221 I Telephony: TelephonyConnectionService: onCreateIncomingConnection, ConnectionRequest[TelecomCallId: TC@4_1, address: tel:+13******262, PhoneId: 1, videoState: 0, rttTextStream: null, extras: Bundle[{android.telecom.extra.INCOMING_CALL_ADDRESS=tel:+13******262, android.telecom.extra.CALL_SUBJECT=<Empty>, android.telecom.extra.LOCATION=<Empty>, android.telecom.extra.PRIORITY=-1, android.telecom.extra.CALL_CREATED_TIME_MILLIS=51****39, android.telecom.extra.CALL_TELECOM_ROUTING_START_TIME_MILLIS=51****58}]]
01-04 09:11:53.527  3221  3221 I Telephony: GsmConnection: setOriginalConnection: TelephonyConnection, originalConnection: [ImsPhoneConnection objId: 6396640 telecomCallID: null address: [****] isAdhocConf: N state: INCOMING videoState: 0 callRadioTech: 18 audioQuality: 2 phoneType: 5 ImsCall: [ImsCall objId:233363613 onHold:N mute:N mCallProfile:{ serviceType=1, callType=2, restrictCause=0, mediaProfile={ audioQuality=18, audioDirection=3, audioCodecAttribute=null, videoQuality=0, videoDirection=3, rttMode=0, hasRttAudioSpeech=false }, emergencyServiceCategories=0, emergencyUrns=[], emergencyCallRouting=0, emergencyCallTesting=false, hasKnownUserIntentEmergency=false, mRestrictCause=0, mCallerNumberVerstat= 0, mAcceptedRtpHeaderExtensions= [] } networkType:18 updateRequest:NONE merging:N merge action pending:N merged:N multiParty:N confHost:N buried term:N isVideo: N wasVideo: N isWifi: Y session:[ImsCallSession objId:128072564 callId:4] transientSession:null]]
01-04 09:11:53.528  3298  7353 I ImsCallSession(17): sendImsCallEvent: event: com.samsung.telephony.event.IMSDC_UPDATETELECOMCALLID
01-04 09:11:53.528  3298  7353 I ImsMediaController: sendGeneralBundleEvent - event: com.samsung.telephony.event.IMSDC_UPDATETELECOMCALLID, extras: Bundle[{sessionId=17, com.samsung.telephony.extra.ims.IMSDC_TELECOM_CALL_ID=TC@4_1}]
01-04 09:11:53.528  3539  3557 E SveCamera: GeneralEvent: com.samsung.telephony.event.IMSDC_UPDATETELECOMCALLID
01-04 09:11:53.528  3298  7353 I ResipMediaHandler: sendGeneralBundleEvent - event: com.samsung.telephony.event.IMSDC_UPDATETELECOMCALLIDextras: Bundle[{sessionId=17, com.samsung.telephony.extra.ims.IMSDC_TELECOM_CALL_ID=TC@4_1}]
01-04 09:11:53.530  3221  3221 I Telephony: SamsungGsmConnection: GSM TelecomId : TC@4_1 buildConnectionCapabilities : capabilities = 262210 newCapabilities : 262210
01-04 09:11:53.532  3221  3221 D Telephony: GsmConnection: setOriginalConnection, extrasToPut: Bundle[{android.telecom.extra.LAST_FORWARDED_NUMBER=[****], com.samsung.telecom.extra.PREFIX_DUAL_NUMBER=+13******262, android.telecom.extra.CALLER_NUMBER_VERIFICATION_STATUS=0}] extrasToRemove: [an*********************************************************************************LL]
01-04 09:11:53.535  3221  3221 D Telephony: SamsungImsConferenceController: imsCallId=4 telecomCallId=TC@4_1
01-04 09:11:53.537  3221  3221 I Telephony: SamsungGsmConnection: GSM TelecomId : TC@4_1 buildConnectionCapabilities : capabilities = 262210 newCapabilities : 262210
01-04 09:11:53.537  2448  5188 I Telecom : SamsungPhoneAccountInfo : setTargetPhoneAccount : ComponentInfo{com.android.phone/com.android.services.telephony.TelephonyConnectionService}, 1, UserHandle{0}
01-04 09:11:53.539  3221  3221 I Telephony: SamsungGsmConnection: GSM TelecomId : TC@4_1 buildConnectionCapabilities : capabilities = 262210 newCapabilities : 262210
01-04 09:11:53.540  2448  5188 I Telecom : ConnectionServiceWrapper: CS -> TC[cap]: handleCreateConnectionComplete TC@4_1: (...->CS.crCo->H.CS.crCo->H.CS.crCo.pICR)->CSW.hCCC(cap/cast)@E-E-CWQ
01-04 09:11:53.540  2448  5188 I Telecom : SamsungPhoneAccountInfo : setTargetPhoneAccount : ComponentInfo{com.android.phone/com.android.services.telephony.TelephonyConnectionService}, 1, UserHandle{0}
01-04 09:11:53.540  2448  5188 I Telecom : Event: RecordEntry TC@4: CALLER_DISPLAY_NAME, , Allowed: (...->CS.crCo->H.CS.crCo->H.CS.crCo.pICR)->CSW.hCCC(cap/cast)@E-E-CWQ
01-04 09:11:53.540  2448  5188 I Telecom : Event: RecordEntry TC@4: CAPABILITY_CHANGE, Current: [[ sup_hld mut !v2a spd_aud]], Removed [[]], Added [[ sup_hld mut !v2a spd_aud]]: (...->CS.crCo->H.CS.crCo->H.CS.crCo.pICR)->CSW.hCCC(cap/cast)@E-E-CWQ
01-04 09:11:53.540  2448  5188 I Telecom : SamsungCallHelper : prevcap=[Capabilities:]cap=[Capabilities: CAPABILITY_SUPPORT_HOLD CAPABILITY_MUTE CAPABILITY_CANNOT_DOWNGRADE_VIDEO_TO_AUDIO CAPABILITY_SPEED_UP_MT_AUDIO]callcap=[Capabilities: CAPABILITY_SUPPORT_HOLD CAPABILITY_MUTE CAPABILITY_CANNOT_DOWNGRADE_VIDEO_TO_AUDIO CAPABILITY_SPEED_UP_MT_AUDIO]xorcaps=[Capabilities: CAPABILITY_SUPPORT_HOLD CAPABILITY_MUTE CAPABILITY_CANNOT_DOWNGRADE_VIDEO_TO_AUDIO CAPABILITY_SPEED_UP_MT_AUDIO]forceUpdate=false
01-04 09:11:53.540  2448  5188 I Telecom : Event: RecordEntry TC@4: PROPERTY_CHANGE, Current: [[ HD wifi]], Removed [[]], Added [[ HD wifi]]: (...->CS.crCo->H.CS.crCo->H.CS.crCo.pICR)->CSW.hCCC(cap/cast)@E-E-CWQ
01-04 09:11:53.540  2448  5188 I Telecom : SamsungCallHelper : prevprop=[Properties:]prop=[Properties: PROPERTY_HIGH_DEF_AUDIO PROPERTY_WIFI]callprop=[Properties: PROPERTY_HIGH_DEF_AUDIO PROPERTY_WIFI]xorprop=[Properties: PROPERTY_HIGH_DEF_AUDIO PROPERTY_WIFI]
01-04 09:11:53.540  2448  5188 I Telecom : InCallController: Unable to update call. InCallService not found for user: UserHandle{0}: (...->CS.crCo->H.CS.crCo->H.CS.crCo.pICR)->CSW.hCCC(cap/cast)@E-E-CWQ
01-04 09:11:53.541  2448  5188 I Telecom : VideoProviderProxy: addVideoCallback : com.android.server.telecom.VideoProviderProxy$VideoCallListenerBinder@82055e8: (...->CS.crCo->H.CS.crCo->H.CS.crCo.pICR)->CSW.hCCC(cap/cast)@E-E-CWQ
01-04 09:11:53.541  2448  5188 I Telecom : Call: new mVideoProviderProxy is com.android.server.telecom.VideoProviderProxy@9617401: (...->CS.crCo->H.CS.crCo->H.CS.crCo.pICR)->CSW.hCCC(cap/cast)@E-E-CWQ
01-04 09:11:53.541  2448  5188 I Telecom : Event: RecordEntry TC@4: AUDIO_INFO, setRingbackRequested=false: (...->CS.crCo->H.CS.crCo->H.CS.crCo.pICR)->CSW.hCCC(cap/cast)@E-E-CWQ
01-04 09:11:53.542  2448  5188 I Telecom : SamsungTelecomServiceImpl : getDefaultDialerPackageForUser - userId : 0 / callingPid : 2448 / processName : sts
01-04 09:11:53.544  2448 16214 W Telecom : AppLabelProxy: Could not determine app label. Package name is null
01-04 09:11:53.544  2448  3733 I Telecom : Event: RecordEntry TC@4: BLOCKING_SUPPRESSED_INITIATED, null
01-04 09:11:53.544  2448 16214 I Telecom : AppLabelProxy: package com.callmenot.app: name is CallMeNot
01-04 09:11:53.547  2448  3733 I Telecom : Event: RecordEntry TC@4: BLOCKING_SUPPRESSED_COMPLETED, false
01-04 09:11:53.548  2448  5188 I Telecom : SamsungCallScreeningServiceHelper : There are no call screening services installed on this device.
01-04 09:11:53.548  2448  5188 I Telecom : Event: RecordEntry TC@4: FILTERING_INITIATED, null: (...->CS.crCo->H.CS.crCo->H.CS.crCo.pICR)->CSW.hCCC(cap/cast)@E-E-CWQ
01-04 09:11:53.548  2448  5188 I Telecom : IncomingCallFilterGraph: Filter com.android.server.telecom.callfiltering.CallFilter@99ce2a6 scheduled.: (...->CS.crCo->H.CS.crCo->H.CS.crCo.pICR)->CSW.hCCC(cap/cast)@E-E-CWQ
01-04 09:11:53.548  2448 16212 I Telecom : IncomingCallFilterGraph: Filter com.android.server.telecom.callfiltering.CallFilter@99ce2a6 done, result: [Allow, logged, notified].: (...->CS.crCo->H.CS.crCo->H.CS.crCo.pICR)->CSW.hCCC->ICFG.sF->ICFG.sF(cap/cast)@E-E-CWQ
01-04 09:11:53.548  2448  5188 I Telecom : CallAnomalyWatchdog: maybePostCleanupTask; callId=TC@4, state=NEW, createConnComplete=true: (...->CS.crCo->H.CS.crCo->H.CS.crCo.pICR)->CSW.hCCC(cap/cast)@E-E-CWQ
01-04 09:11:53.548  2448 16212 I Telecom : IncomingCallFilterGraph: Filter com.android.server.telecom.callfiltering.DirectToVoicemailFilter@73f44e7 scheduled.: (...->CS.crCo->H.CS.crCo->H.CS.crCo.pICR)->CSW.hCCC->ICFG.sF->ICFG.sF(cap/cast)@E-E-CWQ
01-04 09:11:53.548  2448 16212 I Telecom : IncomingCallFilterGraph: Filter com.android.server.telecom.callfiltering.DndCallFilter@e98e894 scheduled.: (...->CS.crCo->H.CS.crCo->H.CS.crCo.pICR)->CSW.hCCC->ICFG.sF->ICFG.sF(cap/cast)@E-E-CWQ
01-04 09:11:53.548  2448 16212 I Telecom : IncomingCallFilterGraph: Filter com.android.server.telecom.callfiltering.BlockCheckerFilter@4704f3d scheduled.: (...->CS.crCo->H.CS.crCo->H.CS.crCo.pICR)->CSW.hCCC->ICFG.sF->ICFG.sF(cap/cast)@E-E-CWQ
01-04 09:11:53.548  2448  5188 I Telecom : SamsungConnectionServiceWrapper : handleCreateConnectionComplete - callId : TC@4_1 / telecomCallId : TC@4_1
01-04 09:11:53.548  2448 16212 I Telecom : IncomingCallFilterGraph: Filter com.samsung.server.telecom.advancedcall.filtering.connectionservice.SamsungCallFilteringCompletionInfoIncomingCallFiltering@2248332 scheduled.: (...->CS.crCo->H.CS.crCo->H.CS.crCo.pICR)->CSW.hCCC->ICFG.sF->ICFG.sF(cap/cast)@E-E-CWQ
01-04 09:11:53.548  2448  5188 I Telecom : ConnectionServiceWrapper: TC -> CS[cap]: createConnectionComplete TC@4_1: (...->CS.crCo->H.CS.crCo->H.CS.crCo.pICR)->CSW.hCCC(cap/cast)@E-E-CWQ
01-04 09:11:53.548  2448 16212 I Telecom : IncomingCallFilterGraph: Filter com.samsung.server.telecom.advancedcall.video.SamsungVideoCallIncomingCallFiltering@4314883 scheduled.: (...->CS.crCo->H.CS.crCo->H.CS.crCo.pICR)->CSW.hCCC->ICFG.sF->ICFG.sF(cap/cast)@E-E-CWQ
01-04 09:11:53.549  2448 16212 I Telecom : IncomingCallFilterGraph: Filter com.samsung.server.telecom.advancedcall.filtering.accessibility.SamsungAccessControlIncomingCallFiltering@565fa00 scheduled.: (...->CS.crCo->H.CS.crCo->H.CS.crCo.pICR)->CSW.hCCC->ICFG.sF->ICFG.sF(cap/cast)@E-E-CWQ
01-04 09:11:53.549  2448 16212 I Telecom : IncomingCallFilterGraph: Filter com.samsung.server.telecom.advancedcall.autoanswer.SamsungAutomaticAnsweringMachineIncomingCallFiltering@a97a239 scheduled.: (...->CS.crCo->H.CS.crCo->H.CS.crCo.pICR)->CSW.hCCC->ICFG.sF->ICFG.sF(cap/cast)@E-E-CWQ
01-04 09:11:53.549  2448 16212 I Telecom : IncomingCallFilterGraph: Filter com.samsung.server.telecom.advancedcall.filtering.autoreject.SamsungAutoRejectIncomingCallFiltering@713a07e scheduled.: (...->CS.crCo->H.CS.crCo->H.CS.crCo.pICR)->CSW.hCCC->ICFG.sF->ICFG.sF(cap/cast)@E-E-CWQ
01-04 09:11:53.549  2448 16212 I Telecom : IncomingCallFilterGraph: Filter com.samsung.server.telecom.advancedcall.filtering.connectionservice.SamsungCallFilteringCompletionInfoIncomingCallFiltering@db5e9df scheduled.: (...->CS.crCo->H.CS.crCo->H.CS.crCo.pICR)->CSW.hCCC->ICFG.sF->ICFG.sF(cap/cast)@E-E-CWQ
01-04 09:11:53.549  2448 16212 I Telecom : IncomingCallFilterGraph: Filter com.samsung.server.telecom.advancedcall.filtering.internationalcalllock.SamsungInternationalCallLockIncomingCallFiltering@530b62c scheduled.: (...->CS.crCo->H.CS.crCo->H.CS.crCo.pICR)->CSW.hCCC->ICFG.sF->ICFG.sF(cap/cast)@E-E-CWQ
01-04 09:11:53.549  2448 16212 I Telecom : IncomingCallFilterGraph: Filter com.samsung.server.telecom.advancedcall.multinumber.SamsungTwoPhoneIncomingCallFiltering@f4728f5 scheduled.: (...->CS.crCo->H.CS.crCo->H.CS.crCo.pICR)->CSW.hCCC->ICFG.sF->ICFG.sF(cap/cast)@E-E-CWQ
01-04 09:11:53.549  2448 16212 I Telecom : IncomingCallFilterGraph: Filter com.samsung.server.telecom.advancedcall.rtt.SamsungRttIncomingCallFiltering@245468a scheduled.: (...->CS.crCo->H.CS.crCo->H.CS.crCo.pICR)->CSW.hCCC->ICFG.sF->ICFG.sF(cap/cast)@E-E-CWQ
01-04 09:11:53.549  2448  5188 I Telecom : SamsungCallNotifier : onVideoCrtChanged : -1, 0
01-04 09:11:53.549  2448 16212 I Telecom : IncomingCallFilterGraph: Filter com.samsung.server.telecom.advancedcall.secure.vipmode.SamsungVipModeIncomingCallFiltering@bb944fb scheduled.: (...->CS.crCo->H.CS.crCo->H.CS.crCo.pICR)->CSW.hCCC->ICFG.sF->ICFG.sF(cap/cast)@E-E-CWQ
01-04 09:11:53.549  2448 16212 I Telecom : Event: RecordEntry TC@4: DIRECT_TO_VM_INITIATED, null: (...->CS.crCo->H.CS.crCo->H.CS.crCo.pICR)->CSW.hCCC->ICFG.sF->ICFG.sF->ICFG.sF(cap/cast)@E-E-CWQ
01-04 09:11:53.549  2448  5188 I Telecom : ConnectionServiceWrapper: CS -> TC[cap]: setStatusHints TC@4_1 android.telecom.StatusHints@94510142: CSW.sSH(cap)@CWY
01-04 09:11:53.549  2448 16212 I Telecom : CallerInfoLookupHelper: There is a previously incomplete query for handle tel:************. Adding to listeners for this query.: (...->CS.crCo->H.CS.crCo->H.CS.crCo.pICR)->CSW.hCCC->ICFG.sF->ICFG.sF->ICFG.sF(cap/cast)@E-E-CWQ
01-04 09:11:53.549  2448 16212 I Telecom : Event: RecordEntry TC@4: DND_PRE_CHECK_INITIATED, null: (...->CS.crCo->H.CS.crCo->H.CS.crCo.pICR)->CSW.hCCC->ICFG.sF->ICFG.sF->ICFG.sF(cap/cast)@E-E-CWQ
01-04 09:11:53.550  3221  3221 I TelecomFramework: TelephonyConnectionService: notifyCreateConnectionComplete TC@4_1: (...->CSW.hCCC)->CS.crCoC->H.CS.crCoC(cap/cast)@E-E-E-CWQ
01-04 09:11:53.550  2448 16212 I Telecom : Event: RecordEntry TC@4: DND_PRE_CHECK_COMPLETED, false: (...->CS.crCo->H.CS.crCo->H.CS.crCo.pICR)->CSW.hCCC->ICFG.sF->ICFG.sF->ICFG.sF(cap/cast)@E-E-CWQ
01-04 09:11:53.550  2448 16212 I Telecom : Event: RecordEntry TC@4: BLOCK_CHECK_INITIATED, null: (...->CS.crCo->H.CS.crCo->H.CS.crCo.pICR)->CSW.hCCC->ICFG.sF->ICFG.sF->ICFG.sF(cap/cast)@E-E-CWQ
01-04 09:11:53.552  2448  2448 I Telecom : SamsungCallerInfoQueryCompleteListener : onQueryComplete - start : CallerInfo - name : Reb*****************CE) / contactRingtoneUri : null / number : +1 *********262 / cnapName : null
01-04 09:11:53.552  2448  2448 I Telecom : SamsungEcidContactRepositoryImpl : getEcidContact - handle: +1 *********262, outgoingCall: false
01-04 09:11:53.552  2448  2448 I Telecom : SamsungEcidContactRepositoryImpl : getEcidContact, start query for ecid contact
01-04 09:11:53.552  2448  2448 I Telecom : SamsungCallerInfoHelperImpl : getCallVideoBackgroundInternal - callBackground : null
01-04 09:11:53.552  2448  2448 I Telecom : SamsungCallerInfoQueryCompleteListener : onQueryComplete - end
01-04 09:11:53.553  2448 16212 I Telecom : CallerInfoLookupHelper: There is a previously incomplete query for handle tel:************. Adding to listeners for this query.: (...->CS.crCo->H.CS.crCo->H.CS.crCo.pICR)->CSW.hCCC->ICFG.sF->ICFG.sF->ICFG.sF(cap/cast)@E-E-CWQ
01-04 09:11:53.553  2448 16212 I Telecom : Event: RecordEntry TC@4: INCOMING_FILTERING_SKIPPED, SamsungCallFilteringCompletionInfoIncomingCallFiltering: (...->CS.crCo->H.CS.crCo->H.CS.crCo.pICR)->CSW.hCCC->ICFG.sF->ICFG.sF->ICFG.sF(cap/cast)@E-E-CWQ
01-04 09:11:53.553  2448 16216 I Telecom : SamsungEcidContactRepositoryImpl : getEcidContact [doOnComplete] no Data !!
01-04 09:11:53.553  2448 16216 I Telecom : SamsungCallerInfoQueryCompleteListener : updateCallerInfo : android.telecom.CallerInfo@4ebe330 { name non-null, phoneNumber non-null }
01-04 09:11:53.553  2448 16216 I Telecom : SamsungCallerInfoQueryCompleteListener : updateTPhoneCallerInfo info : <Empty>
01-04 09:11:53.553  2448 16216 I Telecom : SamsungCallerInfoQueryCompleteListener : updateContactCallBackground value is changed
01-04 09:11:53.553  2448 16216 I Telecom : SamsungCallerInfoHelperImpl : setCallBackground : null
01-04 09:11:53.553  2448 16212 I Telecom : Event: RecordEntry TC@4: INCOMING_FILTERING_SKIPPED, SamsungVideoCallIncomingCallFiltering: (...->CS.crCo->H.CS.crCo->H.CS.crCo.pICR)->CSW.hCCC->ICFG.sF->ICFG.sF->ICFG.sF(cap/cast)@E-E-CWQ
01-04 09:11:53.553  2448 16212 I Telecom : SamsungSettingsRepositoryImpl : isAccessControlEnabled : false
01-04 09:11:53.553  2448 16212 I Telecom : Event: RecordEntry TC@4: INCOMING_FILTERING_SKIPPED, SamsungAccessControlIncomingCallFiltering: (...->CS.crCo->H.CS.crCo->H.CS.crCo.pICR)->CSW.hCCC->ICFG.sF->ICFG.sF->ICFG.sF(cap/cast)@E-E-CWQ
01-04 09:11:53.553  2448  2448 I Telecom : SamsungCallerInfoQueryCompleteListener : SamsungCallerInfoQueryCompleteListener [doOnSuccess] - CallerInfo - name : Reb*****************CE) / contactRingtoneUri : null / number : +1 *********262 / cnapName : null
01-04 09:11:53.553  2448  2448 I Telecom : SamsungCallerInfoQueryCompleteListener : onQueryComplete : CallerInfo - name : Reb*****************CE) / contactRingtoneUri : null / number : +1 *********262 / cnapName : null
01-04 09:11:53.553  2448 16212 I Telecom : SamsungAutomaticAnsweringMachineIncomingCallFiltering : isAutoAnsweringModeOn : false
01-04 09:11:53.553  2448  2448 I Telecom : CallerInfoLookupHelper: CI query for handle tel:************ has completed; notifying all listeners.: TSI.aNIC->CILH.sL->CILH.oQC(cap)@CWM
01-04 09:11:53.553  2448 16212 I Telecom : Event: RecordEntry TC@4: INCOMING_FILTERING_SKIPPED, SamsungAutomaticAnsweringMachineIncomingCallFiltering: (...->CS.crCo->H.CS.crCo->H.CS.crCo.pICR)->CSW.hCCC->ICFG.sF->ICFG.sF->ICFG.sF(cap/cast)@E-E-CWQ
01-04 09:11:53.553  2448  2448 I Telecom : SamsungCallerInfoHelperImpl : getCallVideoBackgroundInternal - callBackground : null
01-04 09:11:53.553  2448  2448 I Telecom : SamsungCallerInfoHelperImpl : getCallVideoBackground - callVideoBackgroundInternal : (0, null)
01-04 09:11:53.553  2448  2448 I Telecom : SamsungRingerInfo : updateContactCallBackground - secCallBackground : (false, false)
01-04 09:11:53.553  2448 16212 I Telecom : SamsungAutoRejectIncomingCallFiltering : isSktTPhoneMode : false
01-04 09:11:53.553  2448  2448 I Telecom : SamsungCallerInfoHelperImpl : getProfileCard : null
01-04 09:11:53.553  2448  2448 I Telecom : SamsungRingerInfo : updateProfileCard - profileCard : null
01-04 09:11:53.553  2448  2448 I Telecom : SamsungCallerInfo : startRingtoneLookup : android.telecom.CallerInfo@4ebe330 { name non-null, phoneNumber non-null }
01-04 09:11:53.553  2448 16212 I Telecom : Event: RecordEntry TC@4: INCOMING_FILTERING_INITIATED, SamsungAutoRejectIncomingCallFiltering: (...->CS.crCo->H.CS.crCo->H.CS.crCo.pICR)->CSW.hCCC->ICFG.sF->ICFG.sF->ICFG.sF(cap/cast)@E-E-CWQ
01-04 09:11:53.553  2448  2448 I Telecom : SamsungGroupRingtoneLookupListener : startGroupRingtoneLookup: 88
01-04 09:11:53.554  2448  2448 I Telecom : Call: CallerInfo received for tel:************: android.telecom.CallerInfo@4ebe330 { name non-null, phoneNumber non-null }: TSI.aNIC->CILH.sL->CILH.oQC(cap)@CWM
01-04 09:11:53.554  2448  2448 I Telecom : Event: RecordEntry TC@4: CALLER_INFO, tel:+13******262, +1 *********262, Reb*****************CE), true, null, null: TSI.aNIC->CILH.sL->CILH.oQC(cap)@CWM
01-04 09:11:53.554  2448  2448 I Telecom : Event: RecordEntry TC@4: DIRECT_TO_VM_FINISHED, null: TSI.aNIC->CILH.sL->CILH.oQC(cap)@CWM
01-04 09:11:53.554  2448 16212 I Telecom : Event: RecordEntry TC@4: INCOMING_FILTERING_SKIPPED, SamsungCallFilteringCompletionInfoIncomingCallFiltering: (...->CS.crCo->H.CS.crCo->H.CS.crCo.pICR)->CSW.hCCC->ICFG.sF->ICFG.sF->ICFG.sF(cap/cast)@E-E-CWQ
01-04 09:11:53.554  2448 16212 I Telecom : Event: RecordEntry TC@4: INCOMING_FILTERING_SKIPPED, SamsungInternationalCallLockIncomingCallFiltering: (...->CS.crCo->H.CS.crCo->H.CS.crCo.pICR)->CSW.hCCC->ICFG.sF->ICFG.sF->ICFG.sF(cap/cast)@E-E-CWQ
01-04 09:11:53.554  2448 16212 I Telecom : Event: RecordEntry TC@4: INCOMING_FILTERING_SKIPPED, SamsungTwoPhoneIncomingCallFiltering: (...->CS.crCo->H.CS.crCo->H.CS.crCo.pICR)->CSW.hCCC->ICFG.sF->ICFG.sF->ICFG.sF(cap/cast)@E-E-CWQ
01-04 09:11:53.555  2448 16214 I Telecom : SamsungCallVibrationLookupListener : startLookupVibrationType : index = -1
01-04 09:11:53.555  2448 16214 I Telecom : SamsungRingerRepositoryImpl : startLookupVibrationType : null , -1
01-04 09:11:53.555  2448 16212 I Telecom : Event: RecordEntry TC@4: INCOMING_FILTERING_SKIPPED, SamsungRttIncomingCallFiltering: (...->CS.crCo->H.CS.crCo->H.CS.crCo.pICR)->CSW.hCCC->ICFG.sF->ICFG.sF->ICFG.sF(cap/cast)@E-E-CWQ
01-04 09:11:53.555  2448 16215 I Telecom : SamsungAutoRejectIncomingCallFiltering : getBlockNumberExtras - presentation : 1
01-04 09:11:53.555  2448 16215 I Telecom : SamsungBlockNumbersRepositoryImpl : getBlockingProviderNumber - phoneNumber : +13******262
01-04 09:11:53.555  2448 16212 I Telecom : Event: RecordEntry TC@4: INCOMING_FILTERING_SKIPPED, SamsungVipModeIncomingCallFiltering: (...->CS.crCo->H.CS.crCo->H.CS.crCo.pICR)->CSW.hCCC->ICFG.sF->ICFG.sF->ICFG.sF(cap/cast)@E-E-CWQ
01-04 09:11:53.555  2448 16212 I Telecom : IncomingCallFilterGraph: Filter com.android.server.telecom.callfiltering.DndCallFilter@e98e894 done, result: [Allow, logged, notified].: (...->CS.crCo->H.CS.crCo->H.CS.crCo.pICR)->CSW.hCCC->ICFG.sF->ICFG.sF->ICFG.sF->ICFG.sF(cap/cast)@E-E-CWQ
01-04 09:11:53.555  2448 16212 I Telecom : IncomingCallFilterGraph: Filter com.samsung.server.telecom.advancedcall.filtering.connectionservice.SamsungCallFilteringCompletionInfoIncomingCallFiltering@2248332 done, result: [Allow, logged, notified].: (...->CS.crCo->H.CS.crCo->H.CS.crCo.pICR)->CSW.hCCC->ICFG.sF->ICFG.sF->ICFG.sF->ICFG.sF(cap/cast)@E-E-CWQ
01-04 09:11:53.555  2448 16212 I Telecom : IncomingCallFilterGraph: Filter com.samsung.server.telecom.advancedcall.video.SamsungVideoCallIncomingCallFiltering@4314883 done, result: [Allow, logged, notified].: (...->CS.crCo->H.CS.crCo->H.CS.crCo.pICR)->CSW.hCCC->ICFG.sF->ICFG.sF->ICFG.sF->ICFG.sF(cap/cast)@E-E-CWQ
01-04 09:11:53.555  2448 16212 I Telecom : IncomingCallFilterGraph: Filter com.samsung.server.telecom.advancedcall.filtering.accessibility.SamsungAccessControlIncomingCallFiltering@565fa00 done, result: [Allow, logged, notified].: (...->CS.crCo->H.CS.crCo->H.CS.crCo.pICR)->CSW.hCCC->ICFG.sF->ICFG.sF->ICFG.sF->ICFG.sF(cap/cast)@E-E-CWQ
01-04 09:11:53.555  2448 16212 I Telecom : IncomingCallFilterGraph: Filter com.samsung.server.telecom.advancedcall.autoanswer.SamsungAutomaticAnsweringMachineIncomingCallFiltering@a97a239 done, result: [Allow, logged, notified].: (...->CS.crCo->H.CS.crCo->H.CS.crCo.pICR)->CSW.hCCC->ICFG.sF->ICFG.sF->ICFG.sF->ICFG.sF(cap/cast)@E-E-CWQ
01-04 09:11:53.555  2448 16212 I Telecom : IncomingCallFilterGraph: Filter com.android.server.telecom.callfiltering.DirectToVoicemailFilter@73f44e7 done, result: [Allow, logged, notified, contact exists].: TSI.aNIC->CILH.sL->CILH.oQC->ICFG.sF(cap)@CWM
01-04 09:11:53.555  2448 16212 I Telecom : IncomingCallFilterGraph: Filter com.samsung.server.telecom.advancedcall.filtering.connectionservice.SamsungCallFilteringCompletionInfoIncomingCallFiltering@db5e9df done, result: [Allow, logged, notified].: (...->CS.crCo->H.CS.crCo->H.CS.crCo.pICR)->CSW.hCCC->ICFG.sF->ICFG.sF->ICFG.sF->ICFG.sF(cap/cast)@E-E-CWQ
01-04 09:11:53.555  2448 16212 I Telecom : IncomingCallFilterGraph: Filter com.samsung.server.telecom.advancedcall.filtering.internationalcalllock.SamsungInternationalCallLockIncomingCallFiltering@530b62c done, result: [Allow, logged, notified].: (...->CS.crCo->H.CS.crCo->H.CS.crCo.pICR)->CSW.hCCC->ICFG.sF->ICFG.sF->ICFG.sF->ICFG.sF(cap/cast)@E-E-CWQ
01-04 09:11:53.555  2448 16212 I Telecom : IncomingCallFilterGraph: Filter com.samsung.server.telecom.advancedcall.multinumber.SamsungTwoPhoneIncomingCallFiltering@f4728f5 done, result: [Allow, logged, notified].: (...->CS.crCo->H.CS.crCo->H.CS.crCo.pICR)->CSW.hCCC->ICFG.sF->ICFG.sF->ICFG.sF->ICFG.sF(cap/cast)@E-E-CWQ
01-04 09:11:53.555  2448 16212 I Telecom : IncomingCallFilterGraph: Filter com.samsung.server.telecom.advancedcall.rtt.SamsungRttIncomingCallFiltering@245468a done, result: [Allow, logged, notified].: (...->CS.crCo->H.CS.crCo->H.CS.crCo.pICR)->CSW.hCCC->ICFG.sF->ICFG.sF->ICFG.sF->ICFG.sF(cap/cast)@E-E-CWQ
01-04 09:11:53.555  2448 16212 I Telecom : IncomingCallFilterGraph: Filter com.samsung.server.telecom.advancedcall.secure.vipmode.SamsungVipModeIncomingCallFiltering@bb944fb done, result: [Allow, logged, notified].: (...->CS.crCo->H.CS.crCo->H.CS.crCo.pICR)->CSW.hCCC->ICFG.sF->ICFG.sF->ICFG.sF->ICFG.sF(cap/cast)@E-E-CWQ
01-04 09:11:53.557  2448  2448 I Telecom : CallerInfoLookupHelper: There is no photo for this contact, skipping photo query: TSI.aNIC->CILH.sL->CILH.oQC(cap)@CWM
01-04 09:11:53.566  2448 16213 I Telecom : Event: RecordEntry TC@4: BLOCK_CHECK_FINISHED, not blocked [Allow, logged, notified, contact exists]: TSI.aNIC->CILH.sL->CILH.oQC->BCF.gBS->BCF.gBS(cap)@CWM
01-04 09:11:53.566  2448 16212 I Telecom : IncomingCallFilterGraph: Filter com.android.server.telecom.callfiltering.BlockCheckerFilter@4704f3d done, result: [Allow, logged, notified, contact exists].: TSI.aNIC->CILH.sL->CILH.oQC->BCF.gBS->BCF.gBS->ICFG.sF(cap)@CWM
01-04 09:11:53.566  2448 16216 I Telecom : SamsungRingerRepositoryImpl : getGroupId 0 88 null
01-04 09:11:53.566  2448 16216 E Telecom : SamsungRxErrorHandler : RxJava error handler java.lang.NullPointerException: item is null
01-04 09:11:53.574  2448 16215 I Telecom : SamsungAutoRejectIncomingCallFiltering : startFilterResult - isBlocked : false
01-04 09:11:53.574  2448 16212 I Telecom : IncomingCallFilterGraph: Filter com.samsung.server.telecom.advancedcall.filtering.autoreject.SamsungAutoRejectIncomingCallFiltering@713a07e done, result: [Allow, logged, notified, contact exists].
01-04 09:11:53.574  2448 16212 I Telecom : IncomingCallFilterGraph: Filter com.android.server.telecom.callfiltering.CallScreeningServiceFilter@adce848: null scheduled.
01-04 09:11:53.574  2448 16212 I Telecom : IncomingCallFilterGraph: Filter com.android.server.telecom.callfiltering.CallScreeningServiceFilter@adce848: null done, result: [Allow, logged, notified, contact exists].
01-04 09:11:53.574  2448 16215 I Telecom : Event: RecordEntry TC@4: INCOMING_FILTERING_FINISHED, SamsungAutoRejectIncomingCallFiltering, [Allow, logged, notified, contact exists]
01-04 09:11:53.574  2448 16212 I Telecom : IncomingCallFilterGraph: Filter com.android.server.telecom.callfiltering.CallScreeningServiceFilter@e8506e1: com.callmenot.app scheduled.
01-04 09:11:53.586  2448  2448 I Telecom : SamsungCallScreeningServiceCallFilter : isPackageSystemApp - getApplicationInfo start
01-04 09:11:53.586  2448  2448 I Telecom : SamsungCallScreeningServiceCallFilter : isPackageSystemApp - getApplicationInfo end
01-04 09:11:53.587  2448  2448 I Telecom : Event: RecordEntry TC@4: SCREENING_BOUND, ComponentInfo{com.callmenot.app/com.callmenot.app.service.CallMeNotScreeningService}
01-04 09:11:53.587  2448  2448 I Telecom : CallScreeningServiceFilter$CallScreeningServiceConnection: Binding completed.
01-04 09:11:53.588 10021 10021 D CallMeNotScreening: Processing incoming call: +13212131262
01-04 09:11:53.628 10021 10021 D CallMeNotScreening: Building response: shouldAllow=true, reason=EMERGENCY_BYPASS
01-04 09:11:53.628 10021 10021 D CallMeNotScreening: ALLOWING call
01-04 09:11:53.629  2448  5188 I Telecom : Event: RecordEntry TC@4: SCREENING_COMPLETED, [Allow, logged, notified, contact exists, mCallScreeningAppName = CallMeNot, mCallScreeningComponentName = com.callmenot.app/com.callmenot.app.service.CallMeNotScreeningService, callScreeningResponse = callScreeningResponse=android.telecom.CallScreeningService$ParcelableCallResponse@e2dc3bf,callResponse=android.telecom.CallScreeningService$CallResponse@8994d0fe,shouldDisallowCall=false,shouldRejectCall=false,shouldSilenceCall=false,shouldSkipCallLog=false,shouldSkipNotification=false,shouldScreenCallViaAudioProcessing=false,callComposerAttachmentsToShow=-1]: NCSSF.aC@CWc
01-04 09:11:53.631  2448 16212 I Telecom : IncomingCallFilterGraph: Filter com.android.server.telecom.callfiltering.CallScreeningServiceFilter@e8506e1: com.callmenot.app done, result: [Allow, logged, notified, contact exists, mCallScreeningAppName = CallMeNot, mCallScreeningComponentName = com.callmenot.app/com.callmenot.app.service.CallMeNotScreeningService, callScreeningResponse = callScreeningResponse=android.telecom.CallScreeningService$ParcelableCallResponse@e2dc3bf,callResponse=android.telecom.CallScreeningService$CallResponse@8994d0fe,shouldDisallowCall=false,shouldRejectCall=false,shouldSilenceCall=false,shouldSkipCallLog=false,shouldSkipNotification=false,shouldScreenCallViaAudioProcessing=false,callComposerAttachmentsToShow=-1].: NCSSF.aC->ICFG.sF@CWc
01-04 09:11:53.631  2448 16212 I Telecom : IncomingCallFilterGraph: Filter com.android.server.telecom.callfiltering.CallFilter@fdaba8c scheduled.: NCSSF.aC->ICFG.sF@CWc
01-04 09:11:53.631  2448 16212 I Telecom : IncomingCallFilterGraph: Filter com.android.server.telecom.callfiltering.CallFilter@fdaba8c done, result: [Allow, logged, notified, contact exists, mCallScreeningAppName = CallMeNot, mCallScreeningComponentName = com.callmenot.app/com.callmenot.app.service.CallMeNotScreeningService, callScreeningResponse = callScreeningResponse=android.telecom.CallScreeningService$ParcelableCallResponse@e2dc3bf,callResponse=android.telecom.CallScreeningService$CallResponse@8994d0fe,shouldDisallowCall=false,shouldRejectCall=false,shouldSilenceCall=false,shouldSkipCallLog=false,shouldSkipNotification=false,shouldScreenCallViaAudioProcessing=false,callComposerAttachmentsToShow=-1].: NCSSF.aC->ICFG.sF->ICFG.sF->ICFG.sF@CWc
01-04 09:11:53.631  2448 16212 I Telecom : CallsManager: onCallFilteringComplete: NCSSF.aC->ICFG.sF->ICFG.sF->ICFG.sF@CWc
01-04 09:11:53.632  2448 16212 I Telecom : ConnectionServiceWrapper: TC -> CS[cap]: onCallFilteringCompleted CallFilteringCompletionInfo{mIsBlocked=false, mIsInContacts=true, mCallResponse=android.telecom.CallScreeningService$CallResponse@8994d0fe, mCallScreeningPackageName='ComponentInfo{com.callmenot.app/com.callmenot.app.service.CallMeNotScreeningService}'}: NCSSF.aC->ICFG.sF->ICFG.sF->ICFG.sF@CWc
01-04 09:11:53.633  2448 16212 I Telecom : Event: RecordEntry TC@4: BTS_BT_ICS, null, false, 2448, 16212: NCSSF.aC->ICFG.sF->ICFG.sF->ICFG.sF@CWc
01-04 09:11:53.633  3221  3221 I TelecomFramework: TelephonyConnectionService: onCallFilteringCompleted(TC@4_1, CallFilteringCompletionInfo{mIsBlocked=false, mIsInContacts=true, mCallResponse=android.telecom.CallScreeningService$CallResponse@8994d0fe, mCallScreeningPackageName='ComponentInfo{com.callmenot.app/com.callmenot.app.service.CallMeNotScreeningService}'}): (NCSSF.aC->ICFG.sF->ICFG.sF->ICFG.sF)->CS.oCFC->H.CS.oCFC(cast)@E-CWc
01-04 09:11:53.633  2448 16212 I Telecom : InCallController: bindToBtService, userToBind:UserHandle{0}  parent:null, successful incoming call: NCSSF.aC->ICFG.sF->ICFG.sF->ICFG.sF@CWc
01-04 09:11:53.634  2448 16212 I Telecom : SamsungConnectionServiceCallEvent : sendCallEventInternal - callId : [Call id=TC@4, state=NEW, tpac=ComponentInfo{com.android.phone/com.android.services.telephony.TelephonyConnectionService}, 1, UserHandle{0}, cmgr=ComponentInfo{com.android.phone/com.android.services.telephony.TelephonyConnectionService}, 1, UserHandle{0}, handle=tel:************, vidst=A, childs(0), has_parent(false), cap=[ sup_hld mut !v2a spd_aud], prop=[ HD wifi]], voip=falsecaps=[Capabilities: CAPABILITY_SUPPORT_HOLD CAPABILITY_MUTE CAPABILITY_CANNOT_DOWNGRADE_VIDEO_TO_AUDIO CAPABILITY_SPEED_UP_MT_AUDIO], props=[Properties: PROPERTY_HIGH_DEF_AUDIO PROPERTY_WIFI], conf(false), had_child(false).id / event : com.samsung.telecom.CALL_EVENT_ADD_CALL / extras : null
01-04 09:11:53.634  2448 16212 I Telecom : Event: RecordEntry TC@4: CALL_EVENT, com.samsung.telecom.CALL_EVENT_ADD_CALL: NCSSF.aC->ICFG.sF->ICFG.sF->ICFG.sF@CWc
01-04 09:11:53.634  2448 16212 I Telecom : ConnectionServiceWrapper: TC -> CS[cap]: sendCallEvent TC@4_1 com.samsung.telecom.CALL_EVENT_ADD_CALL: NCSSF.aC->ICFG.sF->ICFG.sF->ICFG.sF@CWc
01-04 09:11:53.634  2448 16212 I Telecom : SamsungConnectionManager : getRequestConnectionService - targetPhoneAccountHandle : ComponentInfo{com.android.phone/com.android.services.telephony.TelephonyConnectionService}, 1, UserHandle{0} / connectionMgrAccountHandle : ComponentInfo{com.android.phone/com.android.services.telephony.TelephonyConnectionService}, 1, UserHandle{0}
01-04 09:11:53.634  2448 16212 I Telecom : InCallController: getComponents, pkgname: null comp: null userid: 0 requestedType: 6: NCSSF.aC->ICFG.sF->ICFG.sF->ICFG.sF@CWc
01-04 09:11:53.635  3221  3221 I TelecomFramework: TelephonyConnectionService: sendCallEvent(TC@4_1, com.samsung.telecom.CALL_EVENT_ADD_CALL): (NCSSF.aC->ICFG.sF->ICFG.sF->ICFG.sF)->CS.sCE->H.CS.sCE(cast)@E-CWc
01-04 09:11:53.635  3221  3221 I Telephony: SamsungTransferConnection: onCallEvent: com.samsung.telecom.CALL_EVENT_ADD_CALL
01-04 09:11:53.635  3221  3221 I Telephony: SamsungImsInterfaceConnection: SamsungTelephonyConnectionListener.onCallEvent: com.samsung.telecom.CALL_EVENT_ADD_CALL
01-04 09:11:53.636  2448 16212 I Telecom : InCallController: packageName:com.samsung.android.brightnessbackupservice INTERACT_ACROSS_USERS:true INTERACT_ACROSS_PROFILES:true INTERACT_ACROSS_PROFILES_APPOP:true: NCSSF.aC->ICFG.sF->ICFG.sF->ICFG.sF@CWc
01-04 09:11:53.636  2448 16212 I Telecom : SamsungInCallDumpController : ComponentEnabledSetting - componentName : ComponentInfo{android/com.android.server.companion.datatransfer.contextsync.CallMetadataSyncInCallService} / userId : 0 / componentEnabledState : 0
01-04 09:11:53.636  2448 16212 I Telecom : InCallController: found:ComponentInfo{android/com.android.server.companion.datatransfer.contextsync.CallMetadataSyncInCallService} isRequestedtype:false isEnabled:false ignoreDisabled:true hasCrossProfilePerm:true: NCSSF.aC->ICFG.sF->ICFG.sF->ICFG.sF@CWc
01-04 09:11:53.636  2448 16212 I Telecom : InCallController: packageName:com.samsung.android.brightnessbackupservice INTERACT_ACROSS_USERS:true INTERACT_ACROSS_PROFILES:true INTERACT_ACROSS_PROFILES_APPOP:true: NCSSF.aC->ICFG.sF->ICFG.sF->ICFG.sF@CWc
01-04 09:11:53.636  2448 16212 I Telecom : SamsungInCallDumpController : ComponentEnabledSetting - componentName : ComponentInfo{android/com.android.ecm.EnhancedConfirmationCallTrackerService} / userId : 0 / componentEnabledState : 0
01-04 09:11:53.636  2448 16212 I Telecom : InCallController: found:ComponentInfo{android/com.android.ecm.EnhancedConfirmationCallTrackerService} isRequestedtype:false isEnabled:true ignoreDisabled:true hasCrossProfilePerm:true: NCSSF.aC->ICFG.sF->ICFG.sF->ICFG.sF@CWc
01-04 09:11:53.636  2448 16212 I Telecom : InCallController: packageName:com.sec.android.app.bluetoothagent INTERACT_ACROSS_USERS:true INTERACT_ACROSS_PROFILES:false INTERACT_ACROSS_PROFILES_APPOP:false: NCSSF.aC->ICFG.sF->ICFG.sF->ICFG.sF@CWc
01-04 09:11:53.636  2448 16212 I Telecom : SamsungInCallDumpController : ComponentEnabledSetting - componentName : ComponentInfo{com.android.bluetooth/com.android.bluetooth.telephony.BluetoothInCallService} / userId : 0 / componentEnabledState : 1
01-04 09:11:53.636  2448 16212 I Telecom : InCallController: found:ComponentInfo{com.android.bluetooth/com.android.bluetooth.telephony.BluetoothInCallService} isRequestedtype:true isEnabled:true ignoreDisabled:true hasCrossProfilePerm:true: NCSSF.aC->ICFG.sF->ICFG.sF->ICFG.sF@CWc
01-04 09:11:53.637  2448 16212 I Telecom : InCallController: packageName:com.google.android.as INTERACT_ACROSS_USERS:false INTERACT_ACROSS_PROFILES:false INTERACT_ACROSS_PROFILES_APPOP:false: NCSSF.aC->ICFG.sF->ICFG.sF->ICFG.sF@CWc
01-04 09:11:53.637  2448 16212 I Telecom : SamsungInCallDumpController : ComponentEnabledSetting - componentName : ComponentInfo{com.google.android.as/com.google.android.apps.miphone.aiai.captions.tulip.audiosource.impl.CIS} / userId : 0 / componentEnabledState : 1
01-04 09:11:53.637  2448 16212 I Telecom : InCallController: found:ComponentInfo{com.google.android.as/com.google.android.apps.miphone.aiai.captions.tulip.audiosource.impl.CIS} isRequestedtype:false isEnabled:true ignoreDisabled:true hasCrossProfilePerm:false: NCSSF.aC->ICFG.sF->ICFG.sF->ICFG.sF@CWc
01-04 09:11:53.637  2448 16212 I Telecom : InCallController: packageName:com.google.android.gsf INTERACT_ACROSS_USERS:true INTERACT_ACROSS_PROFILES:false INTERACT_ACROSS_PROFILES_APPOP:false: NCSSF.aC->ICFG.sF->ICFG.sF->ICFG.sF@CWc
01-04 09:11:53.637  2448 16212 I Telecom : SamsungInCallDumpController : ComponentEnabledSetting - componentName : ComponentInfo{com.google.android.gms/com.google.android.gms.bankscamwarning.services.BankScamCallDetectionService} / userId : 0 / componentEnabledState : 0
01-04 09:11:53.637  2448 16212 I Telecom : InCallController: found:ComponentInfo{com.google.android.gms/com.google.android.gms.bankscamwarning.services.BankScamCallDetectionService} isRequestedtype:false isEnabled:true ignoreDisabled:true hasCrossProfilePerm:true: NCSSF.aC->ICFG.sF->ICFG.sF->ICFG.sF@CWc
01-04 09:11:53.638  2448 16212 I Telecom : InCallController: packageName:com.google.android.googlequicksearchbox INTERACT_ACROSS_USERS:false INTERACT_ACROSS_PROFILES:false INTERACT_ACROSS_PROFILES_APPOP:false: NCSSF.aC->ICFG.sF->ICFG.sF->ICFG.sF@CWc
01-04 09:11:53.638  2448 16212 I Telecom : SamsungInCallDumpController : ComponentEnabledSetting - componentName : ComponentInfo{com.google.android.googlequicksearchbox/com.google.android.libraries.search.assistant.incallservice.IncomingCallInCallService} / userId : 0 / componentEnabledState : 1
01-04 09:11:53.638  2448 16212 I Telecom : InCallController: found:ComponentInfo{com.google.android.googlequicksearchbox/com.google.android.libraries.search.assistant.incallservice.IncomingCallInCallService} isRequestedtype:false isEnabled:true ignoreDisabled:true hasCrossProfilePerm:false: NCSSF.aC->ICFG.sF->ICFG.sF->ICFG.sF@CWc
01-04 09:11:53.638  2448 16212 I Telecom : InCallController: packageName:com.google.android.googlequicksearchbox INTERACT_ACROSS_USERS:false INTERACT_ACROSS_PROFILES:false INTERACT_ACROSS_PROFILES_APPOP:false: NCSSF.aC->ICFG.sF->ICFG.sF->ICFG.sF@CWc
01-04 09:11:53.638  2448 16212 I Telecom : SamsungInCallDumpController : ComponentEnabledSetting - componentName : ComponentInfo{com.google.android.googlequicksearchbox/com.google.android.libraries.search.assistant.performer.communication.IncomingCallInCallService} / userId : 0 / componentEnabledState : 2
01-04 09:11:53.638  2448 16212 I Telecom : InCallController: found:ComponentInfo{com.google.android.googlequicksearchbox/com.google.android.libraries.search.assistant.performer.communication.IncomingCallInCallService} isRequestedtype:false isEnabled:false ignoreDisabled:true hasCrossProfilePerm:false: NCSSF.aC->ICFG.sF->ICFG.sF->ICFG.sF@CWc
01-04 09:11:53.638  2448 16212 I Telecom : InCallController: packageName:com.google.android.projection.gearhead INTERACT_ACROSS_USERS:false INTERACT_ACROSS_PROFILES:false INTERACT_ACROSS_PROFILES_APPOP:false: NCSSF.aC->ICFG.sF->ICFG.sF->ICFG.sF@CWc
01-04 09:11:53.638  2448 16212 I Telecom : SamsungInCallDumpController : ComponentEnabledSetting - componentName : ComponentInfo{com.google.android.projection.gearhead/com.google.android.apps.auto.components.telecom.service.NonCarInCallServiceImpl} / userId : 0 / componentEnabledState : 2
01-04 09:11:53.638  2448 16212 I Telecom : InCallController: found:ComponentInfo{com.google.android.projection.gearhead/com.google.android.apps.auto.components.telecom.service.NonCarInCallServiceImpl} isRequestedtype:false isEnabled:false ignoreDisabled:true hasCrossProfilePerm:false: NCSSF.aC->ICFG.sF->ICFG.sF->ICFG.sF@CWc
01-04 09:11:53.639  2448 16212 I Telecom : InCallController: packageName:com.google.android.projection.gearhead INTERACT_ACROSS_USERS:false INTERACT_ACROSS_PROFILES:false INTERACT_ACROSS_PROFILES_APPOP:false: NCSSF.aC->ICFG.sF->ICFG.sF->ICFG.sF@CWc
01-04 09:11:53.639  2448 16212 I Telecom : SamsungInCallDumpController : ComponentEnabledSetting - componentName : ComponentInfo{com.google.android.projection.gearhead/com.google.android.apps.auto.components.telecom.service.CarProjectionInCallServiceImpl} / userId : 0 / componentEnabledState : 2
01-04 09:11:53.639  2448 16212 I Telecom : InCallController: found:ComponentInfo{com.google.android.projection.gearhead/com.google.android.apps.auto.components.telecom.service.CarProjectionInCallServiceImpl} isRequestedtype:false isEnabled:false ignoreDisabled:true hasCrossProfilePerm:false: NCSSF.aC->ICFG.sF->ICFG.sF->ICFG.sF@CWc
01-04 09:11:53.640  2448 16212 I Telecom : InCallController: packageName:com.samsung.android.bixby.agent INTERACT_ACROSS_USERS:true INTERACT_ACROSS_PROFILES:false INTERACT_ACROSS_PROFILES_APPOP:false: NCSSF.aC->ICFG.sF->ICFG.sF->ICFG.sF@CWc
01-04 09:11:53.640  2448 16212 I Telecom : SamsungInCallDumpController : ComponentEnabledSetting - componentName : ComponentInfo{com.samsung.android.bixby.agent/com.samsung.android.bixby.agent.appbridge.clientaction.incallservice.BixbyInCallService} / userId : 0 / componentEnabledState : 2
