01-04 09:42:09.110  2448  2980 I ImeTracker: com.callmenot.app:2dad3c87: onRequestHide at ORIGIN_SERVER reason HIDE_SAME_WINDOW_FOCUSED_WITHOUT_EDITOR fromUser false
01-04 09:42:09.110  2448  5188 D SurfaceComposerClient: setCornerRadius ## 4324b29 com.callmenot.app/com.callmenot.app.MainActivity#10745 cornerRadius=0.000000
01-04 09:42:09.111  3252  3252 D NavigationBar: onSystemBarAttributesChanged() -  displayId:0, appearance:24, packageName: com.callmenot.app (APPEARANCE_LIGHT_STATUS_BARS APPEARANCE_LIGHT_NAVIGATION_BARS ), navbarColorManagedByIme:false
01-04 09:42:09.111  3252  3252 D SamsungLightBarControlHelper: updateNavigationBar (BLACK button) isLightOpaque:false, hasLightNavigationBarFlag:true, packageName:com.callmenot.app, DirectReplying:false, NavBarColorMangedByIme:false, ForceDarkForScrim:false, ForceLightForScrim:false, QsCustomizing:false, QsExpanded:false
01-04 09:42:09.112  2087  2087 I ImeTracker: com.callmenot.app:2dad3c87: onCancelled at PHASE_CLIENT_ALREADY_HIDDEN
01-04 09:42:09.115  2448  5223 D SurfaceComposerClient: setCornerRadius ## 4324b29 com.callmenot.app/com.callmenot.app.MainActivity#10745 cornerRadius=0.000000
01-04 09:42:09.115  2448  5223 D SurfaceComposerClient: setCornerRadius ## 4324b29 com.callmenot.app/com.callmenot.app.MainActivity#10745 cornerRadius=0.000000
01-04 09:42:09.117 13521 13521 I GoogleInputMethodService: GoogleInputMethodService.onStartInput():1349 onStartInput(EditorInfo{EditorInfo{packageName=com.callmenot.app, inputType=0, inputTypeString=NULL, enableLearning=false, autoCorrection=false, autoComplete=false, imeOptions=0, privateImeOptions=null, actionName=UNSPECIFIED, actionLabel=null, initialSelStart=-1, initialSelEnd=-1, initialCapsMode=0, label=null, fieldId=0, fieldName=null, extras=Bundle[{appShowRequested=false, isTextEditor=false, displayId=0}], hintText=null, hintLocales=[]}}, false)
01-04 09:42:09.119  2448  5223 W PackageConfigPersister: App-specific configuration not found for packageName: com.callmenot.app and userId: 0
01-04 09:42:09.122  2448  4013 D SurfaceComposerClient: setCornerRadius ## 4324b29 com.callmenot.app/com.callmenot.app.MainActivity#10745 cornerRadius=0.000000
01-04 09:42:09.123  2448  4013 D SurfaceComposerClient: setCornerRadius ## 4324b29 com.callmenot.app/com.callmenot.app.MainActivity#10745 cornerRadius=0.000000
01-04 09:42:09.126  2448  5223 D SurfaceComposerClient: setCornerRadius ## 4324b29 com.callmenot.app/com.callmenot.app.MainActivity#10745 cornerRadius=0.000000
01-04 09:42:09.126  2448  5223 D SurfaceComposerClient: setCornerRadius ## 4324b29 com.callmenot.app/com.callmenot.app.MainActivity#10745 cornerRadius=0.000000
01-04 09:42:09.127  2448  2537 D SGM:FgCheckThread: getForegroundApp(), foregroundPkgName=com.callmenot.app
01-04 09:42:09.128  2448  2537 D SGM:FgCheckThread: noteStopComponent(), received pkgName: com.google.android.permissioncontroller, focusedPkgName: com.callmenot.app, userId: 0
01-04 09:42:09.214  2448  3064 D MdnieScenarioControlService:  packageName : com.callmenot.app    className : com.callmenot.app.MainActivity
01-04 09:42:09.548  1640  1640 I LayerHistory: com.callmenot.app/com.callmenot.app.MainActivity$_2087#10746 Max (can't resolve refresh rate)
01-04 09:42:09.589  4000  4049 I Finsky  : [139] Raccoon: no scan results for com.callmenot.app
01-04 09:42:09.618  2448  2537 D SGM:GameManager: identifyForegroundApp. com.callmenot.app, mCurrentUserId: 0, callerUserId: 0
01-04 09:42:09.706  1640  1640 I LayerHistory: com.callmenot.app/com.callmenot.app.MainActivity$_2087#10746 Max (can't resolve refresh rate)
01-04 09:42:09.714  1640  1640 I SurfaceFlinger: [com.callmenot.app/com.callmenot.app.MainActivity$_2087#10746] setFrameRateCategory: HighHint
01-04 09:42:09.813  2448  5229 D ActivityTaskManager: DesktopModeLaunchParamsModifier: task=Task{cdeaccf #12029 type=standard A=10454:com.callmenot.app} activity=ActivityRecord{146505692 u0 com.google.android.permissioncontroller/com.android.permissioncontroller.permission.ui.GrantPermissionsActivity t-1} non-desktop, skipping
01-04 09:42:09.813  2448  5229 D ActivityTaskManager: TaskLaunchParamsModifier:task=Task{cdeaccf #12029 type=standard A=10454:com.callmenot.app} activity=ActivityRecord{146505692 u0 com.google.android.permissioncontroller/com.android.permissioncontroller.permission.ui.GrantPermissionsActivity t-1} display-area-from-source=DefaultTaskDisplayArea_d0@244917965 display-id=0 task-display-area-windowing-mode=1 suggested-display-area=DefaultTaskDisplayArea_d0@244917965 inherit-from-source=fullscreen non-freeform-task-display-area display-area=DefaultTaskDisplayArea_d0@244917965 default-portrait freeform-size-mismatch=Rect(81, 553 - 999, 1723)
01-04 09:42:09.813  2448  5229 D ActivityTaskManager: DesktopModeLaunchParamsModifier: task=Task{cdeaccf #12029 type=standard A=10454:com.callmenot.app} activity=ActivityRecord{146505692 u0 com.google.android.permissioncontroller/com.android.permissioncontroller.permission.ui.GrantPermissionsActivity t-1} non-desktop, skipping
01-04 09:42:09.813  2448  5229 D ActivityTaskManager: TaskLaunchParamsModifier:task=Task{cdeaccf #12029 type=standard A=10454:com.callmenot.app} activity=ActivityRecord{146505692 u0 com.google.android.permissioncontroller/com.android.permissioncontroller.permission.ui.GrantPermissionsActivity t-1} display-area-from-source=DefaultTaskDisplayArea_d0@244917965 display-id=0 task-display-area-windowing-mode=1 suggested-display-area=DefaultTaskDisplayArea_d0@244917965 inherit-from-source=fullscreen non-freeform-task-display-area display-area=DefaultTaskDisplayArea_d0@244917965 default-portrait freeform-size-mismatch=Rect(81, 553 - 999, 1723)
01-04 09:42:09.817  2448  5229 D ActivityTaskManager: scheduleTopResumedActivityChanged, onTop=false, r=ActivityRecord{95647536 u0 com.callmenot.app/.MainActivity t12029}, caller=com.android.server.wm.ActivityTaskSupervisor.scheduleTopResumedActivityStateLossIfNeeded:19 com.android.server.wm.ActivityTaskSupervisor.updateTopResumedActivityIfNeeded:20 com.android.server.wm.TaskFragment.setResumedActivity:30 com.android.server.wm.ActivityRecord.setState:91 com.android.server.wm.TaskFragment.startPausing$1:209 com.android.server.wm.TaskFragment.resumeTopActivity:699 
01-04 09:42:09.818  2448  5229 V WindowManager:    ChangeInfo{695ee74 container=Task{cdeaccf #12029 type=standard A=10454:com.callmenot.app} flags=0x0}
01-04 09:42:09.820  3252  3360 V WindowManagerShell: Transition requested (#1027): android.os.BinderProxy@74e73ec TransitionRequestInfo { type = OPEN, triggerTask = TaskInfo{userId=0 taskId=12029 effectiveUid=10454 displayId=0 isRunning=true baseIntent=Intent { act=android.intent.action.MAIN cat=[android.intent.category.LAUNCHER] flg=0x34000000 pkg=com.callmenot.app cmp=com.callmenot.app/.MainActivity } baseActivity=ComponentInfo{com.callmenot.app/com.callmenot.app.MainActivity} topActivity=ComponentInfo{com.google.android.permissioncontroller/com.android.permissioncontroller.permission.ui.GrantPermissionsActivity} origActivity=null realActivity=ComponentInfo{com.callmenot.app/com.callmenot.app.MainActivity} numActivities=2 lastActiveTime=53488675 supportsMultiWindow=true resizeMode=1 isResizeable=true minWidth=-1 minHeight=-1 maxWidth=-1 maxHeight=-1 defaultMinSize=220 desktopDefaultMinSize=304 token=WCT{android.window.IWindowContainerToken$Stub$Proxy@84173b5} topActivityType=1 pictureInPictureParams=null shouldDockBigOverlays=false launchIntoPipHostTaskId=-1 lastParentTaskIdBeforePip=-1 displayCutoutSafeInsets=Rect(0, 0 - 0, 0) topActivityInfo=ActivityInfo{81d9a4a com.android.permissioncontroller.permission.ui.GrantPermissionsActivity} launchCookies=[] positionInParent=Point(0, 0) parentTaskId=-1 isFocused=true isVisible=true isVisibleRequested=true isTopActivityNoDisplay=false isSleeping=false locusId=null displayAreaFeatureId=1 isTopActivityTransparent=true isActivityStackTransparent=false lastNonFullscreenBounds=Rect(81, 553 - 999, 1723) capturedLink=null capturedLinkTimestamp=0 requestedVisibleTypes=-9 topActivityRequestOpenInBrowserEducationTimestamp=0 appCompatTaskInfo=AppCompatTaskInfo { topActivityInSizeCompat=false eligibleForLetterboxEducation= false isLetterboxEducationEnabled= false isLetterboxDoubleTapEnabled= false eligibleForUserAspectRatioButton= false topActivityBoundsLetterboxed= false isFromLetterboxDoubleTap= false topActivityLetterboxVerticalPosition= -1 topActivityLetterboxHorizontalPosition= -1 topActivityLetterboxWidth=-1 topActivityLetterboxHeight=-1 topActivityAppBounds=Rect(0, 0 - 1080, 2340) isUserFullscreenOverrideEnabled=false isSystemFullscreenOverrideEnabled=false hasMinAspectRatioOverride=false topActivityLetterboxBounds=null cameraCompatTaskInfo=CameraCompatTaskInfo { freeformCameraCompatMode=inactive} topActivityBounds=null topActivityInDisplayCompat=false singleTapFromLetterbox=false} topActivityMainWindowFrame=null originallySupportedMultiWindow=true hasWallpaper=false rootAffinity=10454:com.callmenot.app isTopTaskInStage=false CoverLauncherWidgetTask=false LaunchedFromAppsCoverLauncherTask=false LaunchedFromMultistarCoverLauncherTask=false isAllowedSeamlessRotation=false isTopTransparentActivity=false isAliasManaged=false hasConfigChanged=false snappingGuideBounds=null isAiKeyRemoveAppTask=false lastDesktopWindowingBounds=null lastExternalDesktopWindowingBounds=null safeCutoutInsets=null}, pipChange = null, remoteTransition = null, displayChange = null, flags = 0, debugId = 1027 }
01-04 09:42:09.826  2448  2537 D SGM:FgCheckThread: notePauseComponent(), received pkgName: com.callmenot.app, userId: 0
01-04 09:42:09.827  2448  5229 D WindowManager: Changing focus from Window{4324b29 u0 com.callmenot.app/com.callmenot.app.MainActivity} to null displayId=0 Callers=com.android.server.wm.ActivityTaskManagerService.setLastResumedActivityUncheckLocked:264 com.android.server.wm.ActivityTaskSupervisor.updateTopResumedActivityIfNeeded:51 com.android.server.wm.TaskFragment.setResumedActivity:30 com.android.server.wm.ActivityRecord.setState:100 
01-04 09:42:09.829  2448  5229 D SurfaceComposerClient: setCornerRadius ## 4324b29 com.callmenot.app/com.callmenot.app.MainActivity#10745 cornerRadius=0.000000
01-04 09:42:09.831  2448  2535 D SGM:GameManager: identifyForegroundApp. com.callmenot.app, mCurrentUserId: 0, callerUserId: 0
01-04 09:42:09.831  2448  2535 D SGM:GameManager: identifyForegroundApp. com.callmenot.app, mCurrentUserId: 0, callerUserId: 0
01-04 09:42:09.838  2448  2538 D SurfaceComposerClient: setCornerRadius ## 4324b29 com.callmenot.app/com.callmenot.app.MainActivity#10745 cornerRadius=0.000000
01-04 09:42:09.842  2448  4835 D InputDispatcher: Focus left window (0): 4324b29 com.callmenot.app/com.callmenot.app.MainActivity
01-04 09:42:09.909  2448  4013 D SurfaceComposerClient: setCornerRadius ## 4324b29 com.callmenot.app/com.callmenot.app.MainActivity#10745 cornerRadius=0.000000
01-04 09:42:09.909  2448  4013 D SurfaceComposerClient: setCornerRadius ## 4324b29 com.callmenot.app/com.callmenot.app.MainActivity#10745 cornerRadius=0.000000
01-04 09:42:09.912  2448  4013 D WindowManager: updateSystemBarAttributes: displayId=0, focusedCanBeNavColorWin=false, win=Window{a3c2e4b u0 com.google.android.permissioncontroller/com.android.permissioncontroller.permission.ui.GrantPermissionsActivity}, navColorWin=Window{4324b29 u0 com.callmenot.app/com.callmenot.app.MainActivity}, caller=com.android.server.wm.WindowManagerService.updateFocusedWindowLocked:372 com.android.server.wm.WindowManagerService.relayoutWindow:1350 com.android.server.wm.Session.relayout:27 
01-04 09:42:09.917  2448  2538 D SurfaceComposerClient: setCornerRadius ## 4324b29 com.callmenot.app/com.callmenot.app.MainActivity#10745 cornerRadius=0.000000
01-04 09:42:09.918  2448  2538 D SurfaceComposerClient: setCornerRadius ## 4324b29 com.callmenot.app/com.callmenot.app.MainActivity#10745 cornerRadius=0.000000
01-04 09:42:09.919  2448  2538 D ChangeTransitionController:    ChangeInfo{695ee74 container=Task{cdeaccf #12029 type=standard A=10454:com.callmenot.app} flags=0x0}
01-04 09:42:09.921  2448  2538 D SurfaceComposerClient: setCornerRadius ## 4324b29 com.callmenot.app/com.callmenot.app.MainActivity#10745 cornerRadius=0.000000
01-04 09:42:09.922  2448  2538 D SurfaceComposerClient: setCornerRadius ## 4324b29 com.callmenot.app/com.callmenot.app.MainActivity#10745 cornerRadius=0.000000
01-04 09:42:09.926  2448  5213 V WindowManager:    ChangeInfo{695ee74 container=Task{cdeaccf #12029 type=standard A=10454:com.callmenot.app} flags=0x0}
01-04 09:42:09.927  2448  5213 D ChangeTransitionController:    ChangeInfo{695ee74 container=Task{cdeaccf #12029 type=standard A=10454:com.callmenot.app} flags=0x0}
01-04 09:42:09.934  1640  1640 D SurfaceFlinger:        DEVICE |            8963596746755 | 00002102 | RGBA_8888    |    0.0    0.0 1080.0 2340.0 |    0    0 1080 2340 | com.callmenot.app/com.callmenot.app.MainActivity$_2087#10746 (165)
01-04 09:42:09.935  2448  5223 D SurfaceComposerClient: setCornerRadius ## 4324b29 com.callmenot.app/com.callmenot.app.MainActivity#10745 cornerRadius=0.000000
01-04 09:42:09.937  2448  5223 D SurfaceComposerClient: setCornerRadius ## 4324b29 com.callmenot.app/com.callmenot.app.MainActivity#10745 cornerRadius=0.000000
01-04 09:42:09.937  2448  2534 V WindowManager: Sent Transition (#1027) createdAt=01-04 09:42:09.812 via request=TransitionRequestInfo { type = OPEN, triggerTask = TaskInfo{userId=0 taskId=12029 effectiveUid=10454 displayId=0 isRunning=true baseIntent=Intent { act=android.intent.action.MAIN cat=[android.intent.category.LAUNCHER] flg=0x34000000 pkg=com.callmenot.app cmp=com.callmenot.app/.MainActivity } baseActivity=ComponentInfo{com.callmenot.app/com.callmenot.app.MainActivity} topActivity=ComponentInfo{com.google.android.permissioncontroller/com.android.permissioncontroller.permission.ui.GrantPermissionsActivity} origActivity=null realActivity=ComponentInfo{com.callmenot.app/com.callmenot.app.MainActivity} numActivities=2 lastActiveTime=53488675 supportsMultiWindow=true resizeMode=1 isResizeable=true minWidth=-1 minHeight=-1 maxWidth=-1 maxHeight=-1 defaultMinSize=220 desktopDefaultMinSize=304 token=WCT{RemoteToken{4f5408f Task{cdeaccf #12029 type=standard A=10454:com.callmenot.app}}} topActivityType=1 pictureInPictureParams=null shouldDockBigOverlays=false launchIntoPipHostTaskId=-1 lastParentTaskIdBeforePip=-1 displayCutoutSafeInsets=Rect(0, 0 - 0, 0) topActivityInfo=ActivityInfo{673e046 com.android.permissioncontroller.permission.ui.GrantPermissionsActivity} launchCookies=[] positionInParent=Point(0, 0) parentTaskId=-1 isFocused=true isVisible=true isVisibleRequested=true isTopActivityNoDisplay=false isSleeping=false locusId=null displayAreaFeatureId=1 isTopActivityTransparent=true isActivityStackTransparent=false lastNonFullscreenBounds=Rect(81, 553 - 999, 1723) capturedLink=null capturedLinkTimestamp=0 requestedVisibleTypes=-9 topActivityRequestOpenInBrowserEducationTimestamp=0 appCompatTaskInfo=AppCompatTaskInfo { topActivityInSizeCompat=false eligibleForLetterboxEducation= false isLetterboxEducationEnabled= false isLetterboxDoubleTapEnabled= false eligibleForUserAspectRatioButton= false topActivityBoundsLetterboxed= false isFromLetterboxDoubleTap= false topActivityLetterboxVerticalPosition= -1 topActivityLetterboxHorizontalPosition= -1 topActivityLetterboxWidth=-1 topActivityLetterboxHeight=-1 topActivityAppBounds=Rect(0, 0 - 1080, 2340) isUserFullscreenOverrideEnabled=false isSystemFullscreenOverrideEnabled=false hasMinAspectRatioOverride=false topActivityLetterboxBounds=null cameraCompatTaskInfo=CameraCompatTaskInfo { freeformCameraCompatMode=inactive} topActivityBounds=null topActivityInDisplayCompat=false singleTapFromLetterbox=false} topActivityMainWindowFrame=null originallySupportedMultiWindow=true hasWallpaper=false rootAffinity=10454:com.callmenot.app isTopTaskInStage=false CoverLauncherWidgetTask=false LaunchedFromAppsCoverLauncherTask=false LaunchedFromMultistarCoverLauncherTask=false isAllowedSeamlessRotation=false isTopTransparentActivity=false isAliasManaged=false hasConfigChanged=false snappingGuideBounds=null isAiKeyRemoveAppTask=false lastDesktopWindowingBounds=null lastExternalDesktopWindowingBounds=null safeCutoutInsets=null}, pipChange = null, remoteTransition = null, displayChange = null, flags = 0, debugId = 1027 }
01-04 09:42:09.954  2448  2538 D SurfaceComposerClient: setCornerRadius ## 4324b29 com.callmenot.app/com.callmenot.app.MainActivity#10745 cornerRadius=0.000000
01-04 09:42:09.961  2448  2538 D SurfaceComposerClient: setCornerRadius ## 4324b29 com.callmenot.app/com.callmenot.app.MainActivity#10745 cornerRadius=0.000000
01-04 09:42:09.965  2448  2538 D SurfaceComposerClient: setCornerRadius ## 4324b29 com.callmenot.app/com.callmenot.app.MainActivity#10745 cornerRadius=0.000000
01-04 09:42:09.979  2448  2538 D SurfaceComposerClient: setCornerRadius ## 4324b29 com.callmenot.app/com.callmenot.app.MainActivity#10745 cornerRadius=0.000000
01-04 09:42:09.981  1640  1640 D SurfaceFlinger:        DEVICE |            8963596746754 | 00002102 | RGBA_8888    |    0.0    0.0 1080.0 2340.0 |    0    0 1080 2340 | com.callmenot.app/com.callmenot.app.MainActivity$_2087#10746 (170)
01-04 09:42:10.142  2448  2538 D SurfaceComposerClient: setCornerRadius ## 4324b29 com.callmenot.app/com.callmenot.app.MainActivity#10745 cornerRadius=0.000000
01-04 09:42:10.151  2448  2538 D SurfaceComposerClient: setCornerRadius ## 4324b29 com.callmenot.app/com.callmenot.app.MainActivity#10745 cornerRadius=0.000000
01-04 09:42:10.163  2448  2538 D SurfaceComposerClient: setCornerRadius ## 4324b29 com.callmenot.app/com.callmenot.app.MainActivity#10745 cornerRadius=0.000000
01-04 09:42:10.421  1640  1640 I LayerHistory: com.callmenot.app/com.callmenot.app.MainActivity$_2087#10746 voted ExplicitCategory with category: HighHint
01-04 09:42:10.465  2448  2537 D SGM:GameManager: identifyForegroundApp. com.callmenot.app, mCurrentUserId: 0, callerUserId: 0
01-04 09:42:11.346  1640  1640 I LayerHistory: com.callmenot.app/com.callmenot.app.MainActivity$_2087#10746 voted ExplicitCategory with category: HighHint
01-04 09:42:11.433 27865 27865 I GrantPermissionsViewModel: Logged buttons presented and clicked permissionGroupName=android.permission-group.CALL_LOG uid=10454 selectedPrecision=0 package=com.callmenot.app presentedButtons=9 clickedButton=1 isPermissionRationaleShown=false sessionId=3387422851002162054 targetSdk=34
01-04 09:42:11.436 27865 27865 I GrantPermissionsViewModel: Permission grant result requestId=3387422851002162054 callingUid=10454 callingPackage=com.callmenot.app permission=android.permission.READ_CALL_LOG isImplicit=false result=4 isPermissionRationaleShown=falseisPackageRestrictedByEnhancedConfirmation=true
01-04 09:42:11.442  2448  2491 D SurfaceComposerClient: setCornerRadius ## 4324b29 com.callmenot.app/com.callmenot.app.MainActivity#10745 cornerRadius=0.000000
01-04 09:42:11.444  2448  2491 D SurfaceComposerClient: setCornerRadius ## 4324b29 com.callmenot.app/com.callmenot.app.MainActivity#10745 cornerRadius=0.000000
01-04 09:42:11.463  2448  2538 D SurfaceComposerClient: setCornerRadius ## 4324b29 com.callmenot.app/com.callmenot.app.MainActivity#10745 cornerRadius=0.000000
01-04 09:42:11.649  2448  2538 D SurfaceComposerClient: setCornerRadius ## 4324b29 com.callmenot.app/com.callmenot.app.MainActivity#10745 cornerRadius=0.000000
01-04 09:42:11.658  2448  2538 D SurfaceComposerClient: setCornerRadius ## 4324b29 com.callmenot.app/com.callmenot.app.MainActivity#10745 cornerRadius=0.000000
01-04 09:42:11.674  2448  2538 D SurfaceComposerClient: setCornerRadius ## 4324b29 com.callmenot.app/com.callmenot.app.MainActivity#10745 cornerRadius=0.000000
01-04 09:42:12.072  1640  1640 I LayerHistory: com.callmenot.app/com.callmenot.app.MainActivity$_2087#10746 voted ExplicitCategory with category: HighHint
01-04 09:42:12.846  1640  1640 I SurfaceFlinger: [com.callmenot.app/com.callmenot.app.MainActivity$_2087#10746] setFrameRateCategory: NoPreference
01-04 09:42:13.114 27865 27865 I GrantPermissionsViewModel: Logged buttons presented and clicked permissionGroupName=android.permission-group.CONTACTS uid=10454 selectedPrecision=0 package=com.callmenot.app presentedButtons=9 clickedButton=1 isPermissionRationaleShown=false sessionId=3387422851002162054 targetSdk=34
01-04 09:42:13.117 27865 27865 I GrantPermissionsViewModel: Permission grant result requestId=3387422851002162054 callingUid=10454 callingPackage=com.callmenot.app permission=android.permission.READ_CONTACTS isImplicit=false result=4 isPermissionRationaleShown=falseisPackageRestrictedByEnhancedConfirmation=true
01-04 09:42:13.121  2448  5212 D SurfaceComposerClient: setCornerRadius ## 4324b29 com.callmenot.app/com.callmenot.app.MainActivity#10745 cornerRadius=0.000000
01-04 09:42:13.125  2448  5212 D InputDispatcher: Focused application(0): ActivityRecord{95647536 u0 com.callmenot.app/.MainActivity t12029}
01-04 09:42:13.126  2448  5212 D WindowManager: Changing focus from Window{a3c2e4b u0 com.google.android.permissioncontroller/com.android.permissioncontroller.permission.ui.GrantPermissionsActivity} to Window{4324b29 u0 com.callmenot.app/com.callmenot.app.MainActivity} displayId=0 Callers=com.android.server.wm.ActivityTaskManagerService.setLastResumedActivityUncheckLocked:264 com.android.server.wm.ActivityTaskSupervisor.updateTopResumedActivityIfNeeded:51 com.android.server.wm.TaskFragment.setResumedActivity:30 com.android.server.wm.ActivityRecord.setState:100 
01-04 09:42:13.128  2448  5212 D InsetsSourceProvider: updateControlForTarget: control=InsetsSourceControl: {26b60000 mType=statusBars initiallyVisible mSurfacePosition=Point(0, 0) mInsetsHint=Insets{left=0, top=81, right=0, bottom=0}}, target=Window{4324b29 u0 com.callmenot.app/com.callmenot.app.MainActivity}, from=com.android.server.wm.InsetsStateController.onControlTargetChanged:83 com.android.server.wm.InsetsPolicy.updateBarControlTarget:212 com.android.server.wm.DisplayPolicy.updateSystemBarAttributes:262 com.android.server.wm.WindowManagerService.updateFocusedWindowLocked:372 com.android.server.wm.ActivityTaskManagerService.setLastResumedActivityUncheckLocked:264 
01-04 09:42:13.129  2448  5212 D InsetsSourceProvider: updateControlForTarget: control=InsetsSourceControl: {872b0001 mType=navigationBars initiallyVisible mSurfacePosition=Point(0, 2196) mInsetsHint=Insets{left=0, top=0, right=0, bottom=144}}, target=Window{4324b29 u0 com.callmenot.app/com.callmenot.app.MainActivity}, from=com.android.server.wm.InsetsStateController.onControlTargetChanged:83 com.android.server.wm.InsetsPolicy.updateBarControlTarget:225 com.android.server.wm.DisplayPolicy.updateSystemBarAttributes:262 com.android.server.wm.WindowManagerService.updateFocusedWindowLocked:372 com.android.server.wm.ActivityTaskManagerService.setLastResumedActivityUncheckLocked:264 
01-04 09:42:13.129  2448  5212 D WindowManager: updateSystemBarAttributes: displayId=0, focusedCanBeNavColorWin=false, win=Window{4324b29 u0 com.callmenot.app/com.callmenot.app.MainActivity}, navColorWin=Window{a3c2e4b u0 com.google.android.permissioncontroller/com.android.permissioncontroller.permission.ui.GrantPermissionsActivity}, caller=com.android.server.wm.WindowManagerService.updateFocusedWindowLocked:372 com.android.server.wm.ActivityTaskManagerService.setLastResumedActivityUncheckLocked:264 com.android.server.wm.ActivityTaskSupervisor.updateTopResumedActivityIfNeeded:51 
01-04 09:42:13.130  2448  5212 V SystemKeyManager: updateFocusedWindow() is called, com.callmenot.app/com.callmenot.app.MainActivity
01-04 09:42:13.130  2448  5212 I SystemKeyManager: requested systemKeyInfo size=1 focusedWindow=com.callmenot.app/com.callmenot.app.MainActivity
01-04 09:42:13.130  2448  5212 I SystemKeyManager: requested systemKeyInfo size=1 focusedWindow=com.callmenot.app/com.callmenot.app.MainActivity
01-04 09:42:13.130  2448  5212 D ActivityTaskManager: scheduleTopResumedActivityChanged, onTop=true, r=ActivityRecord{95647536 u0 com.callmenot.app/.MainActivity t12029}, caller=com.android.server.wm.ActivityTaskSupervisor.scheduleTopResumedActivityStateIfNeeded:18 com.android.server.wm.ActivityTaskSupervisor.updateTopResumedActivityIfNeeded:54 com.android.server.wm.TaskFragment.setResumedActivity:30 com.android.server.wm.ActivityRecord.setState:100 com.android.server.wm.TaskFragment.resumeTopActivity:1705 com.android.server.wm.Task.resumeTopActivityInnerLocked:119 
01-04 09:42:13.132  3252  3252 D NavigationBar: onSystemBarAttributesChanged() -  displayId:0, appearance:8, packageName: com.callmenot.app (APPEARANCE_LIGHT_STATUS_BARS ), navbarColorManagedByIme:false
01-04 09:42:13.132  2448  5212 D SurfaceComposerClient: setCornerRadius ## 4324b29 com.callmenot.app/com.callmenot.app.MainActivity#10745 cornerRadius=0.000000
01-04 09:42:13.133  2448  5212 D SurfaceComposerClient: setCornerRadius ## 4324b29 com.callmenot.app/com.callmenot.app.MainActivity#10745 cornerRadius=0.000000
01-04 09:42:13.135  2448  2537 D SGM:FgCheckThread: noteResumeComponent(), received pkgName: com.callmenot.app, userId: 0
01-04 09:42:13.136  3750  3750 I HoneySpace.EdgePanel.EdgePanelContainerViewModel: cocktailHostRepository.edgePanelOperation NoteResumeComponent(componentName=ComponentInfo{com.callmenot.app/com.callmenot.app.MainActivity})
01-04 09:42:13.136  3750  3750 I HoneySpace.EdgePanel.ActivityUtils: HomePackage : com.sec.android.app.launcher, resumePackageName : com.callmenot.app, className : com.callmenot.app.MainActivity
01-04 09:42:13.137  2448  2988 D SGM:FgCheckThread: onLooperPrepared(), msg: MSG_APP_RESUME, pkgName: com.callmenot.app, userid: 0
01-04 09:42:13.138  2448  2988 D SGM:FgCheckThread:   handleResume(). pkgName: com.callmenot.app, userId: 0, category: non-game
01-04 09:42:13.138  2448  2988 D SGM:FgCheckThread: notifyFocusInOut(). of pkg: com.callmenot.app, type: 4, isSecGameFamily: false, userId: 0
01-04 09:42:13.139  2448  2538 D SurfaceComposerClient: setCornerRadius ## 4324b29 com.callmenot.app/com.callmenot.app.MainActivity#10745 cornerRadius=0.000000
01-04 09:42:13.139  2448  2538 D ChangeTransitionController:    ChangeInfo{6950230 container=Task{cdeaccf #12029 type=standard A=10454:com.callmenot.app} flags=0x0}
01-04 09:42:13.145  2448  2537 D SGM:GameManager: identifyGamePackage. com.callmenot.app, mCurrentUserId: 0, callingMethodInfo: com.samsung.android.game.SemGameManager.isGamePackage(SemGameManager.java:106)
01-04 09:42:13.145  2448  2537 D SGM:SemGameManager: isGamePackage(), pkgName=com.callmenot.app, ret=false
01-04 09:42:13.150  1640  1925 D SurfaceFlinger: [input] setFocusedWindow: 4324b29 com.callmenot.app/com.callmenot.app.MainActivity
01-04 09:42:13.151  2448  5188 V WindowManager:    ChangeInfo{6950230 container=Task{cdeaccf #12029 type=standard A=10454:com.callmenot.app} flags=0x0}
01-04 09:42:13.151  2448  3468 D InputDispatcher: Once focus requested (0): 4324b29 com.callmenot.app/com.callmenot.app.MainActivity
01-04 09:42:13.151  2448  3468 D InputDispatcher: Focus entered window (0): 4324b29 com.callmenot.app/com.callmenot.app.MainActivity
01-04 09:42:13.151  2448  5188 D ChangeTransitionController:    ChangeInfo{6950230 container=Task{cdeaccf #12029 type=standard A=10454:com.callmenot.app} flags=0x0}
01-04 09:42:13.151  5026 16199 I SDHMS:k : handleResumeComponent : put = com.callmenot.app, userid = 0 instanceid =177264220
01-04 09:42:13.156  1640  1640 D SurfaceFlinger:        DEVICE |            8963596746753 | 00002102 | RGBA_8888    |    0.0    0.0 1080.0 2340.0 |    0    0 1080 2340 | com.callmenot.app/com.callmenot.app.MainActivity$_2087#10746 (187)
01-04 09:42:13.164  2448  2535 D SGM:GameManager: identifyForegroundApp. com.callmenot.app, mCurrentUserId: 0, callerUserId: 0
01-04 09:42:13.165  2448  2535 D SGM:GameManager: identifyForegroundApp. com.callmenot.app, mCurrentUserId: 0, callerUserId: 0
01-04 09:42:13.168  2448  5311 D SurfaceComposerClient: setCornerRadius ## 4324b29 com.callmenot.app/com.callmenot.app.MainActivity#10745 cornerRadius=0.000000
01-04 09:42:13.169  2448  5311 D WindowManager: updateSystemBarAttributes: displayId=0, focusedCanBeNavColorWin=false, win=Window{4324b29 u0 com.callmenot.app/com.callmenot.app.MainActivity}, navColorWin=Window{4324b29 u0 com.callmenot.app/com.callmenot.app.MainActivity}, caller=com.android.server.wm.DisplayPolicy.finishPostLayoutPolicyLw:17 com.android.server.wm.RootWindowContainer.applySurfaceChangesTransaction$1:195 com.android.server.wm.RootWindowContainer.performSurfacePlacementNoTrace:59 
01-04 09:42:13.169  2448  5311 D SurfaceComposerClient: setCornerRadius ## 4324b29 com.callmenot.app/com.callmenot.app.MainActivity#10745 cornerRadius=0.000000
01-04 09:42:13.178  9900 10123 I SAMSUNGWALLET: [Hint_SimpleHintProcessMonitor] isHomePackageRunning topPkgName = com.callmenot.app, topClsName = com.callmenot.app.MainActivity, return false , se : false
01-04 09:42:13.178  3252  3252 D NavigationBar: onSystemBarAttributesChanged() -  displayId:0, appearance:24, packageName: com.callmenot.app (APPEARANCE_LIGHT_STATUS_BARS APPEARANCE_LIGHT_NAVIGATION_BARS ), navbarColorManagedByIme:false
01-04 09:42:13.178  3252  3252 D SamsungLightBarControlHelper: updateNavigationBar (BLACK button) isLightOpaque:false, hasLightNavigationBarFlag:true, packageName:com.callmenot.app, DirectReplying:false, NavBarColorMangedByIme:false, ForceDarkForScrim:false, ForceLightForScrim:false, QsCustomizing:false, QsExpanded:false
01-04 09:42:13.200  2448  3457 D SurfaceComposerClient: setCornerRadius ## 4324b29 com.callmenot.app/com.callmenot.app.MainActivity#10745 cornerRadius=0.000000
01-04 09:42:13.200  2087  2087 I InsetsSourceConsumer: applyRequestedVisibilityToControl: visible=true, type=statusBars, host=com.callmenot.app/com.callmenot.app.MainActivity
01-04 09:42:13.201  2448  3457 D SurfaceComposerClient: setCornerRadius ## 4324b29 com.callmenot.app/com.callmenot.app.MainActivity#10745 cornerRadius=0.000000
01-04 09:42:13.201  2087  2087 I InsetsSourceConsumer: applyRequestedVisibilityToControl: visible=true, type=navigationBars, host=com.callmenot.app/com.callmenot.app.MainActivity
01-04 09:42:13.201  2448  2538 D SurfaceComposerClient: setCornerRadius ## 4324b29 com.callmenot.app/com.callmenot.app.MainActivity#10745 cornerRadius=0.000000
01-04 09:42:13.202  2448  2537 D SGM:FgCheckThread: getForegroundApp(), foregroundPkgName=com.callmenot.app
01-04 09:42:13.203  2448  2537 D SGM:FgCheckThread: noteStopComponent(), received pkgName: com.google.android.permissioncontroller, focusedPkgName: com.callmenot.app, userId: 0
01-04 09:42:13.207  2448  2980 I ImeTracker: com.callmenot.app:36875cd2: onRequestHide at ORIGIN_SERVER reason HIDE_UNSPECIFIED_WINDOW fromUser false
01-04 09:42:13.207  2087  2087 I ImeTracker: com.callmenot.app:36875cd2: onCancelled at PHASE_CLIENT_ALREADY_HIDDEN
01-04 09:42:13.209 13521 13521 I GoogleInputMethodService: GoogleInputMethodService.onStartInput():1349 onStartInput(EditorInfo{EditorInfo{packageName=com.callmenot.app, inputType=0, inputTypeString=NULL, enableLearning=false, autoCorrection=false, autoComplete=false, imeOptions=0, privateImeOptions=null, actionName=UNSPECIFIED, actionLabel=null, initialSelStart=-1, initialSelEnd=-1, initialCapsMode=0, label=null, fieldId=0, fieldName=null, extras=Bundle[{appShowRequested=false, isTextEditor=false, displayId=0}], hintText=null, hintLocales=[]}}, false)
01-04 09:42:13.210  2448  5188 D InsetsSourceProvider: updateControlForTarget: control=InsetsSourceControl: {3 mType=ime mSurfacePosition=Point(0, 81) mInsetsHint=Insets{left=0, top=0, right=0, bottom=1032}}, target=Window{4324b29 u0 com.callmenot.app/com.callmenot.app.MainActivity}, from=com.android.server.wm.ImeInsetsSourceProvider.updateControlForTarget:17 com.android.server.wm.InsetsStateController.onControlTargetChanged:83 com.android.server.wm.DisplayContent.updateImeControlTarget:21 com.android.server.wm.DisplayContent.updateImeInputAndControlTarget:156 com.android.server.wm.WindowManagerService$LocalService.updateInputMethodTargetWindow:64 
01-04 09:42:13.210  2448  2538 D SurfaceComposerClient: setCornerRadius ## 4324b29 com.callmenot.app/com.callmenot.app.MainActivity#10745 cornerRadius=0.000000
01-04 09:42:13.211  2448  5188 W PackageConfigPersister: App-specific configuration not found for packageName: com.callmenot.app and userId: 0
01-04 09:42:13.221  1640  1640 I SurfaceFlinger: [LayerHierarchy{RequestedLayerState{ImeContainer#15 parentId=10737 relativeParentId=10745 z=1} 1 children}] reparent to LayerHierarchy{RequestedLayerState{ActivityRecord{95647536 u0 com.callmenot.app/.MainActivity t12029}#10737 parentId=10736} 3 children}
01-04 09:42:13.221  1640  1640 I SurfaceFlinger: [LayerHierarchy{RequestedLayerState{ImeContainer#15 parentId=10737 relativeParentId=10745 z=1} 1 children}] RelativeParent to LayerHierarchy{RequestedLayerState{4324b29 com.callmenot.app/com.callmenot.app.MainActivity#10745 parentId=10737} 2 children}
01-04 09:42:13.299  2448  3064 D MdnieScenarioControlService:  packageName : com.callmenot.app    className : com.callmenot.app.MainActivity
01-04 09:42:13.626  1640  1640 I LayerHistory: com.callmenot.app/com.callmenot.app.MainActivity$_2087#10746 Max (can't resolve refresh rate)
01-04 09:42:13.710  2448  2537 D SGM:GameManager: identifyForegroundApp. com.callmenot.app, mCurrentUserId: 0, callerUserId: 0
01-04 09:42:14.005  4000  4041 I Finsky  : [134] Raccoon: no scan results for com.callmenot.app
01-04 09:42:14.844  1640  1779 I SurfaceFlinger: Capture layer list: 	 com.callmenot.app/com.callmenot.app.MainActivity$_2087#10746(seamlessTransition:0)
01-04 09:42:14.847  1640  1789 D RenderEngine: [SEC_SF_EFFECTS] drawLayersInternal,1483, Rendering layer com.callmenot.app/com.callmenot.app.MainActivity$_2087#10746 at index 1
01-04 09:42:15.037  1640  1640 I SurfaceFlinger: [com.callmenot.app/com.callmenot.app.MainActivity$_2087#10746] setFrameRateCategory: HighHint
01-04 09:42:15.630  1640  1640 I LayerHistory: com.callmenot.app/com.callmenot.app.MainActivity$_2087#10746 voted ExplicitCategory with category: HighHint
01-04 09:42:16.183  1640  1640 I LayerHistory: com.callmenot.app/com.callmenot.app.MainActivity$_2087#10746 voted ExplicitCategory with category: HighHint
01-04 09:42:16.438  1640  1640 I LayerHistory: com.callmenot.app/com.callmenot.app.MainActivity$_2087#10746 voted ExplicitCategory with category: HighHint
01-04 09:42:18.028  1640  1640 I LayerHistory: com.callmenot.app/com.callmenot.app.MainActivity$_2087#10746 voted ExplicitCategory with category: HighHint
01-04 09:42:18.108  1640  1640 I SurfaceFlinger: [com.callmenot.app/com.callmenot.app.MainActivity$_2087#10746] setFrameRateCategory: NoPreference
01-04 09:42:18.133  1640  1640 I SurfaceFlinger: [com.callmenot.app/com.callmenot.app.MainActivity$_2087#10746] setFrameRateCategory: HighHint
01-04 09:42:18.137  2448  3468 I ActivityManager: Background started FGS: Allowed [callingPackage: com.callmenot.app; callingUid: 10454; uidState: TOP ; uidBFSL: [BFSL]; intent: Intent { xflg=0x4 cmp=com.callmenot.app/.service.ProtectionNotificationService }; code:PROC_STATE_TOP; tempAllowListReason:<null>; allowWiu:12; targetSdkVersion:34; callerTargetSdkVersion:34; startForegroundCount:0; bindFromPackage:null: isBindService:false]
01-04 09:42:18.142  2087  2087 D SamsungCallBlocker: Starting Samsung call blocker service
01-04 09:42:18.375  2087  2087 E AndroidRuntime: Process: com.callmenot.app, PID: 2087
01-04 09:42:18.375  2087  2087 E AndroidRuntime: java.lang.RuntimeException: Unable to create service com.callmenot.app.service.ProtectionNotificationService: java.lang.SecurityException: Starting FGS with type phoneCall callerApp=ProcessRecord{5c3ee51 2087:com.callmenot.app/u0a454} targetSDK=34 requires permissions: all of the permissions allOf=true [android.permission.FOREGROUND_SERVICE_PHONE_CALL] any of the permissions allOf=false [android.permission.MANAGE_OWN_CALLS, android.app.role.DIALER] 
01-04 09:42:18.375  2087  2087 E AndroidRuntime: Caused by: java.lang.SecurityException: Starting FGS with type phoneCall callerApp=ProcessRecord{5c3ee51 2087:com.callmenot.app/u0a454} targetSDK=34 requires permissions: all of the permissions allOf=true [android.permission.FOREGROUND_SERVICE_PHONE_CALL] any of the permissions allOf=false [android.permission.MANAGE_OWN_CALLS, android.app.role.DIALER] 
01-04 09:42:18.375  2087  2087 E AndroidRuntime: 	at com.callmenot.app.service.ProtectionNotificationService.onCreate(ProtectionNotificationService.kt:42)
01-04 09:42:18.381  2448  3468 W ActivityTaskManager:   Force finishing activity com.callmenot.app/.MainActivity
01-04 09:42:18.383  2448  3468 V WindowManager: Collecting in transition 1029: Task{cdeaccf #12029 type=standard A=10454:com.callmenot.app}, caller=com.android.server.wm.Transition.collectExistenceChange:40 com.android.server.wm.Transition.collectClose:7 com.android.server.wm.ActivityRecord.finishIfPossible:50 com.android.server.wm.ActivityRecord.finishIfPossible:1 com.android.server.wm.RootWindowContainer$$ExternalSyntheticLambda34.accept:179 
01-04 09:42:18.383  2448  3468 D WindowManager: prepareSync <SYNC_STATE_WAITING_FOR_DRAW>, mPrepareSyncSeqId=0, win=Window{4324b29 u0 com.callmenot.app/com.callmenot.app.MainActivity}
01-04 09:42:18.383  2448  3468 D ActivityTaskManager: scheduleTopResumedActivityChanged, onTop=false, r=ActivityRecord{95647536 u0 com.callmenot.app/.MainActivity t12029 f}}, caller=com.android.server.wm.ActivityTaskSupervisor.scheduleTopResumedActivityStateLossIfNeeded:19 com.android.server.wm.ActivityTaskSupervisor.updateTopResumedActivityIfNeeded:20 com.android.server.wm.TaskDisplayArea.positionChildAt:252 com.android.server.wm.Task.moveToFront:40 com.android.server.wm.Task.adjustFocusToNextFocusableTask:133 com.android.server.wm.ActivityRecord.finishIfPossible:71 
01-04 09:42:18.383  3252  3360 V WindowManagerShell: Transition requested (#1029): android.os.BinderProxy@a161ec2 TransitionRequestInfo { type = CLOSE, triggerTask = TaskInfo{userId=0 taskId=12029 effectiveUid=10454 displayId=0 isRunning=true baseIntent=Intent { act=android.intent.action.MAIN cat=[android.intent.category.LAUNCHER] flg=0x34000000 pkg=com.callmenot.app cmp=com.callmenot.app/.MainActivity } baseActivity=ComponentInfo{com.callmenot.app/com.callmenot.app.MainActivity} topActivity=ComponentInfo{com.callmenot.app/com.callmenot.app.MainActivity} origActivity=null realActivity=ComponentInfo{com.callmenot.app/com.callmenot.app.MainActivity} numActivities=1 lastActiveTime=53491984 supportsMultiWindow=true resizeMode=1 isResizeable=true minWidth=-1 minHeight=-1 maxWidth=-1 maxHeight=-1 defaultMinSize=220 desktopDefaultMinSize=304 token=WCT{android.window.IWindowContainerToken$Stub$Proxy@4d664d3} topActivityType=1 pictureInPictureParams=null shouldDockBigOverlays=false launchIntoPipHostTaskId=-1 lastParentTaskIdBeforePip=-1 displayCutoutSafeInsets=Rect(0, 0 - 0, 0) topActivityInfo=ActivityInfo{336810 com.callmenot.app.MainActivity} launchCookies=[] positionInParent=Point(0, 0) parentTaskId=-1 isFocused=true isVisible=true isVisibleRequested=true isTopActivityNoDisplay=false isSleeping=false locusId=null displayAreaFeatureId=1 isTopActivityTransparent=false isActivityStackTransparent=false lastNonFullscreenBounds=Rect(81, 553 - 999, 1723) capturedLink=null capturedLinkTimestamp=0 requestedVisibleTypes=-9 topActivityRequestOpenInBrowserEducationTimestamp=0 appCompatTaskInfo=AppCompatTaskInfo { topActivityInSizeCompat=false eligibleForLetterboxEducation= false isLetterboxEducationEnabled= false isLetterboxDoubleTapEnabled= false eligibleForUserAspectRatioButton= false topActivityBoundsLetterboxed= false isFromLetterboxDoubleTap= false topActivityLetterboxVerticalPosition= -1 topActivityLetterboxHorizontalPosition= -1 topActivityLetterboxWidth=-1 topActivityLetterboxHeight=-1 topActivityAppBounds=Rect(0, 81 - 1080, 2196) isUserFullscreenOverrideEnabled=false isSystemFullscreenOverrideEnabled=false hasMinAspectRatioOverride=false topActivityLetterboxBounds=null cameraCompatTaskInfo=CameraCompatTaskInfo { freeformCameraCompatMode=inactive} topActivityBounds=null topActivityInDisplayCompat=false singleTapFromLetterbox=false} topActivityMainWindowFrame=null originallySupportedMultiWindow=true hasWallpaper=false rootAffinity=10454:com.callmenot.app isTopTaskInStage=false CoverLauncherWidgetTask=false LaunchedFromAppsCoverLauncherTask=false LaunchedFromMultistarCoverLauncherTask=false isAllowedSeamlessRotation=false isTopTransparentActivity=false isAliasManaged=false hasConfigChanged=false snappingGuideBounds=null isAiKeyRemoveAppTask=false lastDesktopWindowingBounds=null lastExternalDesktopWindowingBounds=null safeCutoutInsets=null}, pipChange = null, remoteTransition = null, displayChange = null, flags = 16, debugId = 1029 }
01-04 09:42:18.385  2448  3468 V WindowManager: Collecting in transition 1029: ActivityRecord{95647536 u0 com.callmenot.app/.MainActivity t12029 f}}, caller=com.android.server.wm.TransitionController.collect:7 com.android.server.wm.ActivityRecord.setVisibility:132 com.android.server.wm.ActivityRecord.finishIfPossible:87 com.android.server.wm.ActivityRecord.finishIfPossible:1 com.android.server.wm.RootWindowContainer$$ExternalSyntheticLambda34.accept:179 
01-04 09:42:18.388  2448  2316 W ActivityManager: crash : com.callmenot.app,10454
01-04 09:42:18.402  2448  2535 D SGM:GameManager: identifyForegroundApp. com.callmenot.app, mCurrentUserId: 0, callerUserId: 0
01-04 09:42:18.403  2448  2535 D SGM:GameManager: identifyForegroundApp. com.callmenot.app, mCurrentUserId: 0, callerUserId: 0
01-04 09:42:18.406  2448  3457 D InputDispatcher: Focus left window (0): 4324b29 com.callmenot.app/com.callmenot.app.MainActivity
01-04 09:42:18.416  5026  5026 I SDHMS:PowerAnomaly:Gatherer:AppError: update AppError : uid=10454, pkg=com.callmenot.app, errorType=crash
01-04 09:42:18.424  5026  5026 I SDHMS:PowerAnomaly:Analyzer:AppError: analyze app error : uid=10454, pkg=com.callmenot.app, appErrorCount=1
01-04 09:42:18.431  2448  5188 I WindowManager: WIN DEATH: Window{4324b29 u0 com.callmenot.app/com.callmenot.app.MainActivity}
01-04 09:42:18.432  2448  5188 V WindowManager: Remove Window{4324b29 u0 com.callmenot.app/com.callmenot.app.MainActivity}: mSurfaceControl=Surface(name=com.callmenot.app/com.callmenot.app.MainActivity$_2087)/@0xb29b5bd mAnimatingExit=false mRemoveOnExit=false mHasSurface=true surfaceShowing=true animating=false app-animation=false callers=com.android.server.wm.Session.binderDied:85 android.os.IBinder$DeathRecipient.binderDied:346 android.os.BinderProxy.sendDeathNotice:848 <bottom of call stack> <bottom of call stack> <bottom of call stack> 
01-04 09:42:18.432  2448  5212 I ActivityManager: Process com.callmenot.app (pid 2087) has died: fg  TOP (339,2593)
01-04 09:42:18.432  2448  5188 D WindowManager: Changing focus from Window{4324b29 u0 com.callmenot.app/com.callmenot.app.MainActivity EXITING} to null displayId=0 Callers=com.android.server.wm.WindowState.removeIfPossible:602 com.android.server.wm.Session.binderDied:85 android.os.IBinder$DeathRecipient.binderDied:346 android.os.BinderProxy.sendDeathNotice:848 
01-04 09:42:18.433  2448  5228 I ImeTracker: com.callmenot.app:19b35948: onRequestHide at ORIGIN_SERVER reason HIDE_REMOVE_CLIENT fromUser false
01-04 09:42:18.433  2448  5228 I ImeTracker: com.callmenot.app:19b35948: onCancelled at PHASE_SERVER_SHOULD_HIDE
01-04 09:42:18.434  2448  5188 D WindowManager: updateSystemBarAttributes: displayId=0, focusedCanBeNavColorWin=false, win=Window{4324b29 u0 com.callmenot.app/com.callmenot.app.MainActivity EXITING}, navColorWin=null, caller=com.android.server.wm.DisplayPolicy.finishPostLayoutPolicyLw:17 com.android.server.wm.RootWindowContainer.applySurfaceChangesTransaction$1:195 com.android.server.wm.RootWindowContainer.performSurfacePlacementNoTrace:59 
01-04 09:42:18.434  3252  3252 D NavigationBar: onSystemBarAttributesChanged() -  displayId:0, appearance:8, packageName: com.callmenot.app (APPEARANCE_LIGHT_STATUS_BARS ), navbarColorManagedByIme:false
01-04 09:42:18.434  3252  3252 D SamsungLightBarControlHelper: updateNavigationBar (WHITE button) isLightOpaque:false, hasLightNavigationBarFlag:false, packageName:com.callmenot.app, DirectReplying:false, NavBarColorMangedByIme:false, ForceDarkForScrim:false, ForceLightForScrim:false, QsCustomizing:false, QsExpanded:false
01-04 09:42:18.435  2448  5212 W ActivityManager: Scheduling restart of crashed service com.callmenot.app/.service.SamsungCallBlockerService in 1000ms for start-requested
01-04 09:42:18.435  2448  5212 W ActivityManager: Scheduling restart of crashed service com.callmenot.app/.service.ProtectionNotificationService in 11000ms for start-requested
01-04 09:42:18.436  2448  5212 V WindowManager: Collecting in transition 1029: Task{cdeaccf #12029 type=standard A=10454:com.callmenot.app}, caller=com.android.server.wm.Transition.collectClose:12 com.android.server.wm.WindowProcessController.handleAppDied$1:465 com.android.server.am.ActivityManagerService.handleAppDiedLocked:248 com.android.server.am.ActivityManagerService.appDiedLocked:570 com.android.server.am.ActivityManagerService$AppDeathRecipient.binderDied:17 
01-04 09:42:18.436  2448  5212 V WindowManager: Collecting in transition 1029: ActivityRecord{95647536 u0 com.callmenot.app/.MainActivity t12029 f}}, caller=com.android.server.wm.TransitionController.collect:7 com.android.server.wm.ActivityRecord.onRemovedFromDisplay:258 com.android.server.wm.ActivityRecord.removeFromHistory:173 com.android.server.wm.WindowProcessController.handleAppDied$1:507 com.android.server.am.ActivityManagerService.handleAppDiedLocked:248 
01-04 09:42:18.445  2448  2537 D SGM:FgCheckThread: pkgName: com.callmenot.app is not in foreground
01-04 09:42:18.445  2448  2537 D SGM:FgCheckThread: noteStopComponent(), received pkgName: com.callmenot.app, focusedPkgName: com.sec.android.app.myfiles, userId: 0
01-04 09:42:18.557  2448  2538 D ChangeTransitionController:    ChangeInfo{e6e6d2b container=ActivityRecord{95647536 u0 com.callmenot.app/.MainActivity t12029 f} isExiting} flags=0x0}
01-04 09:42:18.557  2448  2538 D ChangeTransitionController:    ChangeInfo{141eb46 container=Task{cdeaccf #12029 type=standard A=10454:com.callmenot.app} flags=0x0}
01-04 09:42:18.557  2448  2538 V WindowManager: Start calculating TransitionInfo based on participants: {ActivityRecord{73998914 u0 com.sec.android.app.myfiles/.ui.MainActivity t12002}, ActivityRecord{95647536 u0 com.callmenot.app/.MainActivity t12029 f} isExiting}, Task{a3fe253 #12002 type=standard I=com.sec.android.app.myfiles/.ui.MainActivity}, ActivityRecord{213189107 u0 com.google.android.packageinstaller/com.android.packageinstaller.DeleteStagedFileOnResult t12002 f}}, Task{cdeaccf #12029 type=standard A=10454:com.callmenot.app}}
01-04 09:42:18.557  2448  2538 V WindowManager:   Final targets: [ChangeInfo{489c588 container=Task{a3fe253 #12002 type=standard I=com.sec.android.app.myfiles/.ui.MainActivity} flags=0x30}, ChangeInfo{141eb46 container=Task{cdeaccf #12029 type=standard A=10454:com.callmenot.app} flags=0x10}]
01-04 09:42:18.561  2448  2538 V WindowManager:         {WCT{RemoteToken{4f5408f Task{cdeaccf #12029 type=standard A=10454:com.callmenot.app}}} m=CLOSE f=NONE leash=Surface(name=Task=12029)/@0xefc8d69 sb=Rect(0, 0 - 1080, 2340) eb=Rect(0, 0 - 1080, 2340) epz=Point(1080, 2340) d=0 taskParent=-1 inset=Rect(0, 0 - 0, 0) dim=true}
01-04 09:42:18.571  1640  1779 I SurfaceFlinger: Capture layer list: 	 com.callmenot.app/com.callmenot.app.MainActivity$_2087#10746(seamlessTransition:0)
01-04 09:42:18.572  1640  1789 D RenderEngine: [SEC_SF_EFFECTS] drawLayersInternal,1483, Rendering layer com.callmenot.app/com.callmenot.app.MainActivity$_2087#10746 at index 1
