01-04 09:40:52.375  3252  3252 E ClockPackSettingsUtils: isRoamingState: android.provider.Settings$SettingNotFoundException: easy_mode_switch
01-04 09:40:52.449  4097 30572 E LoadedApk: Exception : java.lang.NullPointerException: Attempt to invoke virtual method 'boolean android.os.Looper.isPerfLogEnable()' on a null object reference
01-04 09:40:52.470  3252  3252 W Bundle  : Attempt to cast generated internal exception:
01-04 09:40:52.470  3252  3252 W Bundle  : java.lang.ClassCastException: java.lang.Integer cannot be cast to java.lang.String
01-04 09:40:52.471  3252  3252 W Bundle  : Attempt to cast generated internal exception:
01-04 09:40:52.471  3252  3252 W Bundle  : java.lang.ClassCastException: java.lang.Integer cannot be cast to java.lang.String
01-04 09:40:52.481  4097  1478 E LoadedApk: Exception : java.lang.NullPointerException: Attempt to invoke virtual method 'boolean android.os.Looper.isPerfLogEnable()' on a null object reference
01-04 09:40:52.483  4097 18914 E LoadedApk: Exception : java.lang.NullPointerException: Attempt to invoke virtual method 'boolean android.os.Looper.isPerfLogEnable()' on a null object reference
01-04 09:40:54.911  2448  3049 E ConnectivityService: RemoteException caught trying to send a callback msg for NetworkRequest [ TRACK_DEFAULT id=3336, [ Capabilities: INTERNET&NOT_RESTRICTED&TRUSTED&NOT_VCN_MANAGED&NOT_BANDWIDTH_CONSTRAINED Uid: 10315 RequestorUid: 10315 RequestorPkg: com.google.android.videos UnderlyingNetworks: Null] ]
01-04 09:41:14.782  4097 28108 E LoadedApk: Exception : java.lang.NullPointerException: Attempt to invoke virtual method 'boolean android.os.Looper.isPerfLogEnable()' on a null object reference
01-04 09:41:14.820  4097 27378 E LoadedApk: Exception : java.lang.NullPointerException: Attempt to invoke virtual method 'boolean android.os.Looper.isPerfLogEnable()' on a null object reference
01-04 09:41:14.826  2448  2448 W System.err: java.lang.NullPointerException: Attempt to invoke interface method 'android.os.IBinder android.os.IBinder.getExtension()' on a null object reference
01-04 09:41:14.827  4097 27378 E LoadedApk: Exception : java.lang.NullPointerException: Attempt to invoke virtual method 'boolean android.os.Looper.isPerfLogEnable()' on a null object reference
01-04 09:41:21.545 28894 28894 I MyFiles : [1568/FileOperatorManager ] execute() ] send result of file operation - (Success:true | Canceled:false | NeedRefresh:true | Exception:null)
01-04 09:41:21.690 28894 28945 W ApkLiteParseUtils: java.io.IOException: Failed to load asset path /app-debug.apk
01-04 09:41:24.995 28894 28894 I MyFiles : [1664/FileOperatorManager ] execute() ] send result of file operation - (Success:true | Canceled:false | NeedRefresh:true | Exception:null)
01-04 09:41:28.324 28894 28894 E MyFiles : [1775/ViManager           ] animationsEnabled()] android.provider.Settings$SettingNotFoundException: animator_duration_scale
01-04 09:41:28.468 28894 28944 I AppIconSolution: return adaptive icon for com.callmenot.app, isNight = false
01-04 09:41:29.891  2448  5229 E ContentProviderHelper: java.lang.IllegalStateException: Unable to check Uri permission because caller is holding WM lock; assuming permission denied
01-04 09:41:29.892  2448  5229 E ContentProviderHelper: java.lang.IllegalStateException: Unable to check Uri permission because caller is holding WM lock; assuming permission denied
01-04 09:41:29.992  2448  5226 E ContentProviderHelper: java.lang.IllegalStateException: Unable to check Uri permission because caller is holding WM lock; assuming permission denied
01-04 09:41:29.992  2448  5226 E ContentProviderHelper: java.lang.IllegalStateException: Unable to check Uri permission because caller is holding WM lock; assuming permission denied
01-04 09:41:32.789  2448  2891 I PackageInformation: com.callmenot.app ::20251214::20250713
01-04 09:41:32.844  4000  4000 I Finsky  : [2] VerifyApps: Install-time verification requested for package com.callmenot.app, PackageManager id = 12, Verifier id = 6a8d3421-4deb-4567-acf7-99fbaa27056d
01-04 09:41:32.975   463   484 I GOS:GameServiceReceiver:  PkgInstallStarted for com.callmenot.app UserID : 0
01-04 09:41:33.052   463   485 I GOS:GameIntentService: onPackageChanged(). extras: Bundle[{changeType=2, userId=0, type=15, packageName=com.callmenot.app}]
01-04 09:41:33.052   463   485 I GOS:GameIntentService: onPackageChanged(). changeType(INSTALL_STARTED), pkgName(com.callmenot.app), UserHandle(0), userId(0), Installed(true)
01-04 09:41:33.055   463   485 W GOS:SystemEventReactor: onPackageInstallStarted(). the pkg data already exists. packageName: com.callmenot.app
01-04 09:41:33.271  4000   478 I Finsky  : [249] VerifyApps: Anti-malware verification task started for package=com.callmenot.app
01-04 09:41:33.849  4000  4033 I Finsky  : [130] VerifyApps: Starting APK Analysis scan for com.callmenot.app.
01-04 09:41:33.851  4000  4033 I Finsky  : [130] Scanning package com.callmenot.app contents with client side protections. File: [CjfNDr8ZJ_fT3Nb0GMSGYOXznDlqVI0uDklh-fm2zLU]
01-04 09:41:33.853  4000  4033 I Finsky  : [130] VerifyApps: APK Analysis scan finished for com.callmenot.app. Verdict: SAFE
01-04 09:41:34.320  4000   494 I Finsky  : [252] VerifyApps: Verification package=com.callmenot.app, id=12, response=9, upload_requested=false, enable_ecm=false
01-04 09:41:37.719  4000  4050 I Finsky  : [140] VerifyApps: waiting for app installation for com.callmenot.app
01-04 09:41:37.761  2448  2891 D InstallDependencyHelper: No missing dependency for com.callmenot.app
01-04 09:41:37.762  2448  2891 I PackageManager:           pkg{com.callmenot.app}
01-04 09:41:37.763  4000  4000 I Finsky  : [2] VerifyApps: Install-time verification complete: id=12, package_name=com.callmenot.app
01-04 09:41:37.779  2448  2596 W PackageManager: Existing package com.callmenot.app signatures do not match newer version; ignoring!
01-04 09:41:37.782  2448  2596 D PackageInstallerSession: Marking session 1975342610 as failed: INSTALL_FAILED_UPDATE_INCOMPATIBLE: Existing package com.callmenot.app signatures do not match newer version; ignoring!
01-04 09:41:37.782  2448  2596 I PackageInstallerSession: Session [1975342610] was destroyed because of [Session marked as failed: INSTALL_FAILED_UPDATE_INCOMPATIBLE: Existing package com.callmenot.app signatures do not match newer version; ignoring!]
01-04 09:41:37.782  2448  2891 I PackageInstallerSession: result of session: -7{1975342610}, Existing package com.callmenot.app signatures do not match newer version; ignoring!
01-04 09:41:43.577  3750  3750 I HoneySpace.CardFactory: loadDrawable: reUse com.callmenot.app kotlinx.coroutines.flow.StateFlowImpl@fb25d0a
01-04 09:41:43.579  3750  3750 I HoneySpace.AppLabelTextView: CallMeNot : letterSpacing 0.0 : width 216
01-04 09:41:44.735  3750  3750 I HoneySpace.AppsCardItemViewHolder: SecondaryLongClick of CallMeNot
01-04 09:41:44.765  3750  3750 I HoneySpace.AppsCardItemViewHolder: SecondaryLongClick of CallMeNot
01-04 09:41:44.773  3750  3750 I HoneySpace.AppsCardItemViewHolder: SecondaryLongClick of CallMeNot
01-04 09:41:44.789  3750  3750 I HoneySpace.AppsCardItemViewHolder: SecondaryLongClick of CallMeNot
01-04 09:41:44.898  3750  3750 I HoneySpace.AppsCardItemViewHolder: SecondaryLongClick of CallMeNot
01-04 09:41:44.906  3750  3750 I HoneySpace.AppsCardItemViewHolder: SecondaryLongClick of CallMeNot
01-04 09:41:44.923  3750  3750 I HoneySpace.AppsCardItemViewHolder: SecondaryLongClick of CallMeNot
01-04 09:41:44.940  3750  3750 I HoneySpace.AppsCardItemViewHolder: SecondaryLongClick of CallMeNot
01-04 09:41:44.948  3750  3750 I HoneySpace.AppsCardItemViewHolder: SecondaryLongClick of CallMeNot
01-04 09:41:44.965  3750  3750 I HoneySpace.AppsCardItemViewHolder: SecondaryLongClick of CallMeNot
01-04 09:41:44.973  3750  3750 I HoneySpace.AppsCardItemViewHolder: SecondaryLongClick of CallMeNot
01-04 09:41:44.998  3750  3750 I HoneySpace.AppsCardItemViewHolder: SecondaryLongClick of CallMeNot
01-04 09:41:45.015  3750  3750 I HoneySpace.AppsCardItemViewHolder: SecondaryLongClick of CallMeNot
01-04 09:41:45.023  3750  3750 I HoneySpace.AppsCardItemViewHolder: SecondaryLongClick of CallMeNot
01-04 09:41:45.032  3750  3750 I HoneySpace.AppsCardItemViewHolder: SecondaryLongClick of CallMeNot
01-04 09:41:45.040  3750  3750 I HoneySpace.AppsCardItemViewHolder: SecondaryLongClick of CallMeNot
01-04 09:41:45.049  3750  3750 I HoneySpace.AppsCardItemViewHolder: SecondaryLongClick of CallMeNot
01-04 09:41:45.057  3750  3750 I HoneySpace.AppsCardItemViewHolder: SecondaryLongClick of CallMeNot
01-04 09:41:45.073  3750  3750 I HoneySpace.AppsCardItemViewHolder: SecondaryLongClick of CallMeNot
01-04 09:41:45.124  3750  3750 I HoneySpace.AppsCardItemViewHolder: SecondaryLongClick of CallMeNot
01-04 09:41:45.174  3750  3750 I HoneySpace.AppsCardItemViewHolder: SecondaryLongClick of CallMeNot
01-04 09:41:45.182  3750  3750 I HoneySpace.AppsCardItemViewHolder: SecondaryLongClick of CallMeNot
01-04 09:41:45.236  3750  3750 I HoneySpace.AppsCardItemViewHolder: longClick of CallMeNot
01-04 09:41:45.262  3750  3750 I HoneySpace.AppsCardItemViewHolder: SecondaryLongClick of CallMeNot
01-04 09:41:45.268  3750  3750 I HoneySpace.AppsCardItemViewHolder: SecondaryLongClick of CallMeNot
01-04 09:41:45.283  3750  3750 I HoneySpace.AppsCardItemViewHolder: SecondaryLongClick of CallMeNot
01-04 09:41:45.375  3750  3750 I HoneySpace.AppsCardItemViewHolder: SecondaryLongClick of CallMeNot
01-04 09:41:45.408  3750  3750 I HoneySpace.AppsCardItemViewHolder: SecondaryLongClick of CallMeNot
01-04 09:41:45.417  3750  3750 I HoneySpace.AppsCardItemViewHolder: SecondaryLongClick of CallMeNot
01-04 09:41:45.538  3750  3750 I HoneySpace.AppsCardItemViewHolder: SecondaryLongClick of CallMeNot
01-04 09:41:45.562  3750  3750 I HoneySpace.AppsCardItemViewHolder: SecondaryLongClick of CallMeNot
01-04 09:41:45.564  3750  3750 I HoneySpace.AppsCardItemViewHolder: SecondaryLongClick of CallMeNot
01-04 09:41:45.564  3750  3750 I HoneySpace.AppsCardItemViewHolder: SecondaryLongClick of CallMeNot
01-04 09:41:47.818   377   377 I UninstallerActivity: Uninstalling extras=Bundle[{com.android.packageinstaller.extra.IS_CLONE_APP=false, com.android.packageinstaller.extra.APP_LABEL=CallMeNot, com.android.packageinstaller.applicationInfo=ApplicationInfo{3a08b68 com.callmenot.app}, android.intent.extra.UNINSTALL_ALL_USERS=false, com.android.packageinstaller.extra.UNINSTALL_ID=-2147483641}]
01-04 09:41:47.821  2448  3325 I PackageManager: pkg{com.callmenot.app}, user{0}, caller{10077} flags{0}
01-04 09:41:47.822  2448  2543 I ActivityManager: Force stopping com.callmenot.app appid=10446 user=0: deletePackageX
01-04 09:41:48.030  2448  3114 D BackgroundInstallControlService: handlePackageRemove: removing com.callmenot.app from 0
01-04 09:41:48.045  2448  2596 D AASA_PackageManager_RESTRICTED: Uninstall : userId = 0, info.uid = 10446, packageName = com.callmenot.app
01-04 09:41:48.053   377   377 I UninstallFinish: Uninstall finished extras=Bundle[{android.content.pm.extra.STATUS=0, com.android.packageinstaller.extra.IS_CLONE_APP=false, android.content.pm.extra.PACKAGE_NAME=com.callmenot.app, com.android.packageinstaller.extra.APP_LABEL=CallMeNot, com.android.packageinstaller.applicationInfo=Supplier{VAL_PARCELABLE@532+1276}, android.intent.extra.UNINSTALL_ALL_USERS=false, android.content.pm.extra.LEGACY_STATUS=1, com.android.packageinstaller.extra.UNINSTALL_ID=-2147483641, android.content.pm.extra.STATUS_MESSAGE=DELETE_SUCCEEDED}]
01-04 09:41:48.056  2448  2596 I ActivityManager: Force stopping com.callmenot.app appid=10446 user=0: pkg removed
01-04 09:41:48.078  2448  2596 I ActivityManager: Force stopping com.callmenot.app appid=10446 user=0: pkg removed
01-04 09:41:48.101  2448  3113 D ShortcutService: removing package: com.callmenot.app userId=0
01-04 09:41:48.104  3221  3221 D CarrierSvcBindHelper: onPackageRemoved: com.callmenot.app
01-04 09:41:48.107  2448  3071 D AS.AudioService: com.callmenot.app(10446) is removed
01-04 09:41:48.107  2448  3037 W WifiService: Couldn't get PackageInfo for package:com.callmenot.app
01-04 09:41:48.107  2448  3037 D WifiService: Remove settings for package:com.callmenot.app
01-04 09:41:48.107  2448  3037 D WifiConfigManager: Remove all networks for app ApplicationInfo{f67f5cd com.callmenot.app}
01-04 09:41:48.109  2448  3071 D SGM:GameManager: identifyGamePackage. com.callmenot.app, mCurrentUserId: 0, callingMethodInfo: com.samsung.android.game.SemGameManager.isGamePackage(SemGameManager.java:106)
01-04 09:41:48.109  2448  3071 D SGM:SemGameManager: isGamePackage(), pkgName=com.callmenot.app, ret=false
01-04 09:41:48.114  3221  3741 I SatelliteAppTracker: onPackageRemoved : com.callmenot.app
01-04 09:41:48.115  2448  3037 I PasspointManager: No app ops listener found for com.callmenot.app
01-04 09:41:48.122  3221  3221 I VvmPkgInstalledRcvr: packageName: com.callmenot.app, systemDialer: com.samsung.android.dialer
01-04 09:41:48.124  2448  2994 V StorageManagerService: Package com.callmenot.app does not have legacy storage
01-04 09:41:48.125  2448  2899 D OverlayManager: onPackageRemoved pkgName=com.callmenot.app userId=0
01-04 09:41:48.125  2448  2899 I OverlayManager: updateOverlaysForTarget() called with: targetPackage = [com.callmenot.app], userId = [0], flags = [0]
01-04 09:41:48.126  2448  2918 D UsageStatsService: onPackageRemoved com.callmenot.app
01-04 09:41:48.132  3221  3221 W VvmPkgInstalledRcvr: carrierVvmPkgAdded: carrier vvm packages doesn't contain com.callmenot.app
01-04 09:41:48.140  2448  2950 D SEP_UNION_SemDeviceInfoManagerService: Package com.callmenot.app is removed on User 0 
01-04 09:41:48.165  3252  3252 D Navbar.Store: handleEvent(0) OnPackageRemoved(packageName=com.callmenot.app) [Module] NavBarStoreImpl
01-04 09:41:48.165  2448  3037 W WifiService: Couldn't get PackageInfo for package:com.callmenot.app
01-04 09:41:48.165  2448  3037 D WifiService: Remove settings for package:com.callmenot.app
01-04 09:41:48.165  2448  3037 D WifiConfigManager: Remove all networks for app ApplicationInfo{8b91ede com.callmenot.app}
01-04 09:41:48.165  2448  3037 I PasspointManager: No app ops listener found for com.callmenot.app
01-04 09:41:48.167  3252  3252 D KeyguardShortcutManager: onReceive : Intent.EXTRA_REPLACING false, com.callmenot.app
01-04 09:41:48.167  3252  3252 D SecSTQuickControlRequestReceiver: onReceiveForPackage action = android.intent.action.PACKAGE_REMOVED, pkgName = com.callmenot.app
01-04 09:41:48.168  3252  3252 I GoodLockLifecycle: onPackageRemoved: com.callmenot.app
01-04 09:41:48.168  3252  3252 D FaceWidgetMusicViewModel: onPackageRemoved() pkg = com.callmenot.app, r = false
01-04 09:41:48.170  3252  3252 I SharedAppWidgetFacade:  onPackageRemoved com.callmenot.app
01-04 09:41:48.170  3252  3252 I SharedWidgetListManager:  provider removed com.callmenot.app , size = 60 ,  60
01-04 09:41:48.185  2448  2923 I RollbackManager: broadcast=ACTION_PACKAGE_FULLY_REMOVED pkg=com.callmenot.app
01-04 09:41:48.251  2448  2448 D SdpManagerImpl.receiver: On android.intent.action.PACKAGE_REMOVED : DATA = package:com.callmenot.app, UID = 10446, UserId = 0, Is replacing? false
01-04 09:41:48.251  2448  2448 D SdpManagerImpl.receiver: ACTION_PACKAGE_REMOVED packageName:: com.callmenot.app
01-04 09:41:48.251  2448  3215 D SdpManagerImpl: handlePackageRemoved - PackageName : com.callmenot.app, UserId : 0
01-04 09:41:48.257  2448  2448 I Telecom : CarModeTracker: Package com.callmenot.app is not tracked.: SSH.oR@Cq4
01-04 09:41:48.271  2448  3061 D LocationManagerService: package com.callmenot.app reset
01-04 09:41:48.275  5019  5416 E DMASA[C]: [LOGWING][k]Failed to get App version : com.callmenot.app
01-04 09:41:48.281  4365  4488 I PackageInfoManager_FLP: action : ACTION_PACKAGE_REMOVED, packageName = com.callmenot.app
01-04 09:41:48.296 10406 10406 I SpayFw_PackageStateReceiver: PackageName : com.callmenot.app
01-04 09:41:48.298  2448  3222 I Pageboost: remove app @ runtime : com.callmenot.app
01-04 09:41:48.300 26445 26445 I SCS@AiSearch user 0: (PackageBroadcastReceiver) packageName: com.callmenot.app
01-04 09:41:48.300 26445 26445 I SCS@AiSearch user 0: (PackageBroadcastReceiver) Packages changed: com.callmenot.app
01-04 09:41:48.301  4097 27378 E LoadedApk: Exception : java.lang.NullPointerException: Attempt to invoke virtual method 'boolean android.os.Looper.isPerfLogEnable()' on a null object reference
01-04 09:41:48.304  4000  4000 I Finsky  : [2] AIM: AppInfoCacheUpdater -> invalidating apps: [com.callmenot.app]
01-04 09:41:48.306  4000  4050 I Finsky  : [140] AIM: AppInfoManager-Perf > OnDeviceAppInfo > cacheHitCount=0, cacheMissCount=1. Missed  in cache (limit 10) : [com.callmenot.app]
01-04 09:41:48.325  2448  2448 D EnterpriseLicenseService: isPackageInstalled() - com.callmenot.app not found in user 0
01-04 09:41:48.344  4000   705 I Finsky  : [269] Asset module storage cleared for package com.callmenot.app.
01-04 09:41:48.365  2448  3538 W Role    : Cannot get ApplicationInfo for package: com.callmenot.app
01-04 09:41:48.365  2448  3538 I RoleControllerServiceImpl: Removing package that no longer qualifies for the role, package: com.callmenot.app, role: android.app.role.CALL_SCREENING, user: 0
01-04 09:41:48.372  2448  3538 W RoleControllerServiceImpl: Cannot get ApplicationInfo for package: com.callmenot.app, user: 0
01-04 09:41:48.405  4000  4000 W Finsky  : [2] STU: Failed to get storage stats for package 'com.callmenot.app' (1601: Error getting stats: android.content.pm.PackageManager.NameNotFoundException)
01-04 09:41:48.543  2448  2448 I ConditionProviders: Disallowing condition provider com.callmenot.app (userSet: true)
01-04 09:41:48.548 27532 27575 I ENTM:Systemprocess: handlePackageRemoved().pkgName: com.callmenot.app
01-04 09:41:48.548 27532 27575 I ENTM:Systemprocess: checkELMActivationForPackageRemoved().START - com.callmenot.app
01-04 09:41:48.554  2448   779 I Telecom : SamsungTelecomServiceImpl : clearAccounts - packageName : com.callmenot.app / callingPid : 2448 / processName : sts / callingUser : UserHandle{0}
01-04 09:41:48.555 27532 27575 I ENTM:Systemprocess: checkKLMActivationForPackageRemoved().START - com.callmenot.app
01-04 09:41:48.569 27532 27575 I ENTM:DataBaseUtils: isSameTrackerIdInDeviceDB().START: com.callmenot.app
01-04 09:41:48.623  2448  4883 W AppSearchAppsUtil: android.content.pm.PackageManager$NameNotFoundException
01-04 09:41:48.623  2448  4883 W AppSearchAppsUtil: android.content.pm.PackageManager$NameNotFoundException
01-04 09:41:48.623  2448  4883 W AppSearchAppsUtil: android.content.pm.PackageManager$NameNotFoundException
01-04 09:41:48.624  2448  4883 W AppSearchAppsUtil: android.content.pm.PackageManager$NameNotFoundException
01-04 09:41:48.624  2448  4883 W AppSearchAppsUtil: android.content.pm.PackageManager$NameNotFoundException
01-04 09:41:48.624  2448  4883 W AppSearchAppsUtil: android.content.pm.PackageManager$NameNotFoundException
01-04 09:41:48.624  2448  4883 W AppSearchAppsUtil: android.content.pm.PackageManager$NameNotFoundException
01-04 09:41:48.624  2448  4883 W AppSearchAppsUtil: android.content.pm.PackageManager$NameNotFoundException
01-04 09:41:48.624  2448  4883 W AppSearchAppsUtil: android.content.pm.PackageManager$NameNotFoundException
01-04 09:41:48.624  2448  4883 W AppSearchAppsUtil: android.content.pm.PackageManager$NameNotFoundException
01-04 09:41:48.624  2448  4883 W AppSearchAppsUtil: android.content.pm.PackageManager$NameNotFoundException
01-04 09:41:48.624  2448  4883 W AppSearchAppsUtil: android.content.pm.PackageManager$NameNotFoundException
01-04 09:41:48.815 27865 27865 D PersistedStoragePackageUninstalledReceiver: Received android.intent.action.PACKAGE_FULLY_REMOVED for com.callmenot.app for u0
01-04 09:41:48.823  4756  5524 D MediaProvider: Deleted 0 Android/media items belonging to com.callmenot.app on /data/user/0/com.google.android.providers.media.module/databases/external.db
01-04 09:41:48.830  4756  5524 I FuseDaemon: Successfully deleted rows in leveldb for owner_id:  and ownerPackageIdentifier: com.callmenot.app::0
01-04 09:41:48.832  4756  5524 D MediaGrants: Removed 0 media_grants for 0 user for [com.callmenot.app]. Reason: Package orphaned
01-04 09:41:48.836  2448  2536 E NotifHistoryProto: java.lang.NullPointerException: Attempt to invoke virtual method 'int android.graphics.drawable.Icon.getType()' on a null object reference
01-04 09:41:48.836  2448  2536 E NotifHistoryProto: java.lang.NullPointerException: Attempt to invoke virtual method 'int android.graphics.drawable.Icon.getType()' on a null object reference
01-04 09:41:48.836  2448  2536 E NotifHistoryProto: java.lang.NullPointerException: Attempt to invoke virtual method 'int android.graphics.drawable.Icon.getType()' on a null object reference
01-04 09:41:48.838  2448  2536 E NotifHistoryProto: java.lang.NullPointerException: Attempt to invoke virtual method 'int android.graphics.drawable.Icon.getType()' on a null object reference
01-04 09:41:48.838  2448  2536 E NotifHistoryProto: java.lang.NullPointerException: Attempt to invoke virtual method 'int android.graphics.drawable.Icon.getType()' on a null object reference
01-04 09:41:48.838  2448  2536 E NotifHistoryProto: java.lang.NullPointerException: Attempt to invoke virtual method 'int android.graphics.drawable.Icon.getType()' on a null object reference
01-04 09:41:48.838  2448  2536 E NotifHistoryProto: java.lang.NullPointerException: Attempt to invoke virtual method 'int android.graphics.drawable.Icon.getType()' on a null object reference
01-04 09:41:48.838  2448  2536 E NotifHistoryProto: java.lang.NullPointerException: Attempt to invoke virtual method 'int android.graphics.drawable.Icon.getType()' on a null object reference
01-04 09:41:48.838  2448  2536 E NotifHistoryProto: java.lang.NullPointerException: Attempt to invoke virtual method 'int android.graphics.drawable.Icon.getType()' on a null object reference
01-04 09:41:48.838  2448  2536 E NotifHistoryProto: java.lang.NullPointerException: Attempt to invoke virtual method 'int android.graphics.drawable.Icon.getType()' on a null object reference
01-04 09:41:48.838  2448  2536 E NotifHistoryProto: java.lang.NullPointerException: Attempt to invoke virtual method 'int android.graphics.drawable.Icon.getType()' on a null object reference
01-04 09:41:48.839  2448  2536 E NotifHistoryProto: java.lang.NullPointerException: Attempt to invoke virtual method 'int android.graphics.drawable.Icon.getType()' on a null object reference
01-04 09:41:48.839  2448  2536 E NotifHistoryProto: java.lang.NullPointerException: Attempt to invoke virtual method 'int android.graphics.drawable.Icon.getType()' on a null object reference
01-04 09:41:48.839  2448  2536 E NotifHistoryProto: java.lang.NullPointerException: Attempt to invoke virtual method 'int android.graphics.drawable.Icon.getType()' on a null object reference
01-04 09:41:48.842  4097   785 I ProximityAuth: [RecentAppsMediator] Package removed: (user=UserHandle{0}) com.callmenot.app
01-04 09:41:48.843  2448  2536 E NotifHistoryProto: java.lang.NullPointerException: Attempt to invoke virtual method 'int android.graphics.drawable.Icon.getType()' on a null object reference
01-04 09:41:48.844  2448  2536 E NotifHistoryProto: java.lang.NullPointerException: Attempt to invoke virtual method 'int android.graphics.drawable.Icon.getType()' on a null object reference
01-04 09:41:48.844  2448  2536 E NotifHistoryProto: java.lang.NullPointerException: Attempt to invoke virtual method 'int android.graphics.drawable.Icon.getType()' on a null object reference
01-04 09:41:48.858 16179 16179 I AiPrivacy::AppEventReceiver: com.callmenot.app Uninstalled !!!
01-04 09:41:48.883  2448  2536 E NotifHistoryProto: java.lang.NullPointerException: Attempt to invoke virtual method 'int android.graphics.drawable.Icon.getType()' on a null object reference
01-04 09:41:48.883  2448  2536 E NotifHistoryProto: java.lang.NullPointerException: Attempt to invoke virtual method 'int android.graphics.drawable.Icon.getType()' on a null object reference
01-04 09:41:48.887  2448  2536 E NotifHistoryProto: java.lang.NullPointerException: Attempt to invoke virtual method 'int android.graphics.drawable.Icon.getType()' on a null object reference
01-04 09:41:48.888  2448  2536 E NotifHistoryProto: java.lang.NullPointerException: Attempt to invoke virtual method 'int android.graphics.drawable.Icon.getType()' on a null object reference
01-04 09:41:48.888  2448  2536 E NotifHistoryProto: java.lang.NullPointerException: Attempt to invoke virtual method 'int android.graphics.drawable.Icon.getType()' on a null object reference
01-04 09:41:48.888  2448  2536 E NotifHistoryProto: java.lang.NullPointerException: Attempt to invoke virtual method 'int android.graphics.drawable.Icon.getType()' on a null object reference
01-04 09:41:48.889  2448  2536 E NotifHistoryProto: java.lang.NullPointerException: Attempt to invoke virtual method 'int android.graphics.drawable.Icon.getType()' on a null object reference
01-04 09:41:48.889  2448  2536 E NotifHistoryProto: java.lang.NullPointerException: Attempt to invoke virtual method 'int android.graphics.drawable.Icon.getType()' on a null object reference
01-04 09:41:48.889  2448  2536 E NotifHistoryProto: java.lang.NullPointerException: Attempt to invoke virtual method 'int android.graphics.drawable.Icon.getType()' on a null object reference
01-04 09:41:48.891 26444 26444 I AccountReloadObserver: [C] received action: android.intent.action.PACKAGE_REMOVED, dat: package:com.callmenot.app
01-04 09:41:48.891  2448  2536 E NotifHistoryProto: java.lang.NullPointerException: Attempt to invoke virtual method 'int android.graphics.drawable.Icon.getType()' on a null object reference
01-04 09:41:48.891  2448  2536 E NotifHistoryProto: java.lang.NullPointerException: Attempt to invoke virtual method 'int android.graphics.drawable.Icon.getType()' on a null object reference
01-04 09:41:48.891  2448  2536 E NotifHistoryProto: java.lang.NullPointerException: Attempt to invoke virtual method 'int android.graphics.drawable.Icon.getType()' on a null object reference
01-04 09:41:48.893  2448  2536 E NotifHistoryProto: java.lang.NullPointerException: Attempt to invoke virtual method 'int android.graphics.drawable.Icon.getType()' on a null object reference
01-04 09:41:48.893  2448  2536 E NotifHistoryProto: java.lang.NullPointerException: Attempt to invoke virtual method 'int android.graphics.drawable.Icon.getType()' on a null object reference
01-04 09:41:48.893  2448  2536 E NotifHistoryProto: java.lang.NullPointerException: Attempt to invoke virtual method 'int android.graphics.drawable.Icon.getType()' on a null object reference
01-04 09:41:48.894  2448  2536 E NotifHistoryProto: java.lang.NullPointerException: Attempt to invoke virtual method 'int android.graphics.drawable.Icon.getType()' on a null object reference
01-04 09:41:48.894  2448  2536 E NotifHistoryProto: java.lang.NullPointerException: Attempt to invoke virtual method 'int android.graphics.drawable.Icon.getType()' on a null object reference
01-04 09:41:48.894  2448  2536 E NotifHistoryProto: java.lang.NullPointerException: Attempt to invoke virtual method 'int android.graphics.drawable.Icon.getType()' on a null object reference
01-04 09:41:48.894  2448  2536 E NotifHistoryProto: java.lang.NullPointerException: Attempt to invoke virtual method 'int android.graphics.drawable.Icon.getType()' on a null object reference
01-04 09:41:48.894  2448  2536 E NotifHistoryProto: java.lang.NullPointerException: Attempt to invoke virtual method 'int android.graphics.drawable.Icon.getType()' on a null object reference
01-04 09:41:48.894  2448  2536 E NotifHistoryProto: java.lang.NullPointerException: Attempt to invoke virtual method 'int android.graphics.drawable.Icon.getType()' on a null object reference
01-04 09:41:48.902  2448  2536 E NotifHistoryProto: java.lang.NullPointerException: Attempt to invoke virtual method 'int android.graphics.drawable.Icon.getType()' on a null object reference
01-04 09:41:48.908  2448  2536 E NotifHistoryProto: java.lang.NullPointerException: Attempt to invoke virtual method 'int android.graphics.drawable.Icon.getType()' on a null object reference
01-04 09:41:48.908  2448  2536 E NotifHistoryProto: java.lang.NullPointerException: Attempt to invoke virtual method 'int android.graphics.drawable.Icon.getType()' on a null object reference
01-04 09:41:48.913  2448  2536 E NotifHistoryProto: java.lang.NullPointerException: Attempt to invoke virtual method 'int android.graphics.drawable.Icon.getType()' on a null object reference
01-04 09:41:48.913  2448  2536 E NotifHistoryProto: java.lang.NullPointerException: Attempt to invoke virtual method 'int android.graphics.drawable.Icon.getType()' on a null object reference
01-04 09:41:48.913  2448  2536 E NotifHistoryProto: java.lang.NullPointerException: Attempt to invoke virtual method 'int android.graphics.drawable.Icon.getType()' on a null object reference
01-04 09:41:48.917  2448  2536 E NotifHistoryProto: java.lang.NullPointerException: Attempt to invoke virtual method 'int android.graphics.drawable.Icon.getType()' on a null object reference
01-04 09:41:48.917  2448  2536 E NotifHistoryProto: java.lang.NullPointerException: Attempt to invoke virtual method 'int android.graphics.drawable.Icon.getType()' on a null object reference
01-04 09:41:48.917  2448  2536 E NotifHistoryProto: java.lang.NullPointerException: Attempt to invoke virtual method 'int android.graphics.drawable.Icon.getType()' on a null object reference
01-04 09:41:48.918  2448  2536 E NotifHistoryProto: java.lang.NullPointerException: Attempt to invoke virtual method 'int android.graphics.drawable.Icon.getType()' on a null object reference
01-04 09:41:48.918  2448  2536 E NotifHistoryProto: java.lang.NullPointerException: Attempt to invoke virtual method 'int android.graphics.drawable.Icon.getType()' on a null object reference
01-04 09:41:48.918  2448  2536 E NotifHistoryProto: java.lang.NullPointerException: Attempt to invoke virtual method 'int android.graphics.drawable.Icon.getType()' on a null object reference
01-04 09:41:48.922  2448  2536 E NotifHistoryProto: java.lang.NullPointerException: Attempt to invoke virtual method 'int android.graphics.drawable.Icon.getType()' on a null object reference
01-04 09:41:48.922  2448  2536 E NotifHistoryProto: java.lang.NullPointerException: Attempt to invoke virtual method 'int android.graphics.drawable.Icon.getType()' on a null object reference
01-04 09:41:48.922  2448  2536 E NotifHistoryProto: java.lang.NullPointerException: Attempt to invoke virtual method 'int android.graphics.drawable.Icon.getType()' on a null object reference
01-04 09:41:48.923  2448  2536 E NotifHistoryProto: java.lang.NullPointerException: Attempt to invoke virtual method 'int android.graphics.drawable.Icon.getType()' on a null object reference
01-04 09:41:48.923  2448  2536 E NotifHistoryProto: java.lang.NullPointerException: Attempt to invoke virtual method 'int android.graphics.drawable.Icon.getType()' on a null object reference
01-04 09:41:48.923  2448  2536 E NotifHistoryProto: java.lang.NullPointerException: Attempt to invoke virtual method 'int android.graphics.drawable.Icon.getType()' on a null object reference
01-04 09:41:48.923  2448  2536 E NotifHistoryProto: java.lang.NullPointerException: Attempt to invoke virtual method 'int android.graphics.drawable.Icon.getType()' on a null object reference
01-04 09:41:48.923  2448  2536 E NotifHistoryProto: java.lang.NullPointerException: Attempt to invoke virtual method 'int android.graphics.drawable.Icon.getType()' on a null object reference
01-04 09:41:48.923  2448  2536 E NotifHistoryProto: java.lang.NullPointerException: Attempt to invoke virtual method 'int android.graphics.drawable.Icon.getType()' on a null object reference
01-04 09:41:48.923  2448  2536 E NotifHistoryProto: java.lang.NullPointerException: Attempt to invoke virtual method 'int android.graphics.drawable.Icon.getType()' on a null object reference
01-04 09:41:48.923  2448  2536 E NotifHistoryProto: java.lang.NullPointerException: Attempt to invoke virtual method 'int android.graphics.drawable.Icon.getType()' on a null object reference
01-04 09:41:48.923  2448  2536 E NotifHistoryProto: java.lang.NullPointerException: Attempt to invoke virtual method 'int android.graphics.drawable.Icon.getType()' on a null object reference
01-04 09:41:48.929  2448  2536 E NotifHistoryProto: java.lang.NullPointerException: Attempt to invoke virtual method 'int android.graphics.drawable.Icon.getType()' on a null object reference
01-04 09:41:48.929  2448  2536 E NotifHistoryProto: java.lang.NullPointerException: Attempt to invoke virtual method 'int android.graphics.drawable.Icon.getType()' on a null object reference
01-04 09:41:48.929  2448  2536 E NotifHistoryProto: java.lang.NullPointerException: Attempt to invoke virtual method 'int android.graphics.drawable.Icon.getType()' on a null object reference
01-04 09:41:48.929  2448  2536 E NotifHistoryProto: java.lang.NullPointerException: Attempt to invoke virtual method 'int android.graphics.drawable.Icon.getType()' on a null object reference
01-04 09:41:48.930  2448  2536 E NotifHistoryProto: java.lang.NullPointerException: Attempt to invoke virtual method 'int android.graphics.drawable.Icon.getType()' on a null object reference
01-04 09:41:48.930  2448  2536 E NotifHistoryProto: java.lang.NullPointerException: Attempt to invoke virtual method 'int android.graphics.drawable.Icon.getType()' on a null object reference
01-04 09:41:48.937  2448  2536 E NotifHistoryProto: java.lang.NullPointerException: Attempt to invoke virtual method 'int android.graphics.drawable.Icon.getType()' on a null object reference
01-04 09:41:48.938  2448  2536 E NotifHistoryProto: java.lang.NullPointerException: Attempt to invoke virtual method 'int android.graphics.drawable.Icon.getType()' on a null object reference
01-04 09:41:48.938  2448  2536 E NotifHistoryProto: java.lang.NullPointerException: Attempt to invoke virtual method 'int android.graphics.drawable.Icon.getType()' on a null object reference
01-04 09:41:48.938  2448  2536 E NotifHistoryProto: java.lang.NullPointerException: Attempt to invoke virtual method 'int android.graphics.drawable.Icon.getType()' on a null object reference
01-04 09:41:48.938  2448  2536 E NotifHistoryProto: java.lang.NullPointerException: Attempt to invoke virtual method 'int android.graphics.drawable.Icon.getType()' on a null object reference
01-04 09:41:48.938  2448  2536 E NotifHistoryProto: java.lang.NullPointerException: Attempt to invoke virtual method 'int android.graphics.drawable.Icon.getType()' on a null object reference
01-04 09:41:48.943  2448  2536 E NotifHistoryProto: java.lang.NullPointerException: Attempt to invoke virtual method 'int android.graphics.drawable.Icon.getType()' on a null object reference
01-04 09:41:48.943  2448  2536 E NotifHistoryProto: java.lang.NullPointerException: Attempt to invoke virtual method 'int android.graphics.drawable.Icon.getType()' on a null object reference
01-04 09:41:48.944  2448  2536 E NotifHistoryProto: java.lang.NullPointerException: Attempt to invoke virtual method 'int android.graphics.drawable.Icon.getType()' on a null object reference
01-04 09:41:48.944  2448  2536 E NotifHistoryProto: java.lang.NullPointerException: Attempt to invoke virtual method 'int android.graphics.drawable.Icon.getType()' on a null object reference
01-04 09:41:48.944  2448  2536 E NotifHistoryProto: java.lang.NullPointerException: Attempt to invoke virtual method 'int android.graphics.drawable.Icon.getType()' on a null object reference
01-04 09:41:48.944  2448  2536 E NotifHistoryProto: java.lang.NullPointerException: Attempt to invoke virtual method 'int android.graphics.drawable.Icon.getType()' on a null object reference
01-04 09:41:48.944  2448  2536 E NotifHistoryProto: java.lang.NullPointerException: Attempt to invoke virtual method 'int android.graphics.drawable.Icon.getType()' on a null object reference
01-04 09:41:48.945  2448  2536 E NotifHistoryProto: java.lang.NullPointerException: Attempt to invoke virtual method 'int android.graphics.drawable.Icon.getType()' on a null object reference
01-04 09:41:48.945  2448  2536 E NotifHistoryProto: java.lang.NullPointerException: Attempt to invoke virtual method 'int android.graphics.drawable.Icon.getType()' on a null object reference
01-04 09:41:48.945  2448  2536 E NotifHistoryProto: java.lang.NullPointerException: Attempt to invoke virtual method 'int android.graphics.drawable.Icon.getType()' on a null object reference
01-04 09:41:48.945  2448  2536 E NotifHistoryProto: java.lang.NullPointerException: Attempt to invoke virtual method 'int android.graphics.drawable.Icon.getType()' on a null object reference
01-04 09:41:48.945  2448  2536 E NotifHistoryProto: java.lang.NullPointerException: Attempt to invoke virtual method 'int android.graphics.drawable.Icon.getType()' on a null object reference
01-04 09:41:48.945  2448  2536 E NotifHistoryProto: java.lang.NullPointerException: Attempt to invoke virtual method 'int android.graphics.drawable.Icon.getType()' on a null object reference
01-04 09:41:48.945  2448  2536 E NotifHistoryProto: java.lang.NullPointerException: Attempt to invoke virtual method 'int android.graphics.drawable.Icon.getType()' on a null object reference
01-04 09:41:48.945  2448  2536 E NotifHistoryProto: java.lang.NullPointerException: Attempt to invoke virtual method 'int android.graphics.drawable.Icon.getType()' on a null object reference
01-04 09:41:48.953 21742   741 W RWIPackageIntentOps: Registries cleared for package: com.callmenot.app
01-04 09:41:48.978 21742 22538 E WorkSourceUtil: Could not find package: com.callmenot.app
01-04 09:41:48.984 21742 21790 I Icing   : doRemovePackageData com.callmenot.app
01-04 09:41:49.001 21742   573 W SQLiteLog: (28) double-quoted string literal: "com.callmenot.app"
01-04 09:41:49.006  4000  4000 I Finsky  : [2] Received an install/uninstall event for package com.callmenot.app
01-04 09:41:49.089   820   820 I Finsky:background: [2] Package no longer installed: com.callmenot.app
01-04 09:41:49.091   820   820 I Finsky:background: [2] Package no longer installed: com.callmenot.app
01-04 09:41:49.100   820   893 I Finsky:background: [159] SettingNotFoundException, fall through to G.downloadBytesOverMobileMaximum
01-04 09:41:49.141   820   893 I Finsky:background: [159] SettingNotFoundException, fall through to G.downloadBytesOverMobileRecommended
01-04 09:41:49.333   682   809 W Bundle  : Attempt to cast generated internal exception:
01-04 09:41:49.333   682   809 W Bundle  : java.lang.ClassCastException: Cannot cast com.samsung.euicc.lib.message.ListProfileInfo to com.samsung.euicc.lib.message.Response
01-04 09:41:49.479  2448  2542 I SGM:GameManager: PkgUpdateReceiver, onPackageRemoved(). pkgName=com.callmenot.app, userId=0
01-04 09:41:49.479  2448  2542 W SGM:Util: isPkgInstalled(), com.callmenot.app does not exist. 
01-04 09:41:49.479  2448  2542 D SGM:Util: isPkgInstalled(). pkgName=com.callmenot.app, userId=0, installed=false
01-04 09:41:49.479  2448  2542 D SGM:GosNotifyThread: sendPackageMessage(), changeType=1, pkgName=com.callmenot.app, userHandleId=0
01-04 09:41:49.550  1144  1144 I DWBh    : onPackageDeleted : com.callmenot.app
01-04 09:41:49.622  4756 25845 E MediaProvider: java.lang.IllegalArgumentException: Primary directory null not allowed for content://media/external_primary/file; allowed directories are [Download, Documents]
01-04 09:41:49.632  4756  5209 E MediaProvider: java.lang.IllegalArgumentException: Primary directory null not allowed for content://media/external_primary/file; allowed directories are [Download, Documents]
01-04 09:41:49.636  4756 14332 E MediaProvider: java.lang.IllegalArgumentException: Primary directory null not allowed for content://media/external_primary/file; allowed directories are [Download, Documents]
01-04 09:41:49.639  4756 26184 E MediaProvider: java.lang.IllegalArgumentException: Primary directory null not allowed for content://media/external_primary/file; allowed directories are [Download, Documents]
01-04 09:41:49.643  4756 26183 E MediaProvider: java.lang.IllegalArgumentException: Primary directory null not allowed for content://media/external_primary/file; allowed directories are [Download, Documents]
01-04 09:41:49.646  1144  1235 I DWBa    : couldn't find com.callmenot.app
01-04 09:41:49.647  4756  5214 E MediaProvider: java.lang.IllegalArgumentException: Primary directory null not allowed for content://media/external_primary/file; allowed directories are [Download, Documents]
01-04 09:41:49.652  4756 25846 E MediaProvider: java.lang.IllegalArgumentException: Primary directory null not allowed for content://media/external_primary/file; allowed directories are [Download, Documents]
01-04 09:41:49.656  4756  5209 E MediaProvider: java.lang.IllegalArgumentException: Primary directory null not allowed for content://media/external_primary/file; allowed directories are [Download, Documents]
01-04 09:41:49.667  4756 25845 E MediaProvider: java.lang.IllegalArgumentException: Primary directory null not allowed for content://media/external_primary/file; allowed directories are [Download, Documents]
01-04 09:41:49.675  4756 26183 E MediaProvider: java.lang.IllegalArgumentException: Primary directory null not allowed for content://media/external_primary/file; allowed directories are [Download, Documents]
01-04 09:41:49.791  4097 27378 W AsyncOperation: OperationException[Status{statusCode=Stale snapshot for com.google.android.libraries.mediahome.providers.video#com.google.android.videos(new configuration available), resolution=null}]
01-04 09:41:49.814  2448  2542 D MetaDataCollector: onReceive: done pkgName=com.callmenot.app
01-04 09:41:49.840  2448  2542 I SettingsProvider: onPackageRemoved (userId 0) PackageName = com.callmenot.app
01-04 09:41:49.843  2448  2542 I CredentialManager: updateProvidersWhenPackageRemoved)pkg=com.callmenot.app (0)
01-04 09:41:49.845  2448  2542 D LauncherAppsService: Calling onPackageRemoved: com.callmenot.app, EXTRA_REPLACING: false
01-04 09:41:49.845  2448  2542 D LauncherAppsService: onPackageRemoved: triggering onPackageRemoved for user=UserHandle{0}, packageName=com.callmenot.app
01-04 09:41:49.845  2448  2542 D LauncherAppsService: onPackageRemoved: triggering onPackageRemoved for user=UserHandle{0}, packageName=com.callmenot.app
01-04 09:41:49.846  2448  2542 D LauncherAppsService: onPackageRemoved: triggering onPackageRemoved for user=UserHandle{0}, packageName=com.callmenot.app
01-04 09:41:49.846  2448  2542 D LauncherApps: onPackageRemoved 0,com.callmenot.app
01-04 09:41:49.846  2448  2542 D LauncherAppsService: onPackageRemoved: triggering onPackageRemoved for user=UserHandle{0}, packageName=com.callmenot.app
01-04 09:41:49.846  2448  2542 D LauncherAppsService: onPackageRemoved: triggering onPackageRemoved for user=UserHandle{0}, packageName=com.callmenot.app
01-04 09:41:49.846  3750  3750 I HoneySpace.PackageOperationTracker: onPackageRemoved - com.callmenot.app UserHandle{0}
01-04 09:41:49.846  3750  3750 I HoneySpace.PackageChangedCallbackImpl: onPackageRemoved: com.callmenot.app / UserHandle{0}
01-04 09:41:49.846  3252  3567 D LauncherApps: onPackageRemoved 0,com.callmenot.app
01-04 09:41:49.847  3750 19208 I HoneySpace.IconCache: remove icon cache & DB : com.callmenot.app UserHandle{0}
01-04 09:41:49.847  3750 19208 I HoneySpace.IconCache: removeSpecificIconDb: com.callmenot.app UserHandle{0}
01-04 09:41:49.849  4749  7594 D LauncherApps: onPackageRemoved 0,com.callmenot.app
01-04 09:41:49.859  3750  3750 I HoneySpace.HoneySpaceManagerContainer: refreshHoneyPlugin, packageName: com.callmenot.app
01-04 09:41:49.859  3750 32404 I HoneySpace.HoneySpacePackageSourceImpl: Package removed : com.callmenot.app
01-04 09:41:49.859  3750 19208 I SearchableManager: com.callmenot.app is not legacy engine type
01-04 09:41:49.859  3750 19208 I SearchableManager: invalidate: com.callmenot.app
01-04 09:41:49.860  3750  3750 I HoneySpace.PackageEventHandler: Package removed : [com.callmenot.app/.MainActivity#UserHandle{0}]
01-04 09:41:49.860  3750  3750 I HoneySpace.DataCache: deleteItem : id=109124, title=CallMeNot, type=APP, containerType=ITEM_GROUP, containerId=16, x=-1, y=-1, rank=19, spanX=-1, spanY=-1, scale=1.0, component=com.callmenot.app/.MainActivity, profileId=0, intent=null, restored=0, hidden=UNHIDDEN, appWidgetId=-1, options=0, refPackageName=null (appList) package removed
01-04 09:41:49.862  3750  6510 I HoneySpace.DataCache: delete item : (appList) package removed - APP / 109124 / 16 / CallMeNot / com.callmenot.app/.MainActivity / -1 / 0
01-04 09:41:49.862  3750  3750 I HoneySpace.ApplistCellLayout: removeView [6] (3,4) view=com.honeyspace.ui.common.iconview.IconViewImpl{8fbcc5b VFED..CL. ......ID 747,1076-996,1345 #7f0a02ed app:id/icon aid=1073742226} - CallMeNot, visibility:0, alpha:1.0, badge:0, icon:174x174, iconAlpha:255, iconState:NONE, iconSize:181, forceHideBadge:false, isTransparent:false, x=3, y=4
01-04 09:41:49.863  9900 10133 I SAMSUNGWALLET: [Hint_SimpleHintProcessMonitor] package removed : com.callmenot.app , execute : true
01-04 09:41:50.070  1479  1479 I FILP/PackageIntentReceiver: pkgName : com.callmenot.app
01-04 09:41:50.084  1479  1547 I FILP/FilterInstaller: removeFromFS : com.callmenot.app, cursor size : 0
01-04 09:41:50.087  1479  1547 I FILP/FilterInstaller: Delete all filter DB result : com.callmenot.app, 0
01-04 09:41:50.087  1479  1547 I FILP/FilterInstaller: Delete filter DB result : com.callmenot.app, 0
01-04 09:41:50.087  1479  1547 I FILP/FilterInstaller: Delete my filter DB result : com.callmenot.app, 0
01-04 09:41:50.089  1479  1547 I FILP/FilterInstaller: uninstallFilters mPackageName: com.callmenot.app
01-04 09:41:50.260  3750 31036 I SearchEngineAppSuggestion: package removed: com.callmenot.app
01-04 09:41:50.261  3750 31036 E SearchEngine: isComponentInApps() android.content.pm.PackageManager$NameNotFoundException: ComponentInfo{com.callmenot.app/com.callmenot.app.MainActivity} / packageName : com.callmenot.app / userId : 0
01-04 09:41:50.261  3750 31036 E SearchEngine: isComponentInApps() android.content.pm.PackageManager$NameNotFoundException: ComponentInfo{com.callmenot.app/com.callmenot.app.MainActivity} / packageName : com.callmenot.app / userId : 0
01-04 09:41:50.262  3750 31036 E SearchEngine: isComponentInApps() android.content.pm.PackageManager$NameNotFoundException: ComponentInfo{com.callmenot.app/com.callmenot.app.MainActivity} / packageName : com.callmenot.app / userId : 0
01-04 09:41:50.262  3750 31036 E SearchEngine: isComponentInApps() android.content.pm.PackageManager$NameNotFoundException: ComponentInfo{com.callmenot.app/com.callmenot.app.MainActivity} / packageName : com.callmenot.app / userId : 0
01-04 09:41:50.262  3750 31036 E SearchEngine: isComponentInApps() android.content.pm.PackageManager$NameNotFoundException: ComponentInfo{com.callmenot.app/com.callmenot.app.MainActivity} / packageName : com.callmenot.app / userId : 0
01-04 09:41:52.105  3750 27821 I HoneySpace.FilteredItemProvider: collect filtered items j, [PK(p='com.dp.logcatapp', u=UserHandle{0}), PK(p='com.callmenot.app', u=UserHandle{0})]
01-04 09:41:52.106  3750 27821 I HoneySpace.SuggestedItemsFacade: filteredItem : PK(p='com.callmenot.app', u=UserHandle{0})
01-04 09:41:54.250  2448  3062 E ContentProviderHelper: java.lang.IllegalStateException: Unable to check Uri permission because caller is holding WM lock; assuming permission denied
01-04 09:41:54.251  2448  3062 E ContentProviderHelper: java.lang.IllegalStateException: Unable to check Uri permission because caller is holding WM lock; assuming permission denied
01-04 09:41:54.279  2448  4842 E ContentProviderHelper: java.lang.IllegalStateException: Unable to check Uri permission because caller is holding WM lock; assuming permission denied
01-04 09:41:54.279  2448  4842 E ContentProviderHelper: java.lang.IllegalStateException: Unable to check Uri permission because caller is holding WM lock; assuming permission denied
01-04 09:41:55.975  2448  2891 I PackageInformation: com.callmenot.app ::20251214::20250713
01-04 09:41:55.992  4000  4000 I Finsky  : [2] VerifyApps: Install-time verification requested for package com.callmenot.app, PackageManager id = 13, Verifier id = aa1ebaa4-990d-4447-9b4b-82e7f5609710
01-04 09:41:56.008   463   484 I GOS:GameServiceReceiver:  PkgInstallStarted for com.callmenot.app UserID : 0
01-04 09:41:56.084   463  1798 W GOS:PackageUtil: isPackageInstalledAsUser(). Exception: android.content.pm.PackageManager$NameNotFoundException: com.callmenot.app
01-04 09:41:56.084   463  1798 I GOS:GameIntentService: onPackageChanged(). extras: Bundle[{changeType=2, userId=0, type=15, packageName=com.callmenot.app}]
01-04 09:41:56.084   463  1798 I GOS:GameIntentService: onPackageChanged(). changeType(INSTALL_STARTED), pkgName(com.callmenot.app), UserHandle(0), userId(0), Installed(false)
01-04 09:41:56.085   463  1798 W GOS:PackageUtil: isPackageInstalledAsUser(). Exception: android.content.pm.PackageManager$NameNotFoundException: com.callmenot.app
01-04 09:41:56.321  4000   478 I Finsky  : [249] VerifyApps: Anti-malware verification task started for package=com.callmenot.app
01-04 09:41:56.785  4000  4050 I Finsky  : [140] VerifyApps: Starting APK Analysis scan for com.callmenot.app.
01-04 09:41:56.785  4000  4050 I Finsky  : [140] Scanning package com.callmenot.app contents with client side protections. File: [yFGJ7qOOfNE4cHwP-_jbzjvJwwlvsa78xaQhkbd6OoA]
01-04 09:41:56.785  4000  4050 I Finsky  : [140] VerifyApps: APK Analysis scan finished for com.callmenot.app. Verdict: SAFE
01-04 09:41:56.969  4000   494 I Finsky  : [252] VerifyApps: Verification package=com.callmenot.app, id=13, response=15, upload_requested=false, enable_ecm=true
