todd@todd-Latitude-5400:~$ adb logcat | grep -iE "callmenot|samsungcallblocker|callscreening|fatal|exception"
01-04 09:33:20.992  2448  3209 W FileUtils: Failed to chmod(AtomicFile[/data/system_de/0/system/game-manager-service.xml]): android.system.ErrnoException: chmod failed: ENOENT (No such file or directory)
01-04 09:33:46.660  4097 28108 E LoadedApk: Exception : java.lang.NullPointerException: Attempt to invoke virtual method 'boolean android.os.Looper.isPerfLogEnable()' on a null object reference
01-04 09:33:46.682  4097  1478 E LoadedApk: Exception : java.lang.NullPointerException: Attempt to invoke virtual method 'boolean android.os.Looper.isPerfLogEnable()' on a null object reference
01-04 09:33:46.703  4097  1478 E LoadedApk: Exception : java.lang.NullPointerException: Attempt to invoke virtual method 'boolean android.os.Looper.isPerfLogEnable()' on a null object reference
01-04 09:34:39.371  4097 26148 E LoadedApk: Exception : java.lang.NullPointerException: Attempt to invoke virtual method 'boolean android.os.Looper.isPerfLogEnable()' on a null object reference
01-04 09:34:39.410  4097 27408 E LoadedApk: Exception : java.lang.NullPointerException: Attempt to invoke virtual method 'boolean android.os.Looper.isPerfLogEnable()' on a null object reference
01-04 09:34:39.413  4097 27408 E LoadedApk: Exception : java.lang.NullPointerException: Attempt to invoke virtual method 'boolean android.os.Looper.isPerfLogEnable()' on a null object reference
01-04 09:34:53.569  4097 28520 E LoadedApk: Exception : java.lang.NullPointerException: Attempt to invoke virtual method 'boolean android.os.Looper.isPerfLogEnable()' on a null object reference
01-04 09:34:53.611  4097  1478 E LoadedApk: Exception : java.lang.NullPointerException: Attempt to invoke virtual method 'boolean android.os.Looper.isPerfLogEnable()' on a null object reference
01-04 09:34:53.611  4097 27408 E LoadedApk: Exception : java.lang.NullPointerException: Attempt to invoke virtual method 'boolean android.os.Looper.isPerfLogEnable()' on a null object reference
01-04 09:34:55.221  4097 29477 E LoadedApk: Exception : java.lang.NullPointerException: Attempt to invoke virtual method 'boolean android.os.Looper.isPerfLogEnable()' on a null object reference
01-04 09:34:55.267  4097  1478 E LoadedApk: Exception : java.lang.NullPointerException: Attempt to invoke virtual method 'boolean android.os.Looper.isPerfLogEnable()' on a null object reference
01-04 09:34:55.272  4097  1478 E LoadedApk: Exception : java.lang.NullPointerException: Attempt to invoke virtual method 'boolean android.os.Looper.isPerfLogEnable()' on a null object reference
01-04 09:34:59.140  2448  2555 E BluetoothPowerStatsCollector: java.util.concurrent.ExecutionException: java.lang.RuntimeException: error: 11
01-04 09:34:59.140  2448  2555 E BluetoothPowerStatsCollector: Caused by: java.lang.RuntimeException: error: 11
01-04 09:35:14.962  4097 28108 E LoadedApk: Exception : java.lang.NullPointerException: Attempt to invoke virtual method 'boolean android.os.Looper.isPerfLogEnable()' on a null object reference
01-04 09:35:14.990  4097 18914 E LoadedApk: Exception : java.lang.NullPointerException: Attempt to invoke virtual method 'boolean android.os.Looper.isPerfLogEnable()' on a null object reference
01-04 09:35:14.996  4097 18914 E LoadedApk: Exception : java.lang.NullPointerException: Attempt to invoke virtual method 'boolean android.os.Looper.isPerfLogEnable()' on a null object reference
01-04 09:37:16.457  2448  2555 E BluetoothPowerStatsCollector: java.util.concurrent.ExecutionException: java.lang.RuntimeException: error: 11
01-04 09:37:16.457  2448  2555 E BluetoothPowerStatsCollector: Caused by: java.lang.RuntimeException: error: 11
01-04 09:37:16.697  2448  2555 E BluetoothPowerStatsCollector: java.util.concurrent.ExecutionException: java.lang.RuntimeException: error: 11
01-04 09:37:16.697  2448  2555 E BluetoothPowerStatsCollector: Caused by: java.lang.RuntimeException: error: 11
01-04 09:38:30.144  4097 28108 E LoadedApk: Exception : java.lang.NullPointerException: Attempt to invoke virtual method 'boolean android.os.Looper.isPerfLogEnable()' on a null object reference
01-04 09:38:30.160  4097 27408 E LoadedApk: Exception : java.lang.NullPointerException: Attempt to invoke virtual method 'boolean android.os.Looper.isPerfLogEnable()' on a null object reference
01-04 09:38:30.168  4097 27408 E LoadedApk: Exception : java.lang.NullPointerException: Attempt to invoke virtual method 'boolean android.os.Looper.isPerfLogEnable()' on a null object reference
01-04 09:39:04.407  4097 30572 E LoadedApk: Exception : java.lang.NullPointerException: Attempt to invoke virtual method 'boolean android.os.Looper.isPerfLogEnable()' on a null object reference
01-04 09:39:04.451  4097 18914 E LoadedApk: Exception : java.lang.NullPointerException: Attempt to invoke virtual method 'boolean android.os.Looper.isPerfLogEnable()' on a null object reference
01-04 09:39:04.452  4097 18914 E LoadedApk: Exception : java.lang.NullPointerException: Attempt to invoke virtual method 'boolean android.os.Looper.isPerfLogEnable()' on a null object reference
01-04 09:39:09.074  4097 30569 E LoadedApk: Exception : java.lang.NullPointerException: Attempt to invoke virtual method 'boolean android.os.Looper.isPerfLogEnable()' on a null object reference
01-04 09:39:09.110  4097 27408 E LoadedApk: Exception : java.lang.NullPointerException: Attempt to invoke virtual method 'boolean android.os.Looper.isPerfLogEnable()' on a null object reference
01-04 09:39:09.123  4097 27378 E LoadedApk: Exception : java.lang.NullPointerException: Attempt to invoke virtual method 'boolean android.os.Looper.isPerfLogEnable()' on a null object reference
01-04 09:40:19.645  4097 30572 E LoadedApk: Exception : java.lang.NullPointerException: Attempt to invoke virtual method 'boolean android.os.Looper.isPerfLogEnable()' on a null object reference
01-04 09:40:19.674  4097  1478 E LoadedApk: Exception : java.lang.NullPointerException: Attempt to invoke virtual method 'boolean android.os.Looper.isPerfLogEnable()' on a null object reference
01-04 09:40:19.685  4097  1478 E LoadedApk: Exception : java.lang.NullPointerException: Attempt to invoke virtual method 'boolean android.os.Looper.isPerfLogEnable()' on a null object reference
01-04 09:40:21.664  2448  2555 E BluetoothPowerStatsCollector: java.util.concurrent.ExecutionException: java.lang.RuntimeException: error: 11
01-04 09:40:21.664  2448  2555 E BluetoothPowerStatsCollector: Caused by: java.lang.RuntimeException: error: 11
01-04 09:40:21.755  2448  2555 E BluetoothPowerStatsCollector: java.util.concurrent.ExecutionException: java.lang.RuntimeException: error: 11
01-04 09:40:21.755  2448  2555 E BluetoothPowerStatsCollector: Caused by: java.lang.RuntimeException: error: 11
01-04 09:40:25.493  4097 30833 E LoadedApk: Exception : java.lang.NullPointerException: Attempt to invoke virtual method 'boolean android.os.Looper.isPerfLogEnable()' on a null object reference
01-04 09:40:25.540  4097  1478 E LoadedApk: Exception : java.lang.NullPointerException: Attempt to invoke virtual method 'boolean android.os.Looper.isPerfLogEnable()' on a null object reference
01-04 09:40:25.551  4097  1478 E LoadedApk: Exception : java.lang.NullPointerException: Attempt to invoke virtual method 'boolean android.os.Looper.isPerfLogEnable()' on a null object reference
01-04 09:40:28.379  2448  4837 E NotifHistoryProto: java.lang.NullPointerException: Attempt to invoke virtual method 'int android.graphics.drawable.Icon.getType()' on a null object reference
01-04 09:40:28.379  2448  4837 E NotifHistoryProto: java.lang.NullPointerException: Attempt to invoke virtual method 'int android.graphics.drawable.Icon.getType()' on a null object reference
01-04 09:40:28.379  2448  4837 E NotifHistoryProto: java.lang.NullPointerException: Attempt to invoke virtual method 'int android.graphics.drawable.Icon.getType()' on a null object reference
01-04 09:40:28.379  2448  4837 E NotifHistoryProto: java.lang.NullPointerException: Attempt to invoke virtual method 'int android.graphics.drawable.Icon.getType()' on a null object reference
01-04 09:40:28.379  2448  4837 E NotifHistoryProto: java.lang.NullPointerException: Attempt to invoke virtual method 'int android.graphics.drawable.Icon.getType()' on a null object reference
01-04 09:40:28.379  2448  4837 E NotifHistoryProto: java.lang.NullPointerException: Attempt to invoke virtual method 'int android.graphics.drawable.Icon.getType()' on a null object reference
01-04 09:40:28.380  2448  4837 E NotifHistoryProto: java.lang.NullPointerException: Attempt to invoke virtual method 'int android.graphics.drawable.Icon.getType()' on a null object reference
01-04 09:40:28.380  2448  4837 E NotifHistoryProto: java.lang.NullPointerException: Attempt to invoke virtual method 'int android.graphics.drawable.Icon.getType()' on a null object reference
01-04 09:40:28.380  2448  4837 E NotifHistoryProto: java.lang.NullPointerException: Attempt to invoke virtual method 'int android.graphics.drawable.Icon.getType()' on a null object reference
01-04 09:40:28.380  2448  4837 E NotifHistoryProto: java.lang.NullPointerException: Attempt to invoke virtual method 'int android.graphics.drawable.Icon.getType()' on a null object reference
01-04 09:40:28.380  2448  4837 E NotifHistoryProto: java.lang.NullPointerException: Attempt to invoke virtual method 'int android.graphics.drawable.Icon.getType()' on a null object reference
01-04 09:40:30.695 29612 29612 D UsbManager: java.lang.Exception: who's calling?
01-04 09:40:30.793  2448  8983 E AdbDebuggingManager: Caught an exception opening the socket: java.io.IOException: No such file or directory
01-04 09:40:52.449  4097 30572 E LoadedApk: Exception : java.lang.NullPointerException: Attempt to invoke virtual method 'boolean android.os.Looper.isPerfLogEnable()' on a null object reference
01-04 09:40:52.481  4097  1478 E LoadedApk: Exception : java.lang.NullPointerException: Attempt to invoke virtual method 'boolean android.os.Looper.isPerfLogEnable()' on a null object reference
01-04 09:40:52.483  4097 18914 E LoadedApk: Exception : java.lang.NullPointerException: Attempt to invoke virtual method 'boolean android.os.Looper.isPerfLogEnable()' on a null object reference
01-04 09:41:14.782  4097 28108 E LoadedApk: Exception : java.lang.NullPointerException: Attempt to invoke virtual method 'boolean android.os.Looper.isPerfLogEnable()' on a null object reference
01-04 09:41:14.820  4097 27378 E LoadedApk: Exception : java.lang.NullPointerException: Attempt to invoke virtual method 'boolean android.os.Looper.isPerfLogEnable()' on a null object reference
01-04 09:41:14.827  4097 27378 E LoadedApk: Exception : java.lang.NullPointerException: Attempt to invoke virtual method 'boolean android.os.Looper.isPerfLogEnable()' on a null object reference
01-04 09:41:21.690 28894 28945 W ApkLiteParseUtils: java.io.IOException: Failed to load asset path /app-debug.apk
01-04 09:41:29.891  2448  5229 E ContentProviderHelper: java.lang.IllegalStateException: Unable to check Uri permission because caller is holding WM lock; assuming permission denied
01-04 09:41:29.892  2448  5229 E ContentProviderHelper: java.lang.IllegalStateException: Unable to check Uri permission because caller is holding WM lock; assuming permission denied
01-04 09:41:29.992  2448  5226 E ContentProviderHelper: java.lang.IllegalStateException: Unable to check Uri permission because caller is holding WM lock; assuming permission denied
01-04 09:41:29.992  2448  5226 E ContentProviderHelper: java.lang.IllegalStateException: Unable to check Uri permission because caller is holding WM lock; assuming permission denied
01-04 09:41:32.789  2448  2891 I PackageInformation: com.callmenot.app ::20251214::20250713
01-04 09:41:37.761  2448  2891 D InstallDependencyHelper: No missing dependency for com.callmenot.app
01-04 09:41:37.762  2448  2891 I PackageManager:           pkg{com.callmenot.app}
01-04 09:41:37.779  2448  2596 W PackageManager: Existing package com.callmenot.app signatures do not match newer version; ignoring!
01-04 09:41:37.782  2448  2596 D PackageInstallerSession: Marking session 1975342610 as failed: INSTALL_FAILED_UPDATE_INCOMPATIBLE: Existing package com.callmenot.app signatures do not match newer version; ignoring!
01-04 09:41:37.782  2448  2596 I PackageInstallerSession: Session [1975342610] was destroyed because of [Session marked as failed: INSTALL_FAILED_UPDATE_INCOMPATIBLE: Existing package com.callmenot.app signatures do not match newer version; ignoring!]
01-04 09:41:37.782  2448  2891 I PackageInstallerSession: result of session: -7{1975342610}, Existing package com.callmenot.app signatures do not match newer version; ignoring!
01-04 09:41:47.821  2448  3325 I PackageManager: pkg{com.callmenot.app}, user{0}, caller{10077} flags{0}
01-04 09:41:47.822  2448  2543 I ActivityManager: Force stopping com.callmenot.app appid=10446 user=0: deletePackageX
01-04 09:41:48.030  2448  3114 D BackgroundInstallControlService: handlePackageRemove: removing com.callmenot.app from 0
01-04 09:41:48.045  2448  2596 D AASA_PackageManager_RESTRICTED: Uninstall : userId = 0, info.uid = 10446, packageName = com.callmenot.app
01-04 09:41:48.056  2448  2596 I ActivityManager: Force stopping com.callmenot.app appid=10446 user=0: pkg removed
01-04 09:41:48.078  2448  2596 I ActivityManager: Force stopping com.callmenot.app appid=10446 user=0: pkg removed
01-04 09:41:48.101  2448  3113 D ShortcutService: removing package: com.callmenot.app userId=0
01-04 09:41:48.109  2448  3071 D SGM:GameManager: identifyGamePackage. com.callmenot.app, mCurrentUserId: 0, callingMethodInfo: com.samsung.android.game.SemGameManager.isGamePackage(SemGameManager.java:106)
01-04 09:41:48.109  2448  3071 D SGM:SemGameManager: isGamePackage(), pkgName=com.callmenot.app, ret=false
01-04 09:41:48.124  2448  2994 V StorageManagerService: Package com.callmenot.app does not have legacy storage
01-04 09:41:48.125  2448  2899 D OverlayManager: onPackageRemoved pkgName=com.callmenot.app userId=0
01-04 09:41:48.125  2448  2899 I OverlayManager: updateOverlaysForTarget() called with: targetPackage = [com.callmenot.app], userId = [0], flags = [0]
01-04 09:41:48.126  2448  2918 D UsageStatsService: onPackageRemoved com.callmenot.app
01-04 09:41:48.185  2448  2923 I RollbackManager: broadcast=ACTION_PACKAGE_FULLY_REMOVED pkg=com.callmenot.app
01-04 09:41:48.257  2448  2448 I Telecom : CarModeTracker: Package com.callmenot.app is not tracked.: SSH.oR@Cq4
01-04 09:41:48.298  2448  3222 I Pageboost: remove app @ runtime : com.callmenot.app
01-04 09:41:48.301  4097 27378 E LoadedApk: Exception : java.lang.NullPointerException: Attempt to invoke virtual method 'boolean android.os.Looper.isPerfLogEnable()' on a null object reference
01-04 09:41:48.543  2448  2448 I ConditionProviders: Disallowing condition provider com.callmenot.app (userSet: true)
01-04 09:41:48.554  2448   779 I Telecom : SamsungTelecomServiceImpl : clearAccounts - packageName : com.callmenot.app / callingPid : 2448 / processName : sts / callingUser : UserHandle{0}
01-04 09:41:48.836  2448  2536 E NotifHistoryProto: java.lang.NullPointerException: Attempt to invoke virtual method 'int android.graphics.drawable.Icon.getType()' on a null object reference
01-04 09:41:48.836  2448  2536 E NotifHistoryProto: java.lang.NullPointerException: Attempt to invoke virtual method 'int android.graphics.drawable.Icon.getType()' on a null object reference
01-04 09:41:48.836  2448  2536 E NotifHistoryProto: java.lang.NullPointerException: Attempt to invoke virtual method 'int android.graphics.drawable.Icon.getType()' on a null object reference
01-04 09:41:48.838  2448  2536 E NotifHistoryProto: java.lang.NullPointerException: Attempt to invoke virtual method 'int android.graphics.drawable.Icon.getType()' on a null object reference
01-04 09:41:48.838  2448  2536 E NotifHistoryProto: java.lang.NullPointerException: Attempt to invoke virtual method 'int android.graphics.drawable.Icon.getType()' on a null object reference
01-04 09:41:48.838  2448  2536 E NotifHistoryProto: java.lang.NullPointerException: Attempt to invoke virtual method 'int android.graphics.drawable.Icon.getType()' on a null object reference
01-04 09:41:48.838  2448  2536 E NotifHistoryProto: java.lang.NullPointerException: Attempt to invoke virtual method 'int android.graphics.drawable.Icon.getType()' on a null object reference
01-04 09:41:48.838  2448  2536 E NotifHistoryProto: java.lang.NullPointerException: Attempt to invoke virtual method 'int android.graphics.drawable.Icon.getType()' on a null object reference
01-04 09:41:48.838  2448  2536 E NotifHistoryProto: java.lang.NullPointerException: Attempt to invoke virtual method 'int android.graphics.drawable.Icon.getType()' on a null object reference
01-04 09:41:48.838  2448  2536 E NotifHistoryProto: java.lang.NullPointerException: Attempt to invoke virtual method 'int android.graphics.drawable.Icon.getType()' on a null object reference
01-04 09:41:48.838  2448  2536 E NotifHistoryProto: java.lang.NullPointerException: Attempt to invoke virtual method 'int android.graphics.drawable.Icon.getType()' on a null object reference
01-04 09:41:48.839  2448  2536 E NotifHistoryProto: java.lang.NullPointerException: Attempt to invoke virtual method 'int android.graphics.drawable.Icon.getType()' on a null object reference
01-04 09:41:48.839  2448  2536 E NotifHistoryProto: java.lang.NullPointerException: Attempt to invoke virtual method 'int android.graphics.drawable.Icon.getType()' on a null object reference
01-04 09:41:48.839  2448  2536 E NotifHistoryProto: java.lang.NullPointerException: Attempt to invoke virtual method 'int android.graphics.drawable.Icon.getType()' on a null object reference
01-04 09:41:48.843  2448  2536 E NotifHistoryProto: java.lang.NullPointerException: Attempt to invoke virtual method 'int android.graphics.drawable.Icon.getType()' on a null object reference
01-04 09:41:48.844  2448  2536 E NotifHistoryProto: java.lang.NullPointerException: Attempt to invoke virtual method 'int android.graphics.drawable.Icon.getType()' on a null object reference
01-04 09:41:48.844  2448  2536 E NotifHistoryProto: java.lang.NullPointerException: Attempt to invoke virtual method 'int android.graphics.drawable.Icon.getType()' on a null object reference
01-04 09:41:48.883  2448  2536 E NotifHistoryProto: java.lang.NullPointerException: Attempt to invoke virtual method 'int android.graphics.drawable.Icon.getType()' on a null object reference
01-04 09:41:48.883  2448  2536 E NotifHistoryProto: java.lang.NullPointerException: Attempt to invoke virtual method 'int android.graphics.drawable.Icon.getType()' on a null object reference
01-04 09:41:48.887  2448  2536 E NotifHistoryProto: java.lang.NullPointerException: Attempt to invoke virtual method 'int android.graphics.drawable.Icon.getType()' on a null object reference
01-04 09:41:48.888  2448  2536 E NotifHistoryProto: java.lang.NullPointerException: Attempt to invoke virtual method 'int android.graphics.drawable.Icon.getType()' on a null object reference
01-04 09:41:48.888  2448  2536 E NotifHistoryProto: java.lang.NullPointerException: Attempt to invoke virtual method 'int android.graphics.drawable.Icon.getType()' on a null object reference
01-04 09:41:48.888  2448  2536 E NotifHistoryProto: java.lang.NullPointerException: Attempt to invoke virtual method 'int android.graphics.drawable.Icon.getType()' on a null object reference
01-04 09:41:48.889  2448  2536 E NotifHistoryProto: java.lang.NullPointerException: Attempt to invoke virtual method 'int android.graphics.drawable.Icon.getType()' on a null object reference
01-04 09:41:48.889  2448  2536 E NotifHistoryProto: java.lang.NullPointerException: Attempt to invoke virtual method 'int android.graphics.drawable.Icon.getType()' on a null object reference
01-04 09:41:48.889  2448  2536 E NotifHistoryProto: java.lang.NullPointerException: Attempt to invoke virtual method 'int android.graphics.drawable.Icon.getType()' on a null object reference
01-04 09:41:48.891  2448  2536 E NotifHistoryProto: java.lang.NullPointerException: Attempt to invoke virtual method 'int android.graphics.drawable.Icon.getType()' on a null object reference
01-04 09:41:48.891  2448  2536 E NotifHistoryProto: java.lang.NullPointerException: Attempt to invoke virtual method 'int android.graphics.drawable.Icon.getType()' on a null object reference
01-04 09:41:48.891  2448  2536 E NotifHistoryProto: java.lang.NullPointerException: Attempt to invoke virtual method 'int android.graphics.drawable.Icon.getType()' on a null object reference
01-04 09:41:48.893  2448  2536 E NotifHistoryProto: java.lang.NullPointerException: Attempt to invoke virtual method 'int android.graphics.drawable.Icon.getType()' on a null object reference
01-04 09:41:48.893  2448  2536 E NotifHistoryProto: java.lang.NullPointerException: Attempt to invoke virtual method 'int android.graphics.drawable.Icon.getType()' on a null object reference
01-04 09:41:48.893  2448  2536 E NotifHistoryProto: java.lang.NullPointerException: Attempt to invoke virtual method 'int android.graphics.drawable.Icon.getType()' on a null object reference
01-04 09:41:48.894  2448  2536 E NotifHistoryProto: java.lang.NullPointerException: Attempt to invoke virtual method 'int android.graphics.drawable.Icon.getType()' on a null object reference
01-04 09:41:48.894  2448  2536 E NotifHistoryProto: java.lang.NullPointerException: Attempt to invoke virtual method 'int android.graphics.drawable.Icon.getType()' on a null object reference
01-04 09:41:48.894  2448  2536 E NotifHistoryProto: java.lang.NullPointerException: Attempt to invoke virtual method 'int android.graphics.drawable.Icon.getType()' on a null object reference
01-04 09:41:48.894  2448  2536 E NotifHistoryProto: java.lang.NullPointerException: Attempt to invoke virtual method 'int android.graphics.drawable.Icon.getType()' on a null object reference
01-04 09:41:48.894  2448  2536 E NotifHistoryProto: java.lang.NullPointerException: Attempt to invoke virtual method 'int android.graphics.drawable.Icon.getType()' on a null object reference
01-04 09:41:48.894  2448  2536 E NotifHistoryProto: java.lang.NullPointerException: Attempt to invoke virtual method 'int android.graphics.drawable.Icon.getType()' on a null object reference
01-04 09:41:48.902  2448  2536 E NotifHistoryProto: java.lang.NullPointerException: Attempt to invoke virtual method 'int android.graphics.drawable.Icon.getType()' on a null object reference
01-04 09:41:48.908  2448  2536 E NotifHistoryProto: java.lang.NullPointerException: Attempt to invoke virtual method 'int android.graphics.drawable.Icon.getType()' on a null object reference
01-04 09:41:48.908  2448  2536 E NotifHistoryProto: java.lang.NullPointerException: Attempt to invoke virtual method 'int android.graphics.drawable.Icon.getType()' on a null object reference
01-04 09:41:48.913  2448  2536 E NotifHistoryProto: java.lang.NullPointerException: Attempt to invoke virtual method 'int android.graphics.drawable.Icon.getType()' on a null object reference
01-04 09:41:48.913  2448  2536 E NotifHistoryProto: java.lang.NullPointerException: Attempt to invoke virtual method 'int android.graphics.drawable.Icon.getType()' on a null object reference
01-04 09:41:48.913  2448  2536 E NotifHistoryProto: java.lang.NullPointerException: Attempt to invoke virtual method 'int android.graphics.drawable.Icon.getType()' on a null object reference
01-04 09:41:48.917  2448  2536 E NotifHistoryProto: java.lang.NullPointerException: Attempt to invoke virtual method 'int android.graphics.drawable.Icon.getType()' on a null object reference
01-04 09:41:48.917  2448  2536 E NotifHistoryProto: java.lang.NullPointerException: Attempt to invoke virtual method 'int android.graphics.drawable.Icon.getType()' on a null object reference
01-04 09:41:48.917  2448  2536 E NotifHistoryProto: java.lang.NullPointerException: Attempt to invoke virtual method 'int android.graphics.drawable.Icon.getType()' on a null object reference
01-04 09:41:48.918  2448  2536 E NotifHistoryProto: java.lang.NullPointerException: Attempt to invoke virtual method 'int android.graphics.drawable.Icon.getType()' on a null object reference
01-04 09:41:48.918  2448  2536 E NotifHistoryProto: java.lang.NullPointerException: Attempt to invoke virtual method 'int android.graphics.drawable.Icon.getType()' on a null object reference
01-04 09:41:48.918  2448  2536 E NotifHistoryProto: java.lang.NullPointerException: Attempt to invoke virtual method 'int android.graphics.drawable.Icon.getType()' on a null object reference
01-04 09:41:48.922  2448  2536 E NotifHistoryProto: java.lang.NullPointerException: Attempt to invoke virtual method 'int android.graphics.drawable.Icon.getType()' on a null object reference
01-04 09:41:48.922  2448  2536 E NotifHistoryProto: java.lang.NullPointerException: Attempt to invoke virtual method 'int android.graphics.drawable.Icon.getType()' on a null object reference
01-04 09:41:48.922  2448  2536 E NotifHistoryProto: java.lang.NullPointerException: Attempt to invoke virtual method 'int android.graphics.drawable.Icon.getType()' on a null object reference
01-04 09:41:48.923  2448  2536 E NotifHistoryProto: java.lang.NullPointerException: Attempt to invoke virtual method 'int android.graphics.drawable.Icon.getType()' on a null object reference
01-04 09:41:48.923  2448  2536 E NotifHistoryProto: java.lang.NullPointerException: Attempt to invoke virtual method 'int android.graphics.drawable.Icon.getType()' on a null object reference
01-04 09:41:48.923  2448  2536 E NotifHistoryProto: java.lang.NullPointerException: Attempt to invoke virtual method 'int android.graphics.drawable.Icon.getType()' on a null object reference
01-04 09:41:48.923  2448  2536 E NotifHistoryProto: java.lang.NullPointerException: Attempt to invoke virtual method 'int android.graphics.drawable.Icon.getType()' on a null object reference
01-04 09:41:48.923  2448  2536 E NotifHistoryProto: java.lang.NullPointerException: Attempt to invoke virtual method 'int android.graphics.drawable.Icon.getType()' on a null object reference
01-04 09:41:48.923  2448  2536 E NotifHistoryProto: java.lang.NullPointerException: Attempt to invoke virtual method 'int android.graphics.drawable.Icon.getType()' on a null object reference
01-04 09:41:48.923  2448  2536 E NotifHistoryProto: java.lang.NullPointerException: Attempt to invoke virtual method 'int android.graphics.drawable.Icon.getType()' on a null object reference
01-04 09:41:48.923  2448  2536 E NotifHistoryProto: java.lang.NullPointerException: Attempt to invoke virtual method 'int android.graphics.drawable.Icon.getType()' on a null object reference
01-04 09:41:48.923  2448  2536 E NotifHistoryProto: java.lang.NullPointerException: Attempt to invoke virtual method 'int android.graphics.drawable.Icon.getType()' on a null object reference
01-04 09:41:48.929  2448  2536 E NotifHistoryProto: java.lang.NullPointerException: Attempt to invoke virtual method 'int android.graphics.drawable.Icon.getType()' on a null object reference
01-04 09:41:48.929  2448  2536 E NotifHistoryProto: java.lang.NullPointerException: Attempt to invoke virtual method 'int android.graphics.drawable.Icon.getType()' on a null object reference
01-04 09:41:48.929  2448  2536 E NotifHistoryProto: java.lang.NullPointerException: Attempt to invoke virtual method 'int android.graphics.drawable.Icon.getType()' on a null object reference
01-04 09:41:48.929  2448  2536 E NotifHistoryProto: java.lang.NullPointerException: Attempt to invoke virtual method 'int android.graphics.drawable.Icon.getType()' on a null object reference
01-04 09:41:48.930  2448  2536 E NotifHistoryProto: java.lang.NullPointerException: Attempt to invoke virtual method 'int android.graphics.drawable.Icon.getType()' on a null object reference
01-04 09:41:48.930  2448  2536 E NotifHistoryProto: java.lang.NullPointerException: Attempt to invoke virtual method 'int android.graphics.drawable.Icon.getType()' on a null object reference
01-04 09:41:48.937  2448  2536 E NotifHistoryProto: java.lang.NullPointerException: Attempt to invoke virtual method 'int android.graphics.drawable.Icon.getType()' on a null object reference
01-04 09:41:48.938  2448  2536 E NotifHistoryProto: java.lang.NullPointerException: Attempt to invoke virtual method 'int android.graphics.drawable.Icon.getType()' on a null object reference
01-04 09:41:48.938  2448  2536 E NotifHistoryProto: java.lang.NullPointerException: Attempt to invoke virtual method 'int android.graphics.drawable.Icon.getType()' on a null object reference
01-04 09:41:48.938  2448  2536 E NotifHistoryProto: java.lang.NullPointerException: Attempt to invoke virtual method 'int android.graphics.drawable.Icon.getType()' on a null object reference
01-04 09:41:48.938  2448  2536 E NotifHistoryProto: java.lang.NullPointerException: Attempt to invoke virtual method 'int android.graphics.drawable.Icon.getType()' on a null object reference
01-04 09:41:48.938  2448  2536 E NotifHistoryProto: java.lang.NullPointerException: Attempt to invoke virtual method 'int android.graphics.drawable.Icon.getType()' on a null object reference
01-04 09:41:48.943  2448  2536 E NotifHistoryProto: java.lang.NullPointerException: Attempt to invoke virtual method 'int android.graphics.drawable.Icon.getType()' on a null object reference
01-04 09:41:48.943  2448  2536 E NotifHistoryProto: java.lang.NullPointerException: Attempt to invoke virtual method 'int android.graphics.drawable.Icon.getType()' on a null object reference
01-04 09:41:48.944  2448  2536 E NotifHistoryProto: java.lang.NullPointerException: Attempt to invoke virtual method 'int android.graphics.drawable.Icon.getType()' on a null object reference
01-04 09:41:48.944  2448  2536 E NotifHistoryProto: java.lang.NullPointerException: Attempt to invoke virtual method 'int android.graphics.drawable.Icon.getType()' on a null object reference
01-04 09:41:48.944  2448  2536 E NotifHistoryProto: java.lang.NullPointerException: Attempt to invoke virtual method 'int android.graphics.drawable.Icon.getType()' on a null object reference
01-04 09:41:48.944  2448  2536 E NotifHistoryProto: java.lang.NullPointerException: Attempt to invoke virtual method 'int android.graphics.drawable.Icon.getType()' on a null object reference
01-04 09:41:48.944  2448  2536 E NotifHistoryProto: java.lang.NullPointerException: Attempt to invoke virtual method 'int android.graphics.drawable.Icon.getType()' on a null object reference
01-04 09:41:48.945  2448  2536 E NotifHistoryProto: java.lang.NullPointerException: Attempt to invoke virtual method 'int android.graphics.drawable.Icon.getType()' on a null object reference
01-04 09:41:48.945  2448  2536 E NotifHistoryProto: java.lang.NullPointerException: Attempt to invoke virtual method 'int android.graphics.drawable.Icon.getType()' on a null object reference
01-04 09:41:48.945  2448  2536 E NotifHistoryProto: java.lang.NullPointerException: Attempt to invoke virtual method 'int android.graphics.drawable.Icon.getType()' on a null object reference
01-04 09:41:48.945  2448  2536 E NotifHistoryProto: java.lang.NullPointerException: Attempt to invoke virtual method 'int android.graphics.drawable.Icon.getType()' on a null object reference
01-04 09:41:48.945  2448  2536 E NotifHistoryProto: java.lang.NullPointerException: Attempt to invoke virtual method 'int android.graphics.drawable.Icon.getType()' on a null object reference
01-04 09:41:48.945  2448  2536 E NotifHistoryProto: java.lang.NullPointerException: Attempt to invoke virtual method 'int android.graphics.drawable.Icon.getType()' on a null object reference
01-04 09:41:48.945  2448  2536 E NotifHistoryProto: java.lang.NullPointerException: Attempt to invoke virtual method 'int android.graphics.drawable.Icon.getType()' on a null object reference
01-04 09:41:48.945  2448  2536 E NotifHistoryProto: java.lang.NullPointerException: Attempt to invoke virtual method 'int android.graphics.drawable.Icon.getType()' on a null object reference
01-04 09:41:49.479  2448  2542 I SGM:GameManager: PkgUpdateReceiver, onPackageRemoved(). pkgName=com.callmenot.app, userId=0
01-04 09:41:49.479  2448  2542 W SGM:Util: isPkgInstalled(), com.callmenot.app does not exist. 
01-04 09:41:49.479  2448  2542 D SGM:Util: isPkgInstalled(). pkgName=com.callmenot.app, userId=0, installed=false
01-04 09:41:49.479  2448  2542 D SGM:GosNotifyThread: sendPackageMessage(), changeType=1, pkgName=com.callmenot.app, userHandleId=0
01-04 09:41:49.814  2448  2542 D MetaDataCollector: onReceive: done pkgName=com.callmenot.app
01-04 09:41:49.843  2448  2542 I CredentialManager: updateProvidersWhenPackageRemoved)pkg=com.callmenot.app (0)
01-04 09:41:49.845  2448  2542 D LauncherAppsService: Calling onPackageRemoved: com.callmenot.app, EXTRA_REPLACING: false
01-04 09:41:49.845  2448  2542 D LauncherAppsService: onPackageRemoved: triggering onPackageRemoved for user=UserHandle{0}, packageName=com.callmenot.app
01-04 09:41:49.845  2448  2542 D LauncherAppsService: onPackageRemoved: triggering onPackageRemoved for user=UserHandle{0}, packageName=com.callmenot.app
01-04 09:41:49.846  2448  2542 D LauncherAppsService: onPackageRemoved: triggering onPackageRemoved for user=UserHandle{0}, packageName=com.callmenot.app
01-04 09:41:49.846  2448  2542 D LauncherAppsService: onPackageRemoved: triggering onPackageRemoved for user=UserHandle{0}, packageName=com.callmenot.app
01-04 09:41:49.846  2448  2542 D LauncherAppsService: onPackageRemoved: triggering onPackageRemoved for user=UserHandle{0}, packageName=com.callmenot.app
01-04 09:41:54.250  2448  3062 E ContentProviderHelper: java.lang.IllegalStateException: Unable to check Uri permission because caller is holding WM lock; assuming permission denied
01-04 09:41:54.251  2448  3062 E ContentProviderHelper: java.lang.IllegalStateException: Unable to check Uri permission because caller is holding WM lock; assuming permission denied
01-04 09:41:54.279  2448  4842 E ContentProviderHelper: java.lang.IllegalStateException: Unable to check Uri permission because caller is holding WM lock; assuming permission denied
01-04 09:41:54.279  2448  4842 E ContentProviderHelper: java.lang.IllegalStateException: Unable to check Uri permission because caller is holding WM lock; assuming permission denied
01-04 09:41:55.975  2448  2891 I PackageInformation: com.callmenot.app ::20251214::20250713
01-04 09:41:56.989  2448  2891 D InstallDependencyHelper: No missing dependency for com.callmenot.app
01-04 09:41:56.989  2448  2891 I PackageManager:           pkg{com.callmenot.app}
01-04 09:41:57.085  2448  2596 D PermissionService: setAllowlistedRestrictedPermissionsUnchecked called for package - com.callmenot.app
01-04 09:41:57.085  2448  2596 D PermissionService: updateAdminPermissionsInternalcom.callmenot.app
01-04 09:41:57.145  2448  2596 D BackupManagerService: [UserID:0] restoreAtInstall pkg=com.callmenot.app token=c restoreSet=0
01-04 09:41:57.149  2448  2596 I PackageManager: installation completed for package:com.callmenot.app. Final code path: /data/app/~~99jXfQwzxeWfHa7pcVIFLw==/com.callmenot.app-phSJjGjnMy6vVOvNiAp8rg==
01-04 09:41:57.170  2448  3113 D ShortcutService: adding package: com.callmenot.app userId=0
01-04 09:41:57.174  4097 18914 E LoadedApk: Exception : java.lang.NullPointerException: Attempt to invoke virtual method 'boolean android.os.Looper.isPerfLogEnable()' on a null object reference
01-04 09:41:57.178  2448  3157 D SGM:GameManager: identifyGamePackage. com.callmenot.app, mCurrentUserId: 0, callingMethodInfo: com.samsung.android.game.SemGameManager.isGamePackage(SemGameManager.java:106)
01-04 09:41:57.178  2448  3157 D SGM:SemGameManager: isGamePackage(), pkgName=com.callmenot.app, ret=false
01-04 09:41:57.182  2448  3071 D SGM:GameManager: identifyGamePackage. com.callmenot.app, mCurrentUserId: 0, callingMethodInfo: com.samsung.android.game.SemGameManager.isGamePackage(SemGameManager.java:106)
01-04 09:41:57.183  2448  3071 D SGM:SemGameManager: isGamePackage(), pkgName=com.callmenot.app, ret=false
01-04 09:41:57.185  2448  2448 I Telecom : SamsungOpenCommunicationPlatformPolicyPackageBroadcastReceiver : action : android.intent.action.PACKAGE_ADDED / packageName : com.callmenot.app
01-04 09:41:57.187  2448  3816 I Telecom : SamsungOpenCommunicationPlatformPolicyPackageHandler : handleMessage : { when=-2ms what=0 obj=com.callmenot.app target=com.samsung.server.telecom.advancedcall.ocp.policy.broadcast.SamsungOpenCommunicationPlatformPolicyPackageHandler }.what
01-04 09:41:57.217  2448  3222 D SGM:GameManager: identifyGamePackage. com.callmenot.app, mCurrentUserId: 0, callingMethodInfo: com.samsung.android.game.SemGameManager.isGamePackage(SemGameManager.java:106)
01-04 09:41:57.217  2448  3222 D SGM:SemGameManager: isGamePackage(), pkgName=com.callmenot.app, ret=false
01-04 09:41:57.217  2448  3222 I Pageboost: appinfo : com.callmenot.app 0 0 0 0
01-04 09:41:57.217  2448  3222 D SGM:GameManager: identifyGamePackage. com.callmenot.app, mCurrentUserId: 0, callingMethodInfo: com.samsung.android.game.SemGameManager.isGamePackage(SemGameManager.java:106)
01-04 09:41:57.226  2448  3222 D SGM:SemGameManager: isGamePackage(), pkgName=com.callmenot.app, ret=false
01-04 09:41:57.226  2448  3222 I Pageboost: Reset this app info : com.callmenot.app 
01-04 09:41:57.229  2448  3222 I Pageboost: db create : CREATE TABLE IF NOT EXISTS comcallmenotapp (FILENAME TEXT, OFFSET INTEGER, SIZE INTEGER, FORVRAMDISK INTEGER, BITMAP BLOB, unique (FILENAME, OFFSET) );
01-04 09:41:57.232  2448  2899 D OverlayManager: reconcileSettingsForPackage pkgName=com.callmenot.app userId=0
01-04 09:41:57.232  2448  2899 I OverlayManager: updateOverlaysForTarget() called with: targetPackage = [com.callmenot.app], userId = [0], flags = [0]
01-04 09:41:57.251  2448  3222 I Pageboost: add app to global @ runtime: com.callmenot.app
01-04 09:41:57.279  2448  2899 D OverlayManager: -> Updating overlay: target=com.callmenot.app overlays=[OverlayPaths { resourceDirs = [], overlayPaths = [] }] userId=0
01-04 09:41:57.304  2448  2542 I SGM:GameManager: PkgUpdateReceiver, onPackageAdded : com.callmenot.app userHandle : UserHandle{0} userId : 0
01-04 09:41:57.306  2448  2542 D SGM:GosNotifyThread: sendPackageMessage(), changeType=0, pkgName=com.callmenot.app, userHandleId=0
01-04 09:41:57.307  2448  2989 D SGM:GosNotifyThread: notifyPackageChangedToGos(), before send intent to GOS. type:15, changeType: 0, pkgName:com.callmenot.app, userHandleId:0
01-04 09:41:57.307  2448  2989 D SGM:PmAppCategoryManager: getManifestCategory(), manifestCategory=-1, packageName=com.callmenot.app
01-04 09:41:57.307  2448  2989 D SGM:PmAppCategoryManager: getCategoryOverride(), categoryOverride=-1, packageName=com.callmenot.app
01-04 09:41:57.307  2448  2989 I SGM:GosNotifyThread: notifyPackageChangedToGos(), category from pm: com.callmenot.app, [-1/-1]
01-04 09:41:57.313  2448  2559 D MARsPolicyManager: new Package : com.callmenot.app, SCPMTarget : false
01-04 09:41:57.359  2448  2542 D MetaDataCollector: onReceive: done pkgName=com.callmenot.app
01-04 09:41:57.373  2448  2542 D LauncherAppsService: Calling onPackageAdded: com.callmenot.app, uid: 10454
01-04 09:41:57.373  2448  2542 D LauncherAppsService: onPackageAdded: triggering onPackageAdded for user=UserHandle{0}, packageName=com.callmenot.app
01-04 09:41:57.374  2448  2542 D LauncherAppsService: onPackageAdded: triggering onPackageAdded for user=UserHandle{0}, packageName=com.callmenot.app
01-04 09:41:57.376  2448  2542 D LauncherAppsService: onPackageAdded: triggering onPackageAdded for user=UserHandle{0}, packageName=com.callmenot.app
01-04 09:41:57.376  2448  2542 D LauncherAppsService: onPackageAdded: triggering onPackageAdded for user=UserHandle{0}, packageName=com.callmenot.app
01-04 09:41:57.379  2448  3468 I AppWidgetServiceImpl: getInstalledProvidersForProfiles lock in com.callmenot.app
01-04 09:41:57.389  2448  2542 D LauncherAppsService: onPackageAdded: triggering onPackageAdded for user=UserHandle{0}, packageName=com.callmenot.app
01-04 09:41:57.461  2448  4835 D SGM:GameManager: setPackageConfigurations(). category=-1, pkgName=com.callmenot.app
01-04 09:41:57.461  2448  4835 D SGM:GameManager: setPackageConfiguration(). configuration: packageName: com.callmenot.app, performancePolicyForSsrm: null, optimalAspectRatio: 1.7777778, dynamicSurfaceScaling: 1.0, category: -1, categoryByUser: -1, fillBlackSurfaceOnMargins: false, userId: null
01-04 09:41:57.461  2448  4835 D SGM:GameManager: setPackageConfiguration(). pkgName=com.callmenot.app
01-04 09:41:57.461  2448  4835 D SGM:Util: isPkgInstalled(). pkgName=com.callmenot.app, userId=0, installed=true
01-04 09:41:58.303  2448  3209 W FileUtils: Failed to chmod(AtomicFile[/data/system_de/0/system/game-manager-service.xml]): android.system.ErrnoException: chmod failed: ENOENT (No such file or directory)
01-04 09:41:59.496  2448  2596 I AppsFilter: interaction: PackageSetting{95bc200 com.callmenot.app/10454} -> PackageSetting{d2dca39 com.facebook.appmanager/10176} BLOCKED
01-04 09:42:00.512  2448  4835 I Pageboost: onAppLaunch : com.callmenot.app
01-04 09:42:00.513  2448  3222 I Pageboost: Record App IO : com.callmenot.app pid 0
01-04 09:42:00.518  2448  4835 V WindowManager: Collecting in transition 1024: ActivityRecord{95647536 u0 com.callmenot.app/.MainActivity, caller=com.android.server.wm.TransitionController.collect:7 com.android.server.wm.ActivityStarter.startActivityUnchecked:98 com.android.server.wm.ActivityStarter.executeRequest:3651 com.android.server.wm.ActivityStarter.execute:1752 com.android.server.wm.ActivityTaskManagerService.startActivityAsUser:95 
01-04 09:42:00.519  2448  4835 D ActivityTaskManager: DesktopModeLaunchParamsModifier: task=null activity=ActivityRecord{95647536 u0 com.callmenot.app/.MainActivity t-1} task null, skipping
01-04 09:42:00.519  2448  4835 D ActivityTaskManager: TaskLaunchParamsModifier:task=null activity=ActivityRecord{95647536 u0 com.callmenot.app/.MainActivity t-1} display-area-from-source=DefaultTaskDisplayArea_d0@244917965 display-id=0 task-display-area-windowing-mode=1 suggested-display-area=DefaultTaskDisplayArea_d0@244917965
01-04 09:42:00.519  2448  4835 D ActivityTaskManager: DesktopModeLaunchParamsModifier: task=null activity=ActivityRecord{95647536 u0 com.callmenot.app/.MainActivity t-1} task null, skipping
01-04 09:42:00.519  2448  4835 D ActivityTaskManager: TaskLaunchParamsModifier:task=null activity=ActivityRecord{95647536 u0 com.callmenot.app/.MainActivity t-1} display-area-from-source=DefaultTaskDisplayArea_d0@244917965 display-id=0 task-display-area-windowing-mode=1 suggested-display-area=DefaultTaskDisplayArea_d0@244917965 inherit-from-source=fullscreen non-freeform-task-display-area display-area=DefaultTaskDisplayArea_d0@244917965 default-portrait freeform-size-mismatch=Rect(81, 553 - 999, 1723)
01-04 09:42:00.525  2448  4835 D ActivityTaskManager: DesktopModeLaunchParamsModifier: task=Task{cdeaccf #12029 type=standard A=10454:com.callmenot.app} activity=ActivityRecord{95647536 u0 com.callmenot.app/.MainActivity t-1} non-desktop, skipping
01-04 09:42:00.525  2448  4835 D ActivityTaskManager: TaskLaunchParamsModifier:task=Task{cdeaccf #12029 type=standard A=10454:com.callmenot.app} activity=ActivityRecord{95647536 u0 com.callmenot.app/.MainActivity t-1} display-area-from-source=DefaultTaskDisplayArea_d0@244917965 display-id=0 task-display-area-windowing-mode=1 suggested-display-area=DefaultTaskDisplayArea_d0@244917965 inherit-from-source=fullscreen non-freeform-task-display-area display-area=DefaultTaskDisplayArea_d0@244917965 default-portrait freeform-size-mismatch=Rect(81, 553 - 999, 1723)
01-04 09:42:00.526  2448  4835 V WindowManager: Collecting in transition 1024: Task{cdeaccf #12029 type=standard A=10454:com.callmenot.app}, caller=com.android.server.wm.Transition.collectExistenceChange:40 com.android.server.wm.ActivityStarter.startActivityInner:293 com.android.server.wm.ActivityStarter.startActivityUnchecked:111 com.android.server.wm.ActivityStarter.executeRequest:3651 com.android.server.wm.ActivityStarter.execute:1752 
01-04 09:42:00.528  2448  4835 V WindowManager: Add starting ActivityRecord{95647536 u0 com.callmenot.app/.MainActivity t12029}: startingData=SplashScreenStartingData{8237d65 removeAfterTransaction= 0}
01-04 09:42:00.529  2448  4835 V WindowManager: Added starting ActivityRecord{95647536 u0 com.callmenot.app/.MainActivity t12029}: startingWindow=null startingView=com.android.server.wm.StartingSurfaceController$StartingSurface@86f5a3a
01-04 09:42:00.530  2448  4835 V WindowManager: Collecting in transition 1024: ActivityRecord{95647536 u0 com.callmenot.app/.MainActivity t12029}, caller=com.android.server.wm.Transition.collectExistenceChange:40 com.android.server.wm.ActivityStarter.handleStartResult:761 com.android.server.wm.ActivityStarter.startActivityUnchecked:124 com.android.server.wm.ActivityStarter.executeRequest:3651 com.android.server.wm.ActivityStarter.execute:1752 
01-04 09:42:00.530  2448  4835 V WindowManager:    ChangeInfo{2538ae1 container=ActivityRecord{95647536 u0 com.callmenot.app/.MainActivity t12029} flags=0x0}
01-04 09:42:00.530  2448  4835 V WindowManager:    ChangeInfo{ce8e006 container=Task{cdeaccf #12029 type=standard A=10454:com.callmenot.app} flags=0x0}
01-04 09:42:00.531  2448  4835 I ActivityTaskManager: START u0 {act=android.intent.action.MAIN cat=[android.intent.category.LAUNCHER] flg=0x34000000 xflg=0x4 pkg=com.callmenot.app cmp=com.callmenot.app/.MainActivity} with LAUNCH_MULTIPLE from uid 10077 (sr=250726684) (BAL_ALLOW_VISIBLE_WINDOW) result code=0
01-04 09:42:00.534  3252  3360 V WindowManagerShell: Transition requested (#1024): android.os.BinderProxy@cd88fd1 TransitionRequestInfo { type = OPEN, triggerTask = TaskInfo{userId=0 taskId=12029 effectiveUid=10454 displayId=0 isRunning=true baseIntent=Intent { act=android.intent.action.MAIN cat=[android.intent.category.LAUNCHER] flg=0x34000000 pkg=com.callmenot.app cmp=com.callmenot.app/.MainActivity } baseActivity=ComponentInfo{com.callmenot.app/com.callmenot.app.MainActivity} topActivity=ComponentInfo{com.callmenot.app/com.callmenot.app.MainActivity} origActivity=null realActivity=ComponentInfo{com.callmenot.app/com.callmenot.app.MainActivity} numActivities=1 lastActiveTime=53479388 supportsMultiWindow=true resizeMode=1 isResizeable=true minWidth=-1 minHeight=-1 maxWidth=-1 maxHeight=-1 defaultMinSize=220 desktopDefaultMinSize=304 token=WCT{android.window.IWindowContainerToken$Stub$Proxy@ad1a36} topActivityType=1 pictureInPictureParams=null shouldDockBigOverlays=false launchIntoPipHostTaskId=-1 lastParentTaskIdBeforePip=-1 displayCutoutSafeInsets=Rect(0, 81 - 0, 0) topActivityInfo=ActivityInfo{374cd37 com.callmenot.app.MainActivity} launchCookies=[] positionInParent=Point(0, 0) parentTaskId=-1 isFocused=false isVisible=false isVisibleRequested=false isTopActivityNoDisplay=false isSleeping=false locusId=null displayAreaFeatureId=1 isTopActivityTransparent=false isActivityStackTransparent=false lastNonFullscreenBounds=Rect(81, 553 - 999, 1723) capturedLink=null capturedLinkTimestamp=0 requestedVisibleTypes=-9 topActivityRequestOpenInBrowserEducationTimestamp=0 appCompatTaskInfo=AppCompatTaskInfo { topActivityInSizeCompat=false eligibleForLetterboxEducation= false isLetterboxEducationEnabled= false isLetterboxDoubleTapEnabled= false eligibleForUserAspectRatioButton= false topActivityBoundsLetterboxed= false isFromLetterboxDoubleTap= false topActivityLetterboxVerticalPosition= -1 topActivityLetterboxHorizontalPosition= -1 topActivityLetterboxWidth=-1 topActivityLetterboxHeight=-1 topActivityAppBounds=Rect(0, 81 - 1080, 2196) isUserFullscreenOverrideEnabled=false isSystemFullscreenOverrideEnabled=false hasMinAspectRatioOverride=false topActivityLetterboxBounds=null cameraCompatTaskInfo=CameraCompatTaskInfo { freeformCameraCompatMode=inactive} topActivityBounds=null topActivityInDisplayCompat=false singleTapFromLetterbox=false} topActivityMainWindowFrame=null originallySupportedMultiWindow=true hasWallpaper=false rootAffinity=10454:com.callmenot.app isTopTaskInStage=false CoverLauncherWidgetTask=false LaunchedFromAppsCoverLauncherTask=false LaunchedFromMultistarCoverLauncherTask=false isAllowedSeamlessRotation=false isTopTransparentActivity=false isAliasManaged=false hasConfigChanged=false snappingGuideBounds=null isAiKeyRemoveAppTask=false lastDesktopWindowingBounds=null lastExternalDesktopWindowingBounds=null safeCutoutInsets=null}, pipChange = null, remoteTransition = null, displayChange = null, flags = 0, debugId = 1024 }
01-04 09:42:00.540  2448  4842 D WindowManager: prepareSync <SYNC_STATE_WAITING_FOR_DRAW>, mPrepareSyncSeqId=0, win=Window{fd78fb7 u0 Splash Screen com.callmenot.app}
01-04 09:42:00.541  2448  4842 V WindowManager: addWindow: ActivityRecord{95647536 u0 com.callmenot.app/.MainActivity t12029} startingWindow=Window{fd78fb7 u0 Splash Screen com.callmenot.app}
01-04 09:42:00.546  2448  4842 D WindowManager: makeSurface duration=0 name=Splash Screen com.callmenot.app$_3252
01-04 09:42:00.549  2448  4835 D CoreBackPreview: Window{fd78fb7 u0 Splash Screen com.callmenot.app}: Setting back callback OnBackInvokedCallbackInfo{mCallback=android.window.IOnBackInvokedCallback$Stub$Proxy@2e51689, mPriority=0, mIsAnimationCallback=false, mOverrideBehavior=0}
01-04 09:42:00.550  2448  2544 I ActivityManager: Start proc 2087:com.callmenot.app/u0a454 for next-top-activity {com.callmenot.app/com.callmenot.app.MainActivity}
