01-04 10:09:03.206  1640  1640 I SurfaceFlinger: RequestedLayer [com.callmenot.app/com.callmenot.app.MainActivity$_10929#11647] hidden!! flag  from(0) --> to(1)
01-04 10:09:03.206  1640  1640 I SurfaceFlinger: RequestedLayer [ActivityRecord{230227071 u0 com.callmenot.app/.MainActivity t12037}#11457] hidden!! flag  from(0) --> to(1)
01-04 10:09:03.218  2448  4837 I WindowManager: Relayout Window{d11f398 u0 com.callmenot.app/com.callmenot.app.MainActivity}: viewVisibility=4 req=1080x2340 ty=1 d0
01-04 10:09:03.232  2448  2537 D SGM:FgCheckThread: pkgName: com.callmenot.app is not in foreground
01-04 10:09:03.232  2448  2537 D SGM:FgCheckThread: noteStopComponent(), received pkgName: com.callmenot.app, focusedPkgName: com.sec.android.app.launcher, userId: 0
01-04 10:09:03.232  2448  3457 V WindowManager: Setting visibility of Window{d11f398 u0 com.callmenot.app/com.callmenot.app.MainActivity}: false, caller=com.android.server.wm.WindowContainer.sendAppVisibilityToClients:19 com.android.server.wm.WindowToken.setClientVisible:48 com.android.server.wm.ActivityRecord.activityStopped:189 com.android.server.wm.ActivityClientController.activityStopped:97 android.app.IActivityClientController$Stub.onTransact:740 
01-04 10:09:03.232  2448  3457 E WindowManager: win=Window{d11f398 u0 com.callmenot.app/com.callmenot.app.MainActivity} destroySurfaces: appStopped=true cleanupOnResume=false win.mWindowRemovalAllowed=false win.mRemoveOnExit=false win.mViewVisibility=4 caller=com.android.server.wm.ActivityRecord.destroySurfaces:25 com.android.server.wm.ActivityRecord.activityStopped:192 com.android.server.wm.ActivityClientController.activityStopped:97 android.app.IActivityClientController$Stub.onTransact:740 com.android.server.wm.ActivityClientController.onTransact:1 android.os.Binder.execTransactInternal:1462 android.os.Binder.execTransact:1401 
01-04 10:09:03.235  2448  2535 D PkgPredictorService-SecIpmManagerServiceImpl: bg information pid:10929 uid:10455 pkgName:com.callmenot.app
01-04 10:09:03.239  1640  1640 I SurfaceFlinger: [LayerHierarchy{RequestedLayerState{com.callmenot.app/com.callmenot.app.MainActivity$_10929#11647} no children}] reparent to OffscreenRoot
01-04 10:09:03.239  1640  1640 I SurfaceFlinger: [LayerHierarchy{RequestedLayerState{com.callmenot.app/com.callmenot.app.MainActivity$_10929#11647} no children}] RelativeParent to null
01-04 10:09:03.240  1640  1640 I SurfaceFlinger: id=11647 Removed com.callmenot.app/com.callmenot.app.MainActivity$_10929#11647 (182)
01-04 10:09:03.247  1640  1640 I SurfaceFlinger: destroyed com.callmenot.app/com.callmenot.app.MainActivity$_10929#11647 form LifecycleManager
01-04 10:09:03.247  1640  1640 I SurfaceFlinger: id=11647 onLayerDestroyed from LayerHierarchyBuilder(RequestedLayerState{com.callmenot.app/com.callmenot.app.MainActivity$_10929#11647 !handle})
01-04 10:09:03.248  1640  1640 I Layer   : id=11647 Destroyed com.callmenot.app/com.callmenot.app.MainActivity$_10929#11647
01-04 10:09:03.470  7339  7339 V InputMethodManagerUtils: getMaxLengthForEditText InputFilter = java.lang.NoSuchMethodException: org.thoughtcrime.securesms.components.emoji.EmojiFilter.getMaxLength []
01-04 10:09:03.470  7339  7339 V InputMethodManagerUtils: getMaxLengthForEditText InputFilter = java.lang.NoSuchMethodException: org.signal.core.util.ByteLimitInputFilter.getMaxLength []
01-04 10:09:03.706  3750  3750 I HoneySpace.StackRecentsView: unbindTaskViewHolders CallMeNot
01-04 10:09:05.036  2448 15357 E Telecom : SamsungRxErrorHandler : RxJava error handler java.lang.NullPointerException: item is null
01-04 10:09:05.056  2448 15361 I Telecom : AppLabelProxy: package com.callmenot.app: name is CallMeNot
01-04 10:09:05.058  2448  5227 I Telecom : SamsungCallScreeningServiceHelper : There are no call screening services installed on this device.
01-04 10:09:05.145  2448 15359 I Telecom : IncomingCallFilterGraph: Filter com.android.server.telecom.callfiltering.CallScreeningServiceFilter@c874950: null scheduled.
01-04 10:09:05.146  2448 15359 I Telecom : IncomingCallFilterGraph: Filter com.android.server.telecom.callfiltering.CallScreeningServiceFilter@c874950: null done, result: [Allow, logged, notified, contact exists].
01-04 10:09:05.146  2448 15359 I Telecom : IncomingCallFilterGraph: Filter com.android.server.telecom.callfiltering.CallScreeningServiceFilter@1d0c749: com.callmenot.app scheduled.
01-04 10:09:05.153  2448  2448 I Telecom : SamsungCallScreeningServiceCallFilter : isPackageSystemApp - getApplicationInfo start
01-04 10:09:05.153  2448  2448 I Telecom : SamsungCallScreeningServiceCallFilter : isPackageSystemApp - getApplicationInfo end
01-04 10:09:05.154  2448  2448 I Telecom : Event: RecordEntry TC@7: SCREENING_BOUND, ComponentInfo{com.callmenot.app/com.callmenot.app.service.CallMeNotScreeningService}
01-04 10:09:05.154  2448  2448 I Telecom : CallScreeningServiceFilter$CallScreeningServiceConnection: Binding completed.
01-04 10:09:05.156 10929 10929 D CallMeNotScreening: Processing incoming call: +13212131262
01-04 10:09:05.200 10929 10929 D CallMeNotScreening: Building response: shouldAllow=false, reason=NOT_WHITELISTED
01-04 10:09:05.200 10929 10929 D CallMeNotScreening: BLOCKING call
01-04 10:09:05.202  2448  5227 I Telecom : Event: RecordEntry TC@7: SCREENING_COMPLETED, [Reject, logged, contact exists, mCallBlockReason = 1, mCallScreeningAppName = CallMeNot, mCallScreeningComponentName = com.callmenot.app/com.callmenot.app.service.CallMeNotScreeningService, callScreeningResponse = callScreeningResponse=android.telecom.CallScreeningService$ParcelableCallResponse@5bdeb67,callResponse=android.telecom.CallScreeningService$CallResponse@41ef88fe,shouldDisallowCall=true,shouldRejectCall=true,shouldSilenceCall=false,shouldSkipCallLog=true,shouldSkipNotification=true,shouldScreenCallViaAudioProcessing=false,callComposerAttachmentsToShow=-1, Blocked]: NCSSF.dC@C/0
01-04 10:09:05.202  2448 15359 I Telecom : IncomingCallFilterGraph: Filter com.android.server.telecom.callfiltering.CallScreeningServiceFilter@1d0c749: com.callmenot.app done, result: [Reject, logged, contact exists, mCallBlockReason = 1, mCallScreeningAppName = CallMeNot, mCallScreeningComponentName = com.callmenot.app/com.callmenot.app.service.CallMeNotScreeningService, callScreeningResponse = callScreeningResponse=android.telecom.CallScreeningService$ParcelableCallResponse@5bdeb67,callResponse=android.telecom.CallScreeningService$CallResponse@41ef88fe,shouldDisallowCall=true,shouldRejectCall=true,shouldSilenceCall=false,shouldSkipCallLog=true,shouldSkipNotification=true,shouldScreenCallViaAudioProcessing=false,callComposerAttachmentsToShow=-1, Blocked].: NCSSF.dC->ICFG.sF@C/0
01-04 10:09:05.202  2448 15359 I Telecom : IncomingCallFilterGraph: Filter com.android.server.telecom.callfiltering.CallFilter@840cd14 done, result: [Reject, logged, contact exists, mCallBlockReason = 1, mCallScreeningAppName = CallMeNot, mCallScreeningComponentName = com.callmenot.app/com.callmenot.app.service.CallMeNotScreeningService, callScreeningResponse = callScreeningResponse=android.telecom.CallScreeningService$ParcelableCallResponse@5bdeb67,callResponse=android.telecom.CallScreeningService$CallResponse@41ef88fe,shouldDisallowCall=true,shouldRejectCall=true,shouldSilenceCall=false,shouldSkipCallLog=true,shouldSkipNotification=true,shouldScreenCallViaAudioProcessing=false,callComposerAttachmentsToShow=-1, Blocked].: NCSSF.dC->ICFG.sF->ICFG.sF->ICFG.sF@C/0
01-04 10:09:05.203  2448 15359 I Telecom : ConnectionServiceWrapper: TC -> CS[cap]: onCallFilteringCompleted CallFilteringCompletionInfo{mIsBlocked=true, mIsInContacts=true, mCallResponse=android.telecom.CallScreeningService$CallResponse@41ef88fe, mCallScreeningPackageName='ComponentInfo{com.callmenot.app/com.callmenot.app.service.CallMeNotScreeningService}'}: NCSSF.dC->ICFG.sF->ICFG.sF->ICFG.sF@C/0
01-04 10:09:05.204  3221  3221 I TelecomFramework: TelephonyConnectionService: onCallFilteringCompleted(TC@7_1, CallFilteringCompletionInfo{mIsBlocked=true, mIsInContacts=true, mCallResponse=android.telecom.CallScreeningService$CallResponse@41ef88fe, mCallScreeningPackageName='ComponentInfo{com.callmenot.app/com.callmenot.app.service.CallMeNotScreeningService}'}): (NCSSF.dC->ICFG.sF->ICFG.sF->ICFG.sF)->CS.oCFC->H.CS.oCFC(cast)@E-C/0
01-04 10:09:05.213  2448 15359 I Telecom : CallsManager: onCallScreeningCompleted: blocked call, adding to call log.: NCSSF.dC->ICFG.sF->ICFG.sF->ICFG.sF@C/0
01-04 10:09:05.218  2448 15359 I Telecom : Event: RecordEntry TC@7: FILTERING_COMPLETED, [Reject, logged, contact exists, mCallBlockReason = 1, mCallScreeningAppName = CallMeNot, mCallScreeningComponentName = com.callmenot.app/com.callmenot.app.service.CallMeNotScreeningService, callScreeningResponse = callScreeningResponse=android.telecom.CallScreeningService$ParcelableCallResponse@5bdeb67,callResponse=android.telecom.CallScreeningService$CallResponse@41ef88fe,shouldDisallowCall=true,shouldRejectCall=true,shouldSilenceCall=false,shouldSkipCallLog=true,shouldSkipNotification=true,shouldScreenCallViaAudioProcessing=false,callComposerAttachmentsToShow=-1, Blocked]: NCSSF.dC->ICFG.sF->ICFG.sF->ICFG.sF@C/0
01-04 10:09:05.264  2448 15069 I Telecom : SamsungCallLogManager : REQUEST_ADD_CALL_LOG - AddCallParams { mCallerInfo : android.telecom.CallerInfo@50b46f9 { name non-null, phoneNumber non-null } / Number : +13******262 / PostDialDigits : <Empty> / ViaNumber : <Empty> / Presentation : 1 / CallType : 6 / Features : 12 / AccountHandle : ComponentInfo{com.android.phone/com.android.services.telephony.TelephonyConnectionService}, 1, UserHandle{0} / Start : 1767542945001 / Duration : 0 / DataUsage : -9223372036854775808 / AddForAllUsers : true / UserToBeInsertedTo : null / IsRead : false / CallBlockReason : 1 / CallScreeningAppName : CallMeNot / CallScreeningComponentName : com.callmenot.app/com.callmenot.app.service.CallMeNotScreeningService / MissedReason : 0 / Priority : -1 / Subject :  / Latitude : *** / Longitude : *** / PictureUri : null / IsPhoneAccountMigrationPending : 0 / IsBusinessCall : false / AssertedDisplayName : null / ParamsBuilder : android.provider.CallLog$AddCallParams$AddCallParametersBuilder@9daf3e5 / Internal(10)-[sec_stir_shaken:***],[ci_contact_id:***],[ci_phoneNumber:***],[sim_id:***],[simnum:***],[ci_normalizedNumber:***],[logtype:***],[sec_end_type:***],[reject_flag:***],[sec_rtt:null], / ClientExtras(0) / Service(0) / External(0) / SendExtras(0) / SwitchCallDisconnected(0)
01-04 10:09:09.240  2448  4405 D FreecessHandler: freeze com.callmenot.app(10455) result : 40
01-04 10:09:09.241  2448  4405 D FreecessHandler: stop trying to freeze com.callmenot.app
01-04 10:09:18.888  3750  3750 I HoneySpace.StackRecentsView: bindTaskViewHolders CallMeNot
01-04 10:09:18.890  3750 14998 I HoneySpace.TaskDataRepositoryImpl: Request icon and label, id=12037, iconAndLabel: IconAndLabel(icon=android.graphics.Bitmap@5600ab5, label=CallMeNot), componentKey: com.callmenot.app/.MainActivity#UserHandle{0}
01-04 10:09:18.915  3750  3750 I HoneySpace.TaskView: setTaskLabel, CallMeNot
01-04 10:09:18.919  3750  3750 I HoneySpace.TaskListViewModel[179141258]: setGroupTasks: [GroupTask(#type 1 | #displayId 0 | #deskId -1 | #minimizedTaskIds [] | [#taskId 12032 : org.thoughtcrime.securesms]), GroupTask(#type 1 | #displayId 0 | #deskId -1 | #minimizedTaskIds [] | [#taskId 12037 : com.callmenot.app]), GroupTask(#type 1 | #displayId 0 | #deskId -1 | #minimizedTaskIds [] | [#taskId 12036 : com.samsung.android.dialer]), GroupTask(#type 1 | #displayId 0 | #deskId -1 | #minimizedTaskIds [] | [#taskId 12003 : com.brave.browser]), GroupTask(#type 1 | #displayId 0 | #deskId -1 | #minimizedTaskIds [] | [#taskId 12031 : com.gooddog.breeder.android]), GroupTask(#type 1 | #displayId 0 | #deskId -1 | #minimizedTaskIds [] | [#taskId 12030 : com.android.settings]), GroupTask(#type 1 | #displayId 0 | #deskId -1 | #minimizedTaskIds [] | [#taskId 12025 : com.android.settings])]
01-04 10:09:18.919  3750  3750 I HoneySpace.RecentDataListServiceImpl[203402485]: setGroupTasks: [GroupTask(#type 1 | #displayId 0 | #deskId -1 | #minimizedTaskIds [] | [#taskId 12032 : org.thoughtcrime.securesms]), GroupTask(#type 1 | #displayId 0 | #deskId -1 | #minimizedTaskIds [] | [#taskId 12037 : com.callmenot.app]), GroupTask(#type 1 | #displayId 0 | #deskId -1 | #minimizedTaskIds [] | [#taskId 12036 : com.samsung.android.dialer]), GroupTask(#type 1 | #displayId 0 | #deskId -1 | #minimizedTaskIds [] | [#taskId 12003 : com.brave.browser]), GroupTask(#type 1 | #displayId 0 | #deskId -1 | #minimizedTaskIds [] | [#taskId 12031 : com.gooddog.breeder.android]), GroupTask(#type 1 | #displayId 0 | #deskId -1 | #minimizedTaskIds [] | [#taskId 12030 : com.android.settings]), GroupTask(#type 1 | #displayId 0 | #deskId -1 | #minimizedTaskIds [] | [#taskId 12025 : com.android.settings])]
01-04 10:09:18.919  3750  3750 I HoneySpace.RecentDataListRepositoryImpl[197708332]: rawData: [RecentData(items=[DefaultTaskData([#taskId 12032 : org.thoughtcrime.securesms])], displayId=0, deskId=-1, type=1, name=), RecentData(items=[DefaultTaskData([#taskId 12037 : com.callmenot.app])], displayId=0, deskId=-1, type=1, name=), RecentData(items=[DefaultTaskData([#taskId 12036 : com.samsung.android.dialer])], displayId=0, deskId=-1, type=1, name=), RecentData(items=[DefaultTaskData([#taskId 12003 : com.brave.browser])], displayId=0, deskId=-1, type=1, name=), RecentData(items=[DefaultTaskData([#taskId 12031 : com.gooddog.breeder.android])], displayId=0, deskId=-1, type=1, name=), RecentData(items=[DefaultTaskData([#taskId 12030 : com.android.settings])], displayId=0, deskId=-1, type=1, name=), RecentData(items=[DefaultTaskData([#taskId 12025 : com.android.settings])], displayId=0, deskId=-1, type=1, name=)]
01-04 10:09:18.919  3750  3750 I HoneySpace.RecentDataListRepositoryImpl[197708332]: visibleData: [RecentData(items=[DefaultTaskData([#taskId 12032 : org.thoughtcrime.securesms])], displayId=0, deskId=-1, type=1, name=), RecentData(items=[DefaultTaskData([#taskId 12037 : com.callmenot.app])], displayId=0, deskId=-1, type=1, name=), RecentData(items=[DefaultTaskData([#taskId 12036 : com.samsung.android.dialer])], displayId=0, deskId=-1, type=1, name=), RecentData(items=[DefaultTaskData([#taskId 12003 : com.brave.browser])], displayId=0, deskId=-1, type=1, name=), RecentData(items=[DefaultTaskData([#taskId 12031 : com.gooddog.breeder.android])], displayId=0, deskId=-1, type=1, name=), RecentData(items=[DefaultTaskData([#taskId 12030 : com.android.settings])], displayId=0, deskId=-1, type=1, name=), RecentData(items=[DefaultTaskData([#taskId 12025 : com.android.settings])], displayId=0, deskId=-1, type=1, name=)]
01-04 10:09:18.919  3750  3750 I HoneySpace.GestureEventController[218fd5]: SetGestureTaskList, SendGestureTaskList(taskList=[GroupTask(#type 1 | #displayId 0 | #deskId -1 | #minimizedTaskIds [] | [#taskId 12032 : org.thoughtcrime.securesms]), GroupTask(#type 1 | #displayId 0 | #deskId -1 | #minimizedTaskIds [] | [#taskId 12037 : com.callmenot.app]), GroupTask(#type 1 | #displayId 0 | #deskId -1 | #minimizedTaskIds [] | [#taskId 12036 : com.samsung.android.dialer]), GroupTask(#type 1 | #displayId 0 | #deskId -1 | #minimizedTaskIds [] | [#taskId 12003 : com.brave.browser]), GroupTask(#type 1 | #displayId 0 | #deskId -1 | #minimizedTaskIds [] | [#taskId 12031 : com.gooddog.breeder.android]), GroupTask(#type 1 | #displayId 0 | #deskId -1 | #minimizedTaskIds [] | [#taskId 12030 : com.android.settings]), GroupTask(#type 1 | #displayId 0 | #deskId -1 | #minimizedTaskIds [] | [#taskId 12025 : com.android.settings])], initPosition=1, runningTaskId=12032, showAnimStartPosition=1, isLeashTargetCenter=false, forSimple=true)
01-04 10:09:18.919  3750  3750 I HoneySpace.GestureEventController[218fd5]: SetGestureTaskList, SendGestureTaskList(taskList=[GroupTask(#type 1 | #displayId 0 | #deskId -1 | #minimizedTaskIds [] | [#taskId 12032 : org.thoughtcrime.securesms]), GroupTask(#type 1 | #displayId 0 | #deskId -1 | #minimizedTaskIds [] | [#taskId 12037 : com.callmenot.app]), GroupTask(#type 1 | #displayId 0 | #deskId -1 | #minimizedTaskIds [] | [#taskId 12036 : com.samsung.android.dialer]), GroupTask(#type 1 | #displayId 0 | #deskId -1 | #minimizedTaskIds [] | [#taskId 12003 : com.brave.browser]), GroupTask(#type 1 | #displayId 0 | #deskId -1 | #minimizedTaskIds [] | [#taskId 12031 : com.gooddog.breeder.android]), GroupTask(#type 1 | #displayId 0 | #deskId -1 | #minimizedTaskIds [] | [#taskId 12030 : com.android.settings]), GroupTask(#type 1 | #displayId 0 | #deskId -1 | #minimizedTaskIds [] | [#taskId 12025 : com.android.settings])], initPosition=1, runningTaskId=12032, showAnimStartPosition=1, isLeashTargetCenter=false, forSimple=false)
01-04 10:09:18.922  3750  3750 I HoneySpace.TaskListViewModel[94761921]: setGroupTasks: [GroupTask(#type 1 | #displayId 0 | #deskId -1 | #minimizedTaskIds [] | [#taskId 12032 : org.thoughtcrime.securesms]), GroupTask(#type 1 | #displayId 0 | #deskId -1 | #minimizedTaskIds [] | [#taskId 12037 : com.callmenot.app]), GroupTask(#type 1 | #displayId 0 | #deskId -1 | #minimizedTaskIds [] | [#taskId 12036 : com.samsung.android.dialer]), GroupTask(#type 1 | #displayId 0 | #deskId -1 | #minimizedTaskIds [] | [#taskId 12003 : com.brave.browser]), GroupTask(#type 1 | #displayId 0 | #deskId -1 | #minimizedTaskIds [] | [#taskId 12031 : com.gooddog.breeder.android]), GroupTask(#type 1 | #displayId 0 | #deskId -1 | #minimizedTaskIds [] | [#taskId 12030 : com.android.settings]), GroupTask(#type 1 | #displayId 0 | #deskId -1 | #minimizedTaskIds [] | [#taskId 12025 : com.android.settings])]
01-04 10:09:18.922  3750  3750 I HoneySpace.RecentDataListServiceImpl[237538507]: setGroupTasks: [GroupTask(#type 1 | #displayId 0 | #deskId -1 | #minimizedTaskIds [] | [#taskId 12032 : org.thoughtcrime.securesms]), GroupTask(#type 1 | #displayId 0 | #deskId -1 | #minimizedTaskIds [] | [#taskId 12037 : com.callmenot.app]), GroupTask(#type 1 | #displayId 0 | #deskId -1 | #minimizedTaskIds [] | [#taskId 12036 : com.samsung.android.dialer]), GroupTask(#type 1 | #displayId 0 | #deskId -1 | #minimizedTaskIds [] | [#taskId 12003 : com.brave.browser]), GroupTask(#type 1 | #displayId 0 | #deskId -1 | #minimizedTaskIds [] | [#taskId 12031 : com.gooddog.breeder.android]), GroupTask(#type 1 | #displayId 0 | #deskId -1 | #minimizedTaskIds [] | [#taskId 12030 : com.android.settings]), GroupTask(#type 1 | #displayId 0 | #deskId -1 | #minimizedTaskIds [] | [#taskId 12025 : com.android.settings])]
01-04 10:09:18.922  3750  3750 I HoneySpace.RecentDataListRepositoryImpl[73960346]: rawData: [RecentData(items=[DefaultTaskData([#taskId 12032 : org.thoughtcrime.securesms])], displayId=0, deskId=-1, type=1, name=), RecentData(items=[DefaultTaskData([#taskId 12037 : com.callmenot.app])], displayId=0, deskId=-1, type=1, name=), RecentData(items=[DefaultTaskData([#taskId 12036 : com.samsung.android.dialer])], displayId=0, deskId=-1, type=1, name=), RecentData(items=[DefaultTaskData([#taskId 12003 : com.brave.browser])], displayId=0, deskId=-1, type=1, name=), RecentData(items=[DefaultTaskData([#taskId 12031 : com.gooddog.breeder.android])], displayId=0, deskId=-1, type=1, name=), RecentData(items=[DefaultTaskData([#taskId 12030 : com.android.settings])], displayId=0, deskId=-1, type=1, name=), RecentData(items=[DefaultTaskData([#taskId 12025 : com.android.settings])], displayId=0, deskId=-1, type=1, name=)]
01-04 10:09:18.922  3750  3750 I HoneySpace.RecentDataListRepositoryImpl[73960346]: visibleData: [RecentData(items=[DefaultTaskData([#taskId 12032 : org.thoughtcrime.securesms])], displayId=0, deskId=-1, type=1, name=), RecentData(items=[DefaultTaskData([#taskId 12037 : com.callmenot.app])], displayId=0, deskId=-1, type=1, name=), RecentData(items=[DefaultTaskData([#taskId 12036 : com.samsung.android.dialer])], displayId=0, deskId=-1, type=1, name=), RecentData(items=[DefaultTaskData([#taskId 12003 : com.brave.browser])], displayId=0, deskId=-1, type=1, name=), RecentData(items=[DefaultTaskData([#taskId 12031 : com.gooddog.breeder.android])], displayId=0, deskId=-1, type=1, name=), RecentData(items=[DefaultTaskData([#taskId 12030 : com.android.settings])], displayId=0, deskId=-1, type=1, name=), RecentData(items=[DefaultTaskData([#taskId 12025 : com.android.settings])], displayId=0, deskId=-1, type=1, name=)]
01-04 10:09:18.922  3750  3750 I HoneySpace.TaskListViewModel[179141258]: recentDataState: RecentDataState(recentData=[RecentData(items=[DefaultTaskData([#taskId 12032 : org.thoughtcrime.securesms])], displayId=0, deskId=-1, type=1, name=), RecentData(items=[DefaultTaskData([#taskId 12037 : com.callmenot.app])], displayId=0, deskId=-1, type=1, name=), RecentData(items=[DefaultTaskData([#taskId 12036 : com.samsung.android.dialer])], displayId=0, deskId=-1, type=1, name=), RecentData(items=[DefaultTaskData([#taskId 12003 : com.brave.browser])], displayId=0, deskId=-1, type=1, name=), RecentData(items=[DefaultTaskData([#taskId 12031 : com.gooddog.breeder.android])], displayId=0, deskId=-1, type=1, name=), RecentData(items=[DefaultTaskData([#taskId 12030 : com.android.settings])], displayId=0, deskId=-1, type=1, name=), RecentData(items=[DefaultTaskData([#taskId 12025 : com.android.settings])], displayId=0, deskId=-1, type=1, name=)], changeState=Load)
01-04 10:09:18.923  3750  3750 I HoneySpace.SimpleTaskListPot: recentDataState: RecentDataState(recentData=[RecentData(items=[DefaultTaskData([#taskId 12032 : org.thoughtcrime.securesms])], displayId=0, deskId=-1, type=1, name=), RecentData(items=[DefaultTaskData([#taskId 12037 : com.callmenot.app])], displayId=0, deskId=-1, type=1, name=), RecentData(items=[DefaultTaskData([#taskId 12036 : com.samsung.android.dialer])], displayId=0, deskId=-1, type=1, name=), RecentData(items=[DefaultTaskData([#taskId 12003 : com.brave.browser])], displayId=0, deskId=-1, type=1, name=), RecentData(items=[DefaultTaskData([#taskId 12031 : com.gooddog.breeder.android])], displayId=0, deskId=-1, type=1, name=), RecentData(items=[DefaultTaskData([#taskId 12030 : com.android.settings])], displayId=0, deskId=-1, type=1, name=), RecentData(items=[DefaultTaskData([#taskId 12025 : com.android.settings])], displayId=0, deskId=-1, type=1, name=)], changeState=Load)
01-04 10:09:18.923  3750  3750 I HoneySpace.RecentAdapter[dd2c788]: notifyDataSetChanged, prev: Load, [RecentData(items=[DefaultTaskData([#taskId 12037 : com.callmenot.app])], displayId=0, deskId=-1, type=1, name=), RecentData(items=[DefaultTaskData([#taskId 12032 : org.thoughtcrime.securesms])], displayId=0, deskId=-1, type=1, name=), RecentData(items=[DefaultTaskData([#taskId 12036 : com.samsung.android.dialer])], displayId=0, deskId=-1, type=1, name=), RecentData(items=[DefaultTaskData([#taskId 12003 : com.brave.browser])], displayId=0, deskId=-1, type=1, name=), RecentData(items=[DefaultTaskData([#taskId 12031 : com.gooddog.breeder.android])], displayId=0, deskId=-1, type=1, name=), RecentData(items=[DefaultTaskData([#taskId 12030 : com.android.settings])], displayId=0, deskId=-1, type=1, name=), RecentData(items=[DefaultTaskData([#taskId 12025 : com.android.settings])], displayId=0, deskId=-1, type=1, name=)]
01-04 10:09:18.923  3750  3750 I HoneySpace.RecentAdapter[dd2c788]: notifyDataSetChanged, new: Load, [RecentData(items=[DefaultTaskData([#taskId 12032 : org.thoughtcrime.securesms])], displayId=0, deskId=-1, type=1, name=), RecentData(items=[DefaultTaskData([#taskId 12037 : com.callmenot.app])], displayId=0, deskId=-1, type=1, name=), RecentData(items=[DefaultTaskData([#taskId 12036 : com.samsung.android.dialer])], displayId=0, deskId=-1, type=1, name=), RecentData(items=[DefaultTaskData([#taskId 12003 : com.brave.browser])], displayId=0, deskId=-1, type=1, name=), RecentData(items=[DefaultTaskData([#taskId 12031 : com.gooddog.breeder.android])], displayId=0, deskId=-1, type=1, name=), RecentData(items=[DefaultTaskData([#taskId 12030 : com.android.settings])], displayId=0, deskId=-1, type=1, name=), RecentData(items=[DefaultTaskData([#taskId 12025 : com.android.settings])], displayId=0, deskId=-1, type=1, name=)]
01-04 10:09:18.923  3750  3750 I HoneySpace.TaskListViewModel[94761921]: recentDataState: RecentDataState(recentData=[RecentData(items=[DefaultTaskData([#taskId 12032 : org.thoughtcrime.securesms])], displayId=0, deskId=-1, type=1, name=), RecentData(items=[DefaultTaskData([#taskId 12037 : com.callmenot.app])], displayId=0, deskId=-1, type=1, name=), RecentData(items=[DefaultTaskData([#taskId 12036 : com.samsung.android.dialer])], displayId=0, deskId=-1, type=1, name=), RecentData(items=[DefaultTaskData([#taskId 12003 : com.brave.browser])], displayId=0, deskId=-1, type=1, name=), RecentData(items=[DefaultTaskData([#taskId 12031 : com.gooddog.breeder.android])], displayId=0, deskId=-1, type=1, name=), RecentData(items=[DefaultTaskData([#taskId 12030 : com.android.settings])], displayId=0, deskId=-1, type=1, name=), RecentData(items=[DefaultTaskData([#taskId 12025 : com.android.settings])], displayId=0, deskId=-1, type=1, name=)], changeState=Load)
01-04 10:09:18.923  3750  3750 I HoneySpace.TaskListPot[870d5e2]: recentDataState: RecentDataState(recentData=[RecentData(items=[DefaultTaskData([#taskId 12032 : org.thoughtcrime.securesms])], displayId=0, deskId=-1, type=1, name=), RecentData(items=[DefaultTaskData([#taskId 12037 : com.callmenot.app])], displayId=0, deskId=-1, type=1, name=), RecentData(items=[DefaultTaskData([#taskId 12036 : com.samsung.android.dialer])], displayId=0, deskId=-1, type=1, name=), RecentData(items=[DefaultTaskData([#taskId 12003 : com.brave.browser])], displayId=0, deskId=-1, type=1, name=), RecentData(items=[DefaultTaskData([#taskId 12031 : com.gooddog.breeder.android])], displayId=0, deskId=-1, type=1, name=), RecentData(items=[DefaultTaskData([#taskId 12030 : com.android.settings])], displayId=0, deskId=-1, type=1, name=), RecentData(items=[DefaultTaskData([#taskId 12025 : com.android.settings])], displayId=0, deskId=-1, type=1, name=)], changeState=Load)
01-04 10:09:18.923  3750  3750 I HoneySpace.RecentAdapter[1a47ead]: notifyDataSetChanged, prev: Load, [RecentData(items=[DefaultTaskData([#taskId 12037 : com.callmenot.app])], displayId=0, deskId=-1, type=1, name=), RecentData(items=[DefaultTaskData([#taskId 12032 : org.thoughtcrime.securesms])], displayId=0, deskId=-1, type=1, name=), RecentData(items=[DefaultTaskData([#taskId 12036 : com.samsung.android.dialer])], displayId=0, deskId=-1, type=1, name=), RecentData(items=[DefaultTaskData([#taskId 12003 : com.brave.browser])], displayId=0, deskId=-1, type=1, name=), RecentData(items=[DefaultTaskData([#taskId 12031 : com.gooddog.breeder.android])], displayId=0, deskId=-1, type=1, name=), RecentData(items=[DefaultTaskData([#taskId 12030 : com.android.settings])], displayId=0, deskId=-1, type=1, name=), RecentData(items=[DefaultTaskData([#taskId 12025 : com.android.settings])], displayId=0, deskId=-1, type=1, name=)]
01-04 10:09:18.923  3750  3750 I HoneySpace.RecentAdapter[1a47ead]: notifyDataSetChanged, new: Load, [RecentData(items=[DefaultTaskData([#taskId 12032 : org.thoughtcrime.securesms])], displayId=0, deskId=-1, type=1, name=), RecentData(items=[DefaultTaskData([#taskId 12037 : com.callmenot.app])], displayId=0, deskId=-1, type=1, name=), RecentData(items=[DefaultTaskData([#taskId 12036 : com.samsung.android.dialer])], displayId=0, deskId=-1, type=1, name=), RecentData(items=[DefaultTaskData([#taskId 12003 : com.brave.browser])], displayId=0, deskId=-1, type=1, name=), RecentData(items=[DefaultTaskData([#taskId 12031 : com.gooddog.breeder.android])], displayId=0, deskId=-1, type=1, name=), RecentData(items=[DefaultTaskData([#taskId 12030 : com.android.settings])], displayId=0, deskId=-1, type=1, name=), RecentData(items=[DefaultTaskData([#taskId 12025 : com.android.settings])], displayId=0, deskId=-1, type=1, name=)]
01-04 10:09:18.925  3750 14994 I HoneySpace.TaskDataRepositoryImpl: Request icon and label, id=12037, iconAndLabel: IconAndLabel(icon=android.graphics.Bitmap@5600ab5, label=CallMeNot), componentKey: com.callmenot.app/.MainActivity#UserHandle{0}
01-04 10:09:18.927  3750 14994 I HoneySpace.FilteredItemProvider: collect filtered items l, [PK(p='org.thoughtcrime.securesms', u=UserHandle{0}), PK(p='com.callmenot.app', u=UserHandle{0}), PK(p='com.samsung.android.dialer', u=UserHandle{0})]
01-04 10:09:18.928  3750 14994 I HoneySpace.SuggestedItemsFacade: filteredItem : PK(p='com.callmenot.app', u=UserHandle{0})
01-04 10:09:18.936  3750 14290 I HoneySpace.TaskDataRepositoryImpl: Request icon and label, id=12037, iconAndLabel: IconAndLabel(icon=android.graphics.Bitmap@5600ab5, label=CallMeNot), componentKey: com.callmenot.app/.MainActivity#UserHandle{0}
01-04 10:09:18.941  3750  3750 I HoneySpace.TaskView: setTaskLabel, CallMeNot
01-04 10:09:18.943  3750  3750 E HoneySpace.BadgeIconDecoratorCreator: NameNotFoundException /#UserHandle{0}
01-04 10:09:18.944  3750  3750 E HoneySpace.BadgeIconDecoratorCreator: NameNotFoundException /#UserHandle{0}
01-04 10:09:18.944  3750  3750 E HoneySpace.BadgeIconDecoratorCreator: NameNotFoundException /#UserHandle{0}
01-04 10:09:18.945  3750  3750 E HoneySpace.BadgeIconDecoratorCreator: NameNotFoundException /#UserHandle{0}
01-04 10:09:18.946  3750  3750 I HoneySpace.TaskView: setTaskLabel, CallMeNot
01-04 10:09:19.909  3750  3855 I HoneySpace.SALoggingUtils: SA Logging screenID: 500 eventId: 5101 detail: {Target=Fullscreen view, PACKAGE=com.callmenot.app, TYPE=Tap, NthTask=1} value: -1
01-04 10:09:19.915  2448  3469 V WindowManager: Collecting in transition 1110: Task{1eae19b #12037 type=standard A=10455:com.callmenot.app}, caller=com.android.server.wm.TransitionController.collect:7 com.android.server.wm.ActivityTaskSupervisor.findTaskToMoveToFront:120 com.android.server.wm.ActivityTaskManagerService.moveTaskToFrontLocked:200 com.android.server.wm.ActivityTaskSupervisor.startActivityFromRecents:727 com.android.server.wm.ActivityTaskManagerService.startActivityFromRecents:32 
01-04 10:09:19.915  2448  3469 D WindowManager: prepareSync <SYNC_STATE_WAITING_FOR_DRAW>, mPrepareSyncSeqId=0, win=Window{d11f398 u0 com.callmenot.app/com.callmenot.app.MainActivity}
01-04 10:09:19.915  2448  3469 I Pageboost: moveTaskToFront : 10455:com.callmenot.app
01-04 10:09:19.917  2448  3469 V WindowManager: Add starting ActivityRecord{230227071 u0 com.callmenot.app/.MainActivity t12037}: startingData=SnapshotStartingData{aca5e11 removeAfterTransaction= 0}
01-04 10:09:19.918  2448  3469 V WindowManager: Added starting ActivityRecord{230227071 u0 com.callmenot.app/.MainActivity t12037}: startingWindow=null startingView=com.android.server.wm.StartingSurfaceController$StartingSurface@2f96b76
01-04 10:09:19.918  2448  3469 V WindowManager:    ChangeInfo{634e577 container=Task{1eae19b #12037 type=standard A=10455:com.callmenot.app} flags=0x0}
01-04 10:09:19.920  3750 14292 I HoneySpace.SuggestedAppsRepositoryImpl: sendSuggestedAppsLaunchTarget: ComponentInfo{com.callmenot.app/com.callmenot.app.MainActivity}
01-04 10:09:19.921  3252  3360 V WindowManagerShell: Transition requested (#1110): android.os.BinderProxy@14108e TransitionRequestInfo { type = TO_FRONT, triggerTask = TaskInfo{userId=0 taskId=12037 effectiveUid=10455 displayId=0 isRunning=true baseIntent=Intent { act=android.intent.action.MAIN cat=[android.intent.category.LAUNCHER] flg=0x10204000 cmp=com.callmenot.app/.MainActivity } baseActivity=ComponentInfo{com.callmenot.app/com.callmenot.app.MainActivity} topActivity=ComponentInfo{com.callmenot.app/com.callmenot.app.MainActivity} origActivity=null realActivity=ComponentInfo{com.callmenot.app/com.callmenot.app.MainActivity} numActivities=1 lastActiveTime=55058349 supportsMultiWindow=true resizeMode=1 isResizeable=true minWidth=-1 minHeight=-1 maxWidth=-1 maxHeight=-1 defaultMinSize=220 desktopDefaultMinSize=304 token=WCT{android.window.IWindowContainerToken$Stub$Proxy@16a80af} topActivityType=1 pictureInPictureParams=null shouldDockBigOverlays=false launchIntoPipHostTaskId=-1 lastParentTaskIdBeforePip=-1 displayCutoutSafeInsets=Rect(0, 81 - 0, 0) topActivityInfo=ActivityInfo{3e84cbc com.callmenot.app.MainActivity} launchCookies=[android.os.BinderProxy@e28964] positionInParent=Point(0, 0) parentTaskId=-1 isFocused=false isVisible=false isVisibleRequested=false isTopActivityNoDisplay=false isSleeping=false locusId=null displayAreaFeatureId=1 isTopActivityTransparent=false isActivityStackTransparent=false lastNonFullscreenBounds=Rect(81, 553 - 999, 1723) capturedLink=null capturedLinkTimestamp=0 requestedVisibleTypes=-9 topActivityRequestOpenInBrowserEducationTimestamp=0 appCompatTaskInfo=AppCompatTaskInfo { topActivityInSizeCompat=false eligibleForLetterboxEducation= false isLetterboxEducationEnabled= false isLetterboxDoubleTapEnabled= false eligibleForUserAspectRatioButton= false topActivityBoundsLetterboxed= false isFromLetterboxDoubleTap= false topActivityLetterboxVerticalPosition= -1 topActivityLetterboxHorizontalPosition= -1 topActivityLetterboxWidth=-1 topActivityLetterboxHeight=-1 topActivityAppBounds=Rect(0, 81 - 1080, 2196) isUserFullscreenOverrideEnabled=false isSystemFullscreenOverrideEnabled=false hasMinAspectRatioOverride=false topActivityLetterboxBounds=null cameraCompatTaskInfo=CameraCompatTaskInfo { freeformCameraCompatMode=inactive} topActivityBounds=null topActivityInDisplayCompat=false singleTapFromLetterbox=false} topActivityMainWindowFrame=null originallySupportedMultiWindow=true hasWallpaper=false rootAffinity=10455:com.callmenot.app isTopTaskInStage=false CoverLauncherWidgetTask=false LaunchedFromAppsCoverLauncherTask=false LaunchedFromMultistarCoverLauncherTask=false isAllowedSeamlessRotation=false isTopTransparentActivity=false isAliasManaged=false hasConfigChanged=false snappingGuideBounds=null isAiKeyRemoveAppTask=false lastDesktopWindowingBounds=null lastExternalDesktopWindowingBounds=null safeCutoutInsets=null}, pipChange = null, remoteTransition = RemoteTransition { remoteTransition = android.window.IRemoteTransition$Stub$Proxy@6b22445, appThread = android.app.IApplicationThread$Stub$Proxy@344a79a, debugName = QuickstepLaunchflags =NONE }, displayChange = null, flags = 0, debugId = 1110 }
01-04 10:09:19.924  2448  2897 V WindowManager: Collecting in transition 1110: ActivityRecord{230227071 u0 com.callmenot.app/.MainActivity t12037}, caller=com.android.server.wm.TransitionController.collect:7 com.android.server.wm.ActivityRecord.setVisibility:132 com.android.server.wm.TaskFragment.resumeTopActivity:1662 com.android.server.wm.Task.resumeTopActivityInnerLocked:119 com.android.server.wm.Task.resumeTopActivityUncheckedLocked:23 
01-04 10:09:19.924  2448  2897 V WindowManager: Setting visibility of Window{d11f398 u0 com.callmenot.app/com.callmenot.app.MainActivity}: true, caller=com.android.server.wm.WindowContainer.sendAppVisibilityToClients:19 com.android.server.wm.WindowToken.setClientVisible:48 com.android.server.wm.ActivityRecord.setVisibility:486 com.android.server.wm.TaskFragment.resumeTopActivity:1662 com.android.server.wm.Task.resumeTopActivityInnerLocked:119 
01-04 10:09:19.925  2448  2897 D SGM:FgCheckThread:   sendRunningComponentFocus(), pkgName: com.callmenot.app, userId: 0
01-04 10:09:19.925  2448  2897 D InputDispatcher: Focused application(0): ActivityRecord{230227071 u0 com.callmenot.app/.MainActivity t12037}
01-04 10:09:19.925  3252  3360 D WindowManagerShell: onActivityRestartAttempt: topActivity=ComponentInfo{com.callmenot.app/com.callmenot.app.MainActivity}, wasVisible=false
01-04 10:09:19.925  2448  2988 D SGM:FgCheckThread: onLooperPrepared(), msg: MSG_TASK_FOCUSED, pkgName: com.callmenot.app, userId: 0
01-04 10:09:19.925  2448  2988 D SGM:FgCheckThread:   handleTaskFocused(), pkgName: com.callmenot.app, userID:0 mResumedPkgMap does not containsKey.
01-04 10:09:19.925  2448  2897 D ActivityTaskManager: scheduleTopResumedActivityChanged, onTop=true, r=ActivityRecord{230227071 u0 com.callmenot.app/.MainActivity t12037}, caller=com.android.server.wm.ActivityTaskSupervisor.scheduleTopResumedActivityStateIfNeeded:18 com.android.server.wm.ActivityTaskSupervisor.updateTopResumedActivityIfNeeded:54 com.android.server.wm.TaskFragment.setResumedActivity:30 com.android.server.wm.ActivityRecord.setState:100 com.android.server.wm.TaskFragment.resumeTopActivity:1705 com.android.server.wm.Task.resumeTopActivityInnerLocked:119 
01-04 10:09:19.927  2448  2897 D WindowManager: rotationForOrientation, orientationSource=ActivityRecord{230227071 u0 com.callmenot.app/.MainActivity t12037}
01-04 10:09:19.927  2448  2897 D WindowManagerServiceExt: updateTaskbarTargetIfNeeded: cn=ComponentInfo{com.callmenot.app/com.callmenot.app.MainActivity} occludesParent=true isInSplitScreenMode=false
01-04 10:09:19.928  2448  2897 D SurfaceComposerClient: setCornerRadius ## d11f398 com.callmenot.app/com.callmenot.app.MainActivity#11460 cornerRadius=0.000000
01-04 10:09:19.929  2448  2897 D SurfaceComposerClient: setCornerRadius ## d11f398 com.callmenot.app/com.callmenot.app.MainActivity#11460 cornerRadius=0.000000
01-04 10:09:19.930  2448  2897 D BLASTSyncEngine: SyncGroup 1110:  Unfinished container: ActivityRecord{230227071 u0 com.callmenot.app/.MainActivity t12037} mSyncState=2
01-04 10:09:19.931 10929 10929 D VRI[MainActivity]@d87075f: WindowStopped on com.callmenot.app/com.callmenot.app.MainActivity set to false
01-04 10:09:19.931  3750  3873 I HoneySpace.TopTaskUseCase: topTasks 12037 ComponentInfo{com.callmenot.app/com.callmenot.app.MainActivity}[displayId=0]
01-04 10:09:19.933  2448  2537 D SGM:FgCheckThread: noteResumeComponent(), received pkgName: com.callmenot.app, userId: 0
01-04 10:09:19.933  2448  2988 D SGM:FgCheckThread: onLooperPrepared(), msg: MSG_APP_RESUME, pkgName: com.callmenot.app, userid: 0
01-04 10:09:19.933  2448  2988 D SGM:FgCheckThread:   handleResume(). pkgName: com.callmenot.app, userId: 0, category: non-game
01-04 10:09:19.934  2448  2988 D SGM:FgCheckThread: notifyFocusInOut(). of pkg: com.callmenot.app, type: 4, isSecGameFamily: false, userId: 0
01-04 10:09:19.934  3750  3750 I HoneySpace.EdgePanel.EdgePanelContainerViewModel: cocktailHostRepository.edgePanelOperation NoteResumeComponent(componentName=ComponentInfo{com.callmenot.app/com.callmenot.app.MainActivity})
01-04 10:09:19.934  3750  3750 I HoneySpace.EdgePanel.ActivityUtils: HomePackage : com.sec.android.app.launcher, resumePackageName : com.callmenot.app, className : com.callmenot.app.MainActivity
01-04 10:09:19.935  2448  3469 V WindowManager: addWindow: ActivityRecord{230227071 u0 com.callmenot.app/.MainActivity t12037} startingWindow=Window{886213 u0 SnapshotStartingWindow for taskId=12037}
01-04 10:09:19.938  2448  2897 D SurfaceComposerClient: setCornerRadius ## d11f398 com.callmenot.app/com.callmenot.app.MainActivity#11460 cornerRadius=0.000000
01-04 10:09:19.938  2448  2897 D SurfaceComposerClient: setCornerRadius ## d11f398 com.callmenot.app/com.callmenot.app.MainActivity#11460 cornerRadius=0.000000
01-04 10:09:19.938  2448  2897 D BLASTSyncEngine: SyncGroup 1110:  Unfinished container: ActivityRecord{230227071 u0 com.callmenot.app/.MainActivity t12037} mSyncState=2
01-04 10:09:19.939  2448  3469 I WindowManager: Relayout Window{d11f398 u0 com.callmenot.app/com.callmenot.app.MainActivity}: viewVisibility=0 req=1080x2340 ty=1 d0
01-04 10:09:19.939  1640  1779 I SurfaceFlinger: id=11686 createSurf, flag=44004, com.callmenot.app/com.callmenot.app.MainActivity$_10929#11686
01-04 10:09:19.939  2448  3469 D WindowManager: makeSurface duration=1 name=com.callmenot.app/com.callmenot.app.MainActivity$_10929
01-04 10:09:19.940  2448  3469 D SurfaceComposerClient: setCornerRadius ## d11f398 com.callmenot.app/com.callmenot.app.MainActivity#11460 cornerRadius=0.000000
01-04 10:09:19.940  2448  3469 D SurfaceComposerClient: setCornerRadius ## d11f398 com.callmenot.app/com.callmenot.app.MainActivity#11460 cornerRadius=0.000000
01-04 10:09:19.940  1640  1640 I SurfaceFlinger: [886213 SnapshotStartingWindow for taskId=12037#11684] attach to parent LayerHierarchy{RequestedLayerState{ActivityRecord{230227071 u0 com.callmenot.app/.MainActivity t12037}#11457 parentId=11456} 3 children}
01-04 10:09:19.940  1640  1640 I SurfaceFlinger: [com.callmenot.app/com.callmenot.app.MainActivity$_10929#11686] attach to parent LayerHierarchy{RequestedLayerState{d11f398 com.callmenot.app/com.callmenot.app.MainActivity#11460 parentId=11457} 1 children}
01-04 10:09:19.941  2448  3469 D BLASTSyncEngine: SyncGroup 1110:  Unfinished container: ActivityRecord{230227071 u0 com.callmenot.app/.MainActivity t12037} mSyncState=2
01-04 10:09:19.941  2448  3469 D WindowManager: Changing focus from null to Window{d11f398 u0 com.callmenot.app/com.callmenot.app.MainActivity} displayId=0 Callers=com.android.server.wm.WindowManagerService.relayoutWindow:1350 com.android.server.wm.Session.relayout:27 android.view.IWindowSession$Stub.onTransact:829 com.android.server.wm.Session.onTransact:1 
01-04 10:09:19.942  2448  3469 D InsetsSourceProvider: updateControlForTarget: control=InsetsSourceControl: {26b60000 mType=statusBars initiallyVisible mSurfacePosition=Point(0, 0) mInsetsHint=Insets{left=0, top=81, right=0, bottom=0}}, target=Window{d11f398 u0 com.callmenot.app/com.callmenot.app.MainActivity}, from=com.android.server.wm.InsetsStateController.onControlTargetChanged:83 com.android.server.wm.InsetsPolicy.updateBarControlTarget:212 com.android.server.wm.DisplayPolicy.updateSystemBarAttributes:262 com.android.server.wm.WindowManagerService.updateFocusedWindowLocked:372 com.android.server.wm.WindowManagerService.relayoutWindow:1350 
01-04 10:09:19.943  2448  3469 D InsetsSourceProvider: updateControlForTarget: control=InsetsSourceControl: {872b0001 mType=navigationBars initiallyVisible mSurfacePosition=Point(0, 2196) mInsetsHint=Insets{left=0, top=0, right=0, bottom=144}}, target=Window{d11f398 u0 com.callmenot.app/com.callmenot.app.MainActivity}, from=com.android.server.wm.InsetsStateController.onControlTargetChanged:83 com.android.server.wm.InsetsPolicy.updateBarControlTarget:225 com.android.server.wm.DisplayPolicy.updateSystemBarAttributes:262 com.android.server.wm.WindowManagerService.updateFocusedWindowLocked:372 com.android.server.wm.WindowManagerService.relayoutWindow:1350 
01-04 10:09:19.943  2448  3469 D WindowManager: updateSystemBarAttributes: displayId=0, focusedCanBeNavColorWin=false, win=Window{d11f398 u0 com.callmenot.app/com.callmenot.app.MainActivity}, navColorWin=Window{7de52b4 u0 com.sec.android.app.launcher/com.android.quickstep.RecentsActivity}, caller=com.android.server.wm.WindowManagerService.updateFocusedWindowLocked:372 com.android.server.wm.WindowManagerService.relayoutWindow:1350 com.android.server.wm.Session.relayout:27 
01-04 10:09:19.943  2448  3469 V SystemKeyManager: updateFocusedWindow() is called, com.callmenot.app/com.callmenot.app.MainActivity
01-04 10:09:19.943  2448  3469 I SystemKeyManager: requested systemKeyInfo size=1 focusedWindow=com.callmenot.app/com.callmenot.app.MainActivity
01-04 10:09:19.943  2448  3469 I SystemKeyManager: requested systemKeyInfo size=1 focusedWindow=com.callmenot.app/com.callmenot.app.MainActivity
01-04 10:09:19.944  3252  3252 D NavigationBar: onSystemBarAttributesChanged() -  displayId:0, appearance:8, packageName: com.callmenot.app (APPEARANCE_LIGHT_STATUS_BARS ), navbarColorManagedByIme:false
01-04 10:09:19.946  2448  2537 D SGM:GameManager: identifyGamePackage. com.callmenot.app, mCurrentUserId: 0, callingMethodInfo: com.samsung.android.game.SemGameManager.isGamePackage(SemGameManager.java:106)
01-04 10:09:19.946  2448  2537 D SGM:SemGameManager: isGamePackage(), pkgName=com.callmenot.app, ret=false
01-04 10:09:19.946  5026 25941 I SDHMS:k : handleResumeComponent : put = com.callmenot.app, userid = 0 instanceid =178354488
01-04 10:09:19.947 10929 10929 I InsetsController: onStateChanged: host=com.callmenot.app/com.callmenot.app.MainActivity, from=android.view.ViewRootImpl.onInsetsStateChanged:3026, state=InsetsState: {mDisplayFrame=Rect(0, 0 - 1080, 2340), mDisplayCutout=DisplayCutout{insets=Rect(0, 81 - 0, 0) waterfall=Insets{left=0, top=0, right=0, bottom=0} boundingRect={Bounds=[Rect(0, 0 - 0, 0), Rect(512, 0 - 568, 81), Rect(0, 0 - 0, 0), Rect(0, 0 - 0, 0)]} cutoutPathParserInfo={CutoutPathParserInfo{displayWidth=1080 displayHeight=2340 physicalDisplayWidth=1080 physicalDisplayHeight=2340 density={3.0} cutoutSpec={M 0,0 H -9.333333333333333 V 27 H 9.333333333333333 V 0 H 0 Z @dp} rotation={0} scale={1.0} physicalPixelDisplaySizeRatio={1.0}}} sideOverrides={}}, mRoundedCorners=RoundedCorners{[RoundedCorner{position=TopLeft, radius=102, center=Point(102, 102)}, RoundedCorner{position=TopRight, radius=102, center=Point(978, 102)}, RoundedCorner{position=BottomRight, radius=102, center=Point(978, 2238)}, RoundedCorner{position=BottomLeft, radius=102, center=Point(102, 2238)}]}  mRoundedCornerFrame=Rect(0, 0 - 1080, 2340), mPrivacyIndicatorBounds=PrivacyIndicatorBounds {static bounds=Rect(948, 0 - 1080, 81) rotation=0}, mDisplayShape=DisplayShape{ spec=-311912193 displayWidth=1080 displayHeight=2340 physicalPixelDisplaySizeRatio=1.0 rotation=0 offsetX=0 offsetY=0 scale=1.0}, mSources= { InsetsSource: {872b0001 mType=navigationBars mFrame=[0,2196][1080,2340] mVisible=true mFlags= mSideHint=BOTTOM mBoundingRects=null}, InsetsSource: {872b0004 mType=systemGestures mFrame=[0,0][0,0] mVisible=true mFlags= mSideHint=NONE mBoundingRects=null}, InsetsSource: {872b0005 mType=mandatorySystemGestures mFrame=[0,2196][1080,2340] mVisible=true mFlags= mSideHint=BOTTOM mBoundingRects=null}, InsetsSource: {872b0006 mType=tappableElement mFrame=[0,2196][1080,2340] mVisible=true mFlags= mSideHint=BOTTOM mBoundingRects=null}, InsetsSource: {872b0024 mType=systemGestures mFrame=[0,0][0,0] mVisible=true mFlags= mSideHint=NONE mBoundingRects=null}, InsetsSource: {3 mType=ime mFrame=[0,1308][1080,2340] mVisible=false mFlags= mSideHint=BOTTOM mBoundingRects=null}, InsetsSource: {27 mType=displayCutout mFrame=[0,0][1080,81] mVisible=true mFlags= mSideHint=TOP mBoundingRects=null}, InsetsSource: {26b60000 mType=statusBars mFrame=[0,0][1080,81] mVisible=true mFlags= mSideHint=TOP mBoundingRects=null}, InsetsSource: {26b60005 mType=mandatorySystemGestures mFrame=[0,0][1080,117] mVisible=true mFlags= mSideHint=TOP mBoundingRects=null}, InsetsSource: {26b60006 mType=tappableElement mFrame=[0,0][1080,81] mVisible=true mFlags= mSideHint=TOP mBoundingRects=null} }
01-04 10:09:19.948  2448  2535 D SGM:GameManager: identifyForegroundApp. com.callmenot.app, mCurrentUserId: 0, callerUserId: 0
01-04 10:09:19.948  2448  2538 D SurfaceComposerClient: setCornerRadius ## d11f398 com.callmenot.app/com.callmenot.app.MainActivity#11460 cornerRadius=0.000000
01-04 10:09:19.951  2448  2535 D SGM:GameManager: identifyForegroundApp. com.callmenot.app, mCurrentUserId: 0, callerUserId: 0
01-04 10:09:19.951  1640  1925 D SurfaceFlinger: [input] setFocusedWindow: d11f398 com.callmenot.app/com.callmenot.app.MainActivity
01-04 10:09:19.951  2448  2538 D SurfaceComposerClient: setCornerRadius ## d11f398 com.callmenot.app/com.callmenot.app.MainActivity#11460 cornerRadius=0.000000
01-04 10:09:19.951  2448  3469 D InputDispatcher: Once focus requested (0): d11f398 com.callmenot.app/com.callmenot.app.MainActivity
01-04 10:09:19.951  2448  3469 D InputDispatcher: Focus request (0): d11f398 com.callmenot.app/com.callmenot.app.MainActivity but waiting because NO_WINDOW
01-04 10:09:19.952  2448  2538 D ChangeTransitionController:    ChangeInfo{634e577 container=Task{1eae19b #12037 type=standard A=10455:com.callmenot.app} flags=0x0}
01-04 10:09:19.952  2448  2538 D ChangeTransitionController:    ChangeInfo{4eded81 container=ActivityRecord{230227071 u0 com.callmenot.app/.MainActivity t12037} flags=0x0}
01-04 10:09:19.952  2448  2538 V WindowManager: Start calculating TransitionInfo based on participants: {ActivityRecord{3827274 u0 com.sec.android.app.launcher/com.android.quickstep.RecentsActivity t11929}, WallpaperWindowToken{145e970 showWhenLocked=false}_<system>, Task{1eae19b #12037 type=standard A=10455:com.callmenot.app}, WallpaperWindowToken{35c8ac5 showWhenLocked=true}_<lock>, ActivityRecord{230227071 u0 com.callmenot.app/.MainActivity t12037}}
01-04 10:09:19.952  2448  2538 V WindowManager:   Final targets: [ChangeInfo{634e577 container=Task{1eae19b #12037 type=standard A=10455:com.callmenot.app} flags=0x30}, ChangeInfo{794c568 container=Task{b4449bb #11929 type=recents I=com.sec.android.app.launcher/com.android.quickstep.RecentsActivity} flags=0x10}, ChangeInfo{16ef605 container=WallpaperWindowToken{145e970 showWhenLocked=false}_<system> flags=0x0}]
01-04 10:09:19.953  2448  2538 I SurfaceControlRegistry: show, t=StartTransaction_SyncId<1110> sc=ActivityRecord{230227071 u0 com.callmenot.app/.MainActivity t12037}, caller=android.view.SurfaceControl$Transaction.show:3557 com.android.server.wm.Transition.onTransactionReady:2048 com.android.server.wm.BLASTSyncEngine$SyncGroup.finishNow:240 com.android.server.wm.BLASTSyncEngine.onSurfacePlacement:263 com.android.server.wm.RootWindowContainer.performSurfacePlacementNoTrace:1083 com.android.server.wm.WindowSurfacePlacer.performSurfacePlacement:166 
01-04 10:09:19.953  2448  2538 V WindowManager:         {WCT{RemoteToken{387a3ae Task{1eae19b #12037 type=standard A=10455:com.callmenot.app}}} m=TO_FRONT f=MOVE_TO_TOP leash=Surface(name=Task=12037)/@0x1d79db0 sb=Rect(0, 0 - 1080, 2340) eb=Rect(0, 0 - 1080, 2340) epz=Point(1080, 2340) d=0 taskParent=-1 inset=Rect(0, 81 - 0, 144) dim=true},
