01-04 09:56:43.954  4097  1478 E LoadedApk: Exception : java.lang.NullPointerException: Attempt to invoke virtual method 'boolean android.os.Looper.isPerfLogEnable()' on a null object reference
01-04 09:56:43.997  3252  3252 W Bundle  : Attempt to cast generated internal exception:
01-04 09:56:43.997  3252  3252 W Bundle  : java.lang.ClassCastException: java.lang.Integer cannot be cast to java.lang.String
01-04 09:56:44.007  3252  3252 W Bundle  : Attempt to cast generated internal exception:
01-04 09:56:44.007  3252  3252 W Bundle  : java.lang.ClassCastException: java.lang.Integer cannot be cast to java.lang.String
01-04 09:56:59.324  7339  7361 I RemoteConfig: init() {android.animatedStickerMinMemory=193, android.animatedStickerMinTotalMemory=3072, android.attachments.maxCount=32, android.automaticSessionReset.2=true, android.backupsBetaMegaphone=false, android.callQualitySurveyPPM=*:100, android.calling.audioDeviceConfig=[{"target":{"include":["FP4","FP5"]},"settings":{"oboe":true,"softwareAec":true,"softwareNs":true,"inVoiceComm":false},"final":true},{"target":{"custom":false,"include":["Redmi Note 5","FP2","M1901F7*","ASUS_I006D","motorola one power","FP3","S22 FLIP","Mi Note 10","SM-S215DL","T810S","CPH2067"]},"settings":{"softwareAec":true,"softwareNs":true}},{"target":{"custom":true,"include":["ONEPLUS A5010","POCO F1","SM-A320FL","ONEPLUS A3003","ONEPLUS A5000","SM-G900F","SM-G800F","M2012K11AG","SM-G930*","Mi A3"]},"settings":{"softwareAec":true,"softwareNs":true}},{"target":{"custom":true,"exclude":["Pixel 3","SM-G970F","SM-G973F","M2012K11AG"]},"settings":{"oboe":true}}], android.calling.fieldTrial.anyAddressPortsKillSwitch=true, android.calling.telecomAllowList=false, android.calling.telecomModelBlockList=SM-G930F,SM-G950F,SM-N950*,SM-J737V,SC-02*,SM-A105*,SM-A530*, android.cameraXMixedModelBlockList=Pixel 3,Pixel 4,Pixel 4 XL,SM-G930T,SM-G930V,YAL-L21,YAL-AL00,YAL-TL00,VOG-L29,VOG-L09,VOG-AL00,VOG-TL00,VOG-L04,VOG-AL10,HW-02L,EVR-L29,EVR-AL00,EVR-TL00,CPH2583,CPH2573,CPH2581,SM-A336E,MAR-LX1A,FP4,NX769J, android.cameraXModelBlockList=ALE-L21,GT-N7100,GT-N8000,COL-L29,C66,C66_EEA,Xperia 10 IV,RMX2193, android.cds.hardLimit=50000, android.connectivityWarningConfig={"thresholdHours":72,"percentDebugPrompt":3}, android.crashPromptConfig.2=[{"name":"RuntimeException","percent":1},{"name":"MissingRecipientException","percent":1},{"name":"ContentTooLargeException","percent":50}], android.defaultMaxBackoff=60, android.deviceSpecificNotificationConfig=[{"model":"AI2202*","link":"https://support.signal.org/hc/articles/7516008763674-Zenfone-9-and-Zenfone-10-Notifications","showConditionCode":"has-battery-optimization-on","localePercent":"*:1000000","version":1},{"model":"AI2302","link":"https://support.signal.org/hc/articles/7516008763674-Zenfone-9-and-Zenfone-10-Notifications","showConditionCode":"has-battery-optimization-on","localePercent":"*:1000000","version":1},{"manufacturer":"asus","link":"https://support.signal.org/hc/articles/7821813263386-Zenfone-Notifications","showConditionCode":"has-slow-notifications","localePercent":"*:1000000","version":1},{"manufacturer":"huawei","link":"https://support.signal.org/hc/articles/7739243072026-Huawei-Notifications","showConditionCode":"has-slow-notifications","localePercent":"*:1000000","version":1},{"model":"ANE-*","link":"https://support.signal.org/hc/en-us/articles/7739243072026-Huawei-P20-Lite-Notifications","showConditionCode":"has-slow-notifications","localePercent":"*:1000000","version":1},{"manufacturer":"xiaomi","link":"https://support.signal.org/hc/articles/7821674889242-Xiaomi-Notifications","showConditionCode":"has-slow-notifications","localePercent":"*:1000000","version":1},{"model":"M2003J15S*","link":"https://support.signal.org/hc/articles/7698371275034-Xiaomi-Redmi-Note-9-Notifications","showConditionCode":"has-slow-notifications","localePercent":"*:1000000","version":1},{"manufacturer":"samsung","link":"https://support.signal.org/hc/articles/7874157231002-Samsung-Notifications","showConditionCode":"has-slow-notifications","localePercent":"*:1000000","version":1},{"model":"SM-A546*","link":"https://support.signal.org/hc/articles/7874151545114-Samsung-A54-Notifications","showConditionCode":"has-slow-notifications","localePercent":"*:1000000","version":1},{"model":"CPH24*","link":"https://support.signal.org/hc/articles/7923771909274-OnePlus-11-Notifications","showConditionCode":"has-slow-notifications","localePercent":"*:1000000","version":1},{"model":"PHB110","link":"https://support.signal.org/hc/en-us/articles/7923771909274-OnePlus-11-Notifications","showConditionCode":"has-slow-notifications","localePercent":"*:1000000","version":1},{"manu
01-04 09:56:59.330  7339  7361 I RemoteConfig: init() {android.animatedStickerMinMemory=193, android.animatedStickerMinTotalMemory=3072, android.attachments.maxCount=32, android.automaticSessionReset.2=true, android.backupsBetaMegaphone=false, android.callQualitySurveyPPM=*:100, android.calling.audioDeviceConfig=[{"target":{"include":["FP4","FP5"]},"settings":{"oboe":true,"softwareAec":true,"softwareNs":true,"inVoiceComm":false},"final":true},{"target":{"custom":false,"include":["Redmi Note 5","FP2","M1901F7*","ASUS_I006D","motorola one power","FP3","S22 FLIP","Mi Note 10","SM-S215DL","T810S","CPH2067"]},"settings":{"softwareAec":true,"softwareNs":true}},{"target":{"custom":true,"include":["ONEPLUS A5010","POCO F1","SM-A320FL","ONEPLUS A3003","ONEPLUS A5000","SM-G900F","SM-G800F","M2012K11AG","SM-G930*","Mi A3"]},"settings":{"softwareAec":true,"softwareNs":true}},{"target":{"custom":true,"exclude":["Pixel 3","SM-G970F","SM-G973F","M2012K11AG"]},"settings":{"oboe":true}}], android.calling.fieldTrial.anyAddressPortsKillSwitch=true, android.calling.telecomAllowList=false, android.calling.telecomModelBlockList=SM-G930F,SM-G950F,SM-N950*,SM-J737V,SC-02*,SM-A105*,SM-A530*, android.cameraXMixedModelBlockList=Pixel 3,Pixel 4,Pixel 4 XL,SM-G930T,SM-G930V,YAL-L21,YAL-AL00,YAL-TL00,VOG-L29,VOG-L09,VOG-AL00,VOG-TL00,VOG-L04,VOG-AL10,HW-02L,EVR-L29,EVR-AL00,EVR-TL00,CPH2583,CPH2573,CPH2581,SM-A336E,MAR-LX1A,FP4,NX769J, android.cameraXModelBlockList=ALE-L21,GT-N7100,GT-N8000,COL-L29,C66,C66_EEA,Xperia 10 IV,RMX2193, android.cds.hardLimit=50000, android.connectivityWarningConfig={"thresholdHours":72,"percentDebugPrompt":3}, android.crashPromptConfig.2=[{"name":"RuntimeException","percent":1},{"name":"MissingRecipientException","percent":1},{"name":"ContentTooLargeException","percent":50}], android.defaultMaxBackoff=60, android.deviceSpecificNotificationConfig=[{"model":"AI2202*","link":"https://support.signal.org/hc/articles/7516008763674-Zenfone-9-and-Zenfone-10-Notifications","showConditionCode":"has-battery-optimization-on","localePercent":"*:1000000","version":1},{"model":"AI2302","link":"https://support.signal.org/hc/articles/7516008763674-Zenfone-9-and-Zenfone-10-Notifications","showConditionCode":"has-battery-optimization-on","localePercent":"*:1000000","version":1},{"manufacturer":"asus","link":"https://support.signal.org/hc/articles/7821813263386-Zenfone-Notifications","showConditionCode":"has-slow-notifications","localePercent":"*:1000000","version":1},{"manufacturer":"huawei","link":"https://support.signal.org/hc/articles/7739243072026-Huawei-Notifications","showConditionCode":"has-slow-notifications","localePercent":"*:1000000","version":1},{"model":"ANE-*","link":"https://support.signal.org/hc/en-us/articles/7739243072026-Huawei-P20-Lite-Notifications","showConditionCode":"has-slow-notifications","localePercent":"*:1000000","version":1},{"manufacturer":"xiaomi","link":"https://support.signal.org/hc/articles/7821674889242-Xiaomi-Notifications","showConditionCode":"has-slow-notifications","localePercent":"*:1000000","version":1},{"model":"M2003J15S*","link":"https://support.signal.org/hc/articles/7698371275034-Xiaomi-Redmi-Note-9-Notifications","showConditionCode":"has-slow-notifications","localePercent":"*:1000000","version":1},{"manufacturer":"samsung","link":"https://support.signal.org/hc/articles/7874157231002-Samsung-Notifications","showConditionCode":"has-slow-notifications","localePercent":"*:1000000","version":1},{"model":"SM-A546*","link":"https://support.signal.org/hc/articles/7874151545114-Samsung-A54-Notifications","showConditionCode":"has-slow-notifications","localePercent":"*:1000000","version":1},{"model":"CPH24*","link":"https://support.signal.org/hc/articles/7923771909274-OnePlus-11-Notifications","showConditionCode":"has-slow-notifications","localePercent":"*:1000000","version":1},{"model":"PHB110","link":"https://support.signal.org/hc/en-us/articles/7923771909274-OnePlus-11-Notifications","showConditionCode":"has-slow-notifications","localePercent":"*:1000000","version":1},{"manu
01-04 09:57:00.138  2448  2448 E NotifHistoryProto: java.lang.NullPointerException: Attempt to invoke virtual method 'int android.graphics.drawable.Icon.getType()' on a null object reference
01-04 09:57:00.138  2448  2448 E NotifHistoryProto: java.lang.NullPointerException: Attempt to invoke virtual method 'int android.graphics.drawable.Icon.getType()' on a null object reference
01-04 09:57:00.138  2448  2448 E NotifHistoryProto: java.lang.NullPointerException: Attempt to invoke virtual method 'int android.graphics.drawable.Icon.getType()' on a null object reference
01-04 09:57:00.153  2448  2448 E NotifHistoryProto: java.lang.NullPointerException: Attempt to invoke virtual method 'int android.graphics.drawable.Icon.getType()' on a null object reference
01-04 09:57:00.153  2448  2448 E NotifHistoryProto: java.lang.NullPointerException: Attempt to invoke virtual method 'int android.graphics.drawable.Icon.getType()' on a null object reference
01-04 09:57:00.153  2448  2448 E NotifHistoryProto: java.lang.NullPointerException: Attempt to invoke virtual method 'int android.graphics.drawable.Icon.getType()' on a null object reference
01-04 09:57:00.153  2448  2448 E NotifHistoryProto: java.lang.NullPointerException: Attempt to invoke virtual method 'int android.graphics.drawable.Icon.getType()' on a null object reference
01-04 09:57:00.153  2448  2448 E NotifHistoryProto: java.lang.NullPointerException: Attempt to invoke virtual method 'int android.graphics.drawable.Icon.getType()' on a null object reference
01-04 09:57:00.153  2448  2448 E NotifHistoryProto: java.lang.NullPointerException: Attempt to invoke virtual method 'int android.graphics.drawable.Icon.getType()' on a null object reference
01-04 09:57:00.154  2448  2448 E NotifHistoryProto: java.lang.NullPointerException: Attempt to invoke virtual method 'int android.graphics.drawable.Icon.getType()' on a null object reference
01-04 09:57:00.154  2448  2448 E NotifHistoryProto: java.lang.NullPointerException: Attempt to invoke virtual method 'int android.graphics.drawable.Icon.getType()' on a null object reference
01-04 09:57:00.154  2448  2448 E NotifHistoryProto: java.lang.NullPointerException: Attempt to invoke virtual method 'int android.graphics.drawable.Icon.getType()' on a null object reference
01-04 09:57:00.154  2448  2448 E NotifHistoryProto: java.lang.NullPointerException: Attempt to invoke virtual method 'int android.graphics.drawable.Icon.getType()' on a null object reference
01-04 09:57:00.154  2448  2448 E NotifHistoryProto: java.lang.NullPointerException: Attempt to invoke virtual method 'int android.graphics.drawable.Icon.getType()' on a null object reference
01-04 09:57:00.154  2448  2448 E NotifHistoryProto: java.lang.NullPointerException: Attempt to invoke virtual method 'int android.graphics.drawable.Icon.getType()' on a null object reference
01-04 09:57:00.154  2448  2448 E NotifHistoryProto: java.lang.NullPointerException: Attempt to invoke virtual method 'int android.graphics.drawable.Icon.getType()' on a null object reference
01-04 09:57:00.155  2448  2448 E NotifHistoryProto: java.lang.NullPointerException: Attempt to invoke virtual method 'int android.graphics.drawable.Icon.getType()' on a null object reference
01-04 09:57:00.155  2448  2448 E NotifHistoryProto: java.lang.NullPointerException: Attempt to invoke virtual method 'int android.graphics.drawable.Icon.getType()' on a null object reference
01-04 09:57:03.855  2448  2448 I SAccessoryManager_SAccessoryManager: File read fail java.io.FileNotFoundException: sys/class/power_supply/battery/wpc_auth_mode: open failed: ENOENT (No such file or directory)
01-04 09:57:19.437  7339  7361 I LibSignalChatConnection: org.signal.libsignal.net.TransportFailureException: websocket error: IO error: connection aborted
01-04 09:57:19.438  7339  7361 I LibSignalChatConnection: org.signal.libsignal.net.TransportFailureException: websocket error: IO error: connection aborted
01-04 09:57:19.439  7339  7361 W IncomingMessageObserver: java.io.IOException: Connection closed!
01-04 09:57:25.211  7495  7495 D d       : ExceptionHandlerManager not explicitly initialized, using default mode
01-04 09:57:25.211  7495  7495 D d       : initializing exception handler manager, prioritized=true
01-04 09:57:25.241  7495  7495 E SQLiteDatabase: android.database.sqlite.SQLiteCantOpenDatabaseException: Cannot open database [unable to open database file (code 1806 SQLITE_CANTOPEN_ENOENT[1806]): No such file or directory] '/data/user/0/com.facebook.appmanager/databases/androidx.work.workdb' with flags 0x0: File /data/user/0/com.facebook.appmanager/databases/androidx.work.workdb doesn't exist
01-04 09:57:25.241  7495  7495 E SQLiteDatabase: Caused by: android.database.sqlite.SQLiteCantOpenDatabaseException: unable to open database file (code 1806 SQLITE_CANTOPEN_ENOENT[1806]): No such file or directory
01-04 09:57:26.365  2448  2596 I AppsFilter: interaction: PackageSetting{c8d445f com.callmenot.app/10454} -> PackageSetting{3753eac com.facebook.appmanager/10176} BLOCKED
01-04 09:57:26.917  7584  7605 W Bundle  : Attempt to cast generated internal exception:
01-04 09:57:26.917  7584  7605 W Bundle  : java.lang.ClassCastException: Cannot cast com.samsung.euicc.lib.message.ListProfileInfo to com.samsung.euicc.lib.message.Response
01-04 09:57:27.399  3750  5572 I HoneySpace.SuggestAppDecor: getInstaller: com.callmenot.app [com.google.android.packageinstaller]
01-04 09:57:33.724  4097  6867 E LoadedApk: Exception : java.lang.NullPointerException: Attempt to invoke virtual method 'boolean android.os.Looper.isPerfLogEnable()' on a null object reference
01-04 09:57:33.761  2448  2448 W System.err: java.lang.NullPointerException: Attempt to invoke interface method 'android.os.IBinder android.os.IBinder.getExtension()' on a null object reference
01-04 09:57:33.769  4097 27408 E LoadedApk: Exception : java.lang.NullPointerException: Attempt to invoke virtual method 'boolean android.os.Looper.isPerfLogEnable()' on a null object reference
01-04 09:57:33.778  4097 27408 E LoadedApk: Exception : java.lang.NullPointerException: Attempt to invoke virtual method 'boolean android.os.Looper.isPerfLogEnable()' on a null object reference
01-04 09:57:39.328  3252  3252 E ClockPackSettingsUtils: isRoamingState: android.provider.Settings$SettingNotFoundException: easy_mode_switch
01-04 09:57:39.335  3252  3252 E ClockPackSettingsUtils: isRoamingState: android.provider.Settings$SettingNotFoundException: easy_mode_switch
01-04 09:57:39.360  3252  3252 W Bundle  : Attempt to cast generated internal exception:
01-04 09:57:39.360  3252  3252 W Bundle  : java.lang.ClassCastException: java.lang.Integer cannot be cast to java.lang.String
01-04 09:57:39.361  3252  3252 W Bundle  : Attempt to cast generated internal exception:
01-04 09:57:39.361  3252  3252 W Bundle  : java.lang.ClassCastException: java.lang.Integer cannot be cast to java.lang.String
01-04 09:57:39.364  4097  7335 E LoadedApk: Exception : java.lang.NullPointerException: Attempt to invoke virtual method 'boolean android.os.Looper.isPerfLogEnable()' on a null object reference
01-04 09:57:39.381  4097  1478 E LoadedApk: Exception : java.lang.NullPointerException: Attempt to invoke virtual method 'boolean android.os.Looper.isPerfLogEnable()' on a null object reference
01-04 09:57:39.394  4097  1478 E LoadedApk: Exception : java.lang.NullPointerException: Attempt to invoke virtual method 'boolean android.os.Looper.isPerfLogEnable()' on a null object reference
01-04 09:57:57.368  4097  6867 E LoadedApk: Exception : java.lang.NullPointerException: Attempt to invoke virtual method 'boolean android.os.Looper.isPerfLogEnable()' on a null object reference
01-04 09:57:57.387  2448  2448 W System.err: java.lang.NullPointerException: Attempt to invoke interface method 'android.os.IBinder android.os.IBinder.getExtension()' on a null object reference
01-04 09:57:57.395  4097  1478 E LoadedApk: Exception : java.lang.NullPointerException: Attempt to invoke virtual method 'boolean android.os.Looper.isPerfLogEnable()' on a null object reference
01-04 09:57:57.397  4097  1478 E LoadedApk: Exception : java.lang.NullPointerException: Attempt to invoke virtual method 'boolean android.os.Looper.isPerfLogEnable()' on a null object reference
01-04 09:58:01.144  7339  7339 V InputMethodManagerUtils: getMaxLengthForEditText InputFilter = java.lang.NoSuchMethodException: org.thoughtcrime.securesms.components.emoji.EmojiFilter.getMaxLength []
01-04 09:58:01.146  7339  7339 V InputMethodManagerUtils: getMaxLengthForEditText InputFilter = java.lang.NoSuchMethodException: org.thoughtcrime.securesms.components.emoji.EmojiFilter.getMaxLength []
01-04 09:58:01.612  2448  2448 E NotifHistoryProto: java.lang.NullPointerException: Attempt to invoke virtual method 'int android.graphics.drawable.Icon.getType()' on a null object reference
01-04 09:58:01.612  2448  2448 E NotifHistoryProto: java.lang.NullPointerException: Attempt to invoke virtual method 'int android.graphics.drawable.Icon.getType()' on a null object reference
01-04 09:58:01.612  2448  2448 E NotifHistoryProto: java.lang.NullPointerException: Attempt to invoke virtual method 'int android.graphics.drawable.Icon.getType()' on a null object reference
01-04 09:58:01.619  2448  2448 E NotifHistoryProto: java.lang.NullPointerException: Attempt to invoke virtual method 'int android.graphics.drawable.Icon.getType()' on a null object reference
01-04 09:58:01.619  2448  2448 E NotifHistoryProto: java.lang.NullPointerException: Attempt to invoke virtual method 'int android.graphics.drawable.Icon.getType()' on a null object reference
01-04 09:58:01.619  2448  2448 E NotifHistoryProto: java.lang.NullPointerException: Attempt to invoke virtual method 'int android.graphics.drawable.Icon.getType()' on a null object reference
01-04 09:58:01.622  2448  2448 E NotifHistoryProto: java.lang.NullPointerException: Attempt to invoke virtual method 'int android.graphics.drawable.Icon.getType()' on a null object reference
01-04 09:58:01.622  2448  2448 E NotifHistoryProto: java.lang.NullPointerException: Attempt to invoke virtual method 'int android.graphics.drawable.Icon.getType()' on a null object reference
01-04 09:58:01.623  2448  2448 E NotifHistoryProto: java.lang.NullPointerException: Attempt to invoke virtual method 'int android.graphics.drawable.Icon.getType()' on a null object reference
01-04 09:58:01.623  2448  2448 E NotifHistoryProto: java.lang.NullPointerException: Attempt to invoke virtual method 'int android.graphics.drawable.Icon.getType()' on a null object reference
01-04 09:58:01.623  2448  2448 E NotifHistoryProto: java.lang.NullPointerException: Attempt to invoke virtual method 'int android.graphics.drawable.Icon.getType()' on a null object reference
01-04 09:58:01.623  2448  2448 E NotifHistoryProto: java.lang.NullPointerException: Attempt to invoke virtual method 'int android.graphics.drawable.Icon.getType()' on a null object reference
01-04 09:58:01.627  2448  2448 E NotifHistoryProto: java.lang.NullPointerException: Attempt to invoke virtual method 'int android.graphics.drawable.Icon.getType()' on a null object reference
01-04 09:58:01.627  2448  2448 E NotifHistoryProto: java.lang.NullPointerException: Attempt to invoke virtual method 'int android.graphics.drawable.Icon.getType()' on a null object reference
01-04 09:58:01.627  2448  2448 E NotifHistoryProto: java.lang.NullPointerException: Attempt to invoke virtual method 'int android.graphics.drawable.Icon.getType()' on a null object reference
01-04 09:58:01.627  2448  2448 E NotifHistoryProto: java.lang.NullPointerException: Attempt to invoke virtual method 'int android.graphics.drawable.Icon.getType()' on a null object reference
01-04 09:58:01.628  2448  2448 E NotifHistoryProto: java.lang.NullPointerException: Attempt to invoke virtual method 'int android.graphics.drawable.Icon.getType()' on a null object reference
01-04 09:58:01.628  2448  2448 E NotifHistoryProto: java.lang.NullPointerException: Attempt to invoke virtual method 'int android.graphics.drawable.Icon.getType()' on a null object reference
01-04 09:58:01.628  2448  2448 E NotifHistoryProto: java.lang.NullPointerException: Attempt to invoke virtual method 'int android.graphics.drawable.Icon.getType()' on a null object reference
01-04 09:58:01.628  2448  2448 E NotifHistoryProto: java.lang.NullPointerException: Attempt to invoke virtual method 'int android.graphics.drawable.Icon.getType()' on a null object reference
01-04 09:58:01.628  2448  2448 E NotifHistoryProto: java.lang.NullPointerException: Attempt to invoke virtual method 'int android.graphics.drawable.Icon.getType()' on a null object reference
01-04 09:58:01.629  2448  2448 E NotifHistoryProto: java.lang.NullPointerException: Attempt to invoke virtual method 'int android.graphics.drawable.Icon.getType()' on a null object reference
01-04 09:58:01.629  2448  2448 E NotifHistoryProto: java.lang.NullPointerException: Attempt to invoke virtual method 'int android.graphics.drawable.Icon.getType()' on a null object reference
01-04 09:58:01.629  2448  2448 E NotifHistoryProto: java.lang.NullPointerException: Attempt to invoke virtual method 'int android.graphics.drawable.Icon.getType()' on a null object reference
01-04 09:58:01.629  2448  2448 E NotifHistoryProto: java.lang.NullPointerException: Attempt to invoke virtual method 'int android.graphics.drawable.Icon.getType()' on a null object reference
01-04 09:58:01.629  2448  2448 E NotifHistoryProto: java.lang.NullPointerException: Attempt to invoke virtual method 'int android.graphics.drawable.Icon.getType()' on a null object reference
01-04 09:58:01.629  2448  2448 E NotifHistoryProto: java.lang.NullPointerException: Attempt to invoke virtual method 'int android.graphics.drawable.Icon.getType()' on a null object reference
01-04 09:58:28.386  3750  3750 I HoneySpace.AppLabelTextView: CallMeNot : letterSpacing 0.0 : width 216
01-04 09:58:28.902  8152  8168 W C       : Unmapping is not supported on this platform, because internal Java APIs are not compatible with this Lucene version: java.lang.NoSuchMethodException: invokeCleaner [class java.nio.ByteBuffer]
01-04 09:58:29.854  3750  3750 I HoneySpace.AppsCardItemViewHolder: SecondaryLongClick of CallMeNot
01-04 09:58:29.874  3750  3750 I HoneySpace.AppsCardItemViewHolder: SecondaryLongClick of CallMeNot
01-04 09:58:29.899  3750  3750 I HoneySpace.AppsCardItemViewHolder: SecondaryLongClick of CallMeNot
01-04 09:58:29.907  3750  3750 I HoneySpace.AppsCardItemViewHolder: SecondaryLongClick of CallMeNot
01-04 09:58:29.915  3750  3750 I HoneySpace.AppsCardItemViewHolder: SecondaryLongClick of CallMeNot
01-04 09:58:29.924  3750  3750 I HoneySpace.AppsCardItemViewHolder: SecondaryLongClick of CallMeNot
01-04 09:58:29.932  3750  3750 I HoneySpace.AppsCardItemViewHolder: SecondaryLongClick of CallMeNot
01-04 09:58:29.940  3750  3750 I HoneySpace.AppsCardItemViewHolder: SecondaryLongClick of CallMeNot
01-04 09:58:29.949  3750  3750 I HoneySpace.AppsCardItemViewHolder: SecondaryLongClick of CallMeNot
01-04 09:58:29.957  3750  3750 I HoneySpace.AppsCardItemViewHolder: SecondaryLongClick of CallMeNot
01-04 09:58:29.965  3750  3750 I HoneySpace.AppsCardItemViewHolder: SecondaryLongClick of CallMeNot
01-04 09:58:29.974  3750  3750 I HoneySpace.AppsCardItemViewHolder: SecondaryLongClick of CallMeNot
01-04 09:58:29.982  3750  3750 I HoneySpace.AppsCardItemViewHolder: SecondaryLongClick of CallMeNot
01-04 09:58:29.999  3750  3750 I HoneySpace.AppsCardItemViewHolder: SecondaryLongClick of CallMeNot
01-04 09:58:30.007  3750  3750 I HoneySpace.AppsCardItemViewHolder: SecondaryLongClick of CallMeNot
01-04 09:58:30.024  3750  3750 I HoneySpace.AppsCardItemViewHolder: SecondaryLongClick of CallMeNot
01-04 09:58:30.066  3750  3750 I HoneySpace.AppsCardItemViewHolder: SecondaryLongClick of CallMeNot
01-04 09:58:30.082  3750  3750 I HoneySpace.AppsCardItemViewHolder: SecondaryLongClick of CallMeNot
01-04 09:58:30.133  3750  3750 I HoneySpace.AppsCardItemViewHolder: SecondaryLongClick of CallMeNot
01-04 09:58:30.141  3750  3750 I HoneySpace.AppsCardItemViewHolder: SecondaryLongClick of CallMeNot
01-04 09:58:30.200  3750  3750 I HoneySpace.AppsCardItemViewHolder: SecondaryLongClick of CallMeNot
01-04 09:58:30.217  3750  3750 I HoneySpace.AppsCardItemViewHolder: SecondaryLongClick of CallMeNot
01-04 09:58:30.225  3750  3750 I HoneySpace.AppsCardItemViewHolder: SecondaryLongClick of CallMeNot
01-04 09:58:30.233  3750  3750 I HoneySpace.AppsCardItemViewHolder: SecondaryLongClick of CallMeNot
01-04 09:58:30.242  3750  3750 I HoneySpace.AppsCardItemViewHolder: SecondaryLongClick of CallMeNot
01-04 09:58:30.258  3750  3750 I HoneySpace.AppsCardItemViewHolder: SecondaryLongClick of CallMeNot
01-04 09:58:30.267  3750  3750 I HoneySpace.AppsCardItemViewHolder: SecondaryLongClick of CallMeNot
01-04 09:58:30.275  3750  3750 I HoneySpace.AppsCardItemViewHolder: SecondaryLongClick of CallMeNot
01-04 09:58:30.284  3750  3750 I HoneySpace.AppsCardItemViewHolder: SecondaryLongClick of CallMeNot
01-04 09:58:30.292  3750  3750 I HoneySpace.AppsCardItemViewHolder: SecondaryLongClick of CallMeNot
01-04 09:58:30.300  3750  3750 I HoneySpace.AppsCardItemViewHolder: SecondaryLongClick of CallMeNot
01-04 09:58:30.309  3750  3750 I HoneySpace.AppsCardItemViewHolder: SecondaryLongClick of CallMeNot
01-04 09:58:30.354  3750  3750 I HoneySpace.AppsCardItemViewHolder: longClick of CallMeNot
01-04 09:58:30.392  3750  3750 I HoneySpace.AppsCardItemViewHolder: SecondaryLongClick of CallMeNot
01-04 09:58:30.400  3750  3750 I HoneySpace.AppsCardItemViewHolder: SecondaryLongClick of CallMeNot
01-04 09:58:30.409  3750  3750 I HoneySpace.AppsCardItemViewHolder: SecondaryLongClick of CallMeNot
01-04 09:58:30.417  3750  3750 I HoneySpace.AppsCardItemViewHolder: SecondaryLongClick of CallMeNot
01-04 09:58:30.425  3750  3750 I HoneySpace.AppsCardItemViewHolder: SecondaryLongClick of CallMeNot
01-04 09:58:30.459  3750  3750 I HoneySpace.AppsCardItemViewHolder: SecondaryLongClick of CallMeNot
01-04 09:58:30.471  3750  3750 I HoneySpace.AppsCardItemViewHolder: SecondaryLongClick of CallMeNot
01-04 09:58:30.476  3750  3750 I HoneySpace.AppsCardItemViewHolder: SecondaryLongClick of CallMeNot
01-04 09:58:30.484  3750  3750 I HoneySpace.AppsCardItemViewHolder: SecondaryLongClick of CallMeNot
01-04 09:58:30.526  3750  3750 I HoneySpace.AppsCardItemViewHolder: SecondaryLongClick of CallMeNot
01-04 09:58:30.534  3750  3750 I HoneySpace.AppsCardItemViewHolder: SecondaryLongClick of CallMeNot
01-04 09:58:30.559  3750  3750 I HoneySpace.AppsCardItemViewHolder: SecondaryLongClick of CallMeNot
01-04 09:58:30.568  3750  3750 I HoneySpace.AppsCardItemViewHolder: SecondaryLongClick of CallMeNot
01-04 09:58:30.674  3750  3750 I HoneySpace.AppsCardItemViewHolder: SecondaryLongClick of CallMeNot
01-04 09:58:30.675  3750  3750 I HoneySpace.AppsCardItemViewHolder: SecondaryLongClick of CallMeNot
01-04 09:58:32.695  8204  8204 I UninstallerActivity: Uninstalling extras=Bundle[{com.android.packageinstaller.extra.IS_CLONE_APP=false, com.android.packageinstaller.extra.APP_LABEL=CallMeNot, com.android.packageinstaller.applicationInfo=ApplicationInfo{c9bc9d0 com.callmenot.app}, android.intent.extra.UNINSTALL_ALL_USERS=false, com.android.packageinstaller.extra.UNINSTALL_ID=-2147483640}]
01-04 09:58:32.697  2448  3531 I PackageManager: pkg{com.callmenot.app}, user{0}, caller{10077} flags{0}
01-04 09:58:32.702  2448  2543 I ActivityManager: Force stopping com.callmenot.app appid=10454 user=0: deletePackageX
01-04 09:58:32.707  2448  2543 I ActivityManager:   Force stopping service ServiceRecord{5761852 u0 com.callmenot.app/.service.SamsungCallBlockerService c:com.callmenot.app}
01-04 09:58:32.707  2448  2543 I ActivityManager:   Force stopping service ServiceRecord{536d987 u0 com.callmenot.app/.service.ProtectionNotificationService c:com.callmenot.app}
01-04 09:58:32.960  2448  2543 W NotificationService: com.callmenot.app:10454 trying to cancel notification for nonexistent pkg com.callmenot.app in user 0
01-04 09:58:32.964  2448  2543 W NotificationService: com.callmenot.app:10454 trying to cancel notification for nonexistent pkg com.callmenot.app in user 0
01-04 09:58:32.996  2448  3114 D BackgroundInstallControlService: handlePackageRemove: removing com.callmenot.app from 0
01-04 09:58:33.013  2448  2596 D AASA_PackageManager_RESTRICTED: Uninstall : userId = 0, info.uid = 10454, packageName = com.callmenot.app
01-04 09:58:33.024  8204  8204 I UninstallFinish: Uninstall finished extras=Bundle[{android.content.pm.extra.STATUS=0, com.android.packageinstaller.extra.IS_CLONE_APP=false, android.content.pm.extra.PACKAGE_NAME=com.callmenot.app, com.android.packageinstaller.extra.APP_LABEL=CallMeNot, com.android.packageinstaller.applicationInfo=Supplier{VAL_PARCELABLE@532+1276}, android.intent.extra.UNINSTALL_ALL_USERS=false, android.content.pm.extra.LEGACY_STATUS=1, com.android.packageinstaller.extra.UNINSTALL_ID=-2147483640, android.content.pm.extra.STATUS_MESSAGE=DELETE_SUCCEEDED}]
01-04 09:58:33.024  2448  2596 I ActivityManager: Force stopping com.callmenot.app appid=10454 user=0: pkg removed
01-04 09:58:33.049  2448  2596 I ActivityManager: Force stopping com.callmenot.app appid=10454 user=0: pkg removed
01-04 09:58:33.069  3221  3221 D CarrierSvcBindHelper: onPackageRemoved: com.callmenot.app
01-04 09:58:33.073  3221  3741 I SatelliteAppTracker: onPackageRemoved : com.callmenot.app
01-04 09:58:33.082  2448  3071 D AS.AudioService: com.callmenot.app(10454) is removed
01-04 09:58:33.083  2448  3113 D ShortcutService: removing package: com.callmenot.app userId=0
01-04 09:58:33.084  2448  3037 W WifiService: Couldn't get PackageInfo for package:com.callmenot.app
01-04 09:58:33.084  2448  3037 D WifiService: Remove settings for package:com.callmenot.app
01-04 09:58:33.086  2448  3037 D WifiConfigManager: Remove all networks for app ApplicationInfo{4c96a79 com.callmenot.app}
01-04 09:58:33.109  3221  3221 I VvmPkgInstalledRcvr: packageName: com.callmenot.app, systemDialer: com.samsung.android.dialer
01-04 09:58:33.118  4365  4488 I PackageInfoManager_FLP: action : ACTION_PACKAGE_REMOVED, packageName = com.callmenot.app
01-04 09:58:33.118  3252  3252 D Navbar.Store: handleEvent(0) OnPackageRemoved(packageName=com.callmenot.app) [Module] NavBarStoreImpl
01-04 09:58:33.125  2448  2918 D UsageStatsService: onPackageRemoved com.callmenot.app
01-04 09:58:33.128  3252  3252 D KeyguardShortcutManager: onReceive : Intent.EXTRA_REPLACING false, com.callmenot.app
01-04 09:58:33.128  8152  8152 I SCS@AiSearch user 0: (PackageBroadcastReceiver) packageName: com.callmenot.app
01-04 09:58:33.128  8152  8152 I SCS@AiSearch user 0: (PackageBroadcastReceiver) Packages changed: com.callmenot.app
01-04 09:58:33.129 10406 10406 I SpayFw_PackageStateReceiver: PackageName : com.callmenot.app
01-04 09:58:33.146  4097 27408 E LoadedApk: Exception : java.lang.NullPointerException: Attempt to invoke virtual method 'boolean android.os.Looper.isPerfLogEnable()' on a null object reference
01-04 09:58:33.150  2448  3037 I PasspointManager: No app ops listener found for com.callmenot.app
01-04 09:58:33.150  2448  2448 D SdpManagerImpl.receiver: On android.intent.action.PACKAGE_REMOVED : DATA = package:com.callmenot.app, UID = 10454, UserId = 0, Is replacing? false
01-04 09:58:33.150  2448  2448 D SdpManagerImpl.receiver: ACTION_PACKAGE_REMOVED packageName:: com.callmenot.app
01-04 09:58:33.150  2448  2994 V StorageManagerService: Package com.callmenot.app does not have legacy storage
01-04 09:58:33.155  2448  3061 D LocationManagerService: package com.callmenot.app reset
01-04 09:58:33.164  3252  3252 D SecSTQuickControlRequestReceiver: onReceiveForPackage action = android.intent.action.PACKAGE_REMOVED, pkgName = com.callmenot.app
01-04 09:58:33.164  3252  3252 I GoodLockLifecycle: onPackageRemoved: com.callmenot.app
01-04 09:58:33.164  3252  3252 D FaceWidgetMusicViewModel: onPackageRemoved() pkg = com.callmenot.app, r = false
01-04 09:58:33.165  3252  3252 I SharedAppWidgetFacade:  onPackageRemoved com.callmenot.app
01-04 09:58:33.165  3252  3252 I SharedWidgetListManager:  provider removed com.callmenot.app , size = 60 ,  60
01-04 09:58:33.192  5026  5026 E SDHMS:PowerAnomaly:BatteryStatsDBProvider: delete Exception : no such table: 10454 (code 1 SQLITE_ERROR[1]): , while compiling: DELETE FROM [10454]
01-04 09:58:33.192  5026  5026 E SDHMS:PowerAnomaly:BatteryStatsDBProvider: delete Exception : cursor  null
01-04 09:58:33.192  5026  5026 W System.err: android.database.sqlite.SQLiteException: no such table: 10454 (code 1 SQLITE_ERROR[1]): , while compiling: DELETE FROM [10454]
01-04 09:58:33.194  2448  2899 D OverlayManager: onPackageRemoved pkgName=com.callmenot.app userId=0
01-04 09:58:33.194  2448  2899 I OverlayManager: updateOverlaysForTarget() called with: targetPackage = [com.callmenot.app], userId = [0], flags = [0]
01-04 09:58:33.225  2448  2950 D SEP_UNION_SemDeviceInfoManagerService: Package com.callmenot.app is removed on User 0 
01-04 09:58:33.225  2448  3037 W WifiService: Couldn't get PackageInfo for package:com.callmenot.app
01-04 09:58:33.225  2448  3037 D WifiService: Remove settings for package:com.callmenot.app
01-04 09:58:33.225  2448  3037 D WifiConfigManager: Remove all networks for app ApplicationInfo{621c595 com.callmenot.app}
01-04 09:58:33.225  2448  3037 I PasspointManager: No app ops listener found for com.callmenot.app
01-04 09:58:33.226  2448  2448 I Telecom : CarModeTracker: Package com.callmenot.app is not tracked.: SSH.oR@CtI
01-04 09:58:33.228  2448  3071 D SGM:GameManager: identifyGamePackage. com.callmenot.app, mCurrentUserId: 0, callingMethodInfo: com.samsung.android.game.SemGameManager.isGamePackage(SemGameManager.java:106)
01-04 09:58:33.228  2448  3071 D SGM:SemGameManager: isGamePackage(), pkgName=com.callmenot.app, ret=false
01-04 09:58:33.232  2448  3538 W Role    : Cannot get ApplicationInfo for package: com.callmenot.app
01-04 09:58:33.232  2448  3538 I RoleControllerServiceImpl: Removing package that no longer qualifies for the role, package: com.callmenot.app, role: android.app.role.CALL_SCREENING, user: 0
01-04 09:58:33.232  2448  3538 W RoleControllerServiceImpl: Cannot get ApplicationInfo for package: com.callmenot.app, user: 0
01-04 09:58:33.240  2448  3222 I Pageboost: remove app @ runtime : com.callmenot.app
01-04 09:58:33.246  2448  3215 D SdpManagerImpl: handlePackageRemoved - PackageName : com.callmenot.app, UserId : 0
01-04 09:58:33.247  3221  3221 W VvmPkgInstalledRcvr: carrierVvmPkgAdded: carrier vvm packages doesn't contain com.callmenot.app
01-04 09:58:33.253  2448  2923 I RollbackManager: broadcast=ACTION_PACKAGE_FULLY_REMOVED pkg=com.callmenot.app
01-04 09:58:33.294  4000  4000 I Finsky  : [2] AIM: AppInfoCacheUpdater -> invalidating apps: [com.callmenot.app]
01-04 09:58:33.301  4000  4050 I Finsky  : [140] AIM: AppInfoManager-Perf > OnDeviceAppInfo > cacheHitCount=0, cacheMissCount=1. Missed  in cache (limit 10) : [com.callmenot.app]
01-04 09:58:33.302  4000  4033 W ziparchive: Unable to open '/data/app/~~99jXfQwzxeWfHa7pcVIFLw==/com.callmenot.app-phSJjGjnMy6vVOvNiAp8rg==/base.apk': No such file or directory
01-04 09:58:33.307  2448  2448 I ConditionProviders: Disallowing condition provider com.callmenot.app (userSet: true)
01-04 09:58:33.330  4000  4033 E android.vending: Failed to open APK '/data/app/~~99jXfQwzxeWfHa7pcVIFLw==/com.callmenot.app-phSJjGjnMy6vVOvNiAp8rg==/base.apk': I/O error
01-04 09:58:33.447  2448  2448 D EnterpriseLicenseService: isPackageInstalled() - com.callmenot.app not found in user 0
01-04 09:58:33.481  2448  8316 I Telecom : SamsungTelecomServiceImpl : clearAccounts - packageName : com.callmenot.app / callingPid : 2448 / processName : sts / callingUser : UserHandle{0}
01-04 09:58:33.492  4097  8296 I ProximityAuth: [RecentAppsMediator] Package removed: (user=UserHandle{0}) com.callmenot.app
01-04 09:58:33.514  2448  4883 W AppSearchAppsUtil: android.content.pm.PackageManager$NameNotFoundException
01-04 09:58:33.515  2448  4883 W AppSearchAppsUtil: android.content.pm.PackageManager$NameNotFoundException
01-04 09:58:33.515  2448  4883 W AppSearchAppsUtil: android.content.pm.PackageManager$NameNotFoundException
01-04 09:58:33.515  2448  4883 W AppSearchAppsUtil: android.content.pm.PackageManager$NameNotFoundException
01-04 09:58:33.515  2448  4883 W AppSearchAppsUtil: android.content.pm.PackageManager$NameNotFoundException
01-04 09:58:33.515  2448  4883 W AppSearchAppsUtil: android.content.pm.PackageManager$NameNotFoundException
01-04 09:58:33.515  2448  4883 W AppSearchAppsUtil: android.content.pm.PackageManager$NameNotFoundException
01-04 09:58:33.515  2448  4883 W AppSearchAppsUtil: android.content.pm.PackageManager$NameNotFoundException
01-04 09:58:33.515  2448  4883 W AppSearchAppsUtil: android.content.pm.PackageManager$NameNotFoundException
01-04 09:58:33.515  2448  4883 W AppSearchAppsUtil: android.content.pm.PackageManager$NameNotFoundException
01-04 09:58:33.515  2448  4883 W AppSearchAppsUtil: android.content.pm.PackageManager$NameNotFoundException
01-04 09:58:33.516  2448  4883 W AppSearchAppsUtil: android.content.pm.PackageManager$NameNotFoundException
01-04 09:58:33.541  4000  8333 I Finsky  : [292] Asset module storage cleared for package com.callmenot.app.
01-04 09:58:33.551  4000  4033 W ResourcesManager: failed to preload asset path '/data/app/~~99jXfQwzxeWfHa7pcVIFLw==/com.callmenot.app-phSJjGjnMy6vVOvNiAp8rg==/base.apk'
01-04 09:58:33.551  4000  4033 W ResourcesManager: java.io.IOException: Failed to load asset path /data/app/~~99jXfQwzxeWfHa7pcVIFLw==/com.callmenot.app-phSJjGjnMy6vVOvNiAp8rg==/base.apk
01-04 09:58:33.552  4000  4033 W ziparchive: Unable to open '/data/app/~~99jXfQwzxeWfHa7pcVIFLw==/com.callmenot.app-phSJjGjnMy6vVOvNiAp8rg==/base.apk': No such file or directory
01-04 09:58:33.552  4000  4033 E android.vending: Failed to open APK '/data/app/~~99jXfQwzxeWfHa7pcVIFLw==/com.callmenot.app-phSJjGjnMy6vVOvNiAp8rg==/base.apk': I/O error
01-04 09:58:33.552  4000  4033 E ResourcesManager: failed to add asset path '/data/app/~~99jXfQwzxeWfHa7pcVIFLw==/com.callmenot.app-phSJjGjnMy6vVOvNiAp8rg==/base.apk'
01-04 09:58:33.552  4000  4033 E ResourcesManager: java.io.IOException: Failed to load asset path /data/app/~~99jXfQwzxeWfHa7pcVIFLw==/com.callmenot.app-phSJjGjnMy6vVOvNiAp8rg==/base.apk
01-04 09:58:33.552  4000  4033 W PackageManager: Failure retrieving resources for com.callmenot.app
01-04 09:58:33.556  2448  2542 I SGM:GameManager: PkgUpdateReceiver, onPackageRemoved(). pkgName=com.callmenot.app, userId=0
01-04 09:58:33.557  2448  2542 W SGM:Util: isPkgInstalled(), com.callmenot.app does not exist. 
01-04 09:58:33.557  2448  2542 D SGM:Util: isPkgInstalled(). pkgName=com.callmenot.app, userId=0, installed=false
01-04 09:58:33.557  2448  2542 D SGM:GosNotifyThread: sendPackageMessage(), changeType=1, pkgName=com.callmenot.app, userHandleId=0
01-04 09:58:33.581  4000  4041 I Finsky  : [134] AIM: AppInfoManager-Perf > OnDeviceAppInfo > cacheHitCount=0, cacheMissCount=1. Missed  in cache (limit 10) : [com.callmenot.app]
01-04 09:58:33.630  2448  2542 D MetaDataCollector: onReceive: done pkgName=com.callmenot.app
01-04 09:58:33.635  2448  2542 I SettingsProvider: onPackageRemoved (userId 0) PackageName = com.callmenot.app
01-04 09:58:33.638  2448  2542 I CredentialManager: updateProvidersWhenPackageRemoved)pkg=com.callmenot.app (0)
01-04 09:58:33.712  4000  4000 W Finsky  : [2] STU: Failed to get storage stats for package 'com.callmenot.app' (1601: Error getting stats: android.content.pm.PackageManager.NameNotFoundException)
01-04 09:58:33.841 21742  8329 W RWIPackageIntentOps: Registries cleared for package: com.callmenot.app
01-04 09:58:33.844  2448  2536 E NotifHistoryProto: java.lang.NullPointerException: Attempt to invoke virtual method 'int android.graphics.drawable.Icon.getType()' on a null object reference
01-04 09:58:33.844  2448  2536 E NotifHistoryProto: java.lang.NullPointerException: Attempt to invoke virtual method 'int android.graphics.drawable.Icon.getType()' on a null object reference
01-04 09:58:33.844  2448  2536 E NotifHistoryProto: java.lang.NullPointerException: Attempt to invoke virtual method 'int android.graphics.drawable.Icon.getType()' on a null object reference
01-04 09:58:33.849  2448  2536 E NotifHistoryProto: java.lang.NullPointerException: Attempt to invoke virtual method 'int android.graphics.drawable.Icon.getType()' on a null object reference
01-04 09:58:33.849  2448  2536 E NotifHistoryProto: java.lang.NullPointerException: Attempt to invoke virtual method 'int android.graphics.drawable.Icon.getType()' on a null object reference
01-04 09:58:33.849  2448  2536 E NotifHistoryProto: java.lang.NullPointerException: Attempt to invoke virtual method 'int android.graphics.drawable.Icon.getType()' on a null object reference
01-04 09:58:33.850  2448  2536 E NotifHistoryProto: java.lang.NullPointerException: Attempt to invoke virtual method 'int android.graphics.drawable.Icon.getType()' on a null object reference
01-04 09:58:33.850  2448  2536 E NotifHistoryProto: java.lang.NullPointerException: Attempt to invoke virtual method 'int android.graphics.drawable.Icon.getType()' on a null object reference
01-04 09:58:33.850  2448  2536 E NotifHistoryProto: java.lang.NullPointerException: Attempt to invoke virtual method 'int android.graphics.drawable.Icon.getType()' on a null object reference
01-04 09:58:33.850  2448  2536 E NotifHistoryProto: java.lang.NullPointerException: Attempt to invoke virtual method 'int android.graphics.drawable.Icon.getType()' on a null object reference
01-04 09:58:33.850  2448  2536 E NotifHistoryProto: java.lang.NullPointerException: Attempt to invoke virtual method 'int android.graphics.drawable.Icon.getType()' on a null object reference
01-04 09:58:33.850  2448  2536 E NotifHistoryProto: java.lang.NullPointerException: Attempt to invoke virtual method 'int android.graphics.drawable.Icon.getType()' on a null object reference
01-04 09:58:33.850  2448  2536 E NotifHistoryProto: java.lang.NullPointerException: Attempt to invoke virtual method 'int android.graphics.drawable.Icon.getType()' on a null object reference
01-04 09:58:33.850  2448  2536 E NotifHistoryProto: java.lang.NullPointerException: Attempt to invoke virtual method 'int android.graphics.drawable.Icon.getType()' on a null object reference
01-04 09:58:33.853  2448  2536 E NotifHistoryProto: java.lang.NullPointerException: Attempt to invoke virtual method 'int android.graphics.drawable.Icon.getType()' on a null object reference
01-04 09:58:33.853  2448  2536 E NotifHistoryProto: java.lang.NullPointerException: Attempt to invoke virtual method 'int android.graphics.drawable.Icon.getType()' on a null object reference
01-04 09:58:33.853  2448  2536 E NotifHistoryProto: java.lang.NullPointerException: Attempt to invoke virtual method 'int android.graphics.drawable.Icon.getType()' on a null object reference
01-04 09:58:33.857  2448  2536 E NotifHistoryProto: java.lang.NullPointerException: Attempt to invoke virtual method 'int android.graphics.drawable.Icon.getType()' on a null object reference
01-04 09:58:33.857  2448  2536 E NotifHistoryProto: java.lang.NullPointerException: Attempt to invoke virtual method 'int android.graphics.drawable.Icon.getType()' on a null object reference
01-04 09:58:33.859  2448  2536 E NotifHistoryProto: java.lang.NullPointerException: Attempt to invoke virtual method 'int android.graphics.drawable.Icon.getType()' on a null object reference
01-04 09:58:33.859  2448  2536 E NotifHistoryProto: java.lang.NullPointerException: Attempt to invoke virtual method 'int android.graphics.drawable.Icon.getType()' on a null object reference
01-04 09:58:33.859  2448  2536 E NotifHistoryProto: java.lang.NullPointerException: Attempt to invoke virtual method 'int android.graphics.drawable.Icon.getType()' on a null object reference
01-04 09:58:33.859  2448  2536 E NotifHistoryProto: java.lang.NullPointerException: Attempt to invoke virtual method 'int android.graphics.drawable.Icon.getType()' on a null object reference
01-04 09:58:33.861  2448  2536 E NotifHistoryProto: java.lang.NullPointerException: Attempt to invoke virtual method 'int android.graphics.drawable.Icon.getType()' on a null object reference
01-04 09:58:33.861  2448  2536 E NotifHistoryProto: java.lang.NullPointerException: Attempt to invoke virtual method 'int android.graphics.drawable.Icon.getType()' on a null object reference
01-04 09:58:33.861  2448  2536 E NotifHistoryProto: java.lang.NullPointerException: Attempt to invoke virtual method 'int android.graphics.drawable.Icon.getType()' on a null object reference
01-04 09:58:33.862  2448  2536 E NotifHistoryProto: java.lang.NullPointerException: Attempt to invoke virtual method 'int android.graphics.drawable.Icon.getType()' on a null object reference
01-04 09:58:33.863  2448  2536 E NotifHistoryProto: java.lang.NullPointerException: Attempt to invoke virtual method 'int android.graphics.drawable.Icon.getType()' on a null object reference
01-04 09:58:33.863  2448  2536 E NotifHistoryProto: java.lang.NullPointerException: Attempt to invoke virtual method 'int android.graphics.drawable.Icon.getType()' on a null object reference
01-04 09:58:33.867  2448  2536 E NotifHistoryProto: java.lang.NullPointerException: Attempt to invoke virtual method 'int android.graphics.drawable.Icon.getType()' on a null object reference
01-04 09:58:33.867  2448  2536 E NotifHistoryProto: java.lang.NullPointerException: Attempt to invoke virtual method 'int android.graphics.drawable.Icon.getType()' on a null object reference
01-04 09:58:33.868  2448  2536 E NotifHistoryProto: java.lang.NullPointerException: Attempt to invoke virtual method 'int android.graphics.drawable.Icon.getType()' on a null object reference
01-04 09:58:33.869  2448  2536 E NotifHistoryProto: java.lang.NullPointerException: Attempt to invoke virtual method 'int android.graphics.drawable.Icon.getType()' on a null object reference
01-04 09:58:33.869  2448  2536 E NotifHistoryProto: java.lang.NullPointerException: Attempt to invoke virtual method 'int android.graphics.drawable.Icon.getType()' on a null object reference
01-04 09:58:33.869  2448  2536 E NotifHistoryProto: java.lang.NullPointerException: Attempt to invoke virtual method 'int android.graphics.drawable.Icon.getType()' on a null object reference
01-04 09:58:33.869  2448  2536 E NotifHistoryProto: java.lang.NullPointerException: Attempt to invoke virtual method 'int android.graphics.drawable.Icon.getType()' on a null object reference
01-04 09:58:33.869  2448  2536 E NotifHistoryProto: java.lang.NullPointerException: Attempt to invoke virtual method 'int android.graphics.drawable.Icon.getType()' on a null object reference
01-04 09:58:33.869  2448  2536 E NotifHistoryProto: java.lang.NullPointerException: Attempt to invoke virtual method 'int android.graphics.drawable.Icon.getType()' on a null object reference
01-04 09:58:33.878  5019  5416 E DMASA[C]: [LOGWING][k]Failed to get App version : com.callmenot.app
01-04 09:58:33.879  2448  2536 E NotifHistoryProto: java.lang.NullPointerException: Attempt to invoke virtual method 'int android.graphics.drawable.Icon.getType()' on a null object reference
01-04 09:58:33.880  2448  2536 E NotifHistoryProto: java.lang.NullPointerException: Attempt to invoke virtual method 'int android.graphics.drawable.Icon.getType()' on a null object reference
01-04 09:58:33.880  2448  2536 E NotifHistoryProto: java.lang.NullPointerException: Attempt to invoke virtual method 'int android.graphics.drawable.Icon.getType()' on a null object reference
01-04 09:58:33.885  2448  2536 E NotifHistoryProto: java.lang.NullPointerException: Attempt to invoke virtual method 'int android.graphics.drawable.Icon.getType()' on a null object reference
01-04 09:58:33.885  2448  2536 E NotifHistoryProto: java.lang.NullPointerException: Attempt to invoke virtual method 'int android.graphics.drawable.Icon.getType()' on a null object reference
01-04 09:58:33.885  2448  2536 E NotifHistoryProto: java.lang.NullPointerException: Attempt to invoke virtual method 'int android.graphics.drawable.Icon.getType()' on a null object reference
01-04 09:58:33.888  2448  2536 E NotifHistoryProto: java.lang.NullPointerException: Attempt to invoke virtual method 'int android.graphics.drawable.Icon.getType()' on a null object reference
01-04 09:58:33.888  2448  2536 E NotifHistoryProto: java.lang.NullPointerException: Attempt to invoke virtual method 'int android.graphics.drawable.Icon.getType()' on a null object reference
01-04 09:58:33.888  2448  2536 E NotifHistoryProto: java.lang.NullPointerException: Attempt to invoke virtual method 'int android.graphics.drawable.Icon.getType()' on a null object reference
01-04 09:58:33.888  2448  2536 E NotifHistoryProto: java.lang.NullPointerException: Attempt to invoke virtual method 'int android.graphics.drawable.Icon.getType()' on a null object reference
