01-04 09:58:49.146  4000  4000 W Finsky  : [2] STU: Failed to get storage stats for package 'com.samsung.android.camera.unihal' (1601: Error getting stats: android.content.pm.PackageManager.NameNotFoundException)
01-04 09:58:49.177  4000  4000 W Finsky  : [2] STU: Failed to get storage stats for package 'com.samsung.android.shell' (1601: Error getting stats: android.content.pm.PackageManager.NameNotFoundException)
01-04 09:58:49.376  4000  4000 W Finsky  : [2] STU: Failed to get storage stats for package 'com.android.apex.cts.shim' (1601: Error getting stats: android.content.pm.PackageManager.NameNotFoundException)
01-04 09:58:49.476  4000  4000 W Finsky  : [2] STU: Failed to get storage stats for package 'com.google.android.appsearch' (1601: Error getting stats: android.content.pm.PackageManager.NameNotFoundException)
01-04 09:58:49.489  4000  4000 W Finsky  : [2] STU: Failed to get storage stats for package 'com.google.android.art' (1601: Error getting stats: android.content.pm.PackageManager.NameNotFoundException)
01-04 09:58:49.505  4000  4000 W Finsky  : [2] STU: Failed to get storage stats for package 'com.android.bt' (1601: Error getting stats: android.content.pm.PackageManager.NameNotFoundException)
01-04 09:58:49.653  4000  4000 W Finsky  : [2] STU: Failed to get storage stats for package 'com.google.android.mediaprovider' (1601: Error getting stats: android.content.pm.PackageManager.NameNotFoundException)
01-04 09:58:49.692  4000  4000 W Finsky  : [2] STU: Failed to get storage stats for package 'com.samsung.android.camera.qciq' (1601: Error getting stats: android.content.pm.PackageManager.NameNotFoundException)
01-04 09:58:49.719  4000  4000 W Finsky  : [2] STU: Failed to get storage stats for package 'com.android.virt' (1601: Error getting stats: android.content.pm.PackageManager.NameNotFoundException)
01-04 09:58:49.756  4000  4000 W Finsky  : [2] STU: Failed to get storage stats for package 'com.google.android.resolv' (1601: Error getting stats: android.content.pm.PackageManager.NameNotFoundException)
01-04 09:58:49.799  4000  4000 W Finsky  : [2] STU: Failed to get storage stats for package 'com.google.android.configinfrastructure' (1601: Error getting stats: android.content.pm.PackageManager.NameNotFoundException)
01-04 09:58:49.800  4000  4000 W Finsky  : [2] STU: Failed to get storage stats for package 'com.google.android.media' (1601: Error getting stats: android.content.pm.PackageManager.NameNotFoundException)
01-04 09:58:49.854  4000  4000 W Finsky  : [2] STU: Failed to get storage stats for package 'com.android.vndk.v31' (1601: Error getting stats: android.content.pm.PackageManager.NameNotFoundException)
01-04 09:58:50.043  4000  4000 W Finsky  : [2] STU: Failed to get storage stats for package 'com.google.android.sdkext' (1601: Error getting stats: android.content.pm.PackageManager.NameNotFoundException)
01-04 09:58:50.065  4000  4000 W Finsky  : [2] STU: Failed to get storage stats for package 'com.samsung.android.biometrics.face' (1601: Error getting stats: android.content.pm.PackageManager.NameNotFoundException)
01-04 09:58:50.066  4000  4000 W Finsky  : [2] STU: Failed to get storage stats for package 'com.google.android.adservices' (1601: Error getting stats: android.content.pm.PackageManager.NameNotFoundException)
01-04 09:58:50.085  4000  4000 W Finsky  : [2] STU: Failed to get storage stats for package 'com.google.android.tethering' (1601: Error getting stats: android.content.pm.PackageManager.NameNotFoundException)
01-04 09:58:50.201  4000  4000 W Finsky  : [2] STU: Failed to get storage stats for package 'com.android.runtime' (1601: Error getting stats: android.content.pm.PackageManager.NameNotFoundException)
01-04 09:58:50.273  4000  4000 W Finsky  : [2] STU: Failed to get storage stats for package 'com.google.android.cellbroadcast' (1601: Error getting stats: android.content.pm.PackageManager.NameNotFoundException)
01-04 09:58:50.314  4000  4000 W Finsky  : [2] STU: Failed to get storage stats for package 'com.google.android.rkpd' (1601: Error getting stats: android.content.pm.PackageManager.NameNotFoundException)
01-04 09:58:50.563  4000  4000 W Finsky  : [2] STU: Failed to get storage stats for package 'com.google.android.tzdata6' (1601: Error getting stats: android.content.pm.PackageManager.NameNotFoundException)
01-04 09:58:50.591  4000  4000 W Finsky  : [2] STU: Failed to get storage stats for package 'com.google.android.permission' (1601: Error getting stats: android.content.pm.PackageManager.NameNotFoundException)
01-04 09:58:50.783  4000  4000 W Finsky  : [2] STU: Failed to get storage stats for package 'com.samsung.android.biometrics.fingerprint' (1601: Error getting stats: android.content.pm.PackageManager.NameNotFoundException)
01-04 09:58:50.914 28014 30313 I cr_OPArchivePublisher: ADM threw while trying to remove a download. java.lang.IllegalArgumentException: input param 'ids' can't be null
01-04 09:58:51.299  4000  4000 W Finsky  : [2] STU: Failed to get storage stats for package 'com.google.android.media.swcodec' (1601: Error getting stats: android.content.pm.PackageManager.NameNotFoundException)
01-04 09:58:51.309  4000  4000 W Finsky  : [2] STU: Failed to get storage stats for package 'com.android.uprobestats' (1601: Error getting stats: android.content.pm.PackageManager.NameNotFoundException)
01-04 09:58:51.325  4000  4000 W Finsky  : [2] STU: Failed to get storage stats for package 'com.android.profiling' (1601: Error getting stats: android.content.pm.PackageManager.NameNotFoundException)
01-04 09:58:51.387  4000  4000 W Finsky  : [2] STU: Failed to get storage stats for package 'com.samsung.android.media.extractor' (1601: Error getting stats: android.content.pm.PackageManager.NameNotFoundException)
01-04 09:58:51.438  4000  4000 W Finsky  : [2] STU: Failed to get storage stats for package 'com.samsung.android.media.imagecodec.system' (1601: Error getting stats: android.content.pm.PackageManager.NameNotFoundException)
01-04 09:58:51.460  4000  4000 W Finsky  : [2] STU: Failed to get storage stats for package 'com.google.android.adbd' (1601: Error getting stats: android.content.pm.PackageManager.NameNotFoundException)
01-04 09:58:51.475  4000  4000 W Finsky  : [2] STU: Failed to get storage stats for package 'com.android.i18n' (1601: Error getting stats: android.content.pm.PackageManager.NameNotFoundException)
01-04 09:58:51.486  4000  4000 W Finsky  : [2] STU: Failed to get storage stats for package 'com.samsung.android.spqr' (1601: Error getting stats: android.content.pm.PackageManager.NameNotFoundException)
01-04 09:58:51.486  4000  4000 W Finsky  : [2] STU: Failed to get storage stats for package 'com.google.android.conscrypt' (1601: Error getting stats: android.content.pm.PackageManager.NameNotFoundException)
01-04 09:58:51.544  4000  4000 W Finsky  : [2] STU: Failed to get storage stats for package 'com.google.android.neuralnetworks' (1601: Error getting stats: android.content.pm.PackageManager.NameNotFoundException)
01-04 09:58:51.554  4000  4000 W Finsky  : [2] STU: Failed to get storage stats for package 'com.google.android.ipsec' (1601: Error getting stats: android.content.pm.PackageManager.NameNotFoundException)
01-04 09:58:51.570  4000  4000 W Finsky  : [2] STU: Failed to get storage stats for package 'com.android.devicelock' (1601: Error getting stats: android.content.pm.PackageManager.NameNotFoundException)
01-04 09:58:51.583  4000  4000 W Finsky  : [2] STU: Failed to get storage stats for package 'com.google.android.ondevicepersonalization' (1601: Error getting stats: android.content.pm.PackageManager.NameNotFoundException)
01-04 09:58:51.601  4000  4000 W Finsky  : [2] STU: Failed to get storage stats for package 'com.google.android.healthfitness' (1601: Error getting stats: android.content.pm.PackageManager.NameNotFoundException)
01-04 09:58:51.678  4000  4000 W Finsky  : [2] STU: Failed to get storage stats for package 'com.android.uwb' (1601: Error getting stats: android.content.pm.PackageManager.NameNotFoundException)
01-04 09:58:51.683  4000  4000 W Finsky  : [2] STU: Failed to get storage stats for package 'com.google.android.extservices' (1601: Error getting stats: android.content.pm.PackageManager.NameNotFoundException)
01-04 09:58:51.718  4000  4000 W Finsky  : [2] STU: Failed to get storage stats for package 'com.google.android.os.statsd' (1601: Error getting stats: android.content.pm.PackageManager.NameNotFoundException)
01-04 09:58:51.742  4000  4000 W Finsky  : [2] STU: Failed to get storage stats for package 'com.samsung.android.authfw.ta' (1601: Error getting stats: android.content.pm.PackageManager.NameNotFoundException)
01-04 09:58:51.770  4000  4000 W Finsky  : [2] STU: Failed to get storage stats for package 'com.google.android.scheduling' (1601: Error getting stats: android.content.pm.PackageManager.NameNotFoundException)
01-04 09:58:51.775  4000  4000 W Finsky  : [2] STU: Failed to get storage stats for package 'com.samsung.android.lifeguard' (1601: Error getting stats: android.content.pm.PackageManager.NameNotFoundException)
01-04 09:58:58.688  9621  9646 W ffqu    : java.lang.NoSuchMethodException: eobp.getScopes []
01-04 09:58:58.689  9621  9666 I ckfk    : java.util.concurrent.CancellationException: Task was cancelled.
01-04 09:58:58.700  9621  9664 I ckfk    : java.util.concurrent.CancellationException: Task was cancelled.
01-04 09:59:08.386 28894 28894 I MyFiles : [3006/FileOperatorManager ] execute() ] send result of file operation - (Success:true | Canceled:false | NeedRefresh:true | Exception:null)
01-04 09:59:08.524 28894 28946 W ApkLiteParseUtils: java.io.IOException: Failed to load asset path /app-debug.apk
01-04 09:59:11.266 28894 28894 I MyFiles : [3103/FileOperatorManager ] execute() ] send result of file operation - (Success:true | Canceled:false | NeedRefresh:true | Exception:null)
01-04 09:59:12.737  7339  7361 I LibSignalChatConnection: org.signal.libsignal.net.TransportFailureException: websocket error: IO error: connection aborted
01-04 09:59:12.752  7339  7361 W LibSignalChatConnection: org.signal.libsignal.net.ChatServiceInactiveException: connection is already closed
01-04 09:59:17.721  7339  7361 W IncomingMessageObserver: java.io.IOException: Connection closed!
01-04 09:59:34.273 28894 28894 E MyFiles : [3212/ViManager           ] animationsEnabled()] android.provider.Settings$SettingNotFoundException: animator_duration_scale
01-04 09:59:34.398 28894 28945 I AppIconSolution: return adaptive icon for com.callmenot.app, isNight = false
01-04 09:59:37.603  2448  5229 E ContentProviderHelper: java.lang.IllegalStateException: Unable to check Uri permission because caller is holding WM lock; assuming permission denied
01-04 09:59:37.603  2448  5229 E ContentProviderHelper: java.lang.IllegalStateException: Unable to check Uri permission because caller is holding WM lock; assuming permission denied
01-04 09:59:37.644  2448  3469 E ContentProviderHelper: java.lang.IllegalStateException: Unable to check Uri permission because caller is holding WM lock; assuming permission denied
01-04 09:59:37.644  2448  3469 E ContentProviderHelper: java.lang.IllegalStateException: Unable to check Uri permission because caller is holding WM lock; assuming permission denied
01-04 09:59:39.780  2448  2891 I PackageInformation: com.callmenot.app ::20251214::20250713
01-04 09:59:39.820  4000  4000 I Finsky  : [2] VerifyApps: Install-time verification requested for package com.callmenot.app, PackageManager id = 14, Verifier id = 75ecfad1-2d46-4530-a580-5370f0d693b9
01-04 09:59:39.962 10692 10711 I GOS:GameServiceReceiver:  PkgInstallStarted for com.callmenot.app UserID : 0
01-04 09:59:40.044 10692 10712 W GOS:PackageUtil: isPackageInstalledAsUser(). Exception: android.content.pm.PackageManager$NameNotFoundException: com.callmenot.app
01-04 09:59:40.044 10692 10712 I GOS:GameIntentService: onPackageChanged(). extras: Bundle[{changeType=2, userId=0, type=15, packageName=com.callmenot.app}]
01-04 09:59:40.044 10692 10712 I GOS:GameIntentService: onPackageChanged(). changeType(INSTALL_STARTED), pkgName(com.callmenot.app), UserHandle(0), userId(0), Installed(false)
01-04 09:59:40.046 10692 10712 W GOS:PackageUtil: isPackageInstalledAsUser(). Exception: android.content.pm.PackageManager$NameNotFoundException: com.callmenot.app
01-04 09:59:40.155  4000  8338 I Finsky  : [296] VerifyApps: Anti-malware verification task started for package=com.callmenot.app
01-04 09:59:40.638  4000  4050 I Finsky  : [140] VerifyApps: Starting APK Analysis scan for com.callmenot.app.
01-04 09:59:40.639  4000  4050 I Finsky  : [140] Scanning package com.callmenot.app contents with client side protections. File: [9OMP3gCmSZ_4kxE78PkmD7O3JWxn2iULPvSmzjH1s10]
01-04 09:59:40.640  4000  4050 I Finsky  : [140] VerifyApps: APK Analysis scan finished for com.callmenot.app. Verdict: SAFE
01-04 09:59:41.292  4000 10721 I Finsky  : [308] VerifyApps: Verification package=com.callmenot.app, id=14, response=9, upload_requested=false, enable_ecm=true
01-04 09:59:43.693  4000  4033 I Finsky  : [130] VerifyApps: waiting for app installation for com.callmenot.app
01-04 09:59:43.699  2448  2891 D InstallDependencyHelper: No missing dependency for com.callmenot.app
01-04 09:59:43.700  2448  2891 I PackageManager:           pkg{com.callmenot.app}
01-04 09:59:43.721  4000  4000 I Finsky  : [2] VerifyApps: Install-time verification complete: id=14, package_name=com.callmenot.app
01-04 09:59:43.821  2448  2596 D ApplicationPolicy: getApplicationStateEnabled : pkg = com.callmenot.app userId : 0
01-04 09:59:43.823  2448  2596 D PermissionService: setAllowlistedRestrictedPermissionsUnchecked called for package - com.callmenot.app
01-04 09:59:43.823  2448  2596 D PermissionService: updateAdminPermissionsInternalcom.callmenot.app
01-04 09:59:43.893  2448  2596 D BackupManagerService: [UserID:0] restoreAtInstall pkg=com.callmenot.app token=d restoreSet=0
01-04 09:59:43.904  2448  2596 I PackageManager: installation completed for package:com.callmenot.app. Final code path: /data/app/~~QxnT2FuI_SHwt_j21l1Meg==/com.callmenot.app-tp6Vr9Xdke0mDDf41dDkuQ==
01-04 09:59:43.931  3221  3221 D CarrierSvcBindHelper: onPackageAdded: com.callmenot.app
01-04 09:59:43.942  3221  3741 I SatelliteAppTracker: onPackageAdded : com.callmenot.app
01-04 09:59:43.943  3221  3741 E SatelliteAppTracker: packageName: com.callmenot.app, value: null
01-04 09:59:43.943  3221  3741 E SatelliteAppTracker: packageName: com.callmenot.app, value: null
01-04 09:59:43.950  3252  3477 D BluetoothEventManager: AppPackageChangedHandler: package name = com.callmenot.app
01-04 09:59:43.950  3252  3536 D PluginActionManager: queryPkg com.callmenot.app com.android.systemui.action.PLUGIN_TOAST
01-04 09:59:43.951  3252  3536 D PluginActionManager: queryPkg com.callmenot.app com.android.systemui.action.PLUGIN_NOTIFICATION_ASSISTANT
01-04 09:59:43.951  3221  3734 D ImsResolver: maybeAddedImsService, packageName: com.callmenot.app
01-04 09:59:43.951  3221  3734 V ImsResolver: searchForImsServices: package=com.callmenot.app, users=[UserHandle{0}]
01-04 09:59:43.952  2448  3097 I AppWidgetServiceImpl: Received broadcast: android.intent.action.PACKAGE_ADDED, Updates all providers with com.callmenot.app, userId: 0
01-04 09:59:43.952  3252  3536 D PluginActionManager: queryPkg com.callmenot.app com.android.systemui.action.PLUGIN_GLOBAL_ACTIONS
01-04 09:59:43.953  3221  3734 V ImsResolver: searchForImsServices: package=com.callmenot.app, users=[UserHandle{0}]
01-04 09:59:43.954  2448  3113 D ShortcutService: adding package: com.callmenot.app userId=0
01-04 09:59:43.956  3252  3536 D PluginActionManager: queryPkg com.callmenot.app com.samsung.systemui.action.PLUGIN_FACE_WIDGET
01-04 09:59:43.956  3252  3536 D PluginActionManager: queryPkg com.callmenot.app com.android.systemui.action.PLUGIN_NOTIFICATION_MENU_ROW
01-04 09:59:43.958  3252  3536 D PluginActionManager: queryPkg com.callmenot.app com.android.systemui.action.PLUGIN_VOLUME
01-04 09:59:43.960  3252  3536 D PluginActionManager: queryPkg com.callmenot.app com.android.systemui.action.PEOPLE_HUB_PERSON_EXTRACTOR
01-04 09:59:43.961  3252  3536 D PluginActionManager: queryPkg com.callmenot.app com.android.systemui.action.PLUGIN_SENSOR_MANAGER
01-04 09:59:43.961  3252  3536 D PluginActionManager: queryPkg com.callmenot.app com.android.systemui.action.PLUGIN_OVERLAY
01-04 09:59:43.969  4097 27408 E LoadedApk: Exception : java.lang.NullPointerException: Attempt to invoke virtual method 'boolean android.os.Looper.isPerfLogEnable()' on a null object reference
01-04 09:59:43.972  4365  4488 I PackageInfoManager_FLP: action : ACTION_PACKAGE_ADDED, packageName = com.callmenot.app
01-04 09:59:43.972  3252  3536 D PluginActionManager: queryPkg com.callmenot.app com.android.systemui.action.PLUGIN_QS
01-04 09:59:43.973  2448  3173 I SdkSandboxManager: No SDKs used. Skipping SDK data reconcilation for CallingInfo{mUid=10455, mPackageName='com.callmenot.app, mAppProcessToken='null'}
01-04 09:59:43.973  2448  3157 D SGM:GameManager: identifyGamePackage. com.callmenot.app, mCurrentUserId: 0, callingMethodInfo: com.samsung.android.game.SemGameManager.isGamePackage(SemGameManager.java:106)
01-04 09:59:43.973  2448  3157 D SGM:SemGameManager: isGamePackage(), pkgName=com.callmenot.app, ret=false
01-04 09:59:43.974  3252  3536 D PluginActionManager: queryPkg com.callmenot.app com.android.systemui.action.PLUGIN_CLOCK_PROVIDER
01-04 09:59:43.974  3252  3536 D PluginActionManager: queryPkg com.callmenot.app com.android.systemui.action.PLUGIN_NOTIFICATION_MENU_ROW
01-04 09:59:43.986  2448  2448 I Telecom : SamsungOpenCommunicationPlatformPolicyPackageBroadcastReceiver : action : android.intent.action.PACKAGE_ADDED / packageName : com.callmenot.app
01-04 09:59:43.987  2448  3816 I Telecom : SamsungOpenCommunicationPlatformPolicyPackageHandler : handleMessage : { when=-1ms what=0 obj=com.callmenot.app target=com.samsung.server.telecom.advancedcall.ocp.policy.broadcast.SamsungOpenCommunicationPlatformPolicyPackageHandler }.what
01-04 09:59:43.993  3252  3252 I GoodLockLifecycle: onPackageAdded: com.callmenot.app
01-04 09:59:43.999  2448  3071 D SGM:GameManager: identifyGamePackage. com.callmenot.app, mCurrentUserId: 0, callingMethodInfo: com.samsung.android.game.SemGameManager.isGamePackage(SemGameManager.java:106)
01-04 09:59:43.999  2448  3071 D SGM:SemGameManager: isGamePackage(), pkgName=com.callmenot.app, ret=false
01-04 09:59:44.001  1623  4237 D NativePermissionController: updatePackagesForUid, UidPackageState{uid: 10455, packageNames: [com.callmenot.app]}
01-04 09:59:44.004  2448  2899 D OverlayManager: reconcileSettingsForPackage pkgName=com.callmenot.app userId=0
01-04 09:59:44.005  2448  2899 I OverlayManager: updateOverlaysForTarget() called with: targetPackage = [com.callmenot.app], userId = [0], flags = [0]
01-04 09:59:44.005  3221  3221 I VvmPkgInstalledRcvr: packageName: com.callmenot.app, systemDialer: com.samsung.android.dialer
01-04 09:59:44.011 29612 29612 D BluetoothEventManager: AppPackageChangedHandler: package name = com.callmenot.app
01-04 09:59:44.041  2448  2899 D OverlayManager: -> Updating overlay: target=com.callmenot.app overlays=[OverlayPaths { resourceDirs = [], overlayPaths = [] }] userId=0
01-04 09:59:44.043  8406  8406 I FILP/PackageIntentReceiver: pkgName : com.callmenot.app
01-04 09:59:44.046 27865 27865 I SafetyLabelChangedBroadcastReceiver: received broadcast packageName: com.callmenot.app, current user: UserHandle{0}, packageChangeEvent: NEW_INSTALL, intent user: UserHandle{0}
01-04 09:59:44.060  3221  3221 W VvmPkgInstalledRcvr: carrierVvmPkgAdded: carrier vvm packages doesn't contain com.callmenot.app
01-04 09:59:44.099  2448  3222 D SGM:GameManager: identifyGamePackage. com.callmenot.app, mCurrentUserId: 0, callingMethodInfo: com.samsung.android.game.SemGameManager.isGamePackage(SemGameManager.java:106)
01-04 09:59:44.099  2448  3222 D SGM:SemGameManager: isGamePackage(), pkgName=com.callmenot.app, ret=false
01-04 09:59:44.099  2448  3222 I Pageboost: appinfo : com.callmenot.app 0 0 0 0
01-04 09:59:44.099  2448  3222 D SGM:GameManager: identifyGamePackage. com.callmenot.app, mCurrentUserId: 0, callingMethodInfo: com.samsung.android.game.SemGameManager.isGamePackage(SemGameManager.java:106)
01-04 09:59:44.100  2448  3222 D SGM:SemGameManager: isGamePackage(), pkgName=com.callmenot.app, ret=false
01-04 09:59:44.101  2448  3222 I Pageboost: Reset this app info : com.callmenot.app 
01-04 09:59:44.102  2448  3222 I Pageboost: db create : CREATE TABLE IF NOT EXISTS comcallmenotapp (FILENAME TEXT, OFFSET INTEGER, SIZE INTEGER, FORVRAMDISK INTEGER, BITMAP BLOB, unique (FILENAME, OFFSET) );
01-04 09:59:44.109  2448  3222 I Pageboost: add app to global @ runtime: com.callmenot.app
01-04 09:59:44.130  2448  4883 W AppSearchAppsUtil: android.content.pm.PackageManager$NameNotFoundException
01-04 09:59:44.139  4097 10794 I ProximityAuth: [RecentAppsMediator] Package added: (user=UserHandle{0}) com.callmenot.app
01-04 09:59:44.146  2448  4883 W AppSearchAppsUtil: android.content.pm.PackageManager$NameNotFoundException
01-04 09:59:44.146  2448  4883 W AppSearchAppsUtil: android.content.pm.PackageManager$NameNotFoundException
01-04 09:59:44.146  2448  4883 W AppSearchAppsUtil: android.content.pm.PackageManager$NameNotFoundException
01-04 09:59:44.146  2448  4883 W AppSearchAppsUtil: android.content.pm.PackageManager$NameNotFoundException
01-04 09:59:44.147  2448  4883 W AppSearchAppsUtil: android.content.pm.PackageManager$NameNotFoundException
01-04 09:59:44.147  2448  4883 W AppSearchAppsUtil: android.content.pm.PackageManager$NameNotFoundException
01-04 09:59:44.147  2448  4883 W AppSearchAppsUtil: android.content.pm.PackageManager$NameNotFoundException
01-04 09:59:44.147  2448  4883 W AppSearchAppsUtil: android.content.pm.PackageManager$NameNotFoundException
01-04 09:59:44.147  2448  4883 W AppSearchAppsUtil: android.content.pm.PackageManager$NameNotFoundException
01-04 09:59:44.148  2448  4883 W AppSearchAppsUtil: android.content.pm.PackageManager$NameNotFoundException
01-04 09:59:44.148  2448  4883 W AppSearchAppsUtil: android.content.pm.PackageManager$NameNotFoundException
01-04 09:59:44.153  2448  2559 D MARsPolicyManager: new Package : com.callmenot.app, SCPMTarget : false
01-04 09:59:44.423 26444 26444 I AccountReloadObserver: [C] received action: android.intent.action.PACKAGE_ADDED, dat: package:com.callmenot.app
01-04 09:59:44.428  6575  6575 I AiPrivacy::AppEventReceiver: com.callmenot.app Installed !!!
01-04 09:59:44.429  8152  8152 I SCS@AiSearch user 0: (PackageBroadcastReceiver) packageName: com.callmenot.app
01-04 09:59:44.429  8152  8152 I SCS@AiSearch user 0: (PackageBroadcastReceiver) Packages changed: com.callmenot.app
01-04 09:59:44.439  4000  4000 I Finsky  : [2] AIM: AppInfoCacheUpdater -> invalidating apps: [com.callmenot.app]
01-04 09:59:44.440  4000  4050 I Finsky  : [140] AIM: AppInfoManager-Perf > OnDeviceAppInfo > cacheHitCount=0, cacheMissCount=1. Missed  in cache (limit 10) : [com.callmenot.app]
01-04 09:59:44.455  4000  4041 I Finsky  : [134] AIM: AppInfoManager-Perf > OnDeviceAppInfo > cacheHitCount=0, cacheMissCount=1. Missed  in cache (limit 10) : [com.callmenot.app]
01-04 09:59:44.499  4000  4000 I Finsky  : [2] VerifyApps: app installation complete for com.callmenot.app
01-04 09:59:44.520  4000  4033 I Finsky  : [130] VerifyApps: running post install verification task for package: com.callmenot.app, install ID: 75ecfad1-2d46-4530-a580-5370f0d693b9
01-04 09:59:44.525  4000  4033 I Finsky  : [130] VerifyApps: Putting package com.callmenot.app in ECM mode succeeded
01-04 09:59:44.529  4000  4033 I Finsky  : [130] Scanning package com.callmenot.app with Raccoon
01-04 09:59:44.588 10780 10831 W Bundle  : Attempt to cast generated internal exception:
01-04 09:59:44.588 10780 10831 W Bundle  : java.lang.ClassCastException: Cannot cast com.samsung.euicc.lib.message.ListProfileInfo to com.samsung.euicc.lib.message.Response
01-04 09:59:44.655 10791 10791 I Routine@Core[4.9.04.13]: PackageChangedHandler: collectMetadata packageName - com.callmenot.app
01-04 09:59:44.655 10791 10791 I Routine@Core[4.9.04.13]: MetadataLoaderImpl: scheduleCollectPackageJob - packageName:com.callmenot.app
01-04 09:59:44.655  8152  8162 I AppCategoryExecutor: getAppCategoryDetails() called with packageNames: [com.callmenot.app]
01-04 09:59:44.655 10791 10791 I Routine@Core[4.9.04.13]: MetadataSyncBacklog: add: null + com.callmenot.app
01-04 09:59:44.739 10791 10791 I Routine@Core[4.9.04.13]: MetadataLoaderJobService: onStartJob: collectPackageInBG - com.callmenot.app
01-04 09:59:44.746  4000  4000 I Finsky  : [2] Received an install/uninstall event for package com.callmenot.app
01-04 09:59:44.764 10791 10791 I Routine@Core[4.9.04.13]: MetadataLoaderJobService: packageName : com.callmenot.app, forced : true
01-04 09:59:44.811 10791 10913 I Routine@Core[4.9.04.13]: MetadataLoadManager: collect: com.callmenot.app
01-04 09:59:44.811 10791 10913 I Routine@Core[4.9.04.13]: MetadataLoadManager: collectWithCollectors - Collect Start! package = com.callmenot.app
01-04 09:59:44.813 10791 10893 E Routine@Core[4.9.04.13]: WearNodeManagerImpl: getNodeOfCompanionWatchSupportModeMirror: onFailure - com.google.android.gms.common.api.ApiException: 17: API: Wearable.API is not available on this device. Connection failed with: ConnectionResult{statusCode=API_UNAVAILABLE, resolution=null, message=null}
01-04 09:59:44.814 10791 10913 I Routine@Core[4.9.04.13]: WatchMetaDataCollector: collect - packageName :com.callmenot.app
01-04 09:59:44.924  2448  2542 I SGM:GameManager: PkgUpdateReceiver, onPackageAdded : com.callmenot.app userHandle : UserHandle{0} userId : 0
01-04 09:59:44.924  2448  2542 D SGM:GosNotifyThread: sendPackageMessage(), changeType=0, pkgName=com.callmenot.app, userHandleId=0
01-04 09:59:44.925  2448  2989 D SGM:GosNotifyThread: notifyPackageChangedToGos(), before send intent to GOS. type:15, changeType: 0, pkgName:com.callmenot.app, userHandleId:0
01-04 09:59:44.925  2448  2989 D SGM:PmAppCategoryManager: getManifestCategory(), manifestCategory=-1, packageName=com.callmenot.app
01-04 09:59:44.925  2448  2989 D SGM:PmAppCategoryManager: getCategoryOverride(), categoryOverride=-1, packageName=com.callmenot.app
01-04 09:59:44.925  2448  2989 I SGM:GosNotifyThread: notifyPackageChangedToGos(), category from pm: com.callmenot.app, [-1/-1]
01-04 09:59:44.928 10692 10916 I GOS:GameIntentService: onHandleIntent. GameIntentService. type: 15, pkgName: com.callmenot.app
01-04 09:59:45.003 10692 10916 I GOS:GameIntentService: onPackageChanged(). extras: Bundle[{changeType=0, manifestCategory=-1, userId=0, pkgName=com.callmenot.app, type=15, packageName=com.callmenot.app, categoryOverride=-1}]
01-04 09:59:45.003 10692 10916 I GOS:GameIntentService: onPackageChanged(). changeType(INSTALLED), pkgName(com.callmenot.app), UserHandle(0), userId(0), Installed(true)
01-04 09:59:45.003 10692 10916 I GOS:GameIntentService: onPkgInstalled(), appInfoCategory: null, packageName: com.callmenot.app
01-04 09:59:45.013 10692 10916 I GOS:FilteredPmAppCategoryGetter: getCategoryCode(). categoryCode:undefined, packageName:com.callmenot.app
01-04 09:59:45.013 10692 10916 I GOS:SystemEventReactor: onPackageInstalled(). categoryByAppInfo=undefined, packageName=com.callmenot.app
01-04 09:59:45.029  2448  4839 D SGM:GameManager: setPackageConfigurations(). category=-1, pkgName=com.callmenot.app
01-04 09:59:45.029  2448  4839 D SGM:GameManager: setPackageConfiguration(). configuration: packageName: com.callmenot.app, performancePolicyForSsrm: null, optimalAspectRatio: 1.7777778, dynamicSurfaceScaling: 1.0, category: -1, categoryByUser: -1, fillBlackSurfaceOnMargins: false, userId: null
01-04 09:59:45.029  2448  4839 D SGM:GameManager: setPackageConfiguration(). pkgName=com.callmenot.app
01-04 09:59:45.029  2448  4839 D SGM:Util: isPkgInstalled(). pkgName=com.callmenot.app, userId=0, installed=true
01-04 09:59:45.247  2448  2542 D MetaDataCollector: onReceive: done pkgName=com.callmenot.app
01-04 09:59:45.259  2448  2542 D LauncherAppsService: Calling onPackageAdded: com.callmenot.app, uid: 10455
01-04 09:59:45.259  2448  2542 D LauncherAppsService: onPackageAdded: triggering onPackageAdded for user=UserHandle{0}, packageName=com.callmenot.app
01-04 09:59:45.259  2448  2542 D LauncherAppsService: onPackageAdded: triggering onPackageAdded for user=UserHandle{0}, packageName=com.callmenot.app
01-04 09:59:45.259  2448  2542 D LauncherAppsService: onPackageAdded: triggering onPackageAdded for user=UserHandle{0}, packageName=com.callmenot.app
01-04 09:59:45.259  4749  7594 D LauncherApps: onPackageAdded 0,com.callmenot.app
01-04 09:59:45.259  2448  2542 D LauncherApps: onPackageAdded 0,com.callmenot.app
01-04 09:59:45.259  2448  2542 D LauncherAppsService: onPackageAdded: triggering onPackageAdded for user=UserHandle{0}, packageName=com.callmenot.app
01-04 09:59:45.259  3750  3750 I HoneySpace.PackageOperationTracker: onPackageAdded - com.callmenot.app UserHandle{0}
01-04 09:59:45.260  2448  2542 D LauncherAppsService: onPackageAdded: triggering onPackageAdded for user=UserHandle{0}, packageName=com.callmenot.app
01-04 09:59:45.260  3252  3293 D LauncherApps: onPackageAdded 0,com.callmenot.app
01-04 09:59:45.261  9900 10133 I SAMSUNGWALLET: [Hint_SimpleHintProcessMonitor] package added : com.callmenot.app , execute : true
01-04 09:59:45.262  3750  3750 I HoneySpace.PackageChangedCallbackImpl: onPackageAdded: com.callmenot.app / UserHandle{0}
01-04 09:59:45.263  3750  5572 I HoneySpace.PackageSourceImpl: addActivityToList [ADD] : com.callmenot.app/.MainActivity#UserHandle{0}
01-04 09:59:45.264  2448  3468 I AppWidgetServiceImpl: getInstalledProvidersForProfiles lock in com.callmenot.app
01-04 09:59:45.266  3750 31037 I HoneySpace.HoneySpacePackageSourceImpl: Package added : com.callmenot.app
01-04 09:59:45.267  3750  3750 I HoneySpace.WorkspaceViewModel: Package added : com.callmenot.app/.MainActivity#UserHandle{0}
01-04 09:59:45.268  3750  3750 I HoneySpace.PackageEventHandler: Package added : com.callmenot.app/.MainActivity#UserHandle{0}
01-04 09:59:45.276  3750 10127 I AppIconSolution: getThemeIconWithBG called with public API, pkg = com.callmenot.app, mode = 48
01-04 09:59:45.277  3750 10127 I AppIconSolution: return adaptive icon for com.callmenot.app, isNight = false
01-04 09:59:45.277  3750 10127 I LauncherActivityInfo: packageName: com.callmenot.app, useThemeIcon: false, height: 216, width: 216, density: 640
01-04 09:59:45.280  3750  3750 I HoneySpace.DataCache: insertItem : id=109379, title=CallMeNot, type=APP, containerType=ITEM_GROUP, containerId=-1, x=-1, y=-1, rank=-1, spanX=-1, spanY=-1, scale=1.0, component=com.callmenot.app/.MainActivity, profileId=0, intent=null, restored=0, hidden=UNHIDDEN, appWidgetId=-1, options=0, refPackageName=null
01-04 09:59:45.280  3750  5572 I HoneySpace.IconCache: add icon DB: [com.callmenot.app/.MainActivity#UserHandle{0}] - IconAndLabel(icon=android.graphics.Bitmap@5600ab5, label=CallMeNot) | false | 640 | false |false | -14776091
01-04 09:59:45.282  3750  3750 I HoneySpace.DataCache: updateItem : id=109379, title=CallMeNot, type=APP, containerType=ITEM_GROUP, containerId=16, x=-1, y=-1, rank=19, spanX=-1, spanY=-1, scale=1.0, component=com.callmenot.app/.MainActivity, profileId=0, intent=null, restored=0, hidden=UNHIDDEN, appWidgetId=-1, options=0, refPackageName=null
01-04 09:59:45.282  3750  3750 I HoneySpace.AppListFastRecyclerViewAdapter: onItemRangeInserted CallMeNot 19 6
01-04 09:59:45.282  3750  3750 I HoneySpace.DefaultPlugin: createHoney honeyInfo=HoneyInfo(parentHoney=V2.x0@33fd4d0, packageName=null, type=appicon) honeyData=HoneyData(id=109379, data=[app, id:109379 label:CallMeNot componnet:com.callmenot.app/.MainActivity#UserHandle{0} badgeCount:0  drag:false iconState:NONE], bundleData=null, savedState=null) context=com.sec.android.app.launcher.Launcher@9dc946
01-04 09:59:45.285  3750  3750 I HoneySpace.ApplistCellLayout: addItem [6] (3, 4) width=998, height=1615, spanX=1, spanY=1, view=com.honeyspace.ui.common.iconview.IconViewImpl{879d0aa VFED..CL. ......ID 0,0-0,0 #7f0a02ed app:id/icon} - CallMeNot, visibility:0, alpha:1.0, badge:0, icon:174x174, iconAlpha:255, iconState:NONE, iconSize:181, forceHideBadge:false, isTransparent:false
01-04 09:59:45.443 10791 10913 I Routine@Core[4.9.04.13]: MetadataLoadManager: doPostCollectionTasks - packageName:com.callmenot.app
01-04 09:59:45.540  2448  4841 I Pageboost: onAppLaunch : com.callmenot.app
01-04 09:59:45.540  2448  3222 I Pageboost: Record App IO : com.callmenot.app pid 0
01-04 09:59:45.546  2448  4841 V WindowManager: Collecting in transition 1064: ActivityRecord{221478779 u0 com.callmenot.app/.MainActivity, caller=com.android.server.wm.TransitionController.collect:7 com.android.server.wm.ActivityStarter.startActivityUnchecked:98 com.android.server.wm.ActivityStarter.executeRequest:3651 com.android.server.wm.ActivityStarter.execute:1752 com.android.server.wm.ActivityTaskManagerService.startActivityAsUser:95 
01-04 09:59:45.546  2448  4841 D ActivityTaskManager: DesktopModeLaunchParamsModifier: task=null activity=ActivityRecord{221478779 u0 com.callmenot.app/.MainActivity t-1} task null, skipping
01-04 09:59:45.546  2448  4841 D ActivityTaskManager: TaskLaunchParamsModifier:task=null activity=ActivityRecord{221478779 u0 com.callmenot.app/.MainActivity t-1} display-area-from-source=DefaultTaskDisplayArea_d0@244917965 display-id=0 task-display-area-windowing-mode=1 suggested-display-area=DefaultTaskDisplayArea_d0@244917965
01-04 09:59:45.546  2448  4841 D ActivityTaskManager: DesktopModeLaunchParamsModifier: task=null activity=ActivityRecord{221478779 u0 com.callmenot.app/.MainActivity t-1} task null, skipping
01-04 09:59:45.547  2448  4841 D ActivityTaskManager: TaskLaunchParamsModifier:task=null activity=ActivityRecord{221478779 u0 com.callmenot.app/.MainActivity t-1} display-area-from-source=DefaultTaskDisplayArea_d0@244917965 display-id=0 task-display-area-windowing-mode=1 suggested-display-area=DefaultTaskDisplayArea_d0@244917965 inherit-from-source=fullscreen non-freeform-task-display-area display-area=DefaultTaskDisplayArea_d0@244917965 default-portrait freeform-size-mismatch=Rect(81, 553 - 999, 1723)
01-04 09:59:45.551  2448  4841 D ActivityTaskManager: DesktopModeLaunchParamsModifier: task=Task{d1a9dd6 #12035 type=standard A=10455:com.callmenot.app} activity=ActivityRecord{221478779 u0 com.callmenot.app/.MainActivity t-1} non-desktop, skipping
01-04 09:59:45.551  2448  4841 D ActivityTaskManager: TaskLaunchParamsModifier:task=Task{d1a9dd6 #12035 type=standard A=10455:com.callmenot.app} activity=ActivityRecord{221478779 u0 com.callmenot.app/.MainActivity t-1} display-area-from-source=DefaultTaskDisplayArea_d0@244917965 display-id=0 task-display-area-windowing-mode=1 suggested-display-area=DefaultTaskDisplayArea_d0@244917965 inherit-from-source=fullscreen non-freeform-task-display-area display-area=DefaultTaskDisplayArea_d0@244917965 default-portrait freeform-size-mismatch=Rect(81, 553 - 999, 1723)
01-04 09:59:45.551  2448  4841 V WindowManager: Collecting in transition 1064: Task{d1a9dd6 #12035 type=standard A=10455:com.callmenot.app}, caller=com.android.server.wm.Transition.collectExistenceChange:40 com.android.server.wm.ActivityStarter.startActivityInner:293 com.android.server.wm.ActivityStarter.startActivityUnchecked:111 com.android.server.wm.ActivityStarter.executeRequest:3651 com.android.server.wm.ActivityStarter.execute:1752 
01-04 09:59:45.552  1640  1779 I SurfaceFlinger: id=11277 createSurf, flag=84004, ActivityRecord{221478779 u0 com.callmenot.app/.MainActivity t12035}#11277
01-04 09:59:45.554  2448  4841 V WindowManager: Add starting ActivityRecord{221478779 u0 com.callmenot.app/.MainActivity t12035}: startingData=SplashScreenStartingData{4258f44 removeAfterTransaction= 0}
01-04 09:59:45.554  2448  4841 V WindowManager: Added starting ActivityRecord{221478779 u0 com.callmenot.app/.MainActivity t12035}: startingWindow=null startingView=com.android.server.wm.StartingSurfaceController$StartingSurface@83ce82d
01-04 09:59:45.555  2448  4841 V WindowManager: Collecting in transition 1064: ActivityRecord{221478779 u0 com.callmenot.app/.MainActivity t12035}, caller=com.android.server.wm.Transition.collectExistenceChange:40 com.android.server.wm.ActivityStarter.handleStartResult:761 com.android.server.wm.ActivityStarter.startActivityUnchecked:124 com.android.server.wm.ActivityStarter.executeRequest:3651 com.android.server.wm.ActivityStarter.execute:1752 
01-04 09:59:45.556  2448  4841 V WindowManager:    ChangeInfo{efc62f3 container=Task{d1a9dd6 #12035 type=standard A=10455:com.callmenot.app} flags=0x0}
01-04 09:59:45.556  2448  4841 V WindowManager:    ChangeInfo{28e5bb0 container=ActivityRecord{221478779 u0 com.callmenot.app/.MainActivity t12035} flags=0x0}
01-04 09:59:45.556  2448  4841 I ActivityTaskManager: START u0 {act=android.intent.action.MAIN cat=[android.intent.category.LAUNCHER] flg=0x34000000 xflg=0x4 pkg=com.callmenot.app cmp=com.callmenot.app/.MainActivity} with LAUNCH_MULTIPLE from uid 10077 (sr=222494050) (BAL_ALLOW_VISIBLE_WINDOW) result code=0
01-04 09:59:45.561  3252  3360 V WindowManagerShell: Transition requested (#1064): android.os.BinderProxy@4a2d957 TransitionRequestInfo { type = OPEN, triggerTask = TaskInfo{userId=0 taskId=12035 effectiveUid=10455 displayId=0 isRunning=true baseIntent=Intent { act=android.intent.action.MAIN cat=[android.intent.category.LAUNCHER] flg=0x34000000 pkg=com.callmenot.app cmp=com.callmenot.app/.MainActivity } baseActivity=ComponentInfo{com.callmenot.app/com.callmenot.app.MainActivity} topActivity=ComponentInfo{com.callmenot.app/com.callmenot.app.MainActivity} origActivity=null realActivity=ComponentInfo{com.callmenot.app/com.callmenot.app.MainActivity} numActivities=1 lastActiveTime=54544414 supportsMultiWindow=true resizeMode=1 isResizeable=true minWidth=-1 minHeight=-1 maxWidth=-1 maxHeight=-1 defaultMinSize=220 desktopDefaultMinSize=304 token=WCT{android.window.IWindowContainerToken$Stub$Proxy@7d93c44} topActivityType=1 pictureInPictureParams=null shouldDockBigOverlays=false launchIntoPipHostTaskId=-1 lastParentTaskIdBeforePip=-1 displayCutoutSafeInsets=Rect(0, 81 - 0, 0) topActivityInfo=ActivityInfo{873912d com.callmenot.app.MainActivity} launchCookies=[] positionInParent=Point(0, 0) parentTaskId=-1 isFocused=false isVisible=false isVisibleRequested=false isTopActivityNoDisplay=false isSleeping=false locusId=null displayAreaFeatureId=1 isTopActivityTransparent=false isActivityStackTransparent=false lastNonFullscreenBounds=Rect(81, 553 - 999, 1723) capturedLink=null capturedLinkTimestamp=0 requestedVisibleTypes=-9 topActivityRequestOpenInBrowserEducationTimestamp=0 appCompatTaskInfo=AppCompatTaskInfo { topActivityInSizeCompat=false eligibleForLetterboxEducation= false isLetterboxEducationEnabled= false isLetterboxDoubleTapEnabled= false eligibleForUserAspectRatioButton= false topActivityBoundsLetterboxed= false isFromLetterboxDoubleTap= false topActivityLetterboxVerticalPosition= -1 topActivityLetterboxHorizontalPosition= -1 topActivityLetterboxWidth=-1 topActivityLetterboxHeight=-1 topActivityAppBounds=Rect(0, 81 - 1080, 2196) isUserFullscreenOverrideEnabled=false isSystemFullscreenOverrideEnabled=false hasMinAspectRatioOverride=false topActivityLetterboxBounds=null cameraCompatTaskInfo=CameraCompatTaskInfo { freeformCameraCompatMode=inactive} topActivityBounds=null topActivityInDisplayCompat=false singleTapFromLetterbox=false} topActivityMainWindowFrame=null originallySupportedMultiWindow=true hasWallpaper=false rootAffinity=10455:com.callmenot.app isTopTaskInStage=false CoverLauncherWidgetTask=false LaunchedFromAppsCoverLauncherTask=false LaunchedFromMultistarCoverLauncherTask=false isAllowedSeamlessRotation=false isTopTransparentActivity=false isAliasManaged=false hasConfigChanged=false snappingGuideBounds=null isAiKeyRemoveAppTask=false lastDesktopWindowingBounds=null lastExternalDesktopWindowingBounds=null safeCutoutInsets=null}, pipChange = null, remoteTransition = null, displayChange = null, flags = 0, debugId = 1064 }
01-04 09:59:45.562  1640  1640 I SurfaceFlinger: [ActivityRecord{221478779 u0 com.callmenot.app/.MainActivity t12035}#11277] attach to parent LayerHierarchy{RequestedLayerState{Task=12035#11276 parentId=10} 1 children}
01-04 09:59:45.564  2448  3098 V WindowManager: Collecting in transition 1064: ActivityRecord{221478779 u0 com.callmenot.app/.MainActivity t12035}, caller=com.android.server.wm.TransitionController.collect:7 com.android.server.wm.ActivityRecord.setVisibility:132 com.android.server.wm.EnsureActivitiesVisibleHelper.process:459 com.android.server.wm.TaskFragment.updateActivityVisibilities:12 com.android.server.wm.Task$$ExternalSyntheticLambda37.accept:37 
01-04 09:59:45.571  2448  3098 D WindowManager: prepareSync <SYNC_STATE_WAITING_FOR_DRAW>, mPrepareSyncSeqId=0, win=Window{481ffa4 u0 Splash Screen com.callmenot.app}
01-04 09:59:45.571  1640  2152 I SurfaceFlinger: id=11278 createSurf, flag=84004, 481ffa4 Splash Screen com.callmenot.app#11278
01-04 09:59:45.572  3750  3873 I HoneySpace.TopTaskUseCase: topTasks 12035 ComponentInfo{com.callmenot.app/com.callmenot.app.MainActivity}[displayId=0]
01-04 09:59:45.572  2448  3098 V WindowManager: addWindow: ActivityRecord{221478779 u0 com.callmenot.app/.MainActivity t12035} startingWindow=Window{481ffa4 u0 Splash Screen com.callmenot.app}
01-04 09:59:45.573  2448  3098 D WindowManager: rotationForOrientation, orientationSource=ActivityRecord{221478779 u0 com.callmenot.app/.MainActivity t12035}
01-04 09:59:45.575  3252  3440 I InsetsController: onStateChanged: host=Splash Screen com.callmenot.app, from=android.view.ViewRootImpl.onInsetsStateChanged:3026, state=InsetsState: {mDisplayFrame=Rect(0, 0 - 1080, 2340), mDisplayCutout=DisplayCutout{insets=Rect(0, 81 - 0, 0) waterfall=Insets{left=0, top=0, right=0, bottom=0} boundingRect={Bounds=[Rect(0, 0 - 0, 0), Rect(512, 0 - 568, 81), Rect(0, 0 - 0, 0), Rect(0, 0 - 0, 0)]} cutoutPathParserInfo={CutoutPathParserInfo{displayWidth=1080 displayHeight=2340 physicalDisplayWidth=1080 physicalDisplayHeight=2340 density={3.0} cutoutSpec={M 0,0 H -9.333333333333333 V 27 H 9.333333333333333 V 0 H 0 Z @dp} rotation={0} scale={1.0} physicalPixelDisplaySizeRatio={1.0}}} sideOverrides={}}, mRoundedCorners=RoundedCorners{[RoundedCorner{position=TopLeft, radius=102, center=Point(102, 102)}, RoundedCorner{position=TopRight, radius=102, center=Point(978, 102)}, RoundedCorner{position=BottomRight, radius=102, center=Point(978, 2238)}, RoundedCorner{position=BottomLeft, radius=102, center=Point(102, 2238)}]}  mRoundedCornerFrame=Rect(0, 0 - 1080, 2340), mPrivacyIndicatorBounds=PrivacyIndicatorBounds {static bounds=Rect(948, 0 - 1080, 81) rotation=0}, mDisplayShape=DisplayShape{ spec=-311912193 displayWidth=1080 displayHeight=2340 physicalPixelDisplaySizeRatio=1.0 rotation=0 offsetX=0 offsetY=0 scale=1.0}, mSources= { InsetsSource: {872b0001 mType=navigationBars mFrame=[0,2196][1080,2340] mVisible=true mFlags= mSideHint=BOTTOM mBoundingRects=null}, InsetsSource: {872b0004 mType=systemGestures mFrame=[0,0][0,0] mVisible=true mFlags= mSideHint=NONE mBoundingRects=null}, InsetsSource: {872b0005 mType=mandatorySystemGestures mFrame=[0,2196][1080,2340] mVisible=true mFlags= mSideHint=BOTTOM mBoundingRects=null}, InsetsSource: {872b0006 mType=tappableElement mFrame=[0,2196][1080,2340] mVisible=true mFlags= mSideHint=BOTTOM mBoundingRects=null}, InsetsSource: {872b0024 mType=systemGestures mFrame=[0,0][0,0] mVisible=true mFlags= mSideHint=NONE mBoundingRects=null}, InsetsSource: {3 mType=ime mFrame=[0,0][0,0] mVisible=false mFlags= mSideHint=NONE mBoundingRects=null}, InsetsSource: {27 mType=displayCutout mFrame=[0,0][1080,81] mVisible=true mFlags= mSideHint=TOP mBoundingRects=null}, InsetsSource: {26b60000 mType=statusBars mFrame=[0,0][1080,81] mVisible=true mFlags= mSideHint=TOP mBoundingRects=null}, InsetsSource: {26b60005 mType=mandatorySystemGestures mFrame=[0,0][1080,117] mVisible=true mFlags= mSideHint=TOP mBoundingRects=null}, InsetsSource: {26b60006 mType=tappableElement mFrame=[0,0][1080,81] mVisible=true mFlags= mSideHint=TOP mBoundingRects=null} }
01-04 09:59:45.576  2448  2544 I ActivityManager: Start proc 10929:com.callmenot.app/u0a455 for next-top-activity {com.callmenot.app/com.callmenot.app.MainActivity}
01-04 09:59:45.578  2448  2538 D SurfaceComposerClient: setCornerRadius ## 481ffa4 Splash Screen com.callmenot.app#11278 cornerRadius=0.000000
01-04 09:59:45.578  2448  2538 D SurfaceComposerClient: setCornerRadius ## 481ffa4 Splash Screen com.callmenot.app#11278 cornerRadius=0.000000
01-04 09:59:45.579  2448  3098 D CoreBackPreview: Window{481ffa4 u0 Splash Screen com.callmenot.app}: Setting back callback OnBackInvokedCallbackInfo{mCallback=android.window.IOnBackInvokedCallback$Stub$Proxy@f617f0e, mPriority=0, mIsAnimationCallback=false, mOverrideBehavior=0}
01-04 09:59:45.579  2448  3468 I WindowManager: Relayout Window{481ffa4 u0 Splash Screen com.callmenot.app}: viewVisibility=0 req=1080x2340 ty=3 d0
01-04 09:59:45.579  1640  1640 I SurfaceFlinger: [481ffa4 Splash Screen com.callmenot.app#11278] attach to parent LayerHierarchy{RequestedLayerState{ActivityRecord{221478779 u0 com.callmenot.app/.MainActivity t12035}#11277 parentId=11276} 1 children}
01-04 09:59:45.579  1640  1779 I SurfaceFlinger: id=11279 createSurf, flag=44004, Splash Screen com.callmenot.app$_3252#11279
01-04 09:59:45.580  2448  3468 D WindowManager: makeSurface duration=0 name=Splash Screen com.callmenot.app$_3252
01-04 09:59:45.580  2448  3468 D SurfaceComposerClient: setCornerRadius ## 481ffa4 Splash Screen com.callmenot.app#11278 cornerRadius=0.000000
01-04 09:59:45.580  2448  3468 D SurfaceComposerClient: setCornerRadius ## 481ffa4 Splash Screen com.callmenot.app#11278 cornerRadius=0.000000
01-04 09:59:45.588  1640  1640 I SurfaceFlinger: [Splash Screen com.callmenot.app$_3252#11279] attach to parent LayerHierarchy{RequestedLayerState{481ffa4 Splash Screen com.callmenot.app#11278 parentId=11277} 1 children}
01-04 09:59:45.602 10929 10929 I m.callmenot.app: Late-enabling -Xcheck:jni
01-04 09:59:45.627  1640  2151 I SurfaceFlinger: [Splash Screen com.callmenot.app$_3252#11279] setTransactionState with the first frame. bufferData(ID: 13967233672130, frameNumber: 1)
01-04 09:59:45.628  2448  4841 D WindowManager: finishDrawingWindow: Window{481ffa4 u0 Splash Screen com.callmenot.app} mDrawState=DRAW_PENDING seqId=0
01-04 09:59:45.628  2448  4841 V WindowManager: Finishing drawing window Window{481ffa4 u0 Splash Screen com.callmenot.app}: mDrawState=DRAW_PENDING
01-04 09:59:45.628  2448  4841 V WindowManager: Draw state now committed in Window{481ffa4 u0 Splash Screen com.callmenot.app}
01-04 09:59:45.628  2448  2538 D SurfaceComposerClient: setCornerRadius ## 481ffa4 Splash Screen com.callmenot.app#11278 cornerRadius=0.000000
01-04 09:59:45.629 10929 10929 I m.callmenot.app: Using CollectorTypeCMC GC.
01-04 09:59:45.629  2448  2538 D SurfaceComposerClient: setCornerRadius ## 481ffa4 Splash Screen com.callmenot.app#11278 cornerRadius=0.000000
01-04 09:59:45.630  2448  2538 V WindowManager: performShowLocked: mDrawState=HAS_DRAWN in Window{481ffa4 u0 Splash Screen com.callmenot.app}
01-04 09:59:45.630  2448  2538 D WindowManagerServiceExt: updateTaskbarTargetIfNeeded: cn=ComponentInfo{com.callmenot.app/com.callmenot.app.MainActivity} occludesParent=true isInSplitScreenMode=false
01-04 09:59:45.630  2448  2538 D ChangeTransitionController:    ChangeInfo{efc62f3 container=Task{d1a9dd6 #12035 type=standard A=10455:com.callmenot.app} flags=0x0}
01-04 09:59:45.630  2448  2538 D ChangeTransitionController:    ChangeInfo{28e5bb0 container=ActivityRecord{221478779 u0 com.callmenot.app/.MainActivity t12035} flags=0x0}
01-04 09:59:45.630  2448  2538 V WindowManager: Start calculating TransitionInfo based on participants: {ActivityRecord{73998914 u0 com.sec.android.app.myfiles/.ui.MainActivity t12002}, Task{d1a9dd6 #12035 type=standard A=10455:com.callmenot.app}, ActivityRecord{221478779 u0 com.callmenot.app/.MainActivity t12035}, ActivityRecord{222494050 u0 com.google.android.packageinstaller/com.android.packageinstaller.InstallSuccess t12002 f}}, ActivityRecord{226810106 u0 com.google.android.packageinstaller/com.android.packageinstaller.DeleteStagedFileOnResult t12002}}
01-04 09:59:45.630  2448  2538 V WindowManager:   Final targets: [ChangeInfo{efc62f3 container=Task{d1a9dd6 #12035 type=standard A=10455:com.callmenot.app} flags=0x10}, ChangeInfo{8b4b6a3 container=Task{a3fe253 #12002 type=standard I=com.sec.android.app.myfiles/.ui.MainActivity} flags=0x10}]
01-04 09:59:45.633  2448  2538 I SurfaceControlRegistry: show, t=StartTransaction_SyncId<1064> sc=ActivityRecord{221478779 u0 com.callmenot.app/.MainActivity t12035}, caller=android.view.SurfaceControl$Transaction.show:3557 com.android.server.wm.Transition.onTransactionReady:2048 com.android.server.wm.BLASTSyncEngine$SyncGroup.finishNow:240 com.android.server.wm.BLASTSyncEngine.onSurfacePlacement:263 com.android.server.wm.RootWindowContainer.performSurfacePlacementNoTrace:1083 com.android.server.wm.WindowSurfacePlacer.performSurfacePlacement:166 
01-04 09:59:45.633  2448  2538 V WindowManager:         {WCT{RemoteToken{19af3cc Task{d1a9dd6 #12035 type=standard A=10455:com.callmenot.app}}} m=OPEN f=NONE leash=Surface(name=Task=12035)/@0x27ffd1e sb=Rect(0, 0 - 1080, 2340) eb=Rect(0, 0 - 1080, 2340) epz=Point(1080, 2340) d=0 taskParent=-1 inset=Rect(0, 81 - 0, 144) dim=true},
