01-04 10:03:48.558  2448  5228 V WindowManager: addWindow: ActivityRecord{230227071 u0 com.callmenot.app/.MainActivity t12037} startingWindow=Window{bd0036f u0 Splash Screen com.callmenot.app}
01-04 10:03:48.564  2448  5228 D CoreBackPreview: Window{bd0036f u0 Splash Screen com.callmenot.app}: Setting back callback OnBackInvokedCallbackInfo{mCallback=android.window.IOnBackInvokedCallback$Stub$Proxy@6d61480, mPriority=0, mIsAnimationCallback=false, mOverrideBehavior=0}
01-04 10:03:48.565  2448  3531 D WindowManager: makeSurface duration=1 name=Splash Screen com.callmenot.app$_3252
01-04 10:03:48.573  2448  5228 V WindowManager: Collecting in transition 1084: ActivityRecord{230227071 u0 com.callmenot.app/.MainActivity t12037}, caller=com.android.server.wm.TransitionController.collect:7 com.android.server.wm.ActivityRecord.setVisibility:132 com.android.server.wm.ActivityRecord.makeVisibleIfNeeded:36 com.android.server.wm.EnsureActivitiesVisibleHelper.process:538 com.android.server.wm.TaskFragment.updateActivityVisibilities:12 
01-04 10:03:48.573  2448  5228 D WindowManager: rotationForOrientation, orientationSource=ActivityRecord{230227071 u0 com.callmenot.app/.MainActivity t12037}
01-04 10:03:48.574  2448  5228 V WindowManager: Collecting in transition 1084: ActivityRecord{230227071 u0 com.callmenot.app/.MainActivity t12037}, caller=com.android.server.wm.TransitionController.collect:7 com.android.server.wm.ActivityRecord.setVisibility:132 com.android.server.wm.ActivityTaskSupervisor.realStartActivityLocked:203 com.android.server.wm.ActivityTaskSupervisor.startSpecificActivity:27 com.android.server.wm.TaskFragment.resumeTopActivity:2089 
01-04 10:03:48.574  2448  5228 D SGM:FgCheckThread: notifyAppCreated(), packageName: com.callmenot.app, userId: 0, sendRet: true
01-04 10:03:48.574  2448  2988 D SGM:FgCheckThread: onLooperPrepared(), msg: MSG_APP_CREATE, pkgName: com.callmenot.app, userId: 0
01-04 10:03:48.574  2448  5228 D SGM:FgCheckThread:   sendRunningComponentFocus(), pkgName: com.callmenot.app, userId: 0
01-04 10:03:48.574  2448  2988 D SGM:FgCheckThread: onLooperPrepared(), msg: MSG_TASK_FOCUSED, pkgName: com.callmenot.app, userId: 0
01-04 10:03:48.575  2448  2988 D SGM:FgCheckThread:   handleTaskFocused(), pkgName: com.callmenot.app, userID:0
01-04 10:03:48.575  2448  2988 D SGM:FgCheckThread:   handleResume(). pkgName: com.callmenot.app, userId: 0, category: non-game
01-04 10:03:48.575  2448  2988 D SGM:FgCheckThread: notifyFocusInOut(). of pkg: com.callmenot.app, type: 4, isSecGameFamily: false, userId: 0
01-04 10:03:48.575  2448  5228 D ActivityTaskManager: scheduleTopResumedActivityChanged, onTop=true, r=ActivityRecord{230227071 u0 com.callmenot.app/.MainActivity t12037}, caller=com.android.server.wm.ActivityTaskSupervisor.scheduleTopResumedActivityStateIfNeeded:18 com.android.server.wm.ActivityTaskSupervisor.updateTopResumedActivityIfNeeded:54 com.android.server.wm.TaskFragment.setResumedActivity:30 com.android.server.wm.ActivityRecord.setState:100 com.android.server.wm.ActivityTaskSupervisor.realStartActivityLocked:477 com.android.server.wm.ActivityTaskSupervisor.startSpecificActivity:27 
01-04 10:03:48.575  2448  5228 D WindowManagerServiceExt: updateTaskbarTargetIfNeeded: cn=ComponentInfo{com.callmenot.app/com.callmenot.app.MainActivity} occludesParent=true isInSplitScreenMode=false
01-04 10:03:48.577 10929 10929 D ActivityThread: com.callmenot.app will use render engine as VK
01-04 10:03:48.578  2448  5228 D BLASTSyncEngine: SyncGroup 1084:  Unfinished container: ActivityRecord{230227071 u0 com.callmenot.app/.MainActivity t12037} mSyncState=2
01-04 10:03:48.580  2448  2535 D SGM:GameManager: identifyForegroundApp. com.callmenot.app, mCurrentUserId: 0, callerUserId: 0
01-04 10:03:48.581  2448  2535 D SGM:GameManager: identifyForegroundApp. com.callmenot.app, mCurrentUserId: 0, callerUserId: 0
01-04 10:03:48.582  2448  2537 D SGM:FgCheckThread: noteResumeComponent(), received pkgName: com.callmenot.app, userId: 0
01-04 10:03:48.582  2448  2988 D SGM:FgCheckThread: onLooperPrepared(), msg: MSG_APP_RESUME, pkgName: com.callmenot.app, userid: 0
01-04 10:03:48.583  2448  2988 D SGM:FgCheckThread:   handleResume(). pkgName: com.callmenot.app, userId: 0, category: non-game
01-04 10:03:48.583  2448  2988 D SGM:FgCheckThread: notifyFocusInOut(). of pkg: com.callmenot.app, type: 4, isSecGameFamily: false, userId: 0
01-04 10:03:48.587  2448  2537 D SGM:GameManager: identifyGamePackage. com.callmenot.app, mCurrentUserId: 0, callingMethodInfo: com.samsung.android.game.SemGameManager.isGamePackage(SemGameManager.java:106)
01-04 10:03:48.587  2448  2537 D SGM:SemGameManager: isGamePackage(), pkgName=com.callmenot.app, ret=false
01-04 10:03:48.588  2448  4837 D WindowManager: finishDrawingWindow: Window{bd0036f u0 Splash Screen com.callmenot.app} mDrawState=DRAW_PENDING seqId=0
01-04 10:03:48.588  2448  4837 V WindowManager: Finishing drawing window Window{bd0036f u0 Splash Screen com.callmenot.app}: mDrawState=DRAW_PENDING
01-04 10:03:48.588  2448  4837 V WindowManager: Draw state now committed in Window{bd0036f u0 Splash Screen com.callmenot.app}
01-04 10:03:48.589  5026  5610 I SDHMS:k : handleResumeComponent : put = com.callmenot.app, userid = 0 instanceid =178354488
01-04 10:03:48.589  2448  3531 D WindowManager: prepareSync <SYNC_STATE_WAITING_FOR_DRAW>, mPrepareSyncSeqId=0, win=Window{d11f398 u0 com.callmenot.app/com.callmenot.app.MainActivity}
01-04 10:03:48.594  2448  2538 V WindowManager: performShowLocked: mDrawState=HAS_DRAWN in Window{bd0036f u0 Splash Screen com.callmenot.app}
01-04 10:03:48.595  2448  2538 D ChangeTransitionController:    ChangeInfo{d90f0e4 container=Task{1eae19b #12037 type=standard A=10455:com.callmenot.app} flags=0x0}
01-04 10:03:48.595  2448  2538 D ChangeTransitionController:    ChangeInfo{474394d container=ActivityRecord{230227071 u0 com.callmenot.app/.MainActivity t12037} flags=0x0}
01-04 10:03:48.595  2448  2538 V WindowManager: Start calculating TransitionInfo based on participants: {WallpaperWindowToken{145e970 showWhenLocked=false}_<system>, Task{1eae19b #12037 type=standard A=10455:com.callmenot.app}, WallpaperWindowToken{35c8ac5 showWhenLocked=true}_<lock>, ActivityRecord{159529562 u0 com.sec.android.app.launcher/.activities.LauncherActivity t11927}, ActivityRecord{230227071 u0 com.callmenot.app/.MainActivity t12037}}
01-04 10:03:48.595  2448  2538 V WindowManager:   Final targets: [ChangeInfo{d90f0e4 container=Task{1eae19b #12037 type=standard A=10455:com.callmenot.app} flags=0x10}, ChangeInfo{1feb144 container=Task{1df22e7 #1 type=home} flags=0x10}, ChangeInfo{4d10257 container=WallpaperWindowToken{145e970 showWhenLocked=false}_<system> flags=0x0}]
01-04 10:03:48.598  2448  2538 V WindowManager:         {WCT{RemoteToken{387a3ae Task{1eae19b #12037 type=standard A=10455:com.callmenot.app}}} m=OPEN f=NONE leash=Surface(name=Task=12037)/@0x1d79db0 sb=Rect(0, 0 - 1080, 2340) eb=Rect(0, 0 - 1080, 2340) epz=Point(1080, 2340) d=0 taskParent=-1 inset=Rect(0, 81 - 0, 144) dim=true},
01-04 10:03:48.599  2448  2534 V WindowManager: Sent Transition (#1084) createdAt=01-04 10:03:48.532 via request=TransitionRequestInfo { type = OPEN, triggerTask = TaskInfo{userId=0 taskId=12037 effectiveUid=10455 displayId=0 isRunning=true baseIntent=Intent { act=android.intent.action.MAIN cat=[android.intent.category.LAUNCHER] flg=0x10204000 cmp=com.callmenot.app/.MainActivity } baseActivity=ComponentInfo{com.callmenot.app/com.callmenot.app.MainActivity} topActivity=ComponentInfo{com.callmenot.app/com.callmenot.app.MainActivity} origActivity=null realActivity=ComponentInfo{com.callmenot.app/com.callmenot.app.MainActivity} numActivities=1 lastActiveTime=54787404 supportsMultiWindow=true resizeMode=1 isResizeable=true minWidth=-1 minHeight=-1 maxWidth=-1 maxHeight=-1 defaultMinSize=220 desktopDefaultMinSize=304 token=WCT{RemoteToken{387a3ae Task{1eae19b #12037 type=standard A=10455:com.callmenot.app}}} topActivityType=1 pictureInPictureParams=null shouldDockBigOverlays=false launchIntoPipHostTaskId=-1 lastParentTaskIdBeforePip=-1 displayCutoutSafeInsets=Rect(0, 81 - 0, 0) topActivityInfo=ActivityInfo{b33e54f com.callmenot.app.MainActivity} launchCookies=[android.os.BinderProxy@f10e4dc] positionInParent=Point(0, 0) parentTaskId=-1 isFocused=false isVisible=false isVisibleRequested=false isTopActivityNoDisplay=false isSleeping=false locusId=null displayAreaFeatureId=1 isTopActivityTransparent=false isActivityStackTransparent=false lastNonFullscreenBounds=Rect(81, 553 - 999, 1723) capturedLink=null capturedLinkTimestamp=0 requestedVisibleTypes=-9 topActivityRequestOpenInBrowserEducationTimestamp=0 appCompatTaskInfo=AppCompatTaskInfo { topActivityInSizeCompat=false eligibleForLetterboxEducation= false isLetterboxEducationEnabled= false isLetterboxDoubleTapEnabled= false eligibleForUserAspectRatioButton= false topActivityBoundsLetterboxed= false isFromLetterboxDoubleTap= false topActivityLetterboxVerticalPosition= -1 topActivityLetterboxHorizontalPosition= -1 topActivityLetterboxWidth=-1 topActivityLetterboxHeight=-1 topActivityAppBounds=Rect(0, 81 - 1080, 2196) isUserFullscreenOverrideEnabled=false isSystemFullscreenOverrideEnabled=false hasMinAspectRatioOverride=false topActivityLetterboxBounds=null cameraCompatTaskInfo=CameraCompatTaskInfo { freeformCameraCompatMode=inactive} topActivityBounds=null topActivityInDisplayCompat=false singleTapFromLetterbox=false} topActivityMainWindowFrame=null originallySupportedMultiWindow=true hasWallpaper=false rootAffinity=10455:com.callmenot.app isTopTaskInStage=false CoverLauncherWidgetTask=false LaunchedFromAppsCoverLauncherTask=false LaunchedFromMultistarCoverLauncherTask=false isAllowedSeamlessRotation=false isTopTransparentActivity=false isAliasManaged=false hasConfigChanged=false snappingGuideBounds=null isAiKeyRemoveAppTask=false lastDesktopWindowingBounds=null lastExternalDesktopWindowingBounds=null safeCutoutInsets=null}, pipChange = null, remoteTransition = RemoteTransition { remoteTransition = android.window.IRemoteTransition$Stub$Proxy@e14a9e5, appThread = android.app.IApplicationThread$Stub$Proxy@6ae4cba, debugName = QuickstepLaunchflags =NONE }, displayChange = null, flags = 0, debugId = 1084 }
01-04 10:03:48.599  2448  2534 V WindowManager:         {WCT{RemoteToken{387a3ae Task{1eae19b #12037 type=standard A=10455:com.callmenot.app}}} m=OPEN f=NONE leash=Surface(name=Task=12037)/@0x1d79db0 sb=Rect(0, 0 - 1080, 2340) eb=Rect(0, 0 - 1080, 2340) epz=Point(1080, 2340) d=0 taskParent=-1 inset=Rect(0, 81 - 0, 144) dim=true},
01-04 10:03:48.605  2448  4837 D CoreBackPreview: Window{d11f398 u0 com.callmenot.app/com.callmenot.app.MainActivity}: Setting back callback OnBackInvokedCallbackInfo{mCallback=android.window.IOnBackInvokedCallback$Stub$Proxy@573876b, mPriority=0, mIsAnimationCallback=false, mOverrideBehavior=0}
01-04 10:03:48.640  2448  5228 D WindowManager: makeSurface duration=1 name=com.callmenot.app/com.callmenot.app.MainActivity$_10929
01-04 10:03:48.641  2448  5228 D InsetsSourceProvider: updateControlForTarget: control=InsetsSourceControl: {26b60000 mType=statusBars initiallyVisible mSurfacePosition=Point(0, 0) mInsetsHint=Insets{left=0, top=81, right=0, bottom=0}}, target=Window{bd0036f u0 Splash Screen com.callmenot.app}, from=com.android.server.wm.InsetsStateController.onControlTargetChanged:83 com.android.server.wm.InsetsPolicy.updateBarControlTarget:212 com.android.server.wm.DisplayPolicy.updateSystemBarAttributes:262 com.android.server.wm.DisplayPolicy.finishPostLayoutPolicyLw:17 com.android.server.wm.RootWindowContainer.applySurfaceChangesTransaction$1:195 
01-04 10:03:48.641  2448  5228 D WindowManager: updateSystemBarAttributes: displayId=0, focusedCanBeNavColorWin=false, win=Window{bd0036f u0 Splash Screen com.callmenot.app}, navColorWin=Window{b7f4500 u0 InputMethod}, caller=com.android.server.wm.DisplayPolicy.finishPostLayoutPolicyLw:17 com.android.server.wm.RootWindowContainer.applySurfaceChangesTransaction$1:195 com.android.server.wm.RootWindowContainer.performSurfacePlacementNoTrace:59 
01-04 10:03:48.642  2448  5228 D WindowManager: Changing focus from null to Window{d11f398 u0 com.callmenot.app/com.callmenot.app.MainActivity} displayId=0 Callers=com.android.server.wm.WindowManagerService.relayoutWindow:1350 com.android.server.wm.Session.relayout:27 android.view.IWindowSession$Stub.onTransact:829 com.android.server.wm.Session.onTransact:1 
01-04 10:03:48.642  2448  5228 D InsetsSourceProvider: updateControlForTarget: control=InsetsSourceControl: {26b60000 mType=statusBars initiallyVisible mSurfacePosition=Point(0, 0) mInsetsHint=Insets{left=0, top=81, right=0, bottom=0}}, target=Window{d11f398 u0 com.callmenot.app/com.callmenot.app.MainActivity}, from=com.android.server.wm.InsetsStateController.onControlTargetChanged:83 com.android.server.wm.InsetsPolicy.updateBarControlTarget:212 com.android.server.wm.DisplayPolicy.updateSystemBarAttributes:262 com.android.server.wm.WindowManagerService.updateFocusedWindowLocked:372 com.android.server.wm.WindowManagerService.relayoutWindow:1350 
01-04 10:03:48.642  2448  5228 V SystemKeyManager: updateFocusedWindow() is called, com.callmenot.app/com.callmenot.app.MainActivity
01-04 10:03:48.653  2448  2538 I WindowManager: notifyInsetsControlChanged, removed=false, win=Window{bd0036f u0 Splash Screen com.callmenot.app}, caller=com.android.server.wm.InsetsStateController$$ExternalSyntheticLambda1.run:137 com.android.server.wm.WindowAnimator$$ExternalSyntheticLambda2.onTransactionCommitted:26 android.view.SurfaceControl$Transaction$$ExternalSyntheticLambda4.run:0 android.os.Handler.handleCallback:995 android.os.Handler.dispatchMessage:103 android.os.Looper.loopOnce:273 
01-04 10:03:48.658  2448  5228 D WindowManager: finishDrawingWindow: Window{d11f398 u0 com.callmenot.app/com.callmenot.app.MainActivity} mDrawState=DRAW_PENDING seqId=0
01-04 10:03:48.659  2448  2538 V WindowManager: Finish starting ActivityRecord{230227071 u0 com.callmenot.app/.MainActivity t12037}: first real window is shown, no animation
01-04 10:03:48.659  2448  2538 V WindowManager: Schedule remove starting ActivityRecord{230227071 u0 com.callmenot.app/.MainActivity t12037} startingWindow=Window{bd0036f u0 Splash Screen com.callmenot.app} animate=true Callers=com.android.server.wm.ActivityRecord.removeStartingWindow:178 com.android.server.wm.WindowState.performShowLocked:155 com.android.server.wm.WindowStateAnimator.commitFinishDrawingLocked:73 com.android.server.wm.DisplayContent$$ExternalSyntheticLambda1.accept$com$android$server$wm$DisplayContent$$ExternalSyntheticLambda37:23 com.android.server.wm.DisplayContent$$ExternalSyntheticLambda1.accept:143 
01-04 10:03:48.659  2448  2538 D TaskOrganizerController: applyStartingWindowAnimation, window=Window{d11f398 u0 com.callmenot.app/com.callmenot.app.MainActivity}, caller=com.android.server.wm.TaskOrganizerController.removeStartingWindow:132 com.android.server.wm.StartingSurfaceController$StartingSurface.remove:23 com.android.server.wm.ActivityRecord.removeStartingWindowAnimation:171 
01-04 10:03:48.659  2448  2538 I WindowManager: Reparenting to leash, surface=Surface(name=d11f398 com.callmenot.app/com.callmenot.app.MainActivity)/@0x7ec03f, leashParent=Surface(name=ActivityRecord{230227071 u0 com.callmenot.app/.MainActivity t12037})/@0x4453d0c
01-04 10:03:48.660  2448  2538 D WindowManager: makeSurface duration=1 leash=Surface(name=Surface(name=d11f398 com.callmenot.app/com.callmenot.app.MainActivity)/@0x7ec03f - animation-leash of starting_reveal)/@0xd5cd655
01-04 10:03:48.661  2448  2538 I ActivityTaskManager: done cause=notifyWindowsDrawn timestamp=17045644520683 info=TransitionInfo{493586a a=ActivityRecord{230227071 u0 com.callmenot.app/.MainActivity t12037} d=true}
01-04 10:03:48.661  2448  2538 V WindowManager: performShowLocked: mDrawState=HAS_DRAWN in Window{d11f398 u0 com.callmenot.app/com.callmenot.app.MainActivity}
01-04 10:03:48.665  2448  2534 I Pageboost: Launch time gathered : pid 10929 com.callmenot.app 130
01-04 10:03:48.713  2448  3064 D MdnieScenarioControlService:  packageName : com.callmenot.app    className : com.callmenot.app.MainActivity
01-04 10:03:48.727  2448  5228 D CoreBackPreview: Window{bd0036f u0 Splash Screen com.callmenot.app}: Setting back callback null
01-04 10:03:48.728  2448  5228 D WindowManager: Starting window removed Window{bd0036f u0 Splash Screen com.callmenot.app}
01-04 10:03:48.728  2448  5228 I WindowManager: Cancelling animation restarting=false, leash=Surface(name=Surface(name=d11f398 com.callmenot.app/com.callmenot.app.MainActivity)/@0x7ec03f - animation-leash of starting_reveal)/@0xd5cd655
01-04 10:03:48.728  2448  5228 I WindowManager: Reparenting to original parent: Surface(name=ActivityRecord{230227071 u0 com.callmenot.app/.MainActivity t12037})/@0x4453d0c, destroy=false, surface=Surface(name=d11f398 com.callmenot.app/com.callmenot.app.MainActivity)/@0x7ec03f
01-04 10:03:48.729  2448  5228 V WindowManager: Remove Window{bd0036f u0 Splash Screen com.callmenot.app}: mSurfaceControl=Surface(name=Splash Screen com.callmenot.app$_3252)/@0x6e372f mAnimatingExit=false mRemoveOnExit=false mHasSurface=true surfaceShowing=false animating=false app-animation=false callers=com.android.server.wm.Session.remove:16 android.view.IWindowSession$Stub.onTransact:804 com.android.server.wm.Session.onTransact:1 android.os.Binder.execTransactInternal:1457 android.os.Binder.execTransact:1401 <bottom of call stack> 
01-04 10:03:48.743  2448  4837 W PackageConfigPersister: App-specific configuration not found for packageName: com.callmenot.app and userId: 0
01-04 10:03:48.743  2448  5228 D InsetsSourceProvider: updateControlForTarget: control=InsetsSourceControl: {3 mType=ime mSurfacePosition=Point(0, 81) mInsetsHint=Insets{left=0, top=0, right=0, bottom=1032}}, target=Window{d11f398 u0 com.callmenot.app/com.callmenot.app.MainActivity}, from=com.android.server.wm.ImeInsetsSourceProvider.updateControlForTarget:17 com.android.server.wm.InsetsStateController.onControlTargetChanged:83 com.android.server.wm.DisplayContent.updateImeControlTarget:21 com.android.server.wm.DisplayContent.updateImeInputAndControlTarget:156 com.android.server.wm.WindowManagerService$LocalService.updateInputMethodTargetWindow:64 
01-04 10:03:48.746  2448  2538 D InsetsSourceProvider: updateControlForTarget: control=InsetsSourceControl: {872b0001 mType=navigationBars initiallyVisible mSurfacePosition=Point(0, 2196) mInsetsHint=Insets{left=0, top=0, right=0, bottom=144}}, target=Window{d11f398 u0 com.callmenot.app/com.callmenot.app.MainActivity}, from=com.android.server.wm.InsetsStateController.onControlTargetChanged:83 com.android.server.wm.InsetsPolicy.updateBarControlTarget:225 com.android.server.wm.DisplayPolicy.updateSystemBarAttributes:262 com.android.server.wm.DisplayPolicy.finishPostLayoutPolicyLw:17 com.android.server.wm.RootWindowContainer.applySurfaceChangesTransaction$1:195 
01-04 10:03:49.267  2448  2489 V WindowManager:    ChangeInfo{d90f0e4 container=Task{1eae19b #12037 type=standard A=10455:com.callmenot.app} flags=0x10}
01-04 10:03:49.267  2448  2489 V WindowManager:    ChangeInfo{474394d container=ActivityRecord{230227071 u0 com.callmenot.app/.MainActivity t12037} flags=0x0}
01-04 10:03:49.275  2448  2489 D ChangeTransitionController:    ChangeInfo{d90f0e4 container=Task{1eae19b #12037 type=standard A=10455:com.callmenot.app} flags=0x10}
01-04 10:03:49.275  2448  2489 D ChangeTransitionController:    ChangeInfo{474394d container=ActivityRecord{230227071 u0 com.callmenot.app/.MainActivity t12037} flags=0x0}
01-04 10:03:49.287  2448  2537 D SGM:FgCheckThread: getForegroundApp(), foregroundPkgName=com.callmenot.app
01-04 10:03:49.287  2448  2537 D SGM:FgCheckThread: noteStopComponent(), received pkgName: com.sec.android.app.launcher, focusedPkgName: com.callmenot.app, userId: 0
01-04 10:03:49.288  2448  2537 D SGM:GameManager: identifyForegroundApp. com.callmenot.app, mCurrentUserId: 0, callerUserId: 0
01-04 10:03:49.291  2448  2535 D SGM:GameManager: identifyForegroundApp. com.callmenot.app, mCurrentUserId: 0, callerUserId: 0
01-04 10:03:49.292  2448  2535 D SGM:GameManager: identifyForegroundApp. com.callmenot.app, mCurrentUserId: 0, callerUserId: 0
01-04 10:03:49.311  2448  3457 D InsetsSourceProvider: updateControlForTarget: control=InsetsSourceControl: {3 mType=ime mSurfacePosition=Point(0, 81) mInsetsHint=Insets{left=0, top=0, right=0, bottom=1032}}, target=Window{d11f398 u0 com.callmenot.app/com.callmenot.app.MainActivity}, from=com.android.server.wm.ImeInsetsSourceProvider.updateControlForTarget:17 com.android.server.wm.ImeInsetsSourceProvider.setServerVisible:68 com.android.server.wm.InsetsSourceProvider.onPostLayout:30 com.android.server.wm.ImeInsetsSourceProvider.onPostLayout:3 com.android.server.wm.InsetsStateController.onPostLayout:26 
01-04 10:03:49.423  2448  3064 D MdnieScenarioControlService:  packageName : com.callmenot.app    className : com.callmenot.app.MainActivity
01-04 10:03:53.323  1121  1121 D io_stats: !@ Read_top(KB): loop49(4358) 256 cebook.services(19553) 136 m.callmenot.app(10929) 24
01-04 10:03:54.442  2448  2535 D ActivityTaskManager: scheduleTopResumedActivityChanged, onTop=false, r=ActivityRecord{230227071 u0 com.callmenot.app/.MainActivity t12037}, caller=com.android.server.wm.ActivityTaskSupervisor.scheduleTopResumedActivityStateLossIfNeeded:19 com.android.server.wm.ActivityTaskSupervisor.updateTopResumedActivityIfNeeded:20 com.android.server.wm.TaskDisplayArea.positionChildAt:252 com.android.server.wm.WindowContainer.positionChildAt:84 com.android.server.wm.Task.positionChildAt:19 com.android.server.wm.Task.moveToFront:40 
01-04 10:03:54.445  2448  2535 V WindowManager: Collecting in transition 1085: ActivityRecord{230227071 u0 com.callmenot.app/.MainActivity t12037}, caller=com.android.server.wm.TransitionController.collect:7 com.android.server.wm.ActivityRecord.setVisibility:132 com.android.server.wm.ActivityRecord.makeInvisible:32 com.android.server.wm.EnsureActivitiesVisibleHelper.process:542 com.android.server.wm.TaskFragment.updateActivityVisibilities:12 
01-04 10:03:54.445  2448  2535 D WindowManager: prepareSync <SYNC_STATE_WAITING_FOR_DRAW>, mPrepareSyncSeqId=0, win=Window{d11f398 u0 com.callmenot.app/com.callmenot.app.MainActivity}
01-04 10:03:54.447  2448  2535 D WindowManager: Changing focus from Window{d11f398 u0 com.callmenot.app/com.callmenot.app.MainActivity} to null displayId=0 Callers=com.android.server.wm.ActivityTaskManagerService.setLastResumedActivityUncheckLocked:264 com.android.server.wm.ActivityTaskSupervisor.updateTopResumedActivityIfNeeded:51 com.android.server.wm.TaskFragment.setResumedActivity:30 com.android.server.wm.ActivityRecord.setState:100 
01-04 10:03:54.449  2448  2535 V WindowManager:    ChangeInfo{5fdaddf container=Task{1eae19b #12037 type=standard A=10455:com.callmenot.app} flags=0x0}
01-04 10:03:54.449  2448  2535 V WindowManager:    ChangeInfo{4f2da8a container=ActivityRecord{230227071 u0 com.callmenot.app/.MainActivity t12037} flags=0x0}
01-04 10:03:54.457  2448  2537 D SGM:FgCheckThread: notePauseComponent(), received pkgName: com.callmenot.app, userId: 0
01-04 10:03:54.472  2448  3531 D WindowManager: updateSystemBarAttributes: displayId=0, focusedCanBeNavColorWin=false, win=Window{bf675e2 u0 com.sec.android.app.launcher/com.sec.android.app.launcher.activities.LauncherActivity}, navColorWin=Window{d11f398 u0 com.callmenot.app/com.callmenot.app.MainActivity}, caller=com.android.server.wm.WindowManagerService.updateFocusedWindowLocked:372 com.android.server.wm.WindowManagerService.relayoutWindow:1350 com.android.server.wm.Session.relayout:27 
01-04 10:03:54.489  2448  2538 D ChangeTransitionController:    ChangeInfo{5fdaddf container=Task{1eae19b #12037 type=standard A=10455:com.callmenot.app} flags=0x0}
01-04 10:03:54.489  2448  2538 D ChangeTransitionController:    ChangeInfo{4f2da8a container=ActivityRecord{230227071 u0 com.callmenot.app/.MainActivity t12037} flags=0x0}
01-04 10:03:54.489  2448  2538 V WindowManager: Start calculating TransitionInfo based on participants: {Task{e38181 #11927 type=home I=com.sec.android.app.launcher/.activities.LauncherActivity}, WallpaperWindowToken{145e970 showWhenLocked=false}_<system>, Task{1df22e7 #1 type=home}, ActivityRecord{159529562 u0 com.sec.android.app.launcher/.activities.LauncherActivity t11927}, ActivityRecord{214224003 u0 com.sec.android.app.launcher/.activities.LauncherActivity t-1}, ActivityRecord{230227071 u0 com.callmenot.app/.MainActivity t12037}}
01-04 10:03:54.489  2448  2538 V WindowManager:   Final targets: [ChangeInfo{4ff47e container=Task{1df22e7 #1 type=home} flags=0x30}, ChangeInfo{5fdaddf container=Task{1eae19b #12037 type=standard A=10455:com.callmenot.app} flags=0x10}, ChangeInfo{44234f4 container=WallpaperWindowToken{145e970 showWhenLocked=false}_<system> flags=0x0}]
01-04 10:03:54.491  2448  2538 V WindowManager:         {WCT{RemoteToken{387a3ae Task{1eae19b #12037 type=standard A=10455:com.callmenot.app}}} m=TO_BACK f=NONE leash=Surface(name=Task=12037)/@0x1d79db0 sb=Rect(0, 0 - 1080, 2340) eb=Rect(0, 0 - 1080, 2340) epz=Point(1080, 2340) d=0 taskParent=-1 inset=Rect(0, 81 - 0, 144)},
01-04 10:03:54.515  2448  2534 V WindowManager:         {WCT{RemoteToken{387a3ae Task{1eae19b #12037 type=standard A=10455:com.callmenot.app}}} m=TO_BACK f=NONE leash=Surface(name=Task=12037)/@0x1d79db0 sb=Rect(0, 0 - 1080, 2340) eb=Rect(0, 0 - 1080, 2340) epz=Point(1080, 2340) d=0 taskParent=-1 inset=Rect(0, 81 - 0, 144)},
01-04 10:03:54.877  2448  4833 V WindowManager:    ChangeInfo{5fdaddf container=Task{1eae19b #12037 type=standard A=10455:com.callmenot.app} flags=0x10}
01-04 10:03:54.877  2448  4833 V WindowManager:    ChangeInfo{4f2da8a container=ActivityRecord{230227071 u0 com.callmenot.app/.MainActivity t12037} flags=0x0}
01-04 10:03:54.878  2448  4833 V WindowManager: Setting visibility of Window{d11f398 u0 com.callmenot.app/com.callmenot.app.MainActivity}: false, caller=com.android.server.wm.WindowContainer.sendAppVisibilityToClients:19 com.android.server.wm.WindowToken.setClientVisible:48 com.android.server.wm.ActivityRecord.commitVisibility:186 com.android.server.wm.TransitionController.finishTransition:846 com.android.server.wm.WindowOrganizerController.finishTransitionInner:31 
01-04 10:03:54.881  2448  4833 D ChangeTransitionController:    ChangeInfo{5fdaddf container=Task{1eae19b #12037 type=standard A=10455:com.callmenot.app} flags=0x10}
01-04 10:03:54.881  2448  4833 D ChangeTransitionController:    ChangeInfo{4f2da8a container=ActivityRecord{230227071 u0 com.callmenot.app/.MainActivity t12037} flags=0x0}
01-04 10:03:54.915  2448  4833 E WindowManager: win=Window{d11f398 u0 com.callmenot.app/com.callmenot.app.MainActivity} destroySurfaces: appStopped=true cleanupOnResume=false win.mWindowRemovalAllowed=false win.mRemoveOnExit=false win.mViewVisibility=8 caller=com.android.server.wm.ActivityRecord.destroySurfaces:25 com.android.server.wm.ActivityRecord.activityStopped:192 com.android.server.wm.ActivityClientController.activityStopped:97 android.app.IActivityClientController$Stub.onTransact:740 com.android.server.wm.ActivityClientController.onTransact:1 android.os.Binder.execTransactInternal:1462 android.os.Binder.execTransact:1401 
01-04 10:03:54.915  2448  2537 D SGM:FgCheckThread: pkgName: com.callmenot.app is not in foreground
01-04 10:03:54.915  2448  2537 D SGM:FgCheckThread: noteStopComponent(), received pkgName: com.callmenot.app, focusedPkgName: com.sec.android.app.launcher, userId: 0
01-04 10:04:00.923  2448  4405 D FreecessHandler: freeze com.callmenot.app(10455) result : 40
01-04 10:04:00.923  2448  4405 D FreecessHandler: stop trying to freeze com.callmenot.app
01-04 10:04:29.370  1121  1121 D io_stats: !@ Read_top(KB): pcs.service.vvm(13830) 24068 m.callmenot.app(10929) 2624 system_server(2448) 1096
01-04 10:04:31.111  4097  9702 E LoadedApk: Exception : java.lang.NullPointerException: Attempt to invoke virtual method 'boolean android.os.Looper.isPerfLogEnable()' on a null object reference
01-04 10:04:31.166  4097 18914 E LoadedApk: Exception : java.lang.NullPointerException: Attempt to invoke virtual method 'boolean android.os.Looper.isPerfLogEnable()' on a null object reference
01-04 10:04:31.180  4097 18914 E LoadedApk: Exception : java.lang.NullPointerException: Attempt to invoke virtual method 'boolean android.os.Looper.isPerfLogEnable()' on a null object reference
01-04 10:04:49.396  1121  1121 D io_stats: !@ Read_top(KB): init(1) 168 m.callmenot.app(10929) 104 system_server(2448) 52
01-04 10:06:43.748  4097 14055 E LoadedApk: Exception : java.lang.NullPointerException: Attempt to invoke virtual method 'boolean android.os.Looper.isPerfLogEnable()' on a null object reference
01-04 10:06:43.779  4097 27408 E LoadedApk: Exception : java.lang.NullPointerException: Attempt to invoke virtual method 'boolean android.os.Looper.isPerfLogEnable()' on a null object reference
01-04 10:06:43.785  4097  1478 E LoadedApk: Exception : java.lang.NullPointerException: Attempt to invoke virtual method 'boolean android.os.Looper.isPerfLogEnable()' on a null object reference
01-04 10:06:55.681  2448  5851 I Pageboost: onAppLaunch : com.callmenot.app
01-04 10:06:55.683  2448  5851 V WindowManager: Collecting in transition 1102: ActivityRecord{100217461 u0 com.callmenot.app/.MainActivity, caller=com.android.server.wm.TransitionController.collect:7 com.android.server.wm.ActivityStarter.startActivityUnchecked:98 com.android.server.wm.ActivityStarter.executeRequest:3651 com.android.server.wm.ActivityStarter.execute:1752 com.android.server.wm.ActivityTaskManagerService.startActivityAsUser:95 
01-04 10:06:55.683  2448  5851 D ActivityTaskManager: DesktopModeLaunchParamsModifier: task=null activity=ActivityRecord{100217461 u0 com.callmenot.app/.MainActivity t-1} task null, skipping
01-04 10:06:55.683  2448  5851 D ActivityTaskManager: TaskLaunchParamsModifier:task=null activity=ActivityRecord{100217461 u0 com.callmenot.app/.MainActivity t-1} display-from-option=0 display-id=0 task-display-area-windowing-mode=1 suggested-display-area=DefaultTaskDisplayArea_d0@244917965
01-04 10:06:55.683  2448  5851 D ActivityTaskManager: DesktopModeLaunchParamsModifier: task=Task{1eae19b #12037 type=standard A=10455:com.callmenot.app} activity=ActivityRecord{100217461 u0 com.callmenot.app/.MainActivity t-1} non-desktop, skipping
01-04 10:06:55.683  2448  5851 D ActivityTaskManager: TaskLaunchParamsModifier:task=Task{1eae19b #12037 type=standard A=10455:com.callmenot.app} activity=ActivityRecord{100217461 u0 com.callmenot.app/.MainActivity t-1} display-from-option=0 display-id=0 task-display-area-windowing-mode=1 suggested-display-area=DefaultTaskDisplayArea_d0@244917965 inherit-from-source=fullscreen non-freeform-task-display-area display-area=DefaultTaskDisplayArea_d0@244917965 default-portrait freeform-size-mismatch=Rect(81, 553 - 999, 1723)
01-04 10:06:55.683  2448  5851 D ActivityTaskManager: DesktopModeLaunchParamsModifier: task=Task{1eae19b #12037 type=standard A=10455:com.callmenot.app} activity=ActivityRecord{100217461 u0 com.callmenot.app/.MainActivity t-1} non-desktop, skipping
01-04 10:06:55.683  2448  5851 D ActivityTaskManager: TaskLaunchParamsModifier:task=Task{1eae19b #12037 type=standard A=10455:com.callmenot.app} activity=ActivityRecord{100217461 u0 com.callmenot.app/.MainActivity t-1} display-from-option=0 display-id=0 task-display-area-windowing-mode=1 suggested-display-area=DefaultTaskDisplayArea_d0@244917965 inherit-from-source=fullscreen non-freeform-task-display-area display-area=DefaultTaskDisplayArea_d0@244917965 default-portrait freeform-size-mismatch=Rect(81, 553 - 999, 1723)
01-04 10:06:55.683  2448  5851 I Pageboost: moveTaskToFront : 10455:com.callmenot.app
01-04 10:06:55.684  2448  5851 V WindowManager: Add starting ActivityRecord{230227071 u0 com.callmenot.app/.MainActivity t12037}: startingData=SnapshotStartingData{3f8520a removeAfterTransaction= 0}
01-04 10:06:55.685  2448  5851 V WindowManager: Added starting ActivityRecord{230227071 u0 com.callmenot.app/.MainActivity t12037}: startingWindow=null startingView=com.android.server.wm.StartingSurfaceController$StartingSurface@7762a7b
01-04 10:06:55.689  2448  5851 V WindowManager: Collecting in transition 1102: ActivityRecord{100217461 u0 com.callmenot.app/.MainActivity t-1}, caller=com.android.server.wm.Transition.collectExistenceChange:40 com.android.server.wm.ActivityStarter.handleStartResult:761 com.android.server.wm.ActivityStarter.startActivityUnchecked:124 com.android.server.wm.ActivityStarter.executeRequest:3651 com.android.server.wm.ActivityStarter.execute:1752 
01-04 10:06:55.689  2448  5851 V WindowManager:    ChangeInfo{463c098 container=ActivityRecord{100217461 u0 com.callmenot.app/.MainActivity t-1} flags=0x0}
01-04 10:06:55.689  2448  5851 I ActivityTaskManager: START u0 {act=android.intent.action.MAIN cat=[android.intent.category.LAUNCHER] flg=0x10204000 xflg=0x4 cmp=com.callmenot.app/.MainActivity (has extras)} with LAUNCH_MULTIPLE from uid 10149 (sr=159529562) (BAL_ALLOW_VISIBLE_WINDOW) result code=2
01-04 10:06:55.692  3252  3360 V WindowManagerShell: Transition requested (#1102): android.os.BinderProxy@8467c72 TransitionRequestInfo { type = OPEN, triggerTask = TaskInfo{userId=0 taskId=12037 effectiveUid=10455 displayId=0 isRunning=true baseIntent=Intent { act=android.intent.action.MAIN cat=[android.intent.category.LAUNCHER] flg=0x10204000 cmp=com.callmenot.app/.MainActivity } baseActivity=ComponentInfo{com.callmenot.app/com.callmenot.app.MainActivity} topActivity=ComponentInfo{com.callmenot.app/com.callmenot.app.MainActivity} origActivity=null realActivity=ComponentInfo{com.callmenot.app/com.callmenot.app.MainActivity} numActivities=1 lastActiveTime=54793301 supportsMultiWindow=true resizeMode=1 isResizeable=true minWidth=-1 minHeight=-1 maxWidth=-1 maxHeight=-1 defaultMinSize=220 desktopDefaultMinSize=304 token=WCT{android.window.IWindowContainerToken$Stub$Proxy@219e8c3} topActivityType=1 pictureInPictureParams=null shouldDockBigOverlays=false launchIntoPipHostTaskId=-1 lastParentTaskIdBeforePip=-1 displayCutoutSafeInsets=Rect(0, 81 - 0, 0) topActivityInfo=ActivityInfo{3c5b540 com.callmenot.app.MainActivity} launchCookies=[android.os.BinderProxy@7e7dc79] positionInParent=Point(0, 0) parentTaskId=-1 isFocused=false isVisible=false isVisibleRequested=false isTopActivityNoDisplay=false isSleeping=false locusId=null displayAreaFeatureId=1 isTopActivityTransparent=false isActivityStackTransparent=false lastNonFullscreenBounds=Rect(81, 553 - 999, 1723) capturedLink=null capturedLinkTimestamp=0 requestedVisibleTypes=-9 topActivityRequestOpenInBrowserEducationTimestamp=0 appCompatTaskInfo=AppCompatTaskInfo { topActivityInSizeCompat=false eligibleForLetterboxEducation= false isLetterboxEducationEnabled= false isLetterboxDoubleTapEnabled= false eligibleForUserAspectRatioButton= false topActivityBoundsLetterboxed= false isFromLetterboxDoubleTap= false topActivityLetterboxVerticalPosition= -1 topActivityLetterboxHorizontalPosition= -1 topActivityLetterboxWidth=-1 topActivityLetterboxHeight=-1 topActivityAppBounds=Rect(0, 81 - 1080, 2196) isUserFullscreenOverrideEnabled=false isSystemFullscreenOverrideEnabled=false hasMinAspectRatioOverride=false topActivityLetterboxBounds=null cameraCompatTaskInfo=CameraCompatTaskInfo { freeformCameraCompatMode=inactive} topActivityBounds=null topActivityInDisplayCompat=false singleTapFromLetterbox=false} topActivityMainWindowFrame=null originallySupportedMultiWindow=true hasWallpaper=false rootAffinity=10455:com.callmenot.app isTopTaskInStage=false CoverLauncherWidgetTask=false LaunchedFromAppsCoverLauncherTask=false LaunchedFromMultistarCoverLauncherTask=false isAllowedSeamlessRotation=false isTopTransparentActivity=false isAliasManaged=false hasConfigChanged=false snappingGuideBounds=null isAiKeyRemoveAppTask=false lastDesktopWindowingBounds=null lastExternalDesktopWindowingBounds=null safeCutoutInsets=null}, pipChange = null, remoteTransition = RemoteTransition { remoteTransition = android.window.IRemoteTransition$Stub$Proxy@17bedbe, appThread = android.app.IApplicationThread$Stub$Proxy@3284e1f, debugName = QuickstepLaunchflags =NONE }, displayChange = null, flags = 0, debugId = 1102 }
01-04 10:06:55.694  2448  3531 V WindowManager: addWindow: ActivityRecord{230227071 u0 com.callmenot.app/.MainActivity t12037} startingWindow=Window{f323b2d u0 SnapshotStartingWindow for taskId=12037}
01-04 10:06:55.698  3252  3360 D WindowManagerShell: onActivityRestartAttempt: topActivity=ComponentInfo{com.callmenot.app/com.callmenot.app.MainActivity}, wasVisible=false
01-04 10:06:55.714  2448  3468 V WindowManager: Collecting in transition 1102: ActivityRecord{230227071 u0 com.callmenot.app/.MainActivity t12037}, caller=com.android.server.wm.TransitionController.collect:7 com.android.server.wm.ActivityRecord.setVisibility:132 com.android.server.wm.TaskFragment.resumeTopActivity:1662 com.android.server.wm.Task.resumeTopActivityInnerLocked:119 com.android.server.wm.Task.resumeTopActivityUncheckedLocked:23 
01-04 10:06:55.714  2448  3468 D WindowManager: prepareSync <SYNC_STATE_WAITING_FOR_DRAW>, mPrepareSyncSeqId=0, win=Window{d11f398 u0 com.callmenot.app/com.callmenot.app.MainActivity}
01-04 10:06:55.714  2448  3468 V WindowManager: Setting visibility of Window{d11f398 u0 com.callmenot.app/com.callmenot.app.MainActivity}: true, caller=com.android.server.wm.WindowContainer.sendAppVisibilityToClients:19 com.android.server.wm.WindowToken.setClientVisible:48 com.android.server.wm.ActivityRecord.setVisibility:486 com.android.server.wm.TaskFragment.resumeTopActivity:1662 com.android.server.wm.Task.resumeTopActivityInnerLocked:119 
01-04 10:06:55.716  2448  3468 D SGM:FgCheckThread:   sendRunningComponentFocus(), pkgName: com.callmenot.app, userId: 0
01-04 10:06:55.718  2448  2988 D SGM:FgCheckThread: onLooperPrepared(), msg: MSG_TASK_FOCUSED, pkgName: com.callmenot.app, userId: 0
01-04 10:06:55.718  2448  2988 D SGM:FgCheckThread:   handleTaskFocused(), pkgName: com.callmenot.app, userID:0 mResumedPkgMap does not containsKey.
01-04 10:06:55.718  2448  3468 D ActivityTaskManager: scheduleTopResumedActivityChanged, onTop=true, r=ActivityRecord{230227071 u0 com.callmenot.app/.MainActivity t12037}, caller=com.android.server.wm.ActivityTaskSupervisor.scheduleTopResumedActivityStateIfNeeded:18 com.android.server.wm.ActivityTaskSupervisor.updateTopResumedActivityIfNeeded:54 com.android.server.wm.TaskFragment.setResumedActivity:30 com.android.server.wm.ActivityRecord.setState:100 com.android.server.wm.TaskFragment.resumeTopActivity:1705 com.android.server.wm.Task.resumeTopActivityInnerLocked:119 
01-04 10:06:55.720  2448  3468 D WindowManager: rotationForOrientation, orientationSource=ActivityRecord{230227071 u0 com.callmenot.app/.MainActivity t12037}
01-04 10:06:55.721  2448  3468 D WindowManagerServiceExt: updateTaskbarTargetIfNeeded: cn=ComponentInfo{com.callmenot.app/com.callmenot.app.MainActivity} occludesParent=true isInSplitScreenMode=false
01-04 10:06:55.723  2448  3468 D ChangeTransitionController:    ChangeInfo{a30d40d container=Task{1eae19b #12037 type=standard A=10455:com.callmenot.app} flags=0x0}
01-04 10:06:55.723  2448  3468 D ChangeTransitionController:    ChangeInfo{463c098 container=ActivityRecord{100217461 u0 com.callmenot.app/.MainActivity t-1} flags=0x0}
01-04 10:06:55.723  2448  3468 D ChangeTransitionController:    ChangeInfo{b23a409 container=ActivityRecord{230227071 u0 com.callmenot.app/.MainActivity t12037} flags=0x0}
01-04 10:06:55.723  2448  3468 V WindowManager: Start calculating TransitionInfo based on participants: {WallpaperWindowToken{145e970 showWhenLocked=false}_<system>, Task{1eae19b #12037 type=standard A=10455:com.callmenot.app}, WallpaperWindowToken{35c8ac5 showWhenLocked=true}_<lock>, ActivityRecord{100217461 u0 com.callmenot.app/.MainActivity t-1}, ActivityRecord{159529562 u0 com.sec.android.app.launcher/.activities.LauncherActivity t11927}, ActivityRecord{230227071 u0 com.callmenot.app/.MainActivity t12037}}
01-04 10:06:55.723  2448  3468 V WindowManager:   Final targets: [ChangeInfo{a30d40d container=Task{1eae19b #12037 type=standard A=10455:com.callmenot.app} flags=0x30}, ChangeInfo{7c83ea4 container=Task{1df22e7 #1 type=home} flags=0x10}, ChangeInfo{c7ce937 container=WallpaperWindowToken{145e970 showWhenLocked=false}_<system> flags=0x0}]
01-04 10:06:55.725  2448  3468 V WindowManager:         {WCT{RemoteToken{387a3ae Task{1eae19b #12037 type=standard A=10455:com.callmenot.app}}} m=TO_FRONT f=MOVE_TO_TOP leash=Surface(name=Task=12037)/@0x1d79db0 sb=Rect(0, 0 - 1080, 2340) eb=Rect(0, 0 - 1080, 2340) epz=Point(1080, 2340) d=0 taskParent=-1 inset=Rect(0, 81 - 0, 144) dim=true},
01-04 10:06:55.726  2448  2534 V WindowManager: Sent Transition (#1102) createdAt=01-04 10:06:55.682 via request=TransitionRequestInfo { type = OPEN, triggerTask = TaskInfo{userId=0 taskId=12037 effectiveUid=10455 displayId=0 isRunning=true baseIntent=Intent { act=android.intent.action.MAIN cat=[android.intent.category.LAUNCHER] flg=0x10204000 cmp=com.callmenot.app/.MainActivity } baseActivity=ComponentInfo{com.callmenot.app/com.callmenot.app.MainActivity} topActivity=ComponentInfo{com.callmenot.app/com.callmenot.app.MainActivity} origActivity=null realActivity=ComponentInfo{com.callmenot.app/com.callmenot.app.MainActivity} numActivities=1 lastActiveTime=54793301 supportsMultiWindow=true resizeMode=1 isResizeable=true minWidth=-1 minHeight=-1 maxWidth=-1 maxHeight=-1 defaultMinSize=220 desktopDefaultMinSize=304 token=WCT{RemoteToken{387a3ae Task{1eae19b #12037 type=standard A=10455:com.callmenot.app}}} topActivityType=1 pictureInPictureParams=null shouldDockBigOverlays=false launchIntoPipHostTaskId=-1 lastParentTaskIdBeforePip=-1 displayCutoutSafeInsets=Rect(0, 81 - 0, 0) topActivityInfo=ActivityInfo{b33e54f com.callmenot.app.MainActivity} launchCookies=[android.os.BinderProxy@85977c5] positionInParent=Point(0, 0) parentTaskId=-1 isFocused=false isVisible=false isVisibleRequested=false isTopActivityNoDisplay=false isSleeping=false locusId=null displayAreaFeatureId=1 isTopActivityTransparent=false isActivityStackTransparent=false lastNonFullscreenBounds=Rect(81, 553 - 999, 1723) capturedLink=null capturedLinkTimestamp=0 requestedVisibleTypes=-9 topActivityRequestOpenInBrowserEducationTimestamp=0 appCompatTaskInfo=AppCompatTaskInfo { topActivityInSizeCompat=false eligibleForLetterboxEducation= false isLetterboxEducationEnabled= false isLetterboxDoubleTapEnabled= false eligibleForUserAspectRatioButton= false topActivityBoundsLetterboxed= false isFromLetterboxDoubleTap= false topActivityLetterboxVerticalPosition= -1 topActivityLetterboxHorizontalPosition= -1 topActivityLetterboxWidth=-1 topActivityLetterboxHeight=-1 topActivityAppBounds=Rect(0, 81 - 1080, 2196) isUserFullscreenOverrideEnabled=false isSystemFullscreenOverrideEnabled=false hasMinAspectRatioOverride=false topActivityLetterboxBounds=null cameraCompatTaskInfo=CameraCompatTaskInfo { freeformCameraCompatMode=inactive} topActivityBounds=null topActivityInDisplayCompat=false singleTapFromLetterbox=false} topActivityMainWindowFrame=null originallySupportedMultiWindow=true hasWallpaper=false rootAffinity=10455:com.callmenot.app isTopTaskInStage=false CoverLauncherWidgetTask=false LaunchedFromAppsCoverLauncherTask=false LaunchedFromMultistarCoverLauncherTask=false isAllowedSeamlessRotation=false isTopTransparentActivity=false isAliasManaged=false hasConfigChanged=false snappingGuideBounds=null isAiKeyRemoveAppTask=false lastDesktopWindowingBounds=null lastExternalDesktopWindowingBounds=null safeCutoutInsets=null}, pipChange = null, remoteTransition = RemoteTransition { remoteTransition = android.window.IRemoteTransition$Stub$Proxy@7f4351a, appThread = android.app.IApplicationThread$Stub$Proxy@744b84b, debugName = QuickstepLaunchflags =NONE }, displayChange = null, flags = 0, debugId = 1102 }
01-04 10:06:55.727  2448  2534 V WindowManager:         {WCT{RemoteToken{387a3ae Task{1eae19b #12037 type=standard A=10455:com.callmenot.app}}} m=TO_FRONT f=MOVE_TO_TOP leash=Surface(name=Task=12037)/@0x1d79db0 sb=Rect(0, 0 - 1080, 2340) eb=Rect(0, 0 - 1080, 2340) epz=Point(1080, 2340) d=0 taskParent=-1 inset=Rect(0, 81 - 0, 144) dim=true},
01-04 10:06:55.730  2448  2537 D SGM:FgCheckThread: noteResumeComponent(), received pkgName: com.callmenot.app, userId: 0
01-04 10:06:55.731  2448  2537 D SGM:GameManager: identifyGamePackage. com.callmenot.app, mCurrentUserId: 0, callingMethodInfo: com.samsung.android.game.SemGameManager.isGamePackage(SemGameManager.java:106)
01-04 10:06:55.731  2448  2537 D SGM:SemGameManager: isGamePackage(), pkgName=com.callmenot.app, ret=false
01-04 10:06:55.731  2448  2988 D SGM:FgCheckThread: onLooperPrepared(), msg: MSG_APP_RESUME, pkgName: com.callmenot.app, userid: 0
01-04 10:06:55.731  2448  2988 D SGM:FgCheckThread:   handleResume(). pkgName: com.callmenot.app, userId: 0, category: non-game
01-04 10:06:55.731  2448  2988 D SGM:FgCheckThread: notifyFocusInOut(). of pkg: com.callmenot.app, type: 4, isSecGameFamily: false, userId: 0
01-04 10:06:55.733  2448  2535 D SGM:GameManager: identifyForegroundApp. com.callmenot.app, mCurrentUserId: 0, callerUserId: 0
01-04 10:06:55.734  5026 16199 I SDHMS:k : handleResumeComponent : put = com.callmenot.app, userid = 0 instanceid =178354488
01-04 10:06:55.735  2448  2535 D SGM:GameManager: identifyForegroundApp. com.callmenot.app, mCurrentUserId: 0, callerUserId: 0
01-04 10:06:55.790  2448  3468 D WindowManager: makeSurface duration=1 name=com.callmenot.app/com.callmenot.app.MainActivity$_10929
01-04 10:06:55.795  2448  3468 D InsetsSourceProvider: updateControlForTarget: control=InsetsSourceControl: {26b60000 mType=statusBars initiallyVisible mSurfacePosition=Point(0, 0) mInsetsHint=Insets{left=0, top=81, right=0, bottom=0}}, target=Window{d11f398 u0 com.callmenot.app/com.callmenot.app.MainActivity}, from=com.android.server.wm.InsetsStateController.onControlTargetChanged:83 com.android.server.wm.InsetsPolicy.updateBarControlTarget:212 com.android.server.wm.DisplayPolicy.updateSystemBarAttributes:262 com.android.server.wm.DisplayPolicy.finishPostLayoutPolicyLw:17 com.android.server.wm.RootWindowContainer.applySurfaceChangesTransaction$1:195 
01-04 10:06:55.796  2448  3468 D WindowManager: updateSystemBarAttributes: displayId=0, focusedCanBeNavColorWin=false, win=Window{d11f398 u0 com.callmenot.app/com.callmenot.app.MainActivity}, navColorWin=Window{b7f4500 u0 InputMethod}, caller=com.android.server.wm.DisplayPolicy.finishPostLayoutPolicyLw:17 com.android.server.wm.RootWindowContainer.applySurfaceChangesTransaction$1:195 com.android.server.wm.RootWindowContainer.performSurfacePlacementNoTrace:59 
01-04 10:06:55.796  2448  3468 D WindowManager: Changing focus from null to Window{d11f398 u0 com.callmenot.app/com.callmenot.app.MainActivity} displayId=0 Callers=com.android.server.wm.WindowManagerService.relayoutWindow:1350 com.android.server.wm.Session.relayout:27 android.view.IWindowSession$Stub.onTransact:829 com.android.server.wm.Session.onTransact:1 
01-04 10:06:55.798  2448  3468 V SystemKeyManager: updateFocusedWindow() is called, com.callmenot.app/com.callmenot.app.MainActivity
01-04 10:06:55.865  2448  3064 D MdnieScenarioControlService:  packageName : com.callmenot.app    className : com.callmenot.app.MainActivity
01-04 10:06:55.871  2448  5226 D WindowManager: finishDrawingWindow: Window{d11f398 u0 com.callmenot.app/com.callmenot.app.MainActivity} mDrawState=DRAW_PENDING seqId=0
01-04 10:06:55.872  2448  2538 V WindowManager: Finish starting ActivityRecord{230227071 u0 com.callmenot.app/.MainActivity t12037}: first real window is shown, no animation
01-04 10:06:55.872  2448  2538 V WindowManager: Schedule remove starting ActivityRecord{230227071 u0 com.callmenot.app/.MainActivity t12037} startingWindow=Window{f323b2d u0 SnapshotStartingWindow for taskId=12037} animate=false Callers=com.android.server.wm.ActivityRecord.removeStartingWindow:178 com.android.server.wm.WindowState.performShowLocked:155 com.android.server.wm.WindowStateAnimator.commitFinishDrawingLocked:73 com.android.server.wm.DisplayContent$$ExternalSyntheticLambda1.accept$com$android$server$wm$DisplayContent$$ExternalSyntheticLambda37:23 com.android.server.wm.DisplayContent$$ExternalSyntheticLambda1.accept:143 
01-04 10:06:55.872  2448  2538 I ActivityTaskManager: done cause=notifyWindowsDrawn timestamp=17232855931497 info=TransitionInfo{f52b191 a=ActivityRecord{230227071 u0 com.callmenot.app/.MainActivity t12037} d=true}
01-04 10:06:55.873  2448  2538 V WindowManager: performShowLocked: mDrawState=HAS_DRAWN in Window{d11f398 u0 com.callmenot.app/com.callmenot.app.MainActivity}
01-04 10:06:55.905  2448  5851 D InsetsSourceProvider: updateControlForTarget: control=InsetsSourceControl: {3 mType=ime mSurfacePosition=Point(0, 81) mInsetsHint=Insets{left=0, top=0, right=0, bottom=1032}}, target=Window{d11f398 u0 com.callmenot.app/com.callmenot.app.MainActivity}, from=com.android.server.wm.ImeInsetsSourceProvider.updateControlForTarget:17 com.android.server.wm.InsetsStateController.onControlTargetChanged:83 com.android.server.wm.DisplayContent.updateImeControlTarget:21 com.android.server.wm.DisplayContent.updateImeInputAndControlTarget:156 com.android.server.wm.WindowManagerService$LocalService.updateInputMethodTargetWindow:64 
